trying PPS source "/dev/pps0"
found PPS source "/dev/pps0"
ok, found 1 source(s), now start fetching data...
source 0 - assert 1763406764.000008636, sequence: 9623 - clear  0.000000000, sequence: 0
source 0 - assert 1763406765.000007428, sequence: 9624 - clear  0.000000000, sequence: 0
source 0 - assert 1763406766.000005950, sequence: 9625 - clear  0.000000000, sequence: 0
source 0 - assert 1763406767.000010015, sequence: 9626 - clear  0.000000000, sequence: 0
source 0 - assert 1763406768.000003556, sequence: 9627 - clear  0.000000000, sequence: 0
source 0 - assert 1763406769.000006697, sequence: 9628 - clear  0.000000000, sequence: 0
source 0 - assert 1763406770.000011068, sequence: 9629 - clear  0.000000000, sequence: 0
source 0 - assert 1763406771.000007817, sequence: 9630 - clear  0.000000000, sequence: 0
source 0 - assert 1763406772.000005140, sequence: 9631 - clear  0.000000000, sequence: 0
source 0 - assert 1763406773.000007635, sequence: 9632 - clear  0.000000000, sequence: 0
source 0 - assert 1763406774.000005619, sequence: 9633 - clear  0.000000000, sequence: 0
source 0 - assert 1763406775.000010582, sequence: 9634 - clear  0.000000000, sequence: 0
source 0 - assert 1763406776.000006446, sequence: 9635 - clear  0.000000000, sequence: 0
source 0 - assert 1763406777.000008719, sequence: 9636 - clear  0.000000000, sequence: 0
source 0 - assert 1763406778.000005400, sequence: 9637 - clear  0.000000000, sequence: 0
source 0 - assert 1763406779.000007722, sequence: 9638 - clear  0.000000000, sequence: 0
source 0 - assert 1763406780.000007382, sequence: 9639 - clear  0.000000000, sequence: 0
source 0 - assert 1763406781.000010461, sequence: 9640 - clear  0.000000000, sequence: 0
source 0 - assert 1763406782.000007406, sequence: 9641 - clear  0.000000000, sequence: 0
source 0 - assert 1763406783.000009577, sequence: 9642 - clear  0.000000000, sequence: 0
source 0 - assert 1763406784.000008062, sequence: 9643 - clear  0.000000000, sequence: 0
source 0 - assert 1763406785.000006259, sequence: 9644 - clear  0.000000000, sequence: 0
source 0 - assert 1763406786.000010247, sequence: 9645 - clear  0.000000000, sequence: 0
source 0 - assert 1763406787.000004611, sequence: 9646 - clear  0.000000000, sequence: 0
source 0 - assert 1763406788.000008497, sequence: 9647 - clear  0.000000000, sequence: 0
source 0 - assert 1763406789.000005331, sequence: 9648 - clear  0.000000000, sequence: 0
source 0 - assert 1763406790.000005974, sequence: 9649 - clear  0.000000000, sequence: 0
source 0 - assert 1763406791.000010865, sequence: 9650 - clear  0.000000000, sequence: 0
source 0 - assert 1763406792.000010167, sequence: 9651 - clear  0.000000000, sequence: 0
source 0 - assert 1763406793.000006919, sequence: 9652 - clear  0.000000000, sequence: 0
source 0 - assert 1763406794.000005174, sequence: 9653 - clear  0.000000000, sequence: 0
source 0 - assert 1763406795.000007707, sequence: 9654 - clear  0.000000000, sequence: 0
source 0 - assert 1763406796.000008773, sequence: 9655 - clear  0.000000000, sequence: 0
source 0 - assert 1763406797.000009559, sequence: 9656 - clear  0.000000000, sequence: 0
source 0 - assert 1763406798.000009330, sequence: 9657 - clear  0.000000000, sequence: 0
source 0 - assert 1763406799.000005102, sequence: 9658 - clear  0.000000000, sequence: 0
source 0 - assert 1763406800.000011343, sequence: 9659 - clear  0.000000000, sequence: 0
source 0 - assert 1763406801.000008600, sequence: 9660 - clear  0.000000000, sequence: 0
source 0 - assert 1763406802.000007316, sequence: 9661 - clear  0.000000000, sequence: 0
source 0 - assert 1763406803.000009936, sequence: 9662 - clear  0.000000000, sequence: 0
source 0 - assert 1763406804.000006597, sequence: 9663 - clear  0.000000000, sequence: 0
source 0 - assert 1763406805.000005547, sequence: 9664 - clear  0.000000000, sequence: 0
source 0 - assert 1763406806.000004253, sequence: 9665 - clear  0.000000000, sequence: 0
source 0 - assert 1763406807.000008000, sequence: 9666 - clear  0.000000000, sequence: 0
source 0 - assert 1763406808.000008795, sequence: 9667 - clear  0.000000000, sequence: 0
source 0 - assert 1763406809.000007089, sequence: 9668 - clear  0.000000000, sequence: 0
source 0 - assert 1763406810.000009868, sequence: 9669 - clear  0.000000000, sequence: 0
source 0 - assert 1763406811.000005514, sequence: 9670 - clear  0.000000000, sequence: 0
source 0 - assert 1763406812.000006608, sequence: 9671 - clear  0.000000000, sequence: 0
source 0 - assert 1763406813.000010252, sequence: 9672 - clear  0.000000000, sequence: 0
source 0 - assert 1763406814.000010961, sequence: 9673 - clear  0.000000000, sequence: 0
source 0 - assert 1763406815.000008246, sequence: 9674 - clear  0.000000000, sequence: 0
source 0 - assert 1763406816.000005241, sequence: 9675 - clear  0.000000000, sequence: 0
source 0 - assert 1763406817.000008214, sequence: 9676 - clear  0.000000000, sequence: 0
source 0 - assert 1763406818.000006335, sequence: 9677 - clear  0.000000000, sequence: 0
source 0 - assert 1763406819.000007379, sequence: 9678 - clear  0.000000000, sequence: 0
source 0 - assert 1763406820.000003608, sequence: 9679 - clear  0.000000000, sequence: 0
source 0 - assert 1763406821.000006441, sequence: 9680 - clear  0.000000000, sequence: 0
source 0 - assert 1763406822.000006619, sequence: 9681 - clear  0.000000000, sequence: 0
source 0 - assert 1763406823.000005664, sequence: 9682 - clear  0.000000000, sequence: 0
source 0 - assert 1763406824.000006023, sequence: 9683 - clear  0.000000000, sequence: 0
source 0 - assert 1763406825.000009503, sequence: 9684 - clear  0.000000000, sequence: 0
source 0 - assert 1763406826.000008958, sequence: 9685 - clear  0.000000000, sequence: 0
source 0 - assert 1763406827.000010345, sequence: 9686 - clear  0.000000000, sequence: 0
source 0 - assert 1763406828.000006084, sequence: 9687 - clear  0.000000000, sequence: 0
source 0 - assert 1763406829.000006792, sequence: 9688 - clear  0.000000000, sequence: 0
source 0 - assert 1763406830.000008334, sequence: 9689 - clear  0.000000000, sequence: 0
source 0 - assert 1763406831.000006577, sequence: 9690 - clear  0.000000000, sequence: 0
source 0 - assert 1763406832.000007645, sequence: 9691 - clear  0.000000000, sequence: 0
source 0 - assert 1763406833.000005774, sequence: 9692 - clear  0.000000000, sequence: 0
source 0 - assert 1763406834.000005158, sequence: 9693 - clear  0.000000000, sequence: 0
source 0 - assert 1763406835.000004572, sequence: 9694 - clear  0.000000000, sequence: 0
source 0 - assert 1763406836.000010910, sequence: 9695 - clear  0.000000000, sequence: 0
source 0 - assert 1763406837.000007917, sequence: 9696 - clear  0.000000000, sequence: 0
source 0 - assert 1763406838.000007091, sequence: 9697 - clear  0.000000000, sequence: 0
source 0 - assert 1763406839.000006583, sequence: 9698 - clear  0.000000000, sequence: 0
source 0 - assert 1763406840.000006288, sequence: 9699 - clear  0.000000000, sequence: 0
source 0 - assert 1763406841.000010174, sequence: 9700 - clear  0.000000000, sequence: 0
source 0 - assert 1763406842.000009253, sequence: 9701 - clear  0.000000000, sequence: 0
source 0 - assert 1763406843.000012784, sequence: 9702 - clear  0.000000000, sequence: 0
source 0 - assert 1763406844.000008096, sequence: 9703 - clear  0.000000000, sequence: 0
source 0 - assert 1763406845.000007980, sequence: 9704 - clear  0.000000000, sequence: 0
source 0 - assert 1763406846.000005503, sequence: 9705 - clear  0.000000000, sequence: 0
source 0 - assert 1763406847.000010927, sequence: 9706 - clear  0.000000000, sequence: 0
source 0 - assert 1763406848.000004053, sequence: 9707 - clear  0.000000000, sequence: 0
source 0 - assert 1763406849.000008690, sequence: 9708 - clear  0.000000000, sequence: 0
source 0 - assert 1763406850.000006897, sequence: 9709 - clear  0.000000000, sequence: 0
source 0 - assert 1763406851.000007501, sequence: 9710 - clear  0.000000000, sequence: 0
source 0 - assert 1763406852.000007832, sequence: 9711 - clear  0.000000000, sequence: 0
source 0 - assert 1763406853.000007336, sequence: 9712 - clear  0.000000000, sequence: 0
source 0 - assert 1763406854.000003921, sequence: 9713 - clear  0.000000000, sequence: 0
source 0 - assert 1763406855.000004510, sequence: 9714 - clear  0.000000000, sequence: 0
source 0 - assert 1763406856.000004423, sequence: 9715 - clear  0.000000000, sequence: 0
source 0 - assert 1763406857.000007199, sequence: 9716 - clear  0.000000000, sequence: 0
source 0 - assert 1763406858.000010526, sequence: 9717 - clear  0.000000000, sequence: 0
source 0 - assert 1763406859.000005209, sequence: 9718 - clear  0.000000000, sequence: 0
source 0 - assert 1763406860.000009552, sequence: 9719 - clear  0.000000000, sequence: 0
source 0 - assert 1763406861.000006093, sequence: 9720 - clear  0.000000000, sequence: 0
source 0 - assert 1763406862.000005800, sequence: 9721 - clear  0.000000000, sequence: 0
source 0 - assert 1763406863.000008840, sequence: 9722 - clear  0.000000000, sequence: 0
source 0 - assert 1763406864.000008618, sequence: 9723 - clear  0.000000000, sequence: 0
source 0 - assert 1763406865.000008054, sequence: 9724 - clear  0.000000000, sequence: 0
source 0 - assert 1763406866.000004220, sequence: 9725 - clear  0.000000000, sequence: 0
source 0 - assert 1763406867.000008833, sequence: 9726 - clear  0.000000000, sequence: 0
source 0 - assert 1763406868.000009734, sequence: 9727 - clear  0.000000000, sequence: 0
source 0 - assert 1763406869.000009630, sequence: 9728 - clear  0.000000000, sequence: 0
source 0 - assert 1763406870.000006428, sequence: 9729 - clear  0.000000000, sequence: 0
source 0 - assert 1763406871.000007840, sequence: 9730 - clear  0.000000000, sequence: 0
source 0 - assert 1763406872.000007121, sequence: 9731 - clear  0.000000000, sequence: 0
source 0 - assert 1763406873.000008139, sequence: 9732 - clear  0.000000000, sequence: 0
source 0 - assert 1763406874.000010749, sequence: 9733 - clear  0.000000000, sequence: 0
source 0 - assert 1763406875.000006513, sequence: 9734 - clear  0.000000000, sequence: 0
source 0 - assert 1763406876.000008341, sequence: 9735 - clear  0.000000000, sequence: 0
source 0 - assert 1763406877.000008013, sequence: 9736 - clear  0.000000000, sequence: 0
source 0 - assert 1763406878.000004902, sequence: 9737 - clear  0.000000000, sequence: 0
source 0 - assert 1763406879.000007900, sequence: 9738 - clear  0.000000000, sequence: 0
source 0 - assert 1763406880.000005601, sequence: 9739 - clear  0.000000000, sequence: 0
source 0 - assert 1763406881.000008587, sequence: 9740 - clear  0.000000000, sequence: 0
source 0 - assert 1763406882.000006061, sequence: 9741 - clear  0.000000000, sequence: 0
source 0 - assert 1763406883.000007338, sequence: 9742 - clear  0.000000000, sequence: 0
source 0 - assert 1763406884.000007156, sequence: 9743 - clear  0.000000000, sequence: 0
source 0 - assert 1763406885.000008754, sequence: 9744 - clear  0.000000000, sequence: 0
source 0 - assert 1763406886.000005504, sequence: 9745 - clear  0.000000000, sequence: 0
source 0 - assert 1763406887.000005200, sequence: 9746 - clear  0.000000000, sequence: 0
source 0 - assert 1763406888.000004987, sequence: 9747 - clear  0.000000000, sequence: 0
source 0 - assert 1763406889.000009526, sequence: 9748 - clear  0.000000000, sequence: 0
source 0 - assert 1763406890.000005790, sequence: 9749 - clear  0.000000000, sequence: 0
source 0 - assert 1763406891.000010921, sequence: 9750 - clear  0.000000000, sequence: 0
source 0 - assert 1763406892.000005335, sequence: 9751 - clear  0.000000000, sequence: 0
source 0 - assert 1763406893.000007109, sequence: 9752 - clear  0.000000000, sequence: 0
source 0 - assert 1763406894.000001035, sequence: 9753 - clear  0.000000000, sequence: 0
source 0 - assert 1763406895.000006119, sequence: 9754 - clear  0.000000000, sequence: 0
source 0 - assert 1763406896.000008076, sequence: 9755 - clear  0.000000000, sequence: 0
source 0 - assert 1763406897.000005082, sequence: 9756 - clear  0.000000000, sequence: 0
source 0 - assert 1763406898.000008951, sequence: 9757 - clear  0.000000000, sequence: 0
source 0 - assert 1763406899.000004678, sequence: 9758 - clear  0.000000000, sequence: 0
source 0 - assert 1763406900.000005387, sequence: 9759 - clear  0.000000000, sequence: 0
source 0 - assert 1763406901.000006921, sequence: 9760 - clear  0.000000000, sequence: 0
source 0 - assert 1763406902.000009040, sequence: 9761 - clear  0.000000000, sequence: 0
source 0 - assert 1763406903.000005595, sequence: 9762 - clear  0.000000000, sequence: 0
source 0 - assert 1763406904.000009670, sequence: 9763 - clear  0.000000000, sequence: 0
source 0 - assert 1763406905.000007562, sequence: 9764 - clear  0.000000000, sequence: 0
source 0 - assert 1763406906.000003834, sequence: 9765 - clear  0.000000000, sequence: 0
source 0 - assert 1763406907.000010179, sequence: 9766 - clear  0.000000000, sequence: 0
source 0 - assert 1763406908.000004577, sequence: 9767 - clear  0.000000000, sequence: 0
source 0 - assert 1763406909.000008485, sequence: 9768 - clear  0.000000000, sequence: 0
source 0 - assert 1763406910.000009216, sequence: 9769 - clear  0.000000000, sequence: 0
source 0 - assert 1763406911.000006168, sequence: 9770 - clear  0.000000000, sequence: 0
source 0 - assert 1763406912.000005643, sequence: 9771 - clear  0.000000000, sequence: 0
source 0 - assert 1763406913.000007991, sequence: 9772 - clear  0.000000000, sequence: 0
source 0 - assert 1763406914.000006164, sequence: 9773 - clear  0.000000000, sequence: 0
source 0 - assert 1763406915.000008306, sequence: 9774 - clear  0.000000000, sequence: 0
source 0 - assert 1763406916.000007167, sequence: 9775 - clear  0.000000000, sequence: 0
source 0 - assert 1763406917.000010639, sequence: 9776 - clear  0.000000000, sequence: 0
source 0 - assert 1763406918.000008108, sequence: 9777 - clear  0.000000000, sequence: 0
source 0 - assert 1763406919.000006263, sequence: 9778 - clear  0.000000000, sequence: 0
source 0 - assert 1763406920.000009034, sequence: 9779 - clear  0.000000000, sequence: 0
source 0 - assert 1763406921.000010858, sequence: 9780 - clear  0.000000000, sequence: 0
source 0 - assert 1763406922.000007273, sequence: 9781 - clear  0.000000000, sequence: 0
source 0 - assert 1763406923.000006419, sequence: 9782 - clear  0.000000000, sequence: 0
source 0 - assert 1763406924.000009510, sequence: 9783 - clear  0.000000000, sequence: 0
source 0 - assert 1763406925.000007610, sequence: 9784 - clear  0.000000000, sequence: 0
source 0 - assert 1763406926.000008698, sequence: 9785 - clear  0.000000000, sequence: 0
source 0 - assert 1763406927.000009803, sequence: 9786 - clear  0.000000000, sequence: 0
source 0 - assert 1763406928.000006027, sequence: 9787 - clear  0.000000000, sequence: 0
source 0 - assert 1763406929.000010995, sequence: 9788 - clear  0.000000000, sequence: 0
source 0 - assert 1763406930.000006164, sequence: 9789 - clear  0.000000000, sequence: 0
source 0 - assert 1763406931.000008080, sequence: 9790 - clear  0.000000000, sequence: 0
source 0 - assert 1763406932.000007443, sequence: 9791 - clear  0.000000000, sequence: 0
source 0 - assert 1763406933.000011284, sequence: 9792 - clear  0.000000000, sequence: 0
source 0 - assert 1763406934.000009342, sequence: 9793 - clear  0.000000000, sequence: 0
source 0 - assert 1763406935.000006346, sequence: 9794 - clear  0.000000000, sequence: 0
source 0 - assert 1763406936.000009347, sequence: 9795 - clear  0.000000000, sequence: 0
source 0 - assert 1763406937.000008204, sequence: 9796 - clear  0.000000000, sequence: 0
source 0 - assert 1763406938.000008674, sequence: 9797 - clear  0.000000000, sequence: 0
source 0 - assert 1763406939.000007204, sequence: 9798 - clear  0.000000000, sequence: 0
source 0 - assert 1763406940.000007622, sequence: 9799 - clear  0.000000000, sequence: 0
source 0 - assert 1763406941.000006414, sequence: 9800 - clear  0.000000000, sequence: 0
source 0 - assert 1763406942.000006071, sequence: 9801 - clear  0.000000000, sequence: 0
source 0 - assert 1763406943.000006891, sequence: 9802 - clear  0.000000000, sequence: 0
source 0 - assert 1763406944.000004461, sequence: 9803 - clear  0.000000000, sequence: 0
source 0 - assert 1763406945.000008216, sequence: 9804 - clear  0.000000000, sequence: 0
source 0 - assert 1763406946.000012159, sequence: 9805 - clear  0.000000000, sequence: 0
source 0 - assert 1763406947.000010875, sequence: 9806 - clear  0.000000000, sequence: 0
source 0 - assert 1763406948.000007494, sequence: 9807 - clear  0.000000000, sequence: 0
source 0 - assert 1763406949.000006217, sequence: 9808 - clear  0.000000000, sequence: 0
source 0 - assert 1763406950.000007630, sequence: 9809 - clear  0.000000000, sequence: 0
source 0 - assert 1763406951.000004647, sequence: 9810 - clear  0.000000000, sequence: 0
source 0 - assert 1763406952.000007588, sequence: 9811 - clear  0.000000000, sequence: 0
source 0 - assert 1763406953.000007441, sequence: 9812 - clear  0.000000000, sequence: 0
source 0 - assert 1763406954.000008209, sequence: 9813 - clear  0.000000000, sequence: 0
source 0 - assert 1763406955.000005576, sequence: 9814 - clear  0.000000000, sequence: 0
source 0 - assert 1763406956.000006580, sequence: 9815 - clear  0.000000000, sequence: 0
source 0 - assert 1763406957.000010486, sequence: 9816 - clear  0.000000000, sequence: 0
source 0 - assert 1763406958.000008901, sequence: 9817 - clear  0.000000000, sequence: 0
source 0 - assert 1763406959.000006045, sequence: 9818 - clear  0.000000000, sequence: 0
source 0 - assert 1763406960.000006291, sequence: 9819 - clear  0.000000000, sequence: 0
source 0 - assert 1763406961.000005377, sequence: 9820 - clear  0.000000000, sequence: 0
source 0 - assert 1763406962.000007132, sequence: 9821 - clear  0.000000000, sequence: 0
source 0 - assert 1763406963.000008294, sequence: 9822 - clear  0.000000000, sequence: 0
source 0 - assert 1763406964.000011215, sequence: 9823 - clear  0.000000000, sequence: 0
source 0 - assert 1763406965.000009474, sequence: 9824 - clear  0.000000000, sequence: 0
source 0 - assert 1763406966.000003469, sequence: 9825 - clear  0.000000000, sequence: 0
source 0 - assert 1763406967.000007063, sequence: 9826 - clear  0.000000000, sequence: 0
source 0 - assert 1763406968.000009882, sequence: 9827 - clear  0.000000000, sequence: 0
source 0 - assert 1763406969.000006925, sequence: 9828 - clear  0.000000000, sequence: 0
source 0 - assert 1763406970.000010714, sequence: 9829 - clear  0.000000000, sequence: 0
source 0 - assert 1763406971.000008122, sequence: 9830 - clear  0.000000000, sequence: 0
source 0 - assert 1763406972.000006489, sequence: 9831 - clear  0.000000000, sequence: 0
source 0 - assert 1763406973.000004163, sequence: 9832 - clear  0.000000000, sequence: 0
source 0 - assert 1763406974.000008281, sequence: 9833 - clear  0.000000000, sequence: 0
source 0 - assert 1763406975.000005364, sequence: 9834 - clear  0.000000000, sequence: 0
source 0 - assert 1763406976.000009452, sequence: 9835 - clear  0.000000000, sequence: 0
source 0 - assert 1763406977.000008468, sequence: 9836 - clear  0.000000000, sequence: 0
source 0 - assert 1763406978.000005773, sequence: 9837 - clear  0.000000000, sequence: 0
source 0 - assert 1763406979.000007399, sequence: 9838 - clear  0.000000000, sequence: 0
source 0 - assert 1763406980.000007001, sequence: 9839 - clear  0.000000000, sequence: 0
source 0 - assert 1763406981.000007046, sequence: 9840 - clear  0.000000000, sequence: 0
source 0 - assert 1763406982.000009093, sequence: 9841 - clear  0.000000000, sequence: 0
source 0 - assert 1763406983.000006060, sequence: 9842 - clear  0.000000000, sequence: 0
source 0 - assert 1763406984.000008752, sequence: 9843 - clear  0.000000000, sequence: 0
source 0 - assert 1763406985.000007336, sequence: 9844 - clear  0.000000000, sequence: 0
source 0 - assert 1763406986.000005239, sequence: 9845 - clear  0.000000000, sequence: 0
source 0 - assert 1763406987.000006326, sequence: 9846 - clear  0.000000000, sequence: 0
source 0 - assert 1763406988.000006284, sequence: 9847 - clear  0.000000000, sequence: 0
source 0 - assert 1763406989.000006296, sequence: 9848 - clear  0.000000000, sequence: 0
source 0 - assert 1763406990.000006742, sequence: 9849 - clear  0.000000000, sequence: 0
source 0 - assert 1763406991.000011370, sequence: 9850 - clear  0.000000000, sequence: 0
source 0 - assert 1763406992.000006327, sequence: 9851 - clear  0.000000000, sequence: 0
source 0 - assert 1763406993.000007863, sequence: 9852 - clear  0.000000000, sequence: 0
source 0 - assert 1763406994.000007255, sequence: 9853 - clear  0.000000000, sequence: 0
source 0 - assert 1763406995.000010554, sequence: 9854 - clear  0.000000000, sequence: 0
source 0 - assert 1763406996.000009340, sequence: 9855 - clear  0.000000000, sequence: 0
source 0 - assert 1763406997.000009334, sequence: 9856 - clear  0.000000000, sequence: 0
source 0 - assert 1763406998.000007199, sequence: 9857 - clear  0.000000000, sequence: 0
source 0 - assert 1763406999.000005963, sequence: 9858 - clear  0.000000000, sequence: 0
source 0 - assert 1763407000.000003267, sequence: 9859 - clear  0.000000000, sequence: 0
source 0 - assert 1763407001.000008086, sequence: 9860 - clear  0.000000000, sequence: 0
source 0 - assert 1763407002.000005911, sequence: 9861 - clear  0.000000000, sequence: 0
source 0 - assert 1763407003.000005473, sequence: 9862 - clear  0.000000000, sequence: 0
source 0 - assert 1763407004.000006101, sequence: 9863 - clear  0.000000000, sequence: 0
source 0 - assert 1763407005.000006204, sequence: 9864 - clear  0.000000000, sequence: 0
source 0 - assert 1763407006.000008985, sequence: 9865 - clear  0.000000000, sequence: 0
source 0 - assert 1763407007.000011346, sequence: 9866 - clear  0.000000000, sequence: 0
source 0 - assert 1763407008.000008034, sequence: 9867 - clear  0.000000000, sequence: 0
source 0 - assert 1763407009.000006262, sequence: 9868 - clear  0.000000000, sequence: 0
source 0 - assert 1763407010.000007630, sequence: 9869 - clear  0.000000000, sequence: 0
source 0 - assert 1763407011.000007419, sequence: 9870 - clear  0.000000000, sequence: 0
source 0 - assert 1763407012.000009301, sequence: 9871 - clear  0.000000000, sequence: 0
source 0 - assert 1763407013.000007841, sequence: 9872 - clear  0.000000000, sequence: 0
source 0 - assert 1763407014.000042794, sequence: 9873 - clear  0.000000000, sequence: 0
source 0 - assert 1763407015.000005257, sequence: 9874 - clear  0.000000000, sequence: 0
source 0 - assert 1763407016.000009168, sequence: 9875 - clear  0.000000000, sequence: 0
source 0 - assert 1763407017.000010738, sequence: 9876 - clear  0.000000000, sequence: 0
source 0 - assert 1763407018.000009404, sequence: 9877 - clear  0.000000000, sequence: 0
source 0 - assert 1763407019.000007479, sequence: 9878 - clear  0.000000000, sequence: 0
source 0 - assert 1763407020.000004662, sequence: 9879 - clear  0.000000000, sequence: 0
source 0 - assert 1763407021.000006183, sequence: 9880 - clear  0.000000000, sequence: 0
source 0 - assert 1763407022.000011553, sequence: 9881 - clear  0.000000000, sequence: 0
source 0 - assert 1763407023.000010203, sequence: 9882 - clear  0.000000000, sequence: 0
source 0 - assert 1763407024.000007222, sequence: 9883 - clear  0.000000000, sequence: 0
source 0 - assert 1763407025.000008801, sequence: 9884 - clear  0.000000000, sequence: 0
source 0 - assert 1763407026.000008777, sequence: 9885 - clear  0.000000000, sequence: 0
source 0 - assert 1763407027.000010278, sequence: 9886 - clear  0.000000000, sequence: 0
source 0 - assert 1763407028.000005820, sequence: 9887 - clear  0.000000000, sequence: 0
source 0 - assert 1763407029.000006822, sequence: 9888 - clear  0.000000000, sequence: 0
source 0 - assert 1763407030.000004783, sequence: 9889 - clear  0.000000000, sequence: 0
source 0 - assert 1763407031.000008332, sequence: 9890 - clear  0.000000000, sequence: 0
source 0 - assert 1763407032.000012233, sequence: 9891 - clear  0.000000000, sequence: 0
source 0 - assert 1763407033.000011087, sequence: 9892 - clear  0.000000000, sequence: 0
source 0 - assert 1763407034.000009895, sequence: 9893 - clear  0.000000000, sequence: 0
source 0 - assert 1763407035.000006223, sequence: 9894 - clear  0.000000000, sequence: 0
source 0 - assert 1763407036.000007436, sequence: 9895 - clear  0.000000000, sequence: 0
source 0 - assert 1763407037.000006628, sequence: 9896 - clear  0.000000000, sequence: 0
source 0 - assert 1763407038.000006071, sequence: 9897 - clear  0.000000000, sequence: 0
source 0 - assert 1763407039.000008483, sequence: 9898 - clear  0.000000000, sequence: 0
source 0 - assert 1763407040.000009951, sequence: 9899 - clear  0.000000000, sequence: 0
source 0 - assert 1763407041.000010167, sequence: 9900 - clear  0.000000000, sequence: 0
source 0 - assert 1763407042.000006580, sequence: 9901 - clear  0.000000000, sequence: 0
source 0 - assert 1763407043.000005617, sequence: 9902 - clear  0.000000000, sequence: 0
source 0 - assert 1763407044.000006968, sequence: 9903 - clear  0.000000000, sequence: 0
source 0 - assert 1763407045.000009423, sequence: 9904 - clear  0.000000000, sequence: 0
source 0 - assert 1763407046.000009232, sequence: 9905 - clear  0.000000000, sequence: 0
source 0 - assert 1763407047.000007751, sequence: 9906 - clear  0.000000000, sequence: 0
source 0 - assert 1763407048.000006403, sequence: 9907 - clear  0.000000000, sequence: 0
source 0 - assert 1763407049.000003937, sequence: 9908 - clear  0.000000000, sequence: 0
source 0 - assert 1763407050.000006196, sequence: 9909 - clear  0.000000000, sequence: 0
source 0 - assert 1763407051.000008589, sequence: 9910 - clear  0.000000000, sequence: 0
source 0 - assert 1763407052.000008955, sequence: 9911 - clear  0.000000000, sequence: 0
source 0 - assert 1763407053.000008408, sequence: 9912 - clear  0.000000000, sequence: 0
source 0 - assert 1763407054.000005790, sequence: 9913 - clear  0.000000000, sequence: 0
source 0 - assert 1763407055.000011951, sequence: 9914 - clear  0.000000000, sequence: 0
source 0 - assert 1763407056.000010529, sequence: 9915 - clear  0.000000000, sequence: 0
source 0 - assert 1763407057.000011013, sequence: 9916 - clear  0.000000000, sequence: 0
source 0 - assert 1763407058.000007572, sequence: 9917 - clear  0.000000000, sequence: 0
source 0 - assert 1763407059.000005246, sequence: 9918 - clear  0.000000000, sequence: 0
source 0 - assert 1763407060.000005407, sequence: 9919 - clear  0.000000000, sequence: 0
source 0 - assert 1763407061.000004066, sequence: 9920 - clear  0.000000000, sequence: 0
source 0 - assert 1763407062.000008992, sequence: 9921 - clear  0.000000000, sequence: 0
source 0 - assert 1763407063.000008288, sequence: 9922 - clear  0.000000000, sequence: 0
source 0 - assert 1763407064.000007565, sequence: 9923 - clear  0.000000000, sequence: 0
source 0 - assert 1763407065.000005985, sequence: 9924 - clear  0.000000000, sequence: 0
source 0 - assert 1763407066.000000336, sequence: 9925 - clear  0.000000000, sequence: 0
source 0 - assert 1763407067.000006997, sequence: 9926 - clear  0.000000000, sequence: 0
source 0 - assert 1763407068.000005277, sequence: 9927 - clear  0.000000000, sequence: 0
source 0 - assert 1763407069.000005833, sequence: 9928 - clear  0.000000000, sequence: 0
source 0 - assert 1763407070.000004526, sequence: 9929 - clear  0.000000000, sequence: 0
source 0 - assert 1763407071.000006233, sequence: 9930 - clear  0.000000000, sequence: 0
source 0 - assert 1763407072.000002652, sequence: 9931 - clear  0.000000000, sequence: 0
source 0 - assert 1763407073.000008022, sequence: 9932 - clear  0.000000000, sequence: 0
source 0 - assert 1763407074.000006531, sequence: 9933 - clear  0.000000000, sequence: 0
source 0 - assert 1763407075.000006218, sequence: 9934 - clear  0.000000000, sequence: 0
source 0 - assert 1763407076.000005284, sequence: 9935 - clear  0.000000000, sequence: 0
source 0 - assert 1763407077.000007513, sequence: 9936 - clear  0.000000000, sequence: 0
source 0 - assert 1763407078.000008140, sequence: 9937 - clear  0.000000000, sequence: 0
source 0 - assert 1763407079.000006922, sequence: 9938 - clear  0.000000000, sequence: 0
source 0 - assert 1763407080.000015043, sequence: 9939 - clear  0.000000000, sequence: 0
Terminated
