trying PPS source "/dev/pps0"
found PPS source "/dev/pps0"
ok, found 1 source(s), now start fetching data...
source 0 - assert 1763412719.000008867, sequence: 15578 - clear  0.000000000, sequence: 0
source 0 - assert 1763412720.000006863, sequence: 15579 - clear  0.000000000, sequence: 0
source 0 - assert 1763412721.000004622, sequence: 15580 - clear  0.000000000, sequence: 0
source 0 - assert 1763412722.000005390, sequence: 15581 - clear  0.000000000, sequence: 0
source 0 - assert 1763412723.000007350, sequence: 15582 - clear  0.000000000, sequence: 0
source 0 - assert 1763412724.000008230, sequence: 15583 - clear  0.000000000, sequence: 0
source 0 - assert 1763412725.000008001, sequence: 15584 - clear  0.000000000, sequence: 0
source 0 - assert 1763412726.000008460, sequence: 15585 - clear  0.000000000, sequence: 0
source 0 - assert 1763412727.000005416, sequence: 15586 - clear  0.000000000, sequence: 0
source 0 - assert 1763412728.000003340, sequence: 15587 - clear  0.000000000, sequence: 0
source 0 - assert 1763412729.000008354, sequence: 15588 - clear  0.000000000, sequence: 0
source 0 - assert 1763412730.000008930, sequence: 15589 - clear  0.000000000, sequence: 0
source 0 - assert 1763412731.000008837, sequence: 15590 - clear  0.000000000, sequence: 0
source 0 - assert 1763412732.000005123, sequence: 15591 - clear  0.000000000, sequence: 0
source 0 - assert 1763412733.000006039, sequence: 15592 - clear  0.000000000, sequence: 0
source 0 - assert 1763412734.000007393, sequence: 15593 - clear  0.000000000, sequence: 0
source 0 - assert 1763412735.000004629, sequence: 15594 - clear  0.000000000, sequence: 0
source 0 - assert 1763412736.000010784, sequence: 15595 - clear  0.000000000, sequence: 0
source 0 - assert 1763412737.000006833, sequence: 15596 - clear  0.000000000, sequence: 0
source 0 - assert 1763412738.000006881, sequence: 15597 - clear  0.000000000, sequence: 0
source 0 - assert 1763412739.000009338, sequence: 15598 - clear  0.000000000, sequence: 0
source 0 - assert 1763412740.000006486, sequence: 15599 - clear  0.000000000, sequence: 0
source 0 - assert 1763412741.000007220, sequence: 15600 - clear  0.000000000, sequence: 0
source 0 - assert 1763412742.000008191, sequence: 15601 - clear  0.000000000, sequence: 0
source 0 - assert 1763412743.000007281, sequence: 15602 - clear  0.000000000, sequence: 0
source 0 - assert 1763412744.000006576, sequence: 15603 - clear  0.000000000, sequence: 0
source 0 - assert 1763412745.000007324, sequence: 15604 - clear  0.000000000, sequence: 0
source 0 - assert 1763412746.000007530, sequence: 15605 - clear  0.000000000, sequence: 0
source 0 - assert 1763412747.000008623, sequence: 15606 - clear  0.000000000, sequence: 0
source 0 - assert 1763412748.000002904, sequence: 15607 - clear  0.000000000, sequence: 0
source 0 - assert 1763412749.000006918, sequence: 15608 - clear  0.000000000, sequence: 0
source 0 - assert 1763412750.000004181, sequence: 15609 - clear  0.000000000, sequence: 0
source 0 - assert 1763412751.000006802, sequence: 15610 - clear  0.000000000, sequence: 0
source 0 - assert 1763412752.000008083, sequence: 15611 - clear  0.000000000, sequence: 0
source 0 - assert 1763412753.000005408, sequence: 15612 - clear  0.000000000, sequence: 0
source 0 - assert 1763412754.000008705, sequence: 15613 - clear  0.000000000, sequence: 0
source 0 - assert 1763412755.000006633, sequence: 15614 - clear  0.000000000, sequence: 0
source 0 - assert 1763412756.000006663, sequence: 15615 - clear  0.000000000, sequence: 0
source 0 - assert 1763412757.000006495, sequence: 15616 - clear  0.000000000, sequence: 0
source 0 - assert 1763412758.000005517, sequence: 15617 - clear  0.000000000, sequence: 0
source 0 - assert 1763412759.000005362, sequence: 15618 - clear  0.000000000, sequence: 0
source 0 - assert 1763412760.000006207, sequence: 15619 - clear  0.000000000, sequence: 0
source 0 - assert 1763412761.000003053, sequence: 15620 - clear  0.000000000, sequence: 0
source 0 - assert 1763412762.000005246, sequence: 15621 - clear  0.000000000, sequence: 0
source 0 - assert 1763412763.000007732, sequence: 15622 - clear  0.000000000, sequence: 0
source 0 - assert 1763412764.000006588, sequence: 15623 - clear  0.000000000, sequence: 0
source 0 - assert 1763412765.000003878, sequence: 15624 - clear  0.000000000, sequence: 0
source 0 - assert 1763412766.000004586, sequence: 15625 - clear  0.000000000, sequence: 0
source 0 - assert 1763412767.000007204, sequence: 15626 - clear  0.000000000, sequence: 0
source 0 - assert 1763412768.000002942, sequence: 15627 - clear  0.000000000, sequence: 0
source 0 - assert 1763412769.000006982, sequence: 15628 - clear  0.000000000, sequence: 0
source 0 - assert 1763412770.000004446, sequence: 15629 - clear  0.000000000, sequence: 0
source 0 - assert 1763412771.000001875, sequence: 15630 - clear  0.000000000, sequence: 0
source 0 - assert 1763412772.000009042, sequence: 15631 - clear  0.000000000, sequence: 0
source 0 - assert 1763412773.000004665, sequence: 15632 - clear  0.000000000, sequence: 0
source 0 - assert 1763412774.000005766, sequence: 15633 - clear  0.000000000, sequence: 0
source 0 - assert 1763412775.000002742, sequence: 15634 - clear  0.000000000, sequence: 0
source 0 - assert 1763412776.000004869, sequence: 15635 - clear  0.000000000, sequence: 0
source 0 - assert 1763412777.000006387, sequence: 15636 - clear  0.000000000, sequence: 0
source 0 - assert 1763412778.000007142, sequence: 15637 - clear  0.000000000, sequence: 0
source 0 - assert 1763412779.000004094, sequence: 15638 - clear  0.000000000, sequence: 0
source 0 - assert 1763412780.000007587, sequence: 15639 - clear  0.000000000, sequence: 0
source 0 - assert 1763412781.000004788, sequence: 15640 - clear  0.000000000, sequence: 0
source 0 - assert 1763412782.000007713, sequence: 15641 - clear  0.000000000, sequence: 0
source 0 - assert 1763412783.000006632, sequence: 15642 - clear  0.000000000, sequence: 0
source 0 - assert 1763412784.000003622, sequence: 15643 - clear  0.000000000, sequence: 0
source 0 - assert 1763412785.000007715, sequence: 15644 - clear  0.000000000, sequence: 0
source 0 - assert 1763412786.000008256, sequence: 15645 - clear  0.000000000, sequence: 0
source 0 - assert 1763412787.000008200, sequence: 15646 - clear  0.000000000, sequence: 0
source 0 - assert 1763412788.000006289, sequence: 15647 - clear  0.000000000, sequence: 0
source 0 - assert 1763412789.000007512, sequence: 15648 - clear  0.000000000, sequence: 0
source 0 - assert 1763412790.000003077, sequence: 15649 - clear  0.000000000, sequence: 0
source 0 - assert 1763412791.000008718, sequence: 15650 - clear  0.000000000, sequence: 0
source 0 - assert 1763412792.000006941, sequence: 15651 - clear  0.000000000, sequence: 0
source 0 - assert 1763412793.000004780, sequence: 15652 - clear  0.000000000, sequence: 0
source 0 - assert 1763412794.000007579, sequence: 15653 - clear  0.000000000, sequence: 0
source 0 - assert 1763412795.000003641, sequence: 15654 - clear  0.000000000, sequence: 0
source 0 - assert 1763412796.000007429, sequence: 15655 - clear  0.000000000, sequence: 0
source 0 - assert 1763412797.000004599, sequence: 15656 - clear  0.000000000, sequence: 0
source 0 - assert 1763412798.000006426, sequence: 15657 - clear  0.000000000, sequence: 0
source 0 - assert 1763412799.000005228, sequence: 15658 - clear  0.000000000, sequence: 0
source 0 - assert 1763412800.000004773, sequence: 15659 - clear  0.000000000, sequence: 0
source 0 - assert 1763412801.000003750, sequence: 15660 - clear  0.000000000, sequence: 0
source 0 - assert 1763412802.000009472, sequence: 15661 - clear  0.000000000, sequence: 0
source 0 - assert 1763412803.000008930, sequence: 15662 - clear  0.000000000, sequence: 0
source 0 - assert 1763412804.000003569, sequence: 15663 - clear  0.000000000, sequence: 0
source 0 - assert 1763412805.000003771, sequence: 15664 - clear  0.000000000, sequence: 0
source 0 - assert 1763412806.000004491, sequence: 15665 - clear  0.000000000, sequence: 0
source 0 - assert 1763412807.000008359, sequence: 15666 - clear  0.000000000, sequence: 0
source 0 - assert 1763412808.000008921, sequence: 15667 - clear  0.000000000, sequence: 0
source 0 - assert 1763412809.000005034, sequence: 15668 - clear  0.000000000, sequence: 0
source 0 - assert 1763412810.000001204, sequence: 15669 - clear  0.000000000, sequence: 0
source 0 - assert 1763412811.000004944, sequence: 15670 - clear  0.000000000, sequence: 0
source 0 - assert 1763412812.000005154, sequence: 15671 - clear  0.000000000, sequence: 0
source 0 - assert 1763412813.000004121, sequence: 15672 - clear  0.000000000, sequence: 0
source 0 - assert 1763412814.000004925, sequence: 15673 - clear  0.000000000, sequence: 0
source 0 - assert 1763412815.000003527, sequence: 15674 - clear  0.000000000, sequence: 0
source 0 - assert 1763412816.000008541, sequence: 15675 - clear  0.000000000, sequence: 0
source 0 - assert 1763412817.000004064, sequence: 15676 - clear  0.000000000, sequence: 0
source 0 - assert 1763412818.000004380, sequence: 15677 - clear  0.000000000, sequence: 0
source 0 - assert 1763412819.000004468, sequence: 15678 - clear  0.000000000, sequence: 0
source 0 - assert 1763412820.000006421, sequence: 15679 - clear  0.000000000, sequence: 0
source 0 - assert 1763412821.000004548, sequence: 15680 - clear  0.000000000, sequence: 0
source 0 - assert 1763412822.000005208, sequence: 15681 - clear  0.000000000, sequence: 0
source 0 - assert 1763412823.000002072, sequence: 15682 - clear  0.000000000, sequence: 0
source 0 - assert 1763412824.000006659, sequence: 15683 - clear  0.000000000, sequence: 0
source 0 - assert 1763412825.000006057, sequence: 15684 - clear  0.000000000, sequence: 0
source 0 - assert 1763412826.000004176, sequence: 15685 - clear  0.000000000, sequence: 0
source 0 - assert 1763412827.000004597, sequence: 15686 - clear  0.000000000, sequence: 0
source 0 - assert 1763412828.000004702, sequence: 15687 - clear  0.000000000, sequence: 0
source 0 - assert 1763412829.000005844, sequence: 15688 - clear  0.000000000, sequence: 0
source 0 - assert 1763412830.000003192, sequence: 15689 - clear  0.000000000, sequence: 0
source 0 - assert 1763412831.000004254, sequence: 15690 - clear  0.000000000, sequence: 0
source 0 - assert 1763412832.000008585, sequence: 15691 - clear  0.000000000, sequence: 0
source 0 - assert 1763412833.000010415, sequence: 15692 - clear  0.000000000, sequence: 0
source 0 - assert 1763412834.000007299, sequence: 15693 - clear  0.000000000, sequence: 0
source 0 - assert 1763412835.000006579, sequence: 15694 - clear  0.000000000, sequence: 0
source 0 - assert 1763412836.000004493, sequence: 15695 - clear  0.000000000, sequence: 0
source 0 - assert 1763412837.000006915, sequence: 15696 - clear  0.000000000, sequence: 0
source 0 - assert 1763412838.000002305, sequence: 15697 - clear  0.000000000, sequence: 0
source 0 - assert 1763412839.000008369, sequence: 15698 - clear  0.000000000, sequence: 0
source 0 - assert 1763412840.000006822, sequence: 15699 - clear  0.000000000, sequence: 0
source 0 - assert 1763412841.000002242, sequence: 15700 - clear  0.000000000, sequence: 0
source 0 - assert 1763412842.000005661, sequence: 15701 - clear  0.000000000, sequence: 0
source 0 - assert 1763412843.000004418, sequence: 15702 - clear  0.000000000, sequence: 0
source 0 - assert 1763412844.000003263, sequence: 15703 - clear  0.000000000, sequence: 0
source 0 - assert 1763412845.000004569, sequence: 15704 - clear  0.000000000, sequence: 0
source 0 - assert 1763412846.000004603, sequence: 15705 - clear  0.000000000, sequence: 0
source 0 - assert 1763412847.000007295, sequence: 15706 - clear  0.000000000, sequence: 0
source 0 - assert 1763412848.000002533, sequence: 15707 - clear  0.000000000, sequence: 0
source 0 - assert 1763412849.000002382, sequence: 15708 - clear  0.000000000, sequence: 0
source 0 - assert 1763412850.000004622, sequence: 15709 - clear  0.000000000, sequence: 0
source 0 - assert 1763412851.000009379, sequence: 15710 - clear  0.000000000, sequence: 0
source 0 - assert 1763412852.000007845, sequence: 15711 - clear  0.000000000, sequence: 0
source 0 - assert 1763412853.000005894, sequence: 15712 - clear  0.000000000, sequence: 0
source 0 - assert 1763412854.000004596, sequence: 15713 - clear  0.000000000, sequence: 0
source 0 - assert 1763412855.000004704, sequence: 15714 - clear  0.000000000, sequence: 0
source 0 - assert 1763412856.000006552, sequence: 15715 - clear  0.000000000, sequence: 0
source 0 - assert 1763412857.000009718, sequence: 15716 - clear  0.000000000, sequence: 0
source 0 - assert 1763412858.000007772, sequence: 15717 - clear  0.000000000, sequence: 0
source 0 - assert 1763412859.000001577, sequence: 15718 - clear  0.000000000, sequence: 0
source 0 - assert 1763412860.000005684, sequence: 15719 - clear  0.000000000, sequence: 0
source 0 - assert 1763412861.000002911, sequence: 15720 - clear  0.000000000, sequence: 0
source 0 - assert 1763412862.000008910, sequence: 15721 - clear  0.000000000, sequence: 0
source 0 - assert 1763412863.000006288, sequence: 15722 - clear  0.000000000, sequence: 0
source 0 - assert 1763412864.000006334, sequence: 15723 - clear  0.000000000, sequence: 0
source 0 - assert 1763412865.000005831, sequence: 15724 - clear  0.000000000, sequence: 0
source 0 - assert 1763412866.000000380, sequence: 15725 - clear  0.000000000, sequence: 0
source 0 - assert 1763412867.000005603, sequence: 15726 - clear  0.000000000, sequence: 0
source 0 - assert 1763412868.000006322, sequence: 15727 - clear  0.000000000, sequence: 0
source 0 - assert 1763412869.000005338, sequence: 15728 - clear  0.000000000, sequence: 0
source 0 - assert 1763412870.000002994, sequence: 15729 - clear  0.000000000, sequence: 0
source 0 - assert 1763412871.000006210, sequence: 15730 - clear  0.000000000, sequence: 0
source 0 - assert 1763412872.000005469, sequence: 15731 - clear  0.000000000, sequence: 0
source 0 - assert 1763412873.000006632, sequence: 15732 - clear  0.000000000, sequence: 0
source 0 - assert 1763412874.000007269, sequence: 15733 - clear  0.000000000, sequence: 0
source 0 - assert 1763412875.000005849, sequence: 15734 - clear  0.000000000, sequence: 0
source 0 - assert 1763412876.000004553, sequence: 15735 - clear  0.000000000, sequence: 0
source 0 - assert 1763412877.000003985, sequence: 15736 - clear  0.000000000, sequence: 0
source 0 - assert 1763412878.000005471, sequence: 15737 - clear  0.000000000, sequence: 0
source 0 - assert 1763412879.000008048, sequence: 15738 - clear  0.000000000, sequence: 0
source 0 - assert 1763412880.000005834, sequence: 15739 - clear  0.000000000, sequence: 0
source 0 - assert 1763412881.000003913, sequence: 15740 - clear  0.000000000, sequence: 0
source 0 - assert 1763412882.000008976, sequence: 15741 - clear  0.000000000, sequence: 0
source 0 - assert 1763412883.000003099, sequence: 15742 - clear  0.000000000, sequence: 0
source 0 - assert 1763412884.000008837, sequence: 15743 - clear  0.000000000, sequence: 0
source 0 - assert 1763412885.000002209, sequence: 15744 - clear  0.000000000, sequence: 0
source 0 - assert 1763412886.000005203, sequence: 15745 - clear  0.000000000, sequence: 0
source 0 - assert 1763412887.000003490, sequence: 15746 - clear  0.000000000, sequence: 0
source 0 - assert 1763412888.000007363, sequence: 15747 - clear  0.000000000, sequence: 0
source 0 - assert 1763412889.000005488, sequence: 15748 - clear  0.000000000, sequence: 0
source 0 - assert 1763412890.000009007, sequence: 15749 - clear  0.000000000, sequence: 0
source 0 - assert 1763412891.000002517, sequence: 15750 - clear  0.000000000, sequence: 0
source 0 - assert 1763412892.000003337, sequence: 15751 - clear  0.000000000, sequence: 0
source 0 - assert 1763412893.000011666, sequence: 15752 - clear  0.000000000, sequence: 0
source 0 - assert 1763412894.000009614, sequence: 15753 - clear  0.000000000, sequence: 0
source 0 - assert 1763412895.000006958, sequence: 15754 - clear  0.000000000, sequence: 0
source 0 - assert 1763412896.000005198, sequence: 15755 - clear  0.000000000, sequence: 0
source 0 - assert 1763412897.000004997, sequence: 15756 - clear  0.000000000, sequence: 0
source 0 - assert 1763412898.000002261, sequence: 15757 - clear  0.000000000, sequence: 0
source 0 - assert 1763412899.000005359, sequence: 15758 - clear  0.000000000, sequence: 0
source 0 - assert 1763412900.000001777, sequence: 15759 - clear  0.000000000, sequence: 0
source 0 - assert 1763412901.000006871, sequence: 15760 - clear  0.000000000, sequence: 0
source 0 - assert 1763412902.000004282, sequence: 15761 - clear  0.000000000, sequence: 0
source 0 - assert 1763412903.000003870, sequence: 15762 - clear  0.000000000, sequence: 0
source 0 - assert 1763412904.000006003, sequence: 15763 - clear  0.000000000, sequence: 0
source 0 - assert 1763412905.000006081, sequence: 15764 - clear  0.000000000, sequence: 0
source 0 - assert 1763412906.000007844, sequence: 15765 - clear  0.000000000, sequence: 0
source 0 - assert 1763412907.000005302, sequence: 15766 - clear  0.000000000, sequence: 0
source 0 - assert 1763412908.000001116, sequence: 15767 - clear  0.000000000, sequence: 0
source 0 - assert 1763412909.000004405, sequence: 15768 - clear  0.000000000, sequence: 0
source 0 - assert 1763412910.000007037, sequence: 15769 - clear  0.000000000, sequence: 0
source 0 - assert 1763412911.000001869, sequence: 15770 - clear  0.000000000, sequence: 0
source 0 - assert 1763412912.000009510, sequence: 15771 - clear  0.000000000, sequence: 0
source 0 - assert 1763412913.000004966, sequence: 15772 - clear  0.000000000, sequence: 0
source 0 - assert 1763412914.000005129, sequence: 15773 - clear  0.000000000, sequence: 0
source 0 - assert 1763412915.000007221, sequence: 15774 - clear  0.000000000, sequence: 0
source 0 - assert 1763412916.000004566, sequence: 15775 - clear  0.000000000, sequence: 0
source 0 - assert 1763412917.000007177, sequence: 15776 - clear  0.000000000, sequence: 0
source 0 - assert 1763412918.000006978, sequence: 15777 - clear  0.000000000, sequence: 0
source 0 - assert 1763412919.000004328, sequence: 15778 - clear  0.000000000, sequence: 0
source 0 - assert 1763412920.000005933, sequence: 15779 - clear  0.000000000, sequence: 0
source 0 - assert 1763412921.000006766, sequence: 15780 - clear  0.000000000, sequence: 0
source 0 - assert 1763412922.000005793, sequence: 15781 - clear  0.000000000, sequence: 0
source 0 - assert 1763412923.000006807, sequence: 15782 - clear  0.000000000, sequence: 0
source 0 - assert 1763412924.000007491, sequence: 15783 - clear  0.000000000, sequence: 0
source 0 - assert 1763412925.000008308, sequence: 15784 - clear  0.000000000, sequence: 0
source 0 - assert 1763412926.000003334, sequence: 15785 - clear  0.000000000, sequence: 0
source 0 - assert 1763412927.000009574, sequence: 15786 - clear  0.000000000, sequence: 0
source 0 - assert 1763412928.000003770, sequence: 15787 - clear  0.000000000, sequence: 0
source 0 - assert 1763412929.000004558, sequence: 15788 - clear  0.000000000, sequence: 0
source 0 - assert 1763412930.000003615, sequence: 15789 - clear  0.000000000, sequence: 0
source 0 - assert 1763412931.000002700, sequence: 15790 - clear  0.000000000, sequence: 0
source 0 - assert 1763412932.000007372, sequence: 15791 - clear  0.000000000, sequence: 0
source 0 - assert 1763412933.000007659, sequence: 15792 - clear  0.000000000, sequence: 0
source 0 - assert 1763412934.000005346, sequence: 15793 - clear  0.000000000, sequence: 0
source 0 - assert 1763412935.000004181, sequence: 15794 - clear  0.000000000, sequence: 0
source 0 - assert 1763412936.000001846, sequence: 15795 - clear  0.000000000, sequence: 0
source 0 - assert 1763412937.000004089, sequence: 15796 - clear  0.000000000, sequence: 0
source 0 - assert 1763412938.000001923, sequence: 15797 - clear  0.000000000, sequence: 0
source 0 - assert 1763412939.000005473, sequence: 15798 - clear  0.000000000, sequence: 0
source 0 - assert 1763412940.000002378, sequence: 15799 - clear  0.000000000, sequence: 0
source 0 - assert 1763412941.000005494, sequence: 15800 - clear  0.000000000, sequence: 0
source 0 - assert 1763412942.000004838, sequence: 15801 - clear  0.000000000, sequence: 0
source 0 - assert 1763412943.000008336, sequence: 15802 - clear  0.000000000, sequence: 0
source 0 - assert 1763412944.000002143, sequence: 15803 - clear  0.000000000, sequence: 0
source 0 - assert 1763412945.000004924, sequence: 15804 - clear  0.000000000, sequence: 0
source 0 - assert 1763412946.000006211, sequence: 15805 - clear  0.000000000, sequence: 0
source 0 - assert 1763412947.000006366, sequence: 15806 - clear  0.000000000, sequence: 0
source 0 - assert 1763412948.000006737, sequence: 15807 - clear  0.000000000, sequence: 0
source 0 - assert 1763412949.000009534, sequence: 15808 - clear  0.000000000, sequence: 0
source 0 - assert 1763412950.000006908, sequence: 15809 - clear  0.000000000, sequence: 0
source 0 - assert 1763412951.000005822, sequence: 15810 - clear  0.000000000, sequence: 0
source 0 - assert 1763412952.000008697, sequence: 15811 - clear  0.000000000, sequence: 0
source 0 - assert 1763412953.000002944, sequence: 15812 - clear  0.000000000, sequence: 0
source 0 - assert 1763412954.000010080, sequence: 15813 - clear  0.000000000, sequence: 0
source 0 - assert 1763412955.000005389, sequence: 15814 - clear  0.000000000, sequence: 0
source 0 - assert 1763412956.000005178, sequence: 15815 - clear  0.000000000, sequence: 0
source 0 - assert 1763412957.000005620, sequence: 15816 - clear  0.000000000, sequence: 0
source 0 - assert 1763412958.000002322, sequence: 15817 - clear  0.000000000, sequence: 0
source 0 - assert 1763412959.000008618, sequence: 15818 - clear  0.000000000, sequence: 0
source 0 - assert 1763412960.000005180, sequence: 15819 - clear  0.000000000, sequence: 0
source 0 - assert 1763412961.000006872, sequence: 15820 - clear  0.000000000, sequence: 0
source 0 - assert 1763412962.000007465, sequence: 15821 - clear  0.000000000, sequence: 0
source 0 - assert 1763412963.000004666, sequence: 15822 - clear  0.000000000, sequence: 0
source 0 - assert 1763412964.000003316, sequence: 15823 - clear  0.000000000, sequence: 0
source 0 - assert 1763412965.000005382, sequence: 15824 - clear  0.000000000, sequence: 0
source 0 - assert 1763412966.000003293, sequence: 15825 - clear  0.000000000, sequence: 0
source 0 - assert 1763412967.000006681, sequence: 15826 - clear  0.000000000, sequence: 0
source 0 - assert 1763412968.000003444, sequence: 15827 - clear  0.000000000, sequence: 0
source 0 - assert 1763412969.000004131, sequence: 15828 - clear  0.000000000, sequence: 0
source 0 - assert 1763412970.000006804, sequence: 15829 - clear  0.000000000, sequence: 0
source 0 - assert 1763412971.000000829, sequence: 15830 - clear  0.000000000, sequence: 0
source 0 - assert 1763412972.000011546, sequence: 15831 - clear  0.000000000, sequence: 0
source 0 - assert 1763412973.000002545, sequence: 15832 - clear  0.000000000, sequence: 0
source 0 - assert 1763412974.000005199, sequence: 15833 - clear  0.000000000, sequence: 0
source 0 - assert 1763412975.000006318, sequence: 15834 - clear  0.000000000, sequence: 0
source 0 - assert 1763412976.000002893, sequence: 15835 - clear  0.000000000, sequence: 0
source 0 - assert 1763412977.000008222, sequence: 15836 - clear  0.000000000, sequence: 0
source 0 - assert 1763412978.000006338, sequence: 15837 - clear  0.000000000, sequence: 0
source 0 - assert 1763412979.000005256, sequence: 15838 - clear  0.000000000, sequence: 0
source 0 - assert 1763412980.000005201, sequence: 15839 - clear  0.000000000, sequence: 0
source 0 - assert 1763412981.000004625, sequence: 15840 - clear  0.000000000, sequence: 0
source 0 - assert 1763412982.000006778, sequence: 15841 - clear  0.000000000, sequence: 0
source 0 - assert 1763412983.000007443, sequence: 15842 - clear  0.000000000, sequence: 0
source 0 - assert 1763412984.000007927, sequence: 15843 - clear  0.000000000, sequence: 0
source 0 - assert 1763412985.000006203, sequence: 15844 - clear  0.000000000, sequence: 0
source 0 - assert 1763412986.000004912, sequence: 15845 - clear  0.000000000, sequence: 0
source 0 - assert 1763412987.000003420, sequence: 15846 - clear  0.000000000, sequence: 0
source 0 - assert 1763412988.000003705, sequence: 15847 - clear  0.000000000, sequence: 0
source 0 - assert 1763412989.000006383, sequence: 15848 - clear  0.000000000, sequence: 0
source 0 - assert 1763412990.000004548, sequence: 15849 - clear  0.000000000, sequence: 0
source 0 - assert 1763412991.000004621, sequence: 15850 - clear  0.000000000, sequence: 0
source 0 - assert 1763412992.000002842, sequence: 15851 - clear  0.000000000, sequence: 0
source 0 - assert 1763412993.000002083, sequence: 15852 - clear  0.000000000, sequence: 0
source 0 - assert 1763412994.000006782, sequence: 15853 - clear  0.000000000, sequence: 0
source 0 - assert 1763412995.000005198, sequence: 15854 - clear  0.000000000, sequence: 0
source 0 - assert 1763412996.000003799, sequence: 15855 - clear  0.000000000, sequence: 0
source 0 - assert 1763412997.000007093, sequence: 15856 - clear  0.000000000, sequence: 0
source 0 - assert 1763412998.000005546, sequence: 15857 - clear  0.000000000, sequence: 0
source 0 - assert 1763412999.000003546, sequence: 15858 - clear  0.000000000, sequence: 0
source 0 - assert 1763413000.000007612, sequence: 15859 - clear  0.000000000, sequence: 0
source 0 - assert 1763413001.000004296, sequence: 15860 - clear  0.000000000, sequence: 0
source 0 - assert 1763413002.000004358, sequence: 15861 - clear  0.000000000, sequence: 0
source 0 - assert 1763413003.000004362, sequence: 15862 - clear  0.000000000, sequence: 0
source 0 - assert 1763413004.000002957, sequence: 15863 - clear  0.000000000, sequence: 0
source 0 - assert 1763413005.000005122, sequence: 15864 - clear  0.000000000, sequence: 0
source 0 - assert 1763413006.000006978, sequence: 15865 - clear  0.000000000, sequence: 0
source 0 - assert 1763413007.000002868, sequence: 15866 - clear  0.000000000, sequence: 0
source 0 - assert 1763413008.000006202, sequence: 15867 - clear  0.000000000, sequence: 0
source 0 - assert 1763413009.000005320, sequence: 15868 - clear  0.000000000, sequence: 0
source 0 - assert 1763413010.000004037, sequence: 15869 - clear  0.000000000, sequence: 0
source 0 - assert 1763413011.000007850, sequence: 15870 - clear  0.000000000, sequence: 0
source 0 - assert 1763413012.000008189, sequence: 15871 - clear  0.000000000, sequence: 0
source 0 - assert 1763413013.000000168, sequence: 15872 - clear  0.000000000, sequence: 0
source 0 - assert 1763413014.000007715, sequence: 15873 - clear  0.000000000, sequence: 0
source 0 - assert 1763413015.000004548, sequence: 15874 - clear  0.000000000, sequence: 0
source 0 - assert 1763413016.000005483, sequence: 15875 - clear  0.000000000, sequence: 0
source 0 - assert 1763413017.000004845, sequence: 15876 - clear  0.000000000, sequence: 0
source 0 - assert 1763413018.000005871, sequence: 15877 - clear  0.000000000, sequence: 0
source 0 - assert 1763413019.000004789, sequence: 15878 - clear  0.000000000, sequence: 0
source 0 - assert 1763413020.000008880, sequence: 15879 - clear  0.000000000, sequence: 0
source 0 - assert 1763413021.000003250, sequence: 15880 - clear  0.000000000, sequence: 0
source 0 - assert 1763413022.000008323, sequence: 15881 - clear  0.000000000, sequence: 0
source 0 - assert 1763413023.000005360, sequence: 15882 - clear  0.000000000, sequence: 0
source 0 - assert 1763413024.000000358, sequence: 15883 - clear  0.000000000, sequence: 0
source 0 - assert 1763413025.000003463, sequence: 15884 - clear  0.000000000, sequence: 0
source 0 - assert 1763413026.000004242, sequence: 15885 - clear  0.000000000, sequence: 0
source 0 - assert 1763413027.000005348, sequence: 15886 - clear  0.000000000, sequence: 0
source 0 - assert 1763413028.000004085, sequence: 15887 - clear  0.000000000, sequence: 0
source 0 - assert 1763413029.000007103, sequence: 15888 - clear  0.000000000, sequence: 0
source 0 - assert 1763413030.000002876, sequence: 15889 - clear  0.000000000, sequence: 0
source 0 - assert 1763413031.000004697, sequence: 15890 - clear  0.000000000, sequence: 0
source 0 - assert 1763413032.000006807, sequence: 15891 - clear  0.000000000, sequence: 0
source 0 - assert 1763413033.000005677, sequence: 15892 - clear  0.000000000, sequence: 0
source 0 - assert 1763413034.000005585, sequence: 15893 - clear  0.000000000, sequence: 0
source 0 - assert 1763413035.000015056, sequence: 15894 - clear  0.000000000, sequence: 0
Terminated
