trying PPS source "/dev/pps0"
found PPS source "/dev/pps0"
ok, found 1 source(s), now start fetching data...
source 0 - assert 1763360961.000009690, sequence: 16922 - clear  0.000000000, sequence: 0
source 0 - assert 1763360962.000005830, sequence: 16923 - clear  0.000000000, sequence: 0
source 0 - assert 1763360963.000008175, sequence: 16924 - clear  0.000000000, sequence: 0
source 0 - assert 1763360964.000004629, sequence: 16925 - clear  0.000000000, sequence: 0
source 0 - assert 1763360965.000005309, sequence: 16926 - clear  0.000000000, sequence: 0
source 0 - assert 1763360966.000008485, sequence: 16927 - clear  0.000000000, sequence: 0
source 0 - assert 1763360967.000006528, sequence: 16928 - clear  0.000000000, sequence: 0
source 0 - assert 1763360968.000007530, sequence: 16929 - clear  0.000000000, sequence: 0
source 0 - assert 1763360969.000006678, sequence: 16930 - clear  0.000000000, sequence: 0
source 0 - assert 1763360970.000009297, sequence: 16931 - clear  0.000000000, sequence: 0
source 0 - assert 1763360971.000002764, sequence: 16932 - clear  0.000000000, sequence: 0
source 0 - assert 1763360972.000007481, sequence: 16933 - clear  0.000000000, sequence: 0
source 0 - assert 1763360973.000005531, sequence: 16934 - clear  0.000000000, sequence: 0
source 0 - assert 1763360974.000007523, sequence: 16935 - clear  0.000000000, sequence: 0
source 0 - assert 1763360975.000006880, sequence: 16936 - clear  0.000000000, sequence: 0
source 0 - assert 1763360976.000003630, sequence: 16937 - clear  0.000000000, sequence: 0
source 0 - assert 1763360977.000008601, sequence: 16938 - clear  0.000000000, sequence: 0
source 0 - assert 1763360978.000007310, sequence: 16939 - clear  0.000000000, sequence: 0
source 0 - assert 1763360979.000006014, sequence: 16940 - clear  0.000000000, sequence: 0
source 0 - assert 1763360980.000007949, sequence: 16941 - clear  0.000000000, sequence: 0
source 0 - assert 1763360981.000002081, sequence: 16942 - clear  0.000000000, sequence: 0
source 0 - assert 1763360982.000009955, sequence: 16943 - clear  0.000000000, sequence: 0
source 0 - assert 1763360983.000006698, sequence: 16944 - clear  0.000000000, sequence: 0
source 0 - assert 1763360984.000006809, sequence: 16945 - clear  0.000000000, sequence: 0
source 0 - assert 1763360985.000001262, sequence: 16946 - clear  0.000000000, sequence: 0
source 0 - assert 1763360986.000005602, sequence: 16947 - clear  0.000000000, sequence: 0
source 0 - assert 1763360987.000008307, sequence: 16948 - clear  0.000000000, sequence: 0
source 0 - assert 1763360988.000003853, sequence: 16949 - clear  0.000000000, sequence: 0
source 0 - assert 1763360989.000003572, sequence: 16950 - clear  0.000000000, sequence: 0
source 0 - assert 1763360990.000003868, sequence: 16951 - clear  0.000000000, sequence: 0
source 0 - assert 1763360991.000006561, sequence: 16952 - clear  0.000000000, sequence: 0
source 0 - assert 1763360992.000010390, sequence: 16953 - clear  0.000000000, sequence: 0
source 0 - assert 1763360993.000008008, sequence: 16954 - clear  0.000000000, sequence: 0
source 0 - assert 1763360994.000004409, sequence: 16955 - clear  0.000000000, sequence: 0
source 0 - assert 1763360995.000006673, sequence: 16956 - clear  0.000000000, sequence: 0
source 0 - assert 1763360996.000006029, sequence: 16957 - clear  0.000000000, sequence: 0
source 0 - assert 1763360997.000009899, sequence: 16958 - clear  0.000000000, sequence: 0
source 0 - assert 1763360998.000006462, sequence: 16959 - clear  0.000000000, sequence: 0
source 0 - assert 1763360999.000005302, sequence: 16960 - clear  0.000000000, sequence: 0
source 0 - assert 1763361000.000006640, sequence: 16961 - clear  0.000000000, sequence: 0
source 0 - assert 1763361001.000002138, sequence: 16962 - clear  0.000000000, sequence: 0
source 0 - assert 1763361002.000009876, sequence: 16963 - clear  0.000000000, sequence: 0
source 0 - assert 1763361003.000010758, sequence: 16964 - clear  0.000000000, sequence: 0
source 0 - assert 1763361004.000000144, sequence: 16965 - clear  0.000000000, sequence: 0
source 0 - assert 1763361005.000007685, sequence: 16966 - clear  0.000000000, sequence: 0
source 0 - assert 1763361006.000006426, sequence: 16967 - clear  0.000000000, sequence: 0
source 0 - assert 1763361007.000004889, sequence: 16968 - clear  0.000000000, sequence: 0
source 0 - assert 1763361008.000005181, sequence: 16969 - clear  0.000000000, sequence: 0
source 0 - assert 1763361009.000005221, sequence: 16970 - clear  0.000000000, sequence: 0
source 0 - assert 1763361010.000007263, sequence: 16971 - clear  0.000000000, sequence: 0
source 0 - assert 1763361011.000003007, sequence: 16972 - clear  0.000000000, sequence: 0
source 0 - assert 1763361012.000008513, sequence: 16973 - clear  0.000000000, sequence: 0
source 0 - assert 1763361013.000007775, sequence: 16974 - clear  0.000000000, sequence: 0
source 0 - assert 1763361014.000006230, sequence: 16975 - clear  0.000000000, sequence: 0
source 0 - assert 1763361015.000005595, sequence: 16976 - clear  0.000000000, sequence: 0
source 0 - assert 1763361016.000002100, sequence: 16977 - clear  0.000000000, sequence: 0
source 0 - assert 1763361017.000010064, sequence: 16978 - clear  0.000000000, sequence: 0
source 0 - assert 1763361018.000008728, sequence: 16979 - clear  0.000000000, sequence: 0
source 0 - assert 1763361019.000007019, sequence: 16980 - clear  0.000000000, sequence: 0
source 0 - assert 1763361020.000006678, sequence: 16981 - clear  0.000000000, sequence: 0
source 0 - assert 1763361021.000001478, sequence: 16982 - clear  0.000000000, sequence: 0
source 0 - assert 1763361022.000009031, sequence: 16983 - clear  0.000000000, sequence: 0
source 0 - assert 1763361022.999999854, sequence: 16984 - clear  0.000000000, sequence: 0
source 0 - assert 1763361024.000006691, sequence: 16985 - clear  0.000000000, sequence: 0
source 0 - assert 1763361025.000005489, sequence: 16986 - clear  0.000000000, sequence: 0
source 0 - assert 1763361026.000005188, sequence: 16987 - clear  0.000000000, sequence: 0
source 0 - assert 1763361027.000010182, sequence: 16988 - clear  0.000000000, sequence: 0
source 0 - assert 1763361028.000009263, sequence: 16989 - clear  0.000000000, sequence: 0
source 0 - assert 1763361029.000004519, sequence: 16990 - clear  0.000000000, sequence: 0
source 0 - assert 1763361030.000004357, sequence: 16991 - clear  0.000000000, sequence: 0
source 0 - assert 1763361031.000005366, sequence: 16992 - clear  0.000000000, sequence: 0
source 0 - assert 1763361032.000008989, sequence: 16993 - clear  0.000000000, sequence: 0
source 0 - assert 1763361033.000007742, sequence: 16994 - clear  0.000000000, sequence: 0
source 0 - assert 1763361034.000008568, sequence: 16995 - clear  0.000000000, sequence: 0
source 0 - assert 1763361035.000005261, sequence: 16996 - clear  0.000000000, sequence: 0
source 0 - assert 1763361036.000005756, sequence: 16997 - clear  0.000000000, sequence: 0
source 0 - assert 1763361037.000010218, sequence: 16998 - clear  0.000000000, sequence: 0
source 0 - assert 1763361038.000004559, sequence: 16999 - clear  0.000000000, sequence: 0
source 0 - assert 1763361039.000005989, sequence: 17000 - clear  0.000000000, sequence: 0
source 0 - assert 1763361040.000006117, sequence: 17001 - clear  0.000000000, sequence: 0
source 0 - assert 1763361041.000000809, sequence: 17002 - clear  0.000000000, sequence: 0
source 0 - assert 1763361042.000008383, sequence: 17003 - clear  0.000000000, sequence: 0
source 0 - assert 1763361043.000011182, sequence: 17004 - clear  0.000000000, sequence: 0
source 0 - assert 1763361044.000007116, sequence: 17005 - clear  0.000000000, sequence: 0
source 0 - assert 1763361045.000009035, sequence: 17006 - clear  0.000000000, sequence: 0
source 0 - assert 1763361046.000009934, sequence: 17007 - clear  0.000000000, sequence: 0
source 0 - assert 1763361047.000008749, sequence: 17008 - clear  0.000000000, sequence: 0
source 0 - assert 1763361048.000008075, sequence: 17009 - clear  0.000000000, sequence: 0
source 0 - assert 1763361049.000008793, sequence: 17010 - clear  0.000000000, sequence: 0
source 0 - assert 1763361050.000007350, sequence: 17011 - clear  0.000000000, sequence: 0
source 0 - assert 1763361051.000005168, sequence: 17012 - clear  0.000000000, sequence: 0
source 0 - assert 1763361052.000009246, sequence: 17013 - clear  0.000000000, sequence: 0
source 0 - assert 1763361053.000005595, sequence: 17014 - clear  0.000000000, sequence: 0
source 0 - assert 1763361054.000004708, sequence: 17015 - clear  0.000000000, sequence: 0
source 0 - assert 1763361055.000002216, sequence: 17016 - clear  0.000000000, sequence: 0
source 0 - assert 1763361056.000005558, sequence: 17017 - clear  0.000000000, sequence: 0
source 0 - assert 1763361057.000007808, sequence: 17018 - clear  0.000000000, sequence: 0
source 0 - assert 1763361058.000007683, sequence: 17019 - clear  0.000000000, sequence: 0
source 0 - assert 1763361059.000011799, sequence: 17020 - clear  0.000000000, sequence: 0
source 0 - assert 1763361060.000006048, sequence: 17021 - clear  0.000000000, sequence: 0
source 0 - assert 1763361061.000005013, sequence: 17022 - clear  0.000000000, sequence: 0
source 0 - assert 1763361062.000006647, sequence: 17023 - clear  0.000000000, sequence: 0
source 0 - assert 1763361063.000009828, sequence: 17024 - clear  0.000000000, sequence: 0
source 0 - assert 1763361064.000008531, sequence: 17025 - clear  0.000000000, sequence: 0
source 0 - assert 1763361065.000002734, sequence: 17026 - clear  0.000000000, sequence: 0
source 0 - assert 1763361066.000007290, sequence: 17027 - clear  0.000000000, sequence: 0
source 0 - assert 1763361067.000006907, sequence: 17028 - clear  0.000000000, sequence: 0
source 0 - assert 1763361068.000008929, sequence: 17029 - clear  0.000000000, sequence: 0
source 0 - assert 1763361069.000005302, sequence: 17030 - clear  0.000000000, sequence: 0
source 0 - assert 1763361070.000000803, sequence: 17031 - clear  0.000000000, sequence: 0
source 0 - assert 1763361071.000003843, sequence: 17032 - clear  0.000000000, sequence: 0
source 0 - assert 1763361072.000012183, sequence: 17033 - clear  0.000000000, sequence: 0
source 0 - assert 1763361073.000004809, sequence: 17034 - clear  0.000000000, sequence: 0
source 0 - assert 1763361074.000003092, sequence: 17035 - clear  0.000000000, sequence: 0
source 0 - assert 1763361075.000006564, sequence: 17036 - clear  0.000000000, sequence: 0
source 0 - assert 1763361076.000004020, sequence: 17037 - clear  0.000000000, sequence: 0
source 0 - assert 1763361077.000008771, sequence: 17038 - clear  0.000000000, sequence: 0
source 0 - assert 1763361078.000004781, sequence: 17039 - clear  0.000000000, sequence: 0
source 0 - assert 1763361079.000003315, sequence: 17040 - clear  0.000000000, sequence: 0
source 0 - assert 1763361080.000005028, sequence: 17041 - clear  0.000000000, sequence: 0
source 0 - assert 1763361081.000002737, sequence: 17042 - clear  0.000000000, sequence: 0
source 0 - assert 1763361082.000005400, sequence: 17043 - clear  0.000000000, sequence: 0
source 0 - assert 1763361083.000003313, sequence: 17044 - clear  0.000000000, sequence: 0
source 0 - assert 1763361084.000007605, sequence: 17045 - clear  0.000000000, sequence: 0
source 0 - assert 1763361085.000005607, sequence: 17046 - clear  0.000000000, sequence: 0
source 0 - assert 1763361086.000003894, sequence: 17047 - clear  0.000000000, sequence: 0
source 0 - assert 1763361087.000006976, sequence: 17048 - clear  0.000000000, sequence: 0
source 0 - assert 1763361088.000007361, sequence: 17049 - clear  0.000000000, sequence: 0
source 0 - assert 1763361089.000004576, sequence: 17050 - clear  0.000000000, sequence: 0
source 0 - assert 1763361090.000006537, sequence: 17051 - clear  0.000000000, sequence: 0
source 0 - assert 1763361091.000006616, sequence: 17052 - clear  0.000000000, sequence: 0
source 0 - assert 1763361092.000009148, sequence: 17053 - clear  0.000000000, sequence: 0
source 0 - assert 1763361093.000009130, sequence: 17054 - clear  0.000000000, sequence: 0
source 0 - assert 1763361094.000005831, sequence: 17055 - clear  0.000000000, sequence: 0
source 0 - assert 1763361095.000005841, sequence: 17056 - clear  0.000000000, sequence: 0
source 0 - assert 1763361096.000007686, sequence: 17057 - clear  0.000000000, sequence: 0
source 0 - assert 1763361097.000008765, sequence: 17058 - clear  0.000000000, sequence: 0
source 0 - assert 1763361098.000003063, sequence: 17059 - clear  0.000000000, sequence: 0
source 0 - assert 1763361099.000002359, sequence: 17060 - clear  0.000000000, sequence: 0
source 0 - assert 1763361100.000002926, sequence: 17061 - clear  0.000000000, sequence: 0
source 0 - assert 1763361101.000007879, sequence: 17062 - clear  0.000000000, sequence: 0
source 0 - assert 1763361102.000007629, sequence: 17063 - clear  0.000000000, sequence: 0
source 0 - assert 1763361103.000010384, sequence: 17064 - clear  0.000000000, sequence: 0
source 0 - assert 1763361104.000005815, sequence: 17065 - clear  0.000000000, sequence: 0
source 0 - assert 1763361105.000005321, sequence: 17066 - clear  0.000000000, sequence: 0
source 0 - assert 1763361106.000002492, sequence: 17067 - clear  0.000000000, sequence: 0
source 0 - assert 1763361107.000007038, sequence: 17068 - clear  0.000000000, sequence: 0
source 0 - assert 1763361108.000004570, sequence: 17069 - clear  0.000000000, sequence: 0
source 0 - assert 1763361109.000000516, sequence: 17070 - clear  0.000000000, sequence: 0
source 0 - assert 1763361110.000006793, sequence: 17071 - clear  0.000000000, sequence: 0
source 0 - assert 1763361111.000003708, sequence: 17072 - clear  0.000000000, sequence: 0
source 0 - assert 1763361112.000011099, sequence: 17073 - clear  0.000000000, sequence: 0
source 0 - assert 1763361113.000003437, sequence: 17074 - clear  0.000000000, sequence: 0
source 0 - assert 1763361114.000006603, sequence: 17075 - clear  0.000000000, sequence: 0
source 0 - assert 1763361115.000000427, sequence: 17076 - clear  0.000000000, sequence: 0
source 0 - assert 1763361116.000003467, sequence: 17077 - clear  0.000000000, sequence: 0
source 0 - assert 1763361117.000004400, sequence: 17078 - clear  0.000000000, sequence: 0
source 0 - assert 1763361118.000005032, sequence: 17079 - clear  0.000000000, sequence: 0
source 0 - assert 1763361119.000005356, sequence: 17080 - clear  0.000000000, sequence: 0
source 0 - assert 1763361120.000003100, sequence: 17081 - clear  0.000000000, sequence: 0
source 0 - assert 1763361121.000010800, sequence: 17082 - clear  0.000000000, sequence: 0
source 0 - assert 1763361122.000005330, sequence: 17083 - clear  0.000000000, sequence: 0
source 0 - assert 1763361123.000003881, sequence: 17084 - clear  0.000000000, sequence: 0
source 0 - assert 1763361124.000007640, sequence: 17085 - clear  0.000000000, sequence: 0
source 0 - assert 1763361125.000005954, sequence: 17086 - clear  0.000000000, sequence: 0
source 0 - assert 1763361126.000002153, sequence: 17087 - clear  0.000000000, sequence: 0
source 0 - assert 1763361127.000011840, sequence: 17088 - clear  0.000000000, sequence: 0
source 0 - assert 1763361128.000003771, sequence: 17089 - clear  0.000000000, sequence: 0
source 0 - assert 1763361129.000007650, sequence: 17090 - clear  0.000000000, sequence: 0
source 0 - assert 1763361130.000001687, sequence: 17091 - clear  0.000000000, sequence: 0
source 0 - assert 1763361131.000006855, sequence: 17092 - clear  0.000000000, sequence: 0
source 0 - assert 1763361132.000008729, sequence: 17093 - clear  0.000000000, sequence: 0
source 0 - assert 1763361133.000009268, sequence: 17094 - clear  0.000000000, sequence: 0
source 0 - assert 1763361134.000004634, sequence: 17095 - clear  0.000000000, sequence: 0
source 0 - assert 1763361135.000003363, sequence: 17096 - clear  0.000000000, sequence: 0
source 0 - assert 1763361136.000005444, sequence: 17097 - clear  0.000000000, sequence: 0
source 0 - assert 1763361137.000009189, sequence: 17098 - clear  0.000000000, sequence: 0
source 0 - assert 1763361138.000008062, sequence: 17099 - clear  0.000000000, sequence: 0
source 0 - assert 1763361139.000008347, sequence: 17100 - clear  0.000000000, sequence: 0
source 0 - assert 1763361140.000004523, sequence: 17101 - clear  0.000000000, sequence: 0
source 0 - assert 1763361141.000007946, sequence: 17102 - clear  0.000000000, sequence: 0
source 0 - assert 1763361142.000007185, sequence: 17103 - clear  0.000000000, sequence: 0
source 0 - assert 1763361143.000007728, sequence: 17104 - clear  0.000000000, sequence: 0
source 0 - assert 1763361144.000006981, sequence: 17105 - clear  0.000000000, sequence: 0
source 0 - assert 1763361145.000005362, sequence: 17106 - clear  0.000000000, sequence: 0
source 0 - assert 1763361146.000006052, sequence: 17107 - clear  0.000000000, sequence: 0
source 0 - assert 1763361147.000008051, sequence: 17108 - clear  0.000000000, sequence: 0
source 0 - assert 1763361148.000009762, sequence: 17109 - clear  0.000000000, sequence: 0
source 0 - assert 1763361149.000009014, sequence: 17110 - clear  0.000000000, sequence: 0
source 0 - assert 1763361150.000002887, sequence: 17111 - clear  0.000000000, sequence: 0
source 0 - assert 1763361151.000006306, sequence: 17112 - clear  0.000000000, sequence: 0
source 0 - assert 1763361152.000011863, sequence: 17113 - clear  0.000000000, sequence: 0
source 0 - assert 1763361153.000008196, sequence: 17114 - clear  0.000000000, sequence: 0
source 0 - assert 1763361154.000009407, sequence: 17115 - clear  0.000000000, sequence: 0
source 0 - assert 1763361155.000000198, sequence: 17116 - clear  0.000000000, sequence: 0
source 0 - assert 1763361156.000007012, sequence: 17117 - clear  0.000000000, sequence: 0
source 0 - assert 1763361157.000007248, sequence: 17118 - clear  0.000000000, sequence: 0
source 0 - assert 1763361158.000009254, sequence: 17119 - clear  0.000000000, sequence: 0
source 0 - assert 1763361159.000003263, sequence: 17120 - clear  0.000000000, sequence: 0
source 0 - assert 1763361160.000005350, sequence: 17121 - clear  0.000000000, sequence: 0
source 0 - assert 1763361161.000003172, sequence: 17122 - clear  0.000000000, sequence: 0
source 0 - assert 1763361162.000006924, sequence: 17123 - clear  0.000000000, sequence: 0
source 0 - assert 1763361163.000008853, sequence: 17124 - clear  0.000000000, sequence: 0
source 0 - assert 1763361164.000006591, sequence: 17125 - clear  0.000000000, sequence: 0
source 0 - assert 1763361165.000001381, sequence: 17126 - clear  0.000000000, sequence: 0
source 0 - assert 1763361166.000003191, sequence: 17127 - clear  0.000000000, sequence: 0
source 0 - assert 1763361167.000010652, sequence: 17128 - clear  0.000000000, sequence: 0
source 0 - assert 1763361168.000003235, sequence: 17129 - clear  0.000000000, sequence: 0
source 0 - assert 1763361169.000006191, sequence: 17130 - clear  0.000000000, sequence: 0
source 0 - assert 1763361170.000004275, sequence: 17131 - clear  0.000000000, sequence: 0
source 0 - assert 1763361171.000006785, sequence: 17132 - clear  0.000000000, sequence: 0
source 0 - assert 1763361172.000009179, sequence: 17133 - clear  0.000000000, sequence: 0
source 0 - assert 1763361173.000003740, sequence: 17134 - clear  0.000000000, sequence: 0
source 0 - assert 1763361174.000007498, sequence: 17135 - clear  0.000000000, sequence: 0
source 0 - assert 1763361175.000005678, sequence: 17136 - clear  0.000000000, sequence: 0
source 0 - assert 1763361176.000005023, sequence: 17137 - clear  0.000000000, sequence: 0
source 0 - assert 1763361177.000007525, sequence: 17138 - clear  0.000000000, sequence: 0
source 0 - assert 1763361178.000007494, sequence: 17139 - clear  0.000000000, sequence: 0
source 0 - assert 1763361179.000004952, sequence: 17140 - clear  0.000000000, sequence: 0
source 0 - assert 1763361180.000002029, sequence: 17141 - clear  0.000000000, sequence: 0
source 0 - assert 1763361181.000004405, sequence: 17142 - clear  0.000000000, sequence: 0
source 0 - assert 1763361182.000010309, sequence: 17143 - clear  0.000000000, sequence: 0
source 0 - assert 1763361183.000008262, sequence: 17144 - clear  0.000000000, sequence: 0
source 0 - assert 1763361184.000005362, sequence: 17145 - clear  0.000000000, sequence: 0
source 0 - assert 1763361185.000009112, sequence: 17146 - clear  0.000000000, sequence: 0
source 0 - assert 1763361186.000004607, sequence: 17147 - clear  0.000000000, sequence: 0
source 0 - assert 1763361187.000009534, sequence: 17148 - clear  0.000000000, sequence: 0
source 0 - assert 1763361188.000007242, sequence: 17149 - clear  0.000000000, sequence: 0
source 0 - assert 1763361189.000006902, sequence: 17150 - clear  0.000000000, sequence: 0
source 0 - assert 1763361190.000005516, sequence: 17151 - clear  0.000000000, sequence: 0
source 0 - assert 1763361191.000002839, sequence: 17152 - clear  0.000000000, sequence: 0
source 0 - assert 1763361192.000007300, sequence: 17153 - clear  0.000000000, sequence: 0
source 0 - assert 1763361193.000011800, sequence: 17154 - clear  0.000000000, sequence: 0
source 0 - assert 1763361194.000007890, sequence: 17155 - clear  0.000000000, sequence: 0
source 0 - assert 1763361195.000000442, sequence: 17156 - clear  0.000000000, sequence: 0
source 0 - assert 1763361196.000005037, sequence: 17157 - clear  0.000000000, sequence: 0
source 0 - assert 1763361197.000004907, sequence: 17158 - clear  0.000000000, sequence: 0
source 0 - assert 1763361198.000003599, sequence: 17159 - clear  0.000000000, sequence: 0
source 0 - assert 1763361199.000005633, sequence: 17160 - clear  0.000000000, sequence: 0
source 0 - assert 1763361200.000006677, sequence: 17161 - clear  0.000000000, sequence: 0
source 0 - assert 1763361201.000007387, sequence: 17162 - clear  0.000000000, sequence: 0
source 0 - assert 1763361202.000009178, sequence: 17163 - clear  0.000000000, sequence: 0
source 0 - assert 1763361203.000000639, sequence: 17164 - clear  0.000000000, sequence: 0
source 0 - assert 1763361204.000002265, sequence: 17165 - clear  0.000000000, sequence: 0
source 0 - assert 1763361205.000002929, sequence: 17166 - clear  0.000000000, sequence: 0
source 0 - assert 1763361206.000003643, sequence: 17167 - clear  0.000000000, sequence: 0
source 0 - assert 1763361207.000007397, sequence: 17168 - clear  0.000000000, sequence: 0
source 0 - assert 1763361208.000003313, sequence: 17169 - clear  0.000000000, sequence: 0
source 0 - assert 1763361209.000004840, sequence: 17170 - clear  0.000000000, sequence: 0
source 0 - assert 1763361210.000006130, sequence: 17171 - clear  0.000000000, sequence: 0
source 0 - assert 1763361211.000007510, sequence: 17172 - clear  0.000000000, sequence: 0
source 0 - assert 1763361212.000005438, sequence: 17173 - clear  0.000000000, sequence: 0
source 0 - assert 1763361213.000004193, sequence: 17174 - clear  0.000000000, sequence: 0
source 0 - assert 1763361214.000008567, sequence: 17175 - clear  0.000000000, sequence: 0
source 0 - assert 1763361215.000003574, sequence: 17176 - clear  0.000000000, sequence: 0
source 0 - assert 1763361216.000006867, sequence: 17177 - clear  0.000000000, sequence: 0
source 0 - assert 1763361217.000004865, sequence: 17178 - clear  0.000000000, sequence: 0
source 0 - assert 1763361218.000008481, sequence: 17179 - clear  0.000000000, sequence: 0
source 0 - assert 1763361219.000008841, sequence: 17180 - clear  0.000000000, sequence: 0
source 0 - assert 1763361220.000005255, sequence: 17181 - clear  0.000000000, sequence: 0
source 0 - assert 1763361221.000006194, sequence: 17182 - clear  0.000000000, sequence: 0
source 0 - assert 1763361222.000005488, sequence: 17183 - clear  0.000000000, sequence: 0
source 0 - assert 1763361223.000003847, sequence: 17184 - clear  0.000000000, sequence: 0
source 0 - assert 1763361224.000009088, sequence: 17185 - clear  0.000000000, sequence: 0
source 0 - assert 1763361225.000005407, sequence: 17186 - clear  0.000000000, sequence: 0
source 0 - assert 1763361226.000008240, sequence: 17187 - clear  0.000000000, sequence: 0
source 0 - assert 1763361227.000007291, sequence: 17188 - clear  0.000000000, sequence: 0
source 0 - assert 1763361228.000009143, sequence: 17189 - clear  0.000000000, sequence: 0
source 0 - assert 1763361229.000004871, sequence: 17190 - clear  0.000000000, sequence: 0
source 0 - assert 1763361230.000004073, sequence: 17191 - clear  0.000000000, sequence: 0
source 0 - assert 1763361231.000000512, sequence: 17192 - clear  0.000000000, sequence: 0
source 0 - assert 1763361232.000007341, sequence: 17193 - clear  0.000000000, sequence: 0
source 0 - assert 1763361233.000008567, sequence: 17194 - clear  0.000000000, sequence: 0
source 0 - assert 1763361234.000005325, sequence: 17195 - clear  0.000000000, sequence: 0
source 0 - assert 1763361235.000006146, sequence: 17196 - clear  0.000000000, sequence: 0
source 0 - assert 1763361236.000006598, sequence: 17197 - clear  0.000000000, sequence: 0
source 0 - assert 1763361237.000010888, sequence: 17198 - clear  0.000000000, sequence: 0
source 0 - assert 1763361238.000005884, sequence: 17199 - clear  0.000000000, sequence: 0
source 0 - assert 1763361239.000006138, sequence: 17200 - clear  0.000000000, sequence: 0
source 0 - assert 1763361240.000006296, sequence: 17201 - clear  0.000000000, sequence: 0
source 0 - assert 1763361241.000001416, sequence: 17202 - clear  0.000000000, sequence: 0
source 0 - assert 1763361242.000007853, sequence: 17203 - clear  0.000000000, sequence: 0
source 0 - assert 1763361243.000004657, sequence: 17204 - clear  0.000000000, sequence: 0
source 0 - assert 1763361244.000002239, sequence: 17205 - clear  0.000000000, sequence: 0
source 0 - assert 1763361245.000008049, sequence: 17206 - clear  0.000000000, sequence: 0
source 0 - assert 1763361246.000008491, sequence: 17207 - clear  0.000000000, sequence: 0
source 0 - assert 1763361247.000009466, sequence: 17208 - clear  0.000000000, sequence: 0
source 0 - assert 1763361248.000006195, sequence: 17209 - clear  0.000000000, sequence: 0
source 0 - assert 1763361249.000004743, sequence: 17210 - clear  0.000000000, sequence: 0
source 0 - assert 1763361250.000008305, sequence: 17211 - clear  0.000000000, sequence: 0
source 0 - assert 1763361251.000003219, sequence: 17212 - clear  0.000000000, sequence: 0
source 0 - assert 1763361252.000005186, sequence: 17213 - clear  0.000000000, sequence: 0
source 0 - assert 1763361253.000009432, sequence: 17214 - clear  0.000000000, sequence: 0
source 0 - assert 1763361254.000010436, sequence: 17215 - clear  0.000000000, sequence: 0
source 0 - assert 1763361255.000000675, sequence: 17216 - clear  0.000000000, sequence: 0
source 0 - assert 1763361256.000006711, sequence: 17217 - clear  0.000000000, sequence: 0
source 0 - assert 1763361257.000007969, sequence: 17218 - clear  0.000000000, sequence: 0
source 0 - assert 1763361258.000007517, sequence: 17219 - clear  0.000000000, sequence: 0
source 0 - assert 1763361259.000006194, sequence: 17220 - clear  0.000000000, sequence: 0
source 0 - assert 1763361260.000007941, sequence: 17221 - clear  0.000000000, sequence: 0
source 0 - assert 1763361261.000010279, sequence: 17222 - clear  0.000000000, sequence: 0
source 0 - assert 1763361262.000005972, sequence: 17223 - clear  0.000000000, sequence: 0
source 0 - assert 1763361263.000006053, sequence: 17224 - clear  0.000000000, sequence: 0
source 0 - assert 1763361264.000006354, sequence: 17225 - clear  0.000000000, sequence: 0
source 0 - assert 1763361265.000006321, sequence: 17226 - clear  0.000000000, sequence: 0
source 0 - assert 1763361266.000007993, sequence: 17227 - clear  0.000000000, sequence: 0
source 0 - assert 1763361267.000008739, sequence: 17228 - clear  0.000000000, sequence: 0
source 0 - assert 1763361268.000007274, sequence: 17229 - clear  0.000000000, sequence: 0
source 0 - assert 1763361268.999999982, sequence: 17230 - clear  0.000000000, sequence: 0
source 0 - assert 1763361270.000005986, sequence: 17231 - clear  0.000000000, sequence: 0
source 0 - assert 1763361271.000007444, sequence: 17232 - clear  0.000000000, sequence: 0
source 0 - assert 1763361272.000008108, sequence: 17233 - clear  0.000000000, sequence: 0
source 0 - assert 1763361273.000008539, sequence: 17234 - clear  0.000000000, sequence: 0
source 0 - assert 1763361274.000001496, sequence: 17235 - clear  0.000000000, sequence: 0
source 0 - assert 1763361275.000004523, sequence: 17236 - clear  0.000000000, sequence: 0
source 0 - assert 1763361276.000009464, sequence: 17237 - clear  0.000000000, sequence: 0
source 0 - assert 1763361277.000007610, sequence: 17238 - clear  0.000000000, sequence: 0
Terminated
