trying PPS source "/dev/pps0"
found PPS source "/dev/pps0"
ok, found 1 source(s), now start fetching data...
source 0 - assert 1763354108.000008914, sequence: 10069 - clear  0.000000000, sequence: 0
source 0 - assert 1763354109.000007560, sequence: 10070 - clear  0.000000000, sequence: 0
source 0 - assert 1763354110.000002469, sequence: 10071 - clear  0.000000000, sequence: 0
source 0 - assert 1763354111.000005068, sequence: 10072 - clear  0.000000000, sequence: 0
source 0 - assert 1763354112.000005851, sequence: 10073 - clear  0.000000000, sequence: 0
source 0 - assert 1763354113.000006283, sequence: 10074 - clear  0.000000000, sequence: 0
source 0 - assert 1763354114.000008273, sequence: 10075 - clear  0.000000000, sequence: 0
source 0 - assert 1763354115.000011116, sequence: 10076 - clear  0.000000000, sequence: 0
source 0 - assert 1763354116.000011642, sequence: 10077 - clear  0.000000000, sequence: 0
source 0 - assert 1763354117.000003526, sequence: 10078 - clear  0.000000000, sequence: 0
source 0 - assert 1763354118.000008156, sequence: 10079 - clear  0.000000000, sequence: 0
source 0 - assert 1763354119.000006616, sequence: 10080 - clear  0.000000000, sequence: 0
source 0 - assert 1763354120.000004524, sequence: 10081 - clear  0.000000000, sequence: 0
source 0 - assert 1763354121.000006713, sequence: 10082 - clear  0.000000000, sequence: 0
source 0 - assert 1763354122.000002413, sequence: 10083 - clear  0.000000000, sequence: 0
source 0 - assert 1763354123.000005385, sequence: 10084 - clear  0.000000000, sequence: 0
source 0 - assert 1763354124.000010724, sequence: 10085 - clear  0.000000000, sequence: 0
source 0 - assert 1763354125.000005474, sequence: 10086 - clear  0.000000000, sequence: 0
source 0 - assert 1763354126.000009551, sequence: 10087 - clear  0.000000000, sequence: 0
source 0 - assert 1763354127.000006353, sequence: 10088 - clear  0.000000000, sequence: 0
source 0 - assert 1763354128.000009891, sequence: 10089 - clear  0.000000000, sequence: 0
source 0 - assert 1763354129.000007099, sequence: 10090 - clear  0.000000000, sequence: 0
source 0 - assert 1763354130.000006638, sequence: 10091 - clear  0.000000000, sequence: 0
source 0 - assert 1763354131.000006182, sequence: 10092 - clear  0.000000000, sequence: 0
source 0 - assert 1763354132.000008277, sequence: 10093 - clear  0.000000000, sequence: 0
source 0 - assert 1763354133.000007638, sequence: 10094 - clear  0.000000000, sequence: 0
source 0 - assert 1763354134.000010382, sequence: 10095 - clear  0.000000000, sequence: 0
source 0 - assert 1763354135.000005715, sequence: 10096 - clear  0.000000000, sequence: 0
source 0 - assert 1763354136.000006849, sequence: 10097 - clear  0.000000000, sequence: 0
source 0 - assert 1763354137.000000599, sequence: 10098 - clear  0.000000000, sequence: 0
source 0 - assert 1763354138.000006852, sequence: 10099 - clear  0.000000000, sequence: 0
source 0 - assert 1763354139.000012012, sequence: 10100 - clear  0.000000000, sequence: 0
source 0 - assert 1763354140.000005263, sequence: 10101 - clear  0.000000000, sequence: 0
source 0 - assert 1763354141.000003512, sequence: 10102 - clear  0.000000000, sequence: 0
source 0 - assert 1763354142.000006083, sequence: 10103 - clear  0.000000000, sequence: 0
source 0 - assert 1763354143.000005728, sequence: 10104 - clear  0.000000000, sequence: 0
source 0 - assert 1763354144.000008451, sequence: 10105 - clear  0.000000000, sequence: 0
source 0 - assert 1763354145.000008348, sequence: 10106 - clear  0.000000000, sequence: 0
source 0 - assert 1763354146.000006555, sequence: 10107 - clear  0.000000000, sequence: 0
source 0 - assert 1763354147.000005565, sequence: 10108 - clear  0.000000000, sequence: 0
source 0 - assert 1763354148.000004226, sequence: 10109 - clear  0.000000000, sequence: 0
source 0 - assert 1763354149.000007608, sequence: 10110 - clear  0.000000000, sequence: 0
source 0 - assert 1763354150.000006514, sequence: 10111 - clear  0.000000000, sequence: 0
source 0 - assert 1763354151.000008904, sequence: 10112 - clear  0.000000000, sequence: 0
source 0 - assert 1763354152.000007195, sequence: 10113 - clear  0.000000000, sequence: 0
source 0 - assert 1763354153.000006024, sequence: 10114 - clear  0.000000000, sequence: 0
source 0 - assert 1763354154.000008189, sequence: 10115 - clear  0.000000000, sequence: 0
source 0 - assert 1763354155.000002675, sequence: 10116 - clear  0.000000000, sequence: 0
source 0 - assert 1763354156.000004341, sequence: 10117 - clear  0.000000000, sequence: 0
source 0 - assert 1763354157.000008592, sequence: 10118 - clear  0.000000000, sequence: 0
source 0 - assert 1763354158.000011342, sequence: 10119 - clear  0.000000000, sequence: 0
source 0 - assert 1763354159.000008258, sequence: 10120 - clear  0.000000000, sequence: 0
source 0 - assert 1763354160.000007886, sequence: 10121 - clear  0.000000000, sequence: 0
source 0 - assert 1763354161.000007007, sequence: 10122 - clear  0.000000000, sequence: 0
source 0 - assert 1763354162.000008892, sequence: 10123 - clear  0.000000000, sequence: 0
source 0 - assert 1763354163.000002109, sequence: 10124 - clear  0.000000000, sequence: 0
source 0 - assert 1763354164.000007073, sequence: 10125 - clear  0.000000000, sequence: 0
source 0 - assert 1763354165.000005636, sequence: 10126 - clear  0.000000000, sequence: 0
source 0 - assert 1763354166.000003621, sequence: 10127 - clear  0.000000000, sequence: 0
source 0 - assert 1763354167.000004957, sequence: 10128 - clear  0.000000000, sequence: 0
source 0 - assert 1763354168.000006235, sequence: 10129 - clear  0.000000000, sequence: 0
source 0 - assert 1763354169.000008539, sequence: 10130 - clear  0.000000000, sequence: 0
source 0 - assert 1763354170.000005346, sequence: 10131 - clear  0.000000000, sequence: 0
source 0 - assert 1763354171.000007362, sequence: 10132 - clear  0.000000000, sequence: 0
source 0 - assert 1763354172.000005529, sequence: 10133 - clear  0.000000000, sequence: 0
source 0 - assert 1763354173.000001399, sequence: 10134 - clear  0.000000000, sequence: 0
source 0 - assert 1763354174.000008274, sequence: 10135 - clear  0.000000000, sequence: 0
source 0 - assert 1763354175.000009914, sequence: 10136 - clear  0.000000000, sequence: 0
source 0 - assert 1763354176.000007042, sequence: 10137 - clear  0.000000000, sequence: 0
source 0 - assert 1763354177.000007464, sequence: 10138 - clear  0.000000000, sequence: 0
source 0 - assert 1763354178.000006202, sequence: 10139 - clear  0.000000000, sequence: 0
source 0 - assert 1763354179.000010699, sequence: 10140 - clear  0.000000000, sequence: 0
source 0 - assert 1763354180.000004181, sequence: 10141 - clear  0.000000000, sequence: 0
source 0 - assert 1763354181.000004804, sequence: 10142 - clear  0.000000000, sequence: 0
source 0 - assert 1763354182.000002927, sequence: 10143 - clear  0.000000000, sequence: 0
source 0 - assert 1763354183.000007908, sequence: 10144 - clear  0.000000000, sequence: 0
source 0 - assert 1763354184.000007091, sequence: 10145 - clear  0.000000000, sequence: 0
source 0 - assert 1763354185.000004652, sequence: 10146 - clear  0.000000000, sequence: 0
source 0 - assert 1763354186.000001951, sequence: 10147 - clear  0.000000000, sequence: 0
source 0 - assert 1763354187.000005392, sequence: 10148 - clear  0.000000000, sequence: 0
source 0 - assert 1763354188.000000173, sequence: 10149 - clear  0.000000000, sequence: 0
source 0 - assert 1763354189.000005881, sequence: 10150 - clear  0.000000000, sequence: 0
source 0 - assert 1763354190.000005094, sequence: 10151 - clear  0.000000000, sequence: 0
source 0 - assert 1763354191.000004103, sequence: 10152 - clear  0.000000000, sequence: 0
source 0 - assert 1763354192.000004700, sequence: 10153 - clear  0.000000000, sequence: 0
source 0 - assert 1763354193.000007456, sequence: 10154 - clear  0.000000000, sequence: 0
source 0 - assert 1763354194.000007377, sequence: 10155 - clear  0.000000000, sequence: 0
source 0 - assert 1763354195.000006636, sequence: 10156 - clear  0.000000000, sequence: 0
source 0 - assert 1763354196.000005813, sequence: 10157 - clear  0.000000000, sequence: 0
source 0 - assert 1763354197.000004643, sequence: 10158 - clear  0.000000000, sequence: 0
source 0 - assert 1763354198.000005685, sequence: 10159 - clear  0.000000000, sequence: 0
source 0 - assert 1763354199.000006547, sequence: 10160 - clear  0.000000000, sequence: 0
source 0 - assert 1763354200.000005114, sequence: 10161 - clear  0.000000000, sequence: 0
source 0 - assert 1763354201.000003812, sequence: 10162 - clear  0.000000000, sequence: 0
source 0 - assert 1763354202.000006031, sequence: 10163 - clear  0.000000000, sequence: 0
source 0 - assert 1763354203.000006809, sequence: 10164 - clear  0.000000000, sequence: 0
source 0 - assert 1763354204.000006233, sequence: 10165 - clear  0.000000000, sequence: 0
source 0 - assert 1763354205.000008823, sequence: 10166 - clear  0.000000000, sequence: 0
source 0 - assert 1763354206.000007525, sequence: 10167 - clear  0.000000000, sequence: 0
source 0 - assert 1763354207.000008052, sequence: 10168 - clear  0.000000000, sequence: 0
source 0 - assert 1763354208.000007182, sequence: 10169 - clear  0.000000000, sequence: 0
source 0 - assert 1763354209.000006663, sequence: 10170 - clear  0.000000000, sequence: 0
source 0 - assert 1763354210.000006644, sequence: 10171 - clear  0.000000000, sequence: 0
source 0 - assert 1763354211.000008417, sequence: 10172 - clear  0.000000000, sequence: 0
source 0 - assert 1763354212.000009794, sequence: 10173 - clear  0.000000000, sequence: 0
source 0 - assert 1763354213.000009004, sequence: 10174 - clear  0.000000000, sequence: 0
source 0 - assert 1763354214.000006264, sequence: 10175 - clear  0.000000000, sequence: 0
source 0 - assert 1763354215.000006296, sequence: 10176 - clear  0.000000000, sequence: 0
source 0 - assert 1763354216.000007475, sequence: 10177 - clear  0.000000000, sequence: 0
source 0 - assert 1763354217.000008187, sequence: 10178 - clear  0.000000000, sequence: 0
source 0 - assert 1763354218.000006448, sequence: 10179 - clear  0.000000000, sequence: 0
source 0 - assert 1763354219.000007821, sequence: 10180 - clear  0.000000000, sequence: 0
source 0 - assert 1763354220.000002092, sequence: 10181 - clear  0.000000000, sequence: 0
source 0 - assert 1763354221.000007733, sequence: 10182 - clear  0.000000000, sequence: 0
source 0 - assert 1763354222.000007567, sequence: 10183 - clear  0.000000000, sequence: 0
source 0 - assert 1763354223.000006641, sequence: 10184 - clear  0.000000000, sequence: 0
source 0 - assert 1763354224.000007637, sequence: 10185 - clear  0.000000000, sequence: 0
source 0 - assert 1763354225.000005308, sequence: 10186 - clear  0.000000000, sequence: 0
source 0 - assert 1763354226.000004606, sequence: 10187 - clear  0.000000000, sequence: 0
source 0 - assert 1763354227.000002134, sequence: 10188 - clear  0.000000000, sequence: 0
source 0 - assert 1763354228.000008937, sequence: 10189 - clear  0.000000000, sequence: 0
source 0 - assert 1763354229.000007791, sequence: 10190 - clear  0.000000000, sequence: 0
source 0 - assert 1763354230.000004294, sequence: 10191 - clear  0.000000000, sequence: 0
source 0 - assert 1763354231.000005427, sequence: 10192 - clear  0.000000000, sequence: 0
source 0 - assert 1763354232.000004211, sequence: 10193 - clear  0.000000000, sequence: 0
source 0 - assert 1763354233.000007152, sequence: 10194 - clear  0.000000000, sequence: 0
source 0 - assert 1763354234.000005722, sequence: 10195 - clear  0.000000000, sequence: 0
source 0 - assert 1763354235.000004495, sequence: 10196 - clear  0.000000000, sequence: 0
source 0 - assert 1763354236.000010946, sequence: 10197 - clear  0.000000000, sequence: 0
source 0 - assert 1763354237.000005441, sequence: 10198 - clear  0.000000000, sequence: 0
source 0 - assert 1763354238.000009277, sequence: 10199 - clear  0.000000000, sequence: 0
source 0 - assert 1763354239.000005424, sequence: 10200 - clear  0.000000000, sequence: 0
source 0 - assert 1763354240.000005281, sequence: 10201 - clear  0.000000000, sequence: 0
source 0 - assert 1763354241.000007086, sequence: 10202 - clear  0.000000000, sequence: 0
source 0 - assert 1763354242.000000757, sequence: 10203 - clear  0.000000000, sequence: 0
source 0 - assert 1763354243.000008849, sequence: 10204 - clear  0.000000000, sequence: 0
source 0 - assert 1763354244.000011519, sequence: 10205 - clear  0.000000000, sequence: 0
source 0 - assert 1763354245.000005072, sequence: 10206 - clear  0.000000000, sequence: 0
source 0 - assert 1763354246.000002615, sequence: 10207 - clear  0.000000000, sequence: 0
source 0 - assert 1763354247.000005109, sequence: 10208 - clear  0.000000000, sequence: 0
source 0 - assert 1763354248.000004810, sequence: 10209 - clear  0.000000000, sequence: 0
source 0 - assert 1763354249.000007323, sequence: 10210 - clear  0.000000000, sequence: 0
source 0 - assert 1763354250.000007706, sequence: 10211 - clear  0.000000000, sequence: 0
source 0 - assert 1763354251.000002530, sequence: 10212 - clear  0.000000000, sequence: 0
source 0 - assert 1763354252.000005163, sequence: 10213 - clear  0.000000000, sequence: 0
source 0 - assert 1763354253.000006740, sequence: 10214 - clear  0.000000000, sequence: 0
source 0 - assert 1763354254.000009649, sequence: 10215 - clear  0.000000000, sequence: 0
source 0 - assert 1763354255.000005493, sequence: 10216 - clear  0.000000000, sequence: 0
source 0 - assert 1763354256.000005724, sequence: 10217 - clear  0.000000000, sequence: 0
source 0 - assert 1763354257.000002547, sequence: 10218 - clear  0.000000000, sequence: 0
source 0 - assert 1763354258.000003299, sequence: 10219 - clear  0.000000000, sequence: 0
source 0 - assert 1763354259.000012762, sequence: 10220 - clear  0.000000000, sequence: 0
source 0 - assert 1763354260.000006841, sequence: 10221 - clear  0.000000000, sequence: 0
source 0 - assert 1763354261.000006262, sequence: 10222 - clear  0.000000000, sequence: 0
source 0 - assert 1763354262.000007601, sequence: 10223 - clear  0.000000000, sequence: 0
source 0 - assert 1763354263.000002320, sequence: 10224 - clear  0.000000000, sequence: 0
source 0 - assert 1763354264.000009810, sequence: 10225 - clear  0.000000000, sequence: 0
source 0 - assert 1763354265.000004897, sequence: 10226 - clear  0.000000000, sequence: 0
source 0 - assert 1763354266.000009027, sequence: 10227 - clear  0.000000000, sequence: 0
source 0 - assert 1763354267.000007575, sequence: 10228 - clear  0.000000000, sequence: 0
source 0 - assert 1763354268.000004865, sequence: 10229 - clear  0.000000000, sequence: 0
source 0 - assert 1763354269.000008524, sequence: 10230 - clear  0.000000000, sequence: 0
source 0 - assert 1763354270.000009947, sequence: 10231 - clear  0.000000000, sequence: 0
source 0 - assert 1763354271.000005575, sequence: 10232 - clear  0.000000000, sequence: 0
source 0 - assert 1763354272.000008605, sequence: 10233 - clear  0.000000000, sequence: 0
source 0 - assert 1763354273.000007355, sequence: 10234 - clear  0.000000000, sequence: 0
source 0 - assert 1763354274.000005828, sequence: 10235 - clear  0.000000000, sequence: 0
source 0 - assert 1763354275.000005577, sequence: 10236 - clear  0.000000000, sequence: 0
source 0 - assert 1763354276.000006193, sequence: 10237 - clear  0.000000000, sequence: 0
source 0 - assert 1763354277.000007937, sequence: 10238 - clear  0.000000000, sequence: 0
source 0 - assert 1763354278.000009179, sequence: 10239 - clear  0.000000000, sequence: 0
source 0 - assert 1763354279.000012080, sequence: 10240 - clear  0.000000000, sequence: 0
source 0 - assert 1763354280.000005085, sequence: 10241 - clear  0.000000000, sequence: 0
source 0 - assert 1763354281.000005467, sequence: 10242 - clear  0.000000000, sequence: 0
source 0 - assert 1763354282.000005176, sequence: 10243 - clear  0.000000000, sequence: 0
source 0 - assert 1763354283.000004606, sequence: 10244 - clear  0.000000000, sequence: 0
source 0 - assert 1763354284.000008439, sequence: 10245 - clear  0.000000000, sequence: 0
source 0 - assert 1763354285.000007015, sequence: 10246 - clear  0.000000000, sequence: 0
source 0 - assert 1763354286.000001605, sequence: 10247 - clear  0.000000000, sequence: 0
source 0 - assert 1763354287.000004149, sequence: 10248 - clear  0.000000000, sequence: 0
source 0 - assert 1763354288.000003974, sequence: 10249 - clear  0.000000000, sequence: 0
source 0 - assert 1763354289.000006445, sequence: 10250 - clear  0.000000000, sequence: 0
source 0 - assert 1763354290.000001164, sequence: 10251 - clear  0.000000000, sequence: 0
source 0 - assert 1763354291.000008056, sequence: 10252 - clear  0.000000000, sequence: 0
source 0 - assert 1763354292.000004015, sequence: 10253 - clear  0.000000000, sequence: 0
source 0 - assert 1763354293.000004505, sequence: 10254 - clear  0.000000000, sequence: 0
source 0 - assert 1763354294.000006717, sequence: 10255 - clear  0.000000000, sequence: 0
source 0 - assert 1763354295.000006017, sequence: 10256 - clear  0.000000000, sequence: 0
source 0 - assert 1763354296.000009763, sequence: 10257 - clear  0.000000000, sequence: 0
source 0 - assert 1763354297.000007260, sequence: 10258 - clear  0.000000000, sequence: 0
source 0 - assert 1763354298.000006218, sequence: 10259 - clear  0.000000000, sequence: 0
source 0 - assert 1763354299.000007991, sequence: 10260 - clear  0.000000000, sequence: 0
source 0 - assert 1763354300.000007149, sequence: 10261 - clear  0.000000000, sequence: 0
source 0 - assert 1763354301.000006418, sequence: 10262 - clear  0.000000000, sequence: 0
source 0 - assert 1763354302.000005838, sequence: 10263 - clear  0.000000000, sequence: 0
source 0 - assert 1763354303.000009729, sequence: 10264 - clear  0.000000000, sequence: 0
source 0 - assert 1763354304.000006443, sequence: 10265 - clear  0.000000000, sequence: 0
source 0 - assert 1763354305.000004234, sequence: 10266 - clear  0.000000000, sequence: 0
source 0 - assert 1763354306.000006676, sequence: 10267 - clear  0.000000000, sequence: 0
source 0 - assert 1763354307.000005714, sequence: 10268 - clear  0.000000000, sequence: 0
source 0 - assert 1763354308.000002011, sequence: 10269 - clear  0.000000000, sequence: 0
source 0 - assert 1763354309.000008366, sequence: 10270 - clear  0.000000000, sequence: 0
source 0 - assert 1763354310.000006030, sequence: 10271 - clear  0.000000000, sequence: 0
source 0 - assert 1763354311.000010300, sequence: 10272 - clear  0.000000000, sequence: 0
source 0 - assert 1763354312.000006101, sequence: 10273 - clear  0.000000000, sequence: 0
source 0 - assert 1763354313.000010512, sequence: 10274 - clear  0.000000000, sequence: 0
source 0 - assert 1763354314.000006870, sequence: 10275 - clear  0.000000000, sequence: 0
source 0 - assert 1763354315.000006314, sequence: 10276 - clear  0.000000000, sequence: 0
source 0 - assert 1763354316.000006762, sequence: 10277 - clear  0.000000000, sequence: 0
source 0 - assert 1763354317.000004650, sequence: 10278 - clear  0.000000000, sequence: 0
source 0 - assert 1763354318.000008233, sequence: 10279 - clear  0.000000000, sequence: 0
source 0 - assert 1763354319.000006778, sequence: 10280 - clear  0.000000000, sequence: 0
source 0 - assert 1763354320.000008321, sequence: 10281 - clear  0.000000000, sequence: 0
source 0 - assert 1763354321.000002364, sequence: 10282 - clear  0.000000000, sequence: 0
source 0 - assert 1763354322.000005764, sequence: 10283 - clear  0.000000000, sequence: 0
source 0 - assert 1763354323.000007510, sequence: 10284 - clear  0.000000000, sequence: 0
source 0 - assert 1763354324.000009959, sequence: 10285 - clear  0.000000000, sequence: 0
source 0 - assert 1763354325.000006530, sequence: 10286 - clear  0.000000000, sequence: 0
source 0 - assert 1763354326.000008671, sequence: 10287 - clear  0.000000000, sequence: 0
source 0 - assert 1763354327.000008943, sequence: 10288 - clear  0.000000000, sequence: 0
source 0 - assert 1763354328.000007099, sequence: 10289 - clear  0.000000000, sequence: 0
source 0 - assert 1763354329.000007267, sequence: 10290 - clear  0.000000000, sequence: 0
source 0 - assert 1763354330.000004967, sequence: 10291 - clear  0.000000000, sequence: 0
source 0 - assert 1763354331.000005135, sequence: 10292 - clear  0.000000000, sequence: 0
source 0 - assert 1763354332.000002560, sequence: 10293 - clear  0.000000000, sequence: 0
source 0 - assert 1763354333.000008192, sequence: 10294 - clear  0.000000000, sequence: 0
source 0 - assert 1763354334.000007540, sequence: 10295 - clear  0.000000000, sequence: 0
source 0 - assert 1763354335.000008142, sequence: 10296 - clear  0.000000000, sequence: 0
source 0 - assert 1763354336.000006482, sequence: 10297 - clear  0.000000000, sequence: 0
source 0 - assert 1763354337.000004848, sequence: 10298 - clear  0.000000000, sequence: 0
source 0 - assert 1763354338.000002519, sequence: 10299 - clear  0.000000000, sequence: 0
source 0 - assert 1763354339.000008487, sequence: 10300 - clear  0.000000000, sequence: 0
source 0 - assert 1763354340.000003637, sequence: 10301 - clear  0.000000000, sequence: 0
source 0 - assert 1763354341.000006800, sequence: 10302 - clear  0.000000000, sequence: 0
source 0 - assert 1763354342.000008921, sequence: 10303 - clear  0.000000000, sequence: 0
source 0 - assert 1763354343.000007322, sequence: 10304 - clear  0.000000000, sequence: 0
source 0 - assert 1763354344.000006242, sequence: 10305 - clear  0.000000000, sequence: 0
source 0 - assert 1763354345.000003441, sequence: 10306 - clear  0.000000000, sequence: 0
source 0 - assert 1763354346.000007683, sequence: 10307 - clear  0.000000000, sequence: 0
source 0 - assert 1763354347.000006052, sequence: 10308 - clear  0.000000000, sequence: 0
source 0 - assert 1763354348.000007096, sequence: 10309 - clear  0.000000000, sequence: 0
source 0 - assert 1763354349.000009481, sequence: 10310 - clear  0.000000000, sequence: 0
source 0 - assert 1763354350.000001653, sequence: 10311 - clear  0.000000000, sequence: 0
source 0 - assert 1763354351.000006224, sequence: 10312 - clear  0.000000000, sequence: 0
source 0 - assert 1763354352.000006812, sequence: 10313 - clear  0.000000000, sequence: 0
source 0 - assert 1763354353.000004646, sequence: 10314 - clear  0.000000000, sequence: 0
source 0 - assert 1763354354.000007246, sequence: 10315 - clear  0.000000000, sequence: 0
source 0 - assert 1763354355.000004433, sequence: 10316 - clear  0.000000000, sequence: 0
source 0 - assert 1763354356.000003443, sequence: 10317 - clear  0.000000000, sequence: 0
source 0 - assert 1763354357.000009609, sequence: 10318 - clear  0.000000000, sequence: 0
source 0 - assert 1763354358.000003551, sequence: 10319 - clear  0.000000000, sequence: 0
source 0 - assert 1763354359.000008551, sequence: 10320 - clear  0.000000000, sequence: 0
source 0 - assert 1763354360.000004530, sequence: 10321 - clear  0.000000000, sequence: 0
source 0 - assert 1763354361.000005642, sequence: 10322 - clear  0.000000000, sequence: 0
source 0 - assert 1763354361.999998140, sequence: 10323 - clear  0.000000000, sequence: 0
source 0 - assert 1763354363.000004566, sequence: 10324 - clear  0.000000000, sequence: 0
source 0 - assert 1763354364.000008978, sequence: 10325 - clear  0.000000000, sequence: 0
source 0 - assert 1763354365.000008100, sequence: 10326 - clear  0.000000000, sequence: 0
source 0 - assert 1763354366.000001241, sequence: 10327 - clear  0.000000000, sequence: 0
source 0 - assert 1763354367.000006269, sequence: 10328 - clear  0.000000000, sequence: 0
source 0 - assert 1763354368.000005065, sequence: 10329 - clear  0.000000000, sequence: 0
source 0 - assert 1763354369.000006471, sequence: 10330 - clear  0.000000000, sequence: 0
source 0 - assert 1763354370.000004146, sequence: 10331 - clear  0.000000000, sequence: 0
source 0 - assert 1763354371.000008969, sequence: 10332 - clear  0.000000000, sequence: 0
source 0 - assert 1763354372.000003003, sequence: 10333 - clear  0.000000000, sequence: 0
source 0 - assert 1763354373.000006166, sequence: 10334 - clear  0.000000000, sequence: 0
source 0 - assert 1763354374.000009771, sequence: 10335 - clear  0.000000000, sequence: 0
source 0 - assert 1763354375.000007149, sequence: 10336 - clear  0.000000000, sequence: 0
source 0 - assert 1763354376.000005476, sequence: 10337 - clear  0.000000000, sequence: 0
source 0 - assert 1763354377.000003064, sequence: 10338 - clear  0.000000000, sequence: 0
source 0 - assert 1763354378.000003718, sequence: 10339 - clear  0.000000000, sequence: 0
source 0 - assert 1763354379.000007093, sequence: 10340 - clear  0.000000000, sequence: 0
source 0 - assert 1763354380.000004932, sequence: 10341 - clear  0.000000000, sequence: 0
source 0 - assert 1763354381.000008678, sequence: 10342 - clear  0.000000000, sequence: 0
source 0 - assert 1763354382.000005636, sequence: 10343 - clear  0.000000000, sequence: 0
source 0 - assert 1763354383.000005514, sequence: 10344 - clear  0.000000000, sequence: 0
source 0 - assert 1763354384.000006021, sequence: 10345 - clear  0.000000000, sequence: 0
source 0 - assert 1763354385.000008847, sequence: 10346 - clear  0.000000000, sequence: 0
source 0 - assert 1763354386.000005824, sequence: 10347 - clear  0.000000000, sequence: 0
source 0 - assert 1763354387.000009222, sequence: 10348 - clear  0.000000000, sequence: 0
source 0 - assert 1763354388.000011342, sequence: 10349 - clear  0.000000000, sequence: 0
source 0 - assert 1763354389.000007307, sequence: 10350 - clear  0.000000000, sequence: 0
source 0 - assert 1763354390.000006946, sequence: 10351 - clear  0.000000000, sequence: 0
source 0 - assert 1763354391.000007032, sequence: 10352 - clear  0.000000000, sequence: 0
source 0 - assert 1763354392.000009278, sequence: 10353 - clear  0.000000000, sequence: 0
source 0 - assert 1763354393.000010410, sequence: 10354 - clear  0.000000000, sequence: 0
source 0 - assert 1763354394.000008957, sequence: 10355 - clear  0.000000000, sequence: 0
source 0 - assert 1763354395.000006364, sequence: 10356 - clear  0.000000000, sequence: 0
source 0 - assert 1763354396.000011441, sequence: 10357 - clear  0.000000000, sequence: 0
source 0 - assert 1763354397.000006784, sequence: 10358 - clear  0.000000000, sequence: 0
source 0 - assert 1763354398.000006525, sequence: 10359 - clear  0.000000000, sequence: 0
source 0 - assert 1763354399.000007564, sequence: 10360 - clear  0.000000000, sequence: 0
source 0 - assert 1763354400.000006636, sequence: 10361 - clear  0.000000000, sequence: 0
source 0 - assert 1763354401.000005740, sequence: 10362 - clear  0.000000000, sequence: 0
source 0 - assert 1763354402.000007669, sequence: 10363 - clear  0.000000000, sequence: 0
source 0 - assert 1763354403.000008231, sequence: 10364 - clear  0.000000000, sequence: 0
source 0 - assert 1763354404.000007660, sequence: 10365 - clear  0.000000000, sequence: 0
source 0 - assert 1763354405.000005804, sequence: 10366 - clear  0.000000000, sequence: 0
source 0 - assert 1763354406.000007369, sequence: 10367 - clear  0.000000000, sequence: 0
source 0 - assert 1763354407.000011063, sequence: 10368 - clear  0.000000000, sequence: 0
source 0 - assert 1763354408.000009685, sequence: 10369 - clear  0.000000000, sequence: 0
source 0 - assert 1763354409.000008487, sequence: 10370 - clear  0.000000000, sequence: 0
source 0 - assert 1763354410.000004281, sequence: 10371 - clear  0.000000000, sequence: 0
source 0 - assert 1763354411.000005187, sequence: 10372 - clear  0.000000000, sequence: 0
source 0 - assert 1763354412.000003680, sequence: 10373 - clear  0.000000000, sequence: 0
source 0 - assert 1763354413.000011985, sequence: 10374 - clear  0.000000000, sequence: 0
source 0 - assert 1763354414.000008652, sequence: 10375 - clear  0.000000000, sequence: 0
source 0 - assert 1763354415.000003682, sequence: 10376 - clear  0.000000000, sequence: 0
source 0 - assert 1763354416.000001475, sequence: 10377 - clear  0.000000000, sequence: 0
source 0 - assert 1763354417.000011197, sequence: 10378 - clear  0.000000000, sequence: 0
source 0 - assert 1763354418.000005840, sequence: 10379 - clear  0.000000000, sequence: 0
source 0 - assert 1763354419.000009822, sequence: 10380 - clear  0.000000000, sequence: 0
source 0 - assert 1763354420.000005694, sequence: 10381 - clear  0.000000000, sequence: 0
source 0 - assert 1763354421.000005524, sequence: 10382 - clear  0.000000000, sequence: 0
source 0 - assert 1763354422.000002496, sequence: 10383 - clear  0.000000000, sequence: 0
source 0 - assert 1763354423.000007807, sequence: 10384 - clear  0.000000000, sequence: 0
source 0 - assert 1763354424.000015503, sequence: 10385 - clear  0.000000000, sequence: 0
Terminated
