trying PPS source "/dev/pps0"
found PPS source "/dev/pps0"
ok, found 1 source(s), now start fetching data...
source 0 - assert 1763355121.000011771, sequence: 11082 - clear  0.000000000, sequence: 0
source 0 - assert 1763355122.000009085, sequence: 11083 - clear  0.000000000, sequence: 0
source 0 - assert 1763355123.000007744, sequence: 11084 - clear  0.000000000, sequence: 0
source 0 - assert 1763355124.000006889, sequence: 11085 - clear  0.000000000, sequence: 0
source 0 - assert 1763355125.000008290, sequence: 11086 - clear  0.000000000, sequence: 0
source 0 - assert 1763355126.000008241, sequence: 11087 - clear  0.000000000, sequence: 0
source 0 - assert 1763355127.000011554, sequence: 11088 - clear  0.000000000, sequence: 0
source 0 - assert 1763355128.000008346, sequence: 11089 - clear  0.000000000, sequence: 0
source 0 - assert 1763355129.000007193, sequence: 11090 - clear  0.000000000, sequence: 0
source 0 - assert 1763355130.000006940, sequence: 11091 - clear  0.000000000, sequence: 0
source 0 - assert 1763355131.000004538, sequence: 11092 - clear  0.000000000, sequence: 0
source 0 - assert 1763355132.000010396, sequence: 11093 - clear  0.000000000, sequence: 0
source 0 - assert 1763355133.000006782, sequence: 11094 - clear  0.000000000, sequence: 0
source 0 - assert 1763355134.000008386, sequence: 11095 - clear  0.000000000, sequence: 0
source 0 - assert 1763355135.000008541, sequence: 11096 - clear  0.000000000, sequence: 0
source 0 - assert 1763355136.000005600, sequence: 11097 - clear  0.000000000, sequence: 0
source 0 - assert 1763355137.000012096, sequence: 11098 - clear  0.000000000, sequence: 0
source 0 - assert 1763355138.000008228, sequence: 11099 - clear  0.000000000, sequence: 0
source 0 - assert 1763355139.000008236, sequence: 11100 - clear  0.000000000, sequence: 0
source 0 - assert 1763355140.000008792, sequence: 11101 - clear  0.000000000, sequence: 0
source 0 - assert 1763355141.000007997, sequence: 11102 - clear  0.000000000, sequence: 0
source 0 - assert 1763355142.000010659, sequence: 11103 - clear  0.000000000, sequence: 0
source 0 - assert 1763355143.000010955, sequence: 11104 - clear  0.000000000, sequence: 0
source 0 - assert 1763355144.000011891, sequence: 11105 - clear  0.000000000, sequence: 0
source 0 - assert 1763355145.000007750, sequence: 11106 - clear  0.000000000, sequence: 0
source 0 - assert 1763355146.000006910, sequence: 11107 - clear  0.000000000, sequence: 0
source 0 - assert 1763355147.000010474, sequence: 11108 - clear  0.000000000, sequence: 0
source 0 - assert 1763355148.000009624, sequence: 11109 - clear  0.000000000, sequence: 0
source 0 - assert 1763355149.000008515, sequence: 11110 - clear  0.000000000, sequence: 0
source 0 - assert 1763355150.000003138, sequence: 11111 - clear  0.000000000, sequence: 0
source 0 - assert 1763355151.000008266, sequence: 11112 - clear  0.000000000, sequence: 0
source 0 - assert 1763355152.000009432, sequence: 11113 - clear  0.000000000, sequence: 0
source 0 - assert 1763355153.000004345, sequence: 11114 - clear  0.000000000, sequence: 0
source 0 - assert 1763355154.000009898, sequence: 11115 - clear  0.000000000, sequence: 0
source 0 - assert 1763355155.000007710, sequence: 11116 - clear  0.000000000, sequence: 0
source 0 - assert 1763355156.000005874, sequence: 11117 - clear  0.000000000, sequence: 0
source 0 - assert 1763355157.000007065, sequence: 11118 - clear  0.000000000, sequence: 0
source 0 - assert 1763355158.000007982, sequence: 11119 - clear  0.000000000, sequence: 0
source 0 - assert 1763355159.000008780, sequence: 11120 - clear  0.000000000, sequence: 0
source 0 - assert 1763355160.000011195, sequence: 11121 - clear  0.000000000, sequence: 0
source 0 - assert 1763355161.000007546, sequence: 11122 - clear  0.000000000, sequence: 0
source 0 - assert 1763355162.000009147, sequence: 11123 - clear  0.000000000, sequence: 0
source 0 - assert 1763355163.000009277, sequence: 11124 - clear  0.000000000, sequence: 0
source 0 - assert 1763355164.000006625, sequence: 11125 - clear  0.000000000, sequence: 0
source 0 - assert 1763355165.000008293, sequence: 11126 - clear  0.000000000, sequence: 0
source 0 - assert 1763355166.000004648, sequence: 11127 - clear  0.000000000, sequence: 0
source 0 - assert 1763355167.000008991, sequence: 11128 - clear  0.000000000, sequence: 0
source 0 - assert 1763355168.000009955, sequence: 11129 - clear  0.000000000, sequence: 0
source 0 - assert 1763355169.000007224, sequence: 11130 - clear  0.000000000, sequence: 0
source 0 - assert 1763355170.000006298, sequence: 11131 - clear  0.000000000, sequence: 0
source 0 - assert 1763355171.000006058, sequence: 11132 - clear  0.000000000, sequence: 0
source 0 - assert 1763355172.000010350, sequence: 11133 - clear  0.000000000, sequence: 0
source 0 - assert 1763355173.000007258, sequence: 11134 - clear  0.000000000, sequence: 0
source 0 - assert 1763355174.000009474, sequence: 11135 - clear  0.000000000, sequence: 0
source 0 - assert 1763355175.000005988, sequence: 11136 - clear  0.000000000, sequence: 0
source 0 - assert 1763355176.000008680, sequence: 11137 - clear  0.000000000, sequence: 0
source 0 - assert 1763355177.000008504, sequence: 11138 - clear  0.000000000, sequence: 0
source 0 - assert 1763355178.000008054, sequence: 11139 - clear  0.000000000, sequence: 0
source 0 - assert 1763355179.000010954, sequence: 11140 - clear  0.000000000, sequence: 0
source 0 - assert 1763355180.000008710, sequence: 11141 - clear  0.000000000, sequence: 0
source 0 - assert 1763355181.000006511, sequence: 11142 - clear  0.000000000, sequence: 0
source 0 - assert 1763355182.000011499, sequence: 11143 - clear  0.000000000, sequence: 0
source 0 - assert 1763355183.000007376, sequence: 11144 - clear  0.000000000, sequence: 0
source 0 - assert 1763355184.000007378, sequence: 11145 - clear  0.000000000, sequence: 0
source 0 - assert 1763355185.000010110, sequence: 11146 - clear  0.000000000, sequence: 0
source 0 - assert 1763355186.000010103, sequence: 11147 - clear  0.000000000, sequence: 0
source 0 - assert 1763355187.000010398, sequence: 11148 - clear  0.000000000, sequence: 0
source 0 - assert 1763355188.000006008, sequence: 11149 - clear  0.000000000, sequence: 0
source 0 - assert 1763355189.000006561, sequence: 11150 - clear  0.000000000, sequence: 0
source 0 - assert 1763355190.000009869, sequence: 11151 - clear  0.000000000, sequence: 0
source 0 - assert 1763355191.000010194, sequence: 11152 - clear  0.000000000, sequence: 0
source 0 - assert 1763355192.000008185, sequence: 11153 - clear  0.000000000, sequence: 0
source 0 - assert 1763355193.000006760, sequence: 11154 - clear  0.000000000, sequence: 0
source 0 - assert 1763355194.000005183, sequence: 11155 - clear  0.000000000, sequence: 0
source 0 - assert 1763355195.000005899, sequence: 11156 - clear  0.000000000, sequence: 0
source 0 - assert 1763355196.000007621, sequence: 11157 - clear  0.000000000, sequence: 0
source 0 - assert 1763355197.000007657, sequence: 11158 - clear  0.000000000, sequence: 0
source 0 - assert 1763355198.000009889, sequence: 11159 - clear  0.000000000, sequence: 0
source 0 - assert 1763355199.000005532, sequence: 11160 - clear  0.000000000, sequence: 0
source 0 - assert 1763355200.000008314, sequence: 11161 - clear  0.000000000, sequence: 0
source 0 - assert 1763355201.000008498, sequence: 11162 - clear  0.000000000, sequence: 0
source 0 - assert 1763355202.000009452, sequence: 11163 - clear  0.000000000, sequence: 0
source 0 - assert 1763355203.000007863, sequence: 11164 - clear  0.000000000, sequence: 0
source 0 - assert 1763355204.000011658, sequence: 11165 - clear  0.000000000, sequence: 0
source 0 - assert 1763355205.000004417, sequence: 11166 - clear  0.000000000, sequence: 0
source 0 - assert 1763355206.000008681, sequence: 11167 - clear  0.000000000, sequence: 0
source 0 - assert 1763355207.000009721, sequence: 11168 - clear  0.000000000, sequence: 0
source 0 - assert 1763355208.000009438, sequence: 11169 - clear  0.000000000, sequence: 0
source 0 - assert 1763355209.000007238, sequence: 11170 - clear  0.000000000, sequence: 0
source 0 - assert 1763355210.000006950, sequence: 11171 - clear  0.000000000, sequence: 0
source 0 - assert 1763355211.000009064, sequence: 11172 - clear  0.000000000, sequence: 0
source 0 - assert 1763355212.000004145, sequence: 11173 - clear  0.000000000, sequence: 0
source 0 - assert 1763355213.000009736, sequence: 11174 - clear  0.000000000, sequence: 0
source 0 - assert 1763355214.000006702, sequence: 11175 - clear  0.000000000, sequence: 0
source 0 - assert 1763355215.000006859, sequence: 11176 - clear  0.000000000, sequence: 0
source 0 - assert 1763355216.000011990, sequence: 11177 - clear  0.000000000, sequence: 0
source 0 - assert 1763355217.000008640, sequence: 11178 - clear  0.000000000, sequence: 0
source 0 - assert 1763355218.000008440, sequence: 11179 - clear  0.000000000, sequence: 0
source 0 - assert 1763355219.000007305, sequence: 11180 - clear  0.000000000, sequence: 0
source 0 - assert 1763355220.000010304, sequence: 11181 - clear  0.000000000, sequence: 0
source 0 - assert 1763355221.000009264, sequence: 11182 - clear  0.000000000, sequence: 0
source 0 - assert 1763355222.000010885, sequence: 11183 - clear  0.000000000, sequence: 0
source 0 - assert 1763355223.000010344, sequence: 11184 - clear  0.000000000, sequence: 0
source 0 - assert 1763355224.000003177, sequence: 11185 - clear  0.000000000, sequence: 0
source 0 - assert 1763355225.000006031, sequence: 11186 - clear  0.000000000, sequence: 0
source 0 - assert 1763355226.000008262, sequence: 11187 - clear  0.000000000, sequence: 0
source 0 - assert 1763355227.000011680, sequence: 11188 - clear  0.000000000, sequence: 0
source 0 - assert 1763355228.000007562, sequence: 11189 - clear  0.000000000, sequence: 0
source 0 - assert 1763355229.000007773, sequence: 11190 - clear  0.000000000, sequence: 0
source 0 - assert 1763355230.000006021, sequence: 11191 - clear  0.000000000, sequence: 0
source 0 - assert 1763355231.000007498, sequence: 11192 - clear  0.000000000, sequence: 0
source 0 - assert 1763355232.000011758, sequence: 11193 - clear  0.000000000, sequence: 0
source 0 - assert 1763355233.000011520, sequence: 11194 - clear  0.000000000, sequence: 0
source 0 - assert 1763355234.000011771, sequence: 11195 - clear  0.000000000, sequence: 0
source 0 - assert 1763355235.000008999, sequence: 11196 - clear  0.000000000, sequence: 0
source 0 - assert 1763355236.000008115, sequence: 11197 - clear  0.000000000, sequence: 0
source 0 - assert 1763355237.000011817, sequence: 11198 - clear  0.000000000, sequence: 0
source 0 - assert 1763355238.000006554, sequence: 11199 - clear  0.000000000, sequence: 0
source 0 - assert 1763355239.000006667, sequence: 11200 - clear  0.000000000, sequence: 0
source 0 - assert 1763355240.000006835, sequence: 11201 - clear  0.000000000, sequence: 0
source 0 - assert 1763355241.000006056, sequence: 11202 - clear  0.000000000, sequence: 0
source 0 - assert 1763355242.000008346, sequence: 11203 - clear  0.000000000, sequence: 0
source 0 - assert 1763355243.000007638, sequence: 11204 - clear  0.000000000, sequence: 0
source 0 - assert 1763355244.000009058, sequence: 11205 - clear  0.000000000, sequence: 0
source 0 - assert 1763355245.000007511, sequence: 11206 - clear  0.000000000, sequence: 0
source 0 - assert 1763355246.000010520, sequence: 11207 - clear  0.000000000, sequence: 0
source 0 - assert 1763355247.000011199, sequence: 11208 - clear  0.000000000, sequence: 0
source 0 - assert 1763355248.000007825, sequence: 11209 - clear  0.000000000, sequence: 0
source 0 - assert 1763355249.000005553, sequence: 11210 - clear  0.000000000, sequence: 0
source 0 - assert 1763355250.000006504, sequence: 11211 - clear  0.000000000, sequence: 0
source 0 - assert 1763355251.000007757, sequence: 11212 - clear  0.000000000, sequence: 0
source 0 - assert 1763355252.000007594, sequence: 11213 - clear  0.000000000, sequence: 0
source 0 - assert 1763355253.000009968, sequence: 11214 - clear  0.000000000, sequence: 0
source 0 - assert 1763355254.000008511, sequence: 11215 - clear  0.000000000, sequence: 0
source 0 - assert 1763355255.000006187, sequence: 11216 - clear  0.000000000, sequence: 0
source 0 - assert 1763355256.000005772, sequence: 11217 - clear  0.000000000, sequence: 0
source 0 - assert 1763355257.000009229, sequence: 11218 - clear  0.000000000, sequence: 0
source 0 - assert 1763355258.000007619, sequence: 11219 - clear  0.000000000, sequence: 0
source 0 - assert 1763355259.000008681, sequence: 11220 - clear  0.000000000, sequence: 0
source 0 - assert 1763355260.000008271, sequence: 11221 - clear  0.000000000, sequence: 0
source 0 - assert 1763355261.000006235, sequence: 11222 - clear  0.000000000, sequence: 0
source 0 - assert 1763355262.000006677, sequence: 11223 - clear  0.000000000, sequence: 0
source 0 - assert 1763355263.000008699, sequence: 11224 - clear  0.000000000, sequence: 0
source 0 - assert 1763355264.000011626, sequence: 11225 - clear  0.000000000, sequence: 0
source 0 - assert 1763355265.000007273, sequence: 11226 - clear  0.000000000, sequence: 0
source 0 - assert 1763355266.000007783, sequence: 11227 - clear  0.000000000, sequence: 0
source 0 - assert 1763355267.000007222, sequence: 11228 - clear  0.000000000, sequence: 0
source 0 - assert 1763355268.000005008, sequence: 11229 - clear  0.000000000, sequence: 0
source 0 - assert 1763355269.000007189, sequence: 11230 - clear  0.000000000, sequence: 0
source 0 - assert 1763355270.000009705, sequence: 11231 - clear  0.000000000, sequence: 0
source 0 - assert 1763355271.000006613, sequence: 11232 - clear  0.000000000, sequence: 0
source 0 - assert 1763355272.000004140, sequence: 11233 - clear  0.000000000, sequence: 0
source 0 - assert 1763355273.000006943, sequence: 11234 - clear  0.000000000, sequence: 0
source 0 - assert 1763355274.000006597, sequence: 11235 - clear  0.000000000, sequence: 0
source 0 - assert 1763355275.000008880, sequence: 11236 - clear  0.000000000, sequence: 0
source 0 - assert 1763355276.000009686, sequence: 11237 - clear  0.000000000, sequence: 0
source 0 - assert 1763355277.000010641, sequence: 11238 - clear  0.000000000, sequence: 0
source 0 - assert 1763355278.000009861, sequence: 11239 - clear  0.000000000, sequence: 0
source 0 - assert 1763355279.000007609, sequence: 11240 - clear  0.000000000, sequence: 0
source 0 - assert 1763355280.000007224, sequence: 11241 - clear  0.000000000, sequence: 0
source 0 - assert 1763355281.000005938, sequence: 11242 - clear  0.000000000, sequence: 0
source 0 - assert 1763355282.000010370, sequence: 11243 - clear  0.000000000, sequence: 0
source 0 - assert 1763355283.000009193, sequence: 11244 - clear  0.000000000, sequence: 0
source 0 - assert 1763355284.000008067, sequence: 11245 - clear  0.000000000, sequence: 0
source 0 - assert 1763355285.000007192, sequence: 11246 - clear  0.000000000, sequence: 0
source 0 - assert 1763355286.000010629, sequence: 11247 - clear  0.000000000, sequence: 0
source 0 - assert 1763355287.000009588, sequence: 11248 - clear  0.000000000, sequence: 0
source 0 - assert 1763355288.000009445, sequence: 11249 - clear  0.000000000, sequence: 0
source 0 - assert 1763355289.000009025, sequence: 11250 - clear  0.000000000, sequence: 0
source 0 - assert 1763355290.000005842, sequence: 11251 - clear  0.000000000, sequence: 0
source 0 - assert 1763355291.000009147, sequence: 11252 - clear  0.000000000, sequence: 0
source 0 - assert 1763355292.000010699, sequence: 11253 - clear  0.000000000, sequence: 0
source 0 - assert 1763355293.000009329, sequence: 11254 - clear  0.000000000, sequence: 0
source 0 - assert 1763355294.000008442, sequence: 11255 - clear  0.000000000, sequence: 0
source 0 - assert 1763355295.000008370, sequence: 11256 - clear  0.000000000, sequence: 0
source 0 - assert 1763355296.000009275, sequence: 11257 - clear  0.000000000, sequence: 0
source 0 - assert 1763355297.000007811, sequence: 11258 - clear  0.000000000, sequence: 0
source 0 - assert 1763355298.000008801, sequence: 11259 - clear  0.000000000, sequence: 0
source 0 - assert 1763355299.000008549, sequence: 11260 - clear  0.000000000, sequence: 0
source 0 - assert 1763355300.000009944, sequence: 11261 - clear  0.000000000, sequence: 0
source 0 - assert 1763355301.000008187, sequence: 11262 - clear  0.000000000, sequence: 0
source 0 - assert 1763355302.000011396, sequence: 11263 - clear  0.000000000, sequence: 0
source 0 - assert 1763355303.000009942, sequence: 11264 - clear  0.000000000, sequence: 0
source 0 - assert 1763355304.000009493, sequence: 11265 - clear  0.000000000, sequence: 0
source 0 - assert 1763355305.000007777, sequence: 11266 - clear  0.000000000, sequence: 0
source 0 - assert 1763355306.000012511, sequence: 11267 - clear  0.000000000, sequence: 0
source 0 - assert 1763355307.000012109, sequence: 11268 - clear  0.000000000, sequence: 0
source 0 - assert 1763355308.000009942, sequence: 11269 - clear  0.000000000, sequence: 0
source 0 - assert 1763355309.000011073, sequence: 11270 - clear  0.000000000, sequence: 0
source 0 - assert 1763355310.000007467, sequence: 11271 - clear  0.000000000, sequence: 0
source 0 - assert 1763355311.000006595, sequence: 11272 - clear  0.000000000, sequence: 0
source 0 - assert 1763355312.000013841, sequence: 11273 - clear  0.000000000, sequence: 0
source 0 - assert 1763355313.000011021, sequence: 11274 - clear  0.000000000, sequence: 0
source 0 - assert 1763355314.000011152, sequence: 11275 - clear  0.000000000, sequence: 0
source 0 - assert 1763355315.000006137, sequence: 11276 - clear  0.000000000, sequence: 0
source 0 - assert 1763355316.000005393, sequence: 11277 - clear  0.000000000, sequence: 0
source 0 - assert 1763355317.000008534, sequence: 11278 - clear  0.000000000, sequence: 0
source 0 - assert 1763355318.000009099, sequence: 11279 - clear  0.000000000, sequence: 0
source 0 - assert 1763355319.000007425, sequence: 11280 - clear  0.000000000, sequence: 0
source 0 - assert 1763355320.000009583, sequence: 11281 - clear  0.000000000, sequence: 0
source 0 - assert 1763355321.000007374, sequence: 11282 - clear  0.000000000, sequence: 0
source 0 - assert 1763355322.000008940, sequence: 11283 - clear  0.000000000, sequence: 0
source 0 - assert 1763355323.000009749, sequence: 11284 - clear  0.000000000, sequence: 0
source 0 - assert 1763355324.000007936, sequence: 11285 - clear  0.000000000, sequence: 0
source 0 - assert 1763355325.000011181, sequence: 11286 - clear  0.000000000, sequence: 0
source 0 - assert 1763355326.000007099, sequence: 11287 - clear  0.000000000, sequence: 0
source 0 - assert 1763355327.000011514, sequence: 11288 - clear  0.000000000, sequence: 0
source 0 - assert 1763355328.000004800, sequence: 11289 - clear  0.000000000, sequence: 0
source 0 - assert 1763355329.000008514, sequence: 11290 - clear  0.000000000, sequence: 0
source 0 - assert 1763355330.000006733, sequence: 11291 - clear  0.000000000, sequence: 0
source 0 - assert 1763355331.000005077, sequence: 11292 - clear  0.000000000, sequence: 0
source 0 - assert 1763355332.000011519, sequence: 11293 - clear  0.000000000, sequence: 0
source 0 - assert 1763355333.000004935, sequence: 11294 - clear  0.000000000, sequence: 0
source 0 - assert 1763355334.000007018, sequence: 11295 - clear  0.000000000, sequence: 0
source 0 - assert 1763355335.000006052, sequence: 11296 - clear  0.000000000, sequence: 0
source 0 - assert 1763355336.000006176, sequence: 11297 - clear  0.000000000, sequence: 0
source 0 - assert 1763355337.000011063, sequence: 11298 - clear  0.000000000, sequence: 0
source 0 - assert 1763355338.000002347, sequence: 11299 - clear  0.000000000, sequence: 0
source 0 - assert 1763355339.000005142, sequence: 11300 - clear  0.000000000, sequence: 0
source 0 - assert 1763355340.000005484, sequence: 11301 - clear  0.000000000, sequence: 0
source 0 - assert 1763355341.000007612, sequence: 11302 - clear  0.000000000, sequence: 0
source 0 - assert 1763355342.000009386, sequence: 11303 - clear  0.000000000, sequence: 0
source 0 - assert 1763355343.000007966, sequence: 11304 - clear  0.000000000, sequence: 0
source 0 - assert 1763355344.000009379, sequence: 11305 - clear  0.000000000, sequence: 0
source 0 - assert 1763355345.000004510, sequence: 11306 - clear  0.000000000, sequence: 0
source 0 - assert 1763355346.000006951, sequence: 11307 - clear  0.000000000, sequence: 0
source 0 - assert 1763355347.000009783, sequence: 11308 - clear  0.000000000, sequence: 0
source 0 - assert 1763355348.000010830, sequence: 11309 - clear  0.000000000, sequence: 0
source 0 - assert 1763355349.000010680, sequence: 11310 - clear  0.000000000, sequence: 0
source 0 - assert 1763355350.000004702, sequence: 11311 - clear  0.000000000, sequence: 0
source 0 - assert 1763355351.000008161, sequence: 11312 - clear  0.000000000, sequence: 0
source 0 - assert 1763355352.000011456, sequence: 11313 - clear  0.000000000, sequence: 0
source 0 - assert 1763355353.000006389, sequence: 11314 - clear  0.000000000, sequence: 0
source 0 - assert 1763355354.000009104, sequence: 11315 - clear  0.000000000, sequence: 0
source 0 - assert 1763355355.000009858, sequence: 11316 - clear  0.000000000, sequence: 0
source 0 - assert 1763355356.000008532, sequence: 11317 - clear  0.000000000, sequence: 0
source 0 - assert 1763355357.000010128, sequence: 11318 - clear  0.000000000, sequence: 0
source 0 - assert 1763355358.000005741, sequence: 11319 - clear  0.000000000, sequence: 0
source 0 - assert 1763355359.000010439, sequence: 11320 - clear  0.000000000, sequence: 0
source 0 - assert 1763355360.000007507, sequence: 11321 - clear  0.000000000, sequence: 0
source 0 - assert 1763355361.000006134, sequence: 11322 - clear  0.000000000, sequence: 0
source 0 - assert 1763355362.000008392, sequence: 11323 - clear  0.000000000, sequence: 0
source 0 - assert 1763355363.000006698, sequence: 11324 - clear  0.000000000, sequence: 0
source 0 - assert 1763355364.000006519, sequence: 11325 - clear  0.000000000, sequence: 0
source 0 - assert 1763355365.000010689, sequence: 11326 - clear  0.000000000, sequence: 0
source 0 - assert 1763355366.000010272, sequence: 11327 - clear  0.000000000, sequence: 0
source 0 - assert 1763355367.000012783, sequence: 11328 - clear  0.000000000, sequence: 0
source 0 - assert 1763355368.000007266, sequence: 11329 - clear  0.000000000, sequence: 0
source 0 - assert 1763355369.000008675, sequence: 11330 - clear  0.000000000, sequence: 0
source 0 - assert 1763355370.000003296, sequence: 11331 - clear  0.000000000, sequence: 0
source 0 - assert 1763355371.000010444, sequence: 11332 - clear  0.000000000, sequence: 0
source 0 - assert 1763355372.000009335, sequence: 11333 - clear  0.000000000, sequence: 0
source 0 - assert 1763355373.000008562, sequence: 11334 - clear  0.000000000, sequence: 0
source 0 - assert 1763355374.000006481, sequence: 11335 - clear  0.000000000, sequence: 0
source 0 - assert 1763355375.000002390, sequence: 11336 - clear  0.000000000, sequence: 0
source 0 - assert 1763355376.000009212, sequence: 11337 - clear  0.000000000, sequence: 0
source 0 - assert 1763355377.000010760, sequence: 11338 - clear  0.000000000, sequence: 0
source 0 - assert 1763355378.000010820, sequence: 11339 - clear  0.000000000, sequence: 0
source 0 - assert 1763355379.000006572, sequence: 11340 - clear  0.000000000, sequence: 0
source 0 - assert 1763355380.000005739, sequence: 11341 - clear  0.000000000, sequence: 0
source 0 - assert 1763355381.000004850, sequence: 11342 - clear  0.000000000, sequence: 0
source 0 - assert 1763355382.000009892, sequence: 11343 - clear  0.000000000, sequence: 0
source 0 - assert 1763355383.000012383, sequence: 11344 - clear  0.000000000, sequence: 0
source 0 - assert 1763355384.000010053, sequence: 11345 - clear  0.000000000, sequence: 0
source 0 - assert 1763355385.000011772, sequence: 11346 - clear  0.000000000, sequence: 0
source 0 - assert 1763355386.000010221, sequence: 11347 - clear  0.000000000, sequence: 0
source 0 - assert 1763355387.000009217, sequence: 11348 - clear  0.000000000, sequence: 0
source 0 - assert 1763355388.000010899, sequence: 11349 - clear  0.000000000, sequence: 0
source 0 - assert 1763355389.000007100, sequence: 11350 - clear  0.000000000, sequence: 0
source 0 - assert 1763355390.000012129, sequence: 11351 - clear  0.000000000, sequence: 0
source 0 - assert 1763355391.000008446, sequence: 11352 - clear  0.000000000, sequence: 0
source 0 - assert 1763355392.000013128, sequence: 11353 - clear  0.000000000, sequence: 0
source 0 - assert 1763355393.000010924, sequence: 11354 - clear  0.000000000, sequence: 0
source 0 - assert 1763355394.000009904, sequence: 11355 - clear  0.000000000, sequence: 0
source 0 - assert 1763355395.000003695, sequence: 11356 - clear  0.000000000, sequence: 0
source 0 - assert 1763355396.000007650, sequence: 11357 - clear  0.000000000, sequence: 0
source 0 - assert 1763355397.000010180, sequence: 11358 - clear  0.000000000, sequence: 0
source 0 - assert 1763355398.000011800, sequence: 11359 - clear  0.000000000, sequence: 0
source 0 - assert 1763355399.000007654, sequence: 11360 - clear  0.000000000, sequence: 0
source 0 - assert 1763355400.000008226, sequence: 11361 - clear  0.000000000, sequence: 0
source 0 - assert 1763355401.000008240, sequence: 11362 - clear  0.000000000, sequence: 0
source 0 - assert 1763355402.000009525, sequence: 11363 - clear  0.000000000, sequence: 0
source 0 - assert 1763355403.000010329, sequence: 11364 - clear  0.000000000, sequence: 0
source 0 - assert 1763355404.000008466, sequence: 11365 - clear  0.000000000, sequence: 0
source 0 - assert 1763355405.000006683, sequence: 11366 - clear  0.000000000, sequence: 0
source 0 - assert 1763355406.000008812, sequence: 11367 - clear  0.000000000, sequence: 0
source 0 - assert 1763355407.000008695, sequence: 11368 - clear  0.000000000, sequence: 0
source 0 - assert 1763355408.000010346, sequence: 11369 - clear  0.000000000, sequence: 0
source 0 - assert 1763355409.000007277, sequence: 11370 - clear  0.000000000, sequence: 0
source 0 - assert 1763355410.000006834, sequence: 11371 - clear  0.000000000, sequence: 0
source 0 - assert 1763355411.000004896, sequence: 11372 - clear  0.000000000, sequence: 0
source 0 - assert 1763355412.000009451, sequence: 11373 - clear  0.000000000, sequence: 0
source 0 - assert 1763355413.000008904, sequence: 11374 - clear  0.000000000, sequence: 0
source 0 - assert 1763355414.000008322, sequence: 11375 - clear  0.000000000, sequence: 0
source 0 - assert 1763355415.000011202, sequence: 11376 - clear  0.000000000, sequence: 0
source 0 - assert 1763355416.000012299, sequence: 11377 - clear  0.000000000, sequence: 0
source 0 - assert 1763355417.000011014, sequence: 11378 - clear  0.000000000, sequence: 0
source 0 - assert 1763355418.000008210, sequence: 11379 - clear  0.000000000, sequence: 0
source 0 - assert 1763355419.000006694, sequence: 11380 - clear  0.000000000, sequence: 0
source 0 - assert 1763355420.000008477, sequence: 11381 - clear  0.000000000, sequence: 0
source 0 - assert 1763355421.000006814, sequence: 11382 - clear  0.000000000, sequence: 0
source 0 - assert 1763355422.000009310, sequence: 11383 - clear  0.000000000, sequence: 0
source 0 - assert 1763355423.000009755, sequence: 11384 - clear  0.000000000, sequence: 0
source 0 - assert 1763355424.000007224, sequence: 11385 - clear  0.000000000, sequence: 0
source 0 - assert 1763355425.000007051, sequence: 11386 - clear  0.000000000, sequence: 0
source 0 - assert 1763355426.000008659, sequence: 11387 - clear  0.000000000, sequence: 0
source 0 - assert 1763355427.000009029, sequence: 11388 - clear  0.000000000, sequence: 0
source 0 - assert 1763355428.000008774, sequence: 11389 - clear  0.000000000, sequence: 0
source 0 - assert 1763355429.000003316, sequence: 11390 - clear  0.000000000, sequence: 0
source 0 - assert 1763355430.000007404, sequence: 11391 - clear  0.000000000, sequence: 0
source 0 - assert 1763355431.000006675, sequence: 11392 - clear  0.000000000, sequence: 0
source 0 - assert 1763355432.000008222, sequence: 11393 - clear  0.000000000, sequence: 0
source 0 - assert 1763355433.000012422, sequence: 11394 - clear  0.000000000, sequence: 0
source 0 - assert 1763355434.000007717, sequence: 11395 - clear  0.000000000, sequence: 0
source 0 - assert 1763355435.000008432, sequence: 11396 - clear  0.000000000, sequence: 0
source 0 - assert 1763355436.000007987, sequence: 11397 - clear  0.000000000, sequence: 0
source 0 - assert 1763355437.000014518, sequence: 11398 - clear  0.000000000, sequence: 0
Terminated
