trying PPS source "/dev/pps0"
found PPS source "/dev/pps0"
ok, found 1 source(s), now start fetching data...
source 0 - assert 1763359269.000011286, sequence: 15230 - clear  0.000000000, sequence: 0
source 0 - assert 1763359270.000006010, sequence: 15231 - clear  0.000000000, sequence: 0
source 0 - assert 1763359271.000005764, sequence: 15232 - clear  0.000000000, sequence: 0
source 0 - assert 1763359272.000003578, sequence: 15233 - clear  0.000000000, sequence: 0
source 0 - assert 1763359273.000011259, sequence: 15234 - clear  0.000000000, sequence: 0
source 0 - assert 1763359274.000011446, sequence: 15235 - clear  0.000000000, sequence: 0
source 0 - assert 1763359275.000006475, sequence: 15236 - clear  0.000000000, sequence: 0
source 0 - assert 1763359276.000003293, sequence: 15237 - clear  0.000000000, sequence: 0
source 0 - assert 1763359277.000006998, sequence: 15238 - clear  0.000000000, sequence: 0
source 0 - assert 1763359278.000005145, sequence: 15239 - clear  0.000000000, sequence: 0
source 0 - assert 1763359279.000006139, sequence: 15240 - clear  0.000000000, sequence: 0
source 0 - assert 1763359280.000010633, sequence: 15241 - clear  0.000000000, sequence: 0
source 0 - assert 1763359281.000007007, sequence: 15242 - clear  0.000000000, sequence: 0
source 0 - assert 1763359282.000003801, sequence: 15243 - clear  0.000000000, sequence: 0
source 0 - assert 1763359283.000007010, sequence: 15244 - clear  0.000000000, sequence: 0
source 0 - assert 1763359284.000006423, sequence: 15245 - clear  0.000000000, sequence: 0
source 0 - assert 1763359285.000009695, sequence: 15246 - clear  0.000000000, sequence: 0
source 0 - assert 1763359286.000009368, sequence: 15247 - clear  0.000000000, sequence: 0
source 0 - assert 1763359287.000006812, sequence: 15248 - clear  0.000000000, sequence: 0
source 0 - assert 1763359288.000010243, sequence: 15249 - clear  0.000000000, sequence: 0
source 0 - assert 1763359289.000009619, sequence: 15250 - clear  0.000000000, sequence: 0
source 0 - assert 1763359290.000010761, sequence: 15251 - clear  0.000000000, sequence: 0
source 0 - assert 1763359291.000008845, sequence: 15252 - clear  0.000000000, sequence: 0
source 0 - assert 1763359292.000008178, sequence: 15253 - clear  0.000000000, sequence: 0
source 0 - assert 1763359293.000007854, sequence: 15254 - clear  0.000000000, sequence: 0
source 0 - assert 1763359294.000006845, sequence: 15255 - clear  0.000000000, sequence: 0
source 0 - assert 1763359295.000010781, sequence: 15256 - clear  0.000000000, sequence: 0
source 0 - assert 1763359296.000005364, sequence: 15257 - clear  0.000000000, sequence: 0
source 0 - assert 1763359297.000006395, sequence: 15258 - clear  0.000000000, sequence: 0
source 0 - assert 1763359298.000007559, sequence: 15259 - clear  0.000000000, sequence: 0
source 0 - assert 1763359299.000006387, sequence: 15260 - clear  0.000000000, sequence: 0
source 0 - assert 1763359300.000012427, sequence: 15261 - clear  0.000000000, sequence: 0
source 0 - assert 1763359301.000006761, sequence: 15262 - clear  0.000000000, sequence: 0
source 0 - assert 1763359302.000005596, sequence: 15263 - clear  0.000000000, sequence: 0
source 0 - assert 1763359303.000009357, sequence: 15264 - clear  0.000000000, sequence: 0
source 0 - assert 1763359304.000007906, sequence: 15265 - clear  0.000000000, sequence: 0
source 0 - assert 1763359305.000010071, sequence: 15266 - clear  0.000000000, sequence: 0
source 0 - assert 1763359306.000006229, sequence: 15267 - clear  0.000000000, sequence: 0
source 0 - assert 1763359307.000004432, sequence: 15268 - clear  0.000000000, sequence: 0
source 0 - assert 1763359308.000001813, sequence: 15269 - clear  0.000000000, sequence: 0
source 0 - assert 1763359309.000004306, sequence: 15270 - clear  0.000000000, sequence: 0
source 0 - assert 1763359310.000010192, sequence: 15271 - clear  0.000000000, sequence: 0
source 0 - assert 1763359311.000007070, sequence: 15272 - clear  0.000000000, sequence: 0
source 0 - assert 1763359312.000010109, sequence: 15273 - clear  0.000000000, sequence: 0
source 0 - assert 1763359313.000007310, sequence: 15274 - clear  0.000000000, sequence: 0
source 0 - assert 1763359314.000008898, sequence: 15275 - clear  0.000000000, sequence: 0
source 0 - assert 1763359315.000010240, sequence: 15276 - clear  0.000000000, sequence: 0
source 0 - assert 1763359316.000007984, sequence: 15277 - clear  0.000000000, sequence: 0
source 0 - assert 1763359317.000007657, sequence: 15278 - clear  0.000000000, sequence: 0
source 0 - assert 1763359318.000010367, sequence: 15279 - clear  0.000000000, sequence: 0
source 0 - assert 1763359319.000005547, sequence: 15280 - clear  0.000000000, sequence: 0
source 0 - assert 1763359320.000009667, sequence: 15281 - clear  0.000000000, sequence: 0
source 0 - assert 1763359321.000008140, sequence: 15282 - clear  0.000000000, sequence: 0
source 0 - assert 1763359322.000007902, sequence: 15283 - clear  0.000000000, sequence: 0
source 0 - assert 1763359323.000008404, sequence: 15284 - clear  0.000000000, sequence: 0
source 0 - assert 1763359324.000007316, sequence: 15285 - clear  0.000000000, sequence: 0
source 0 - assert 1763359325.000009612, sequence: 15286 - clear  0.000000000, sequence: 0
source 0 - assert 1763359326.000006188, sequence: 15287 - clear  0.000000000, sequence: 0
source 0 - assert 1763359327.000007060, sequence: 15288 - clear  0.000000000, sequence: 0
source 0 - assert 1763359328.000007054, sequence: 15289 - clear  0.000000000, sequence: 0
source 0 - assert 1763359329.000011381, sequence: 15290 - clear  0.000000000, sequence: 0
source 0 - assert 1763359330.000009781, sequence: 15291 - clear  0.000000000, sequence: 0
source 0 - assert 1763359331.000010008, sequence: 15292 - clear  0.000000000, sequence: 0
source 0 - assert 1763359332.000005110, sequence: 15293 - clear  0.000000000, sequence: 0
source 0 - assert 1763359333.000007311, sequence: 15294 - clear  0.000000000, sequence: 0
source 0 - assert 1763359334.000009608, sequence: 15295 - clear  0.000000000, sequence: 0
source 0 - assert 1763359335.000010199, sequence: 15296 - clear  0.000000000, sequence: 0
source 0 - assert 1763359336.000008907, sequence: 15297 - clear  0.000000000, sequence: 0
source 0 - assert 1763359337.000008644, sequence: 15298 - clear  0.000000000, sequence: 0
source 0 - assert 1763359338.000010941, sequence: 15299 - clear  0.000000000, sequence: 0
source 0 - assert 1763359339.000009513, sequence: 15300 - clear  0.000000000, sequence: 0
source 0 - assert 1763359340.000010716, sequence: 15301 - clear  0.000000000, sequence: 0
source 0 - assert 1763359341.000011008, sequence: 15302 - clear  0.000000000, sequence: 0
source 0 - assert 1763359342.000004133, sequence: 15303 - clear  0.000000000, sequence: 0
source 0 - assert 1763359343.000009684, sequence: 15304 - clear  0.000000000, sequence: 0
source 0 - assert 1763359344.000006943, sequence: 15305 - clear  0.000000000, sequence: 0
source 0 - assert 1763359345.000007709, sequence: 15306 - clear  0.000000000, sequence: 0
source 0 - assert 1763359346.000008630, sequence: 15307 - clear  0.000000000, sequence: 0
source 0 - assert 1763359347.000010265, sequence: 15308 - clear  0.000000000, sequence: 0
source 0 - assert 1763359348.000010822, sequence: 15309 - clear  0.000000000, sequence: 0
source 0 - assert 1763359349.000007529, sequence: 15310 - clear  0.000000000, sequence: 0
source 0 - assert 1763359350.000007490, sequence: 15311 - clear  0.000000000, sequence: 0
source 0 - assert 1763359351.000009576, sequence: 15312 - clear  0.000000000, sequence: 0
source 0 - assert 1763359352.000009557, sequence: 15313 - clear  0.000000000, sequence: 0
source 0 - assert 1763359353.000006777, sequence: 15314 - clear  0.000000000, sequence: 0
source 0 - assert 1763359354.000004811, sequence: 15315 - clear  0.000000000, sequence: 0
source 0 - assert 1763359355.000009306, sequence: 15316 - clear  0.000000000, sequence: 0
source 0 - assert 1763359356.000005234, sequence: 15317 - clear  0.000000000, sequence: 0
source 0 - assert 1763359357.000008019, sequence: 15318 - clear  0.000000000, sequence: 0
source 0 - assert 1763359358.000009200, sequence: 15319 - clear  0.000000000, sequence: 0
source 0 - assert 1763359359.000008247, sequence: 15320 - clear  0.000000000, sequence: 0
source 0 - assert 1763359360.000008618, sequence: 15321 - clear  0.000000000, sequence: 0
source 0 - assert 1763359361.000007747, sequence: 15322 - clear  0.000000000, sequence: 0
source 0 - assert 1763359362.000009093, sequence: 15323 - clear  0.000000000, sequence: 0
source 0 - assert 1763359363.000010208, sequence: 15324 - clear  0.000000000, sequence: 0
source 0 - assert 1763359364.000010003, sequence: 15325 - clear  0.000000000, sequence: 0
source 0 - assert 1763359365.000008970, sequence: 15326 - clear  0.000000000, sequence: 0
source 0 - assert 1763359366.000004866, sequence: 15327 - clear  0.000000000, sequence: 0
source 0 - assert 1763359367.000005524, sequence: 15328 - clear  0.000000000, sequence: 0
source 0 - assert 1763359368.000009969, sequence: 15329 - clear  0.000000000, sequence: 0
source 0 - assert 1763359369.000008591, sequence: 15330 - clear  0.000000000, sequence: 0
source 0 - assert 1763359370.000008655, sequence: 15331 - clear  0.000000000, sequence: 0
source 0 - assert 1763359371.000008843, sequence: 15332 - clear  0.000000000, sequence: 0
source 0 - assert 1763359372.000007031, sequence: 15333 - clear  0.000000000, sequence: 0
source 0 - assert 1763359373.000009086, sequence: 15334 - clear  0.000000000, sequence: 0
source 0 - assert 1763359374.000004727, sequence: 15335 - clear  0.000000000, sequence: 0
source 0 - assert 1763359375.000010027, sequence: 15336 - clear  0.000000000, sequence: 0
source 0 - assert 1763359376.000005432, sequence: 15337 - clear  0.000000000, sequence: 0
source 0 - assert 1763359377.000005381, sequence: 15338 - clear  0.000000000, sequence: 0
source 0 - assert 1763359378.000013373, sequence: 15339 - clear  0.000000000, sequence: 0
source 0 - assert 1763359379.000009170, sequence: 15340 - clear  0.000000000, sequence: 0
source 0 - assert 1763359380.000008392, sequence: 15341 - clear  0.000000000, sequence: 0
source 0 - assert 1763359381.000007935, sequence: 15342 - clear  0.000000000, sequence: 0
source 0 - assert 1763359382.000011184, sequence: 15343 - clear  0.000000000, sequence: 0
source 0 - assert 1763359383.000005097, sequence: 15344 - clear  0.000000000, sequence: 0
source 0 - assert 1763359384.000007331, sequence: 15345 - clear  0.000000000, sequence: 0
source 0 - assert 1763359385.000011288, sequence: 15346 - clear  0.000000000, sequence: 0
source 0 - assert 1763359386.000007050, sequence: 15347 - clear  0.000000000, sequence: 0
source 0 - assert 1763359387.000004346, sequence: 15348 - clear  0.000000000, sequence: 0
source 0 - assert 1763359388.000007009, sequence: 15349 - clear  0.000000000, sequence: 0
source 0 - assert 1763359389.000005216, sequence: 15350 - clear  0.000000000, sequence: 0
source 0 - assert 1763359390.000009989, sequence: 15351 - clear  0.000000000, sequence: 0
source 0 - assert 1763359391.000008688, sequence: 15352 - clear  0.000000000, sequence: 0
source 0 - assert 1763359392.000006184, sequence: 15353 - clear  0.000000000, sequence: 0
source 0 - assert 1763359393.000005973, sequence: 15354 - clear  0.000000000, sequence: 0
source 0 - assert 1763359394.000008564, sequence: 15355 - clear  0.000000000, sequence: 0
source 0 - assert 1763359395.000009100, sequence: 15356 - clear  0.000000000, sequence: 0
source 0 - assert 1763359396.000006427, sequence: 15357 - clear  0.000000000, sequence: 0
source 0 - assert 1763359397.000007188, sequence: 15358 - clear  0.000000000, sequence: 0
source 0 - assert 1763359398.000009983, sequence: 15359 - clear  0.000000000, sequence: 0
source 0 - assert 1763359399.000006528, sequence: 15360 - clear  0.000000000, sequence: 0
source 0 - assert 1763359400.000010059, sequence: 15361 - clear  0.000000000, sequence: 0
source 0 - assert 1763359401.000004510, sequence: 15362 - clear  0.000000000, sequence: 0
source 0 - assert 1763359402.000007321, sequence: 15363 - clear  0.000000000, sequence: 0
source 0 - assert 1763359403.000009647, sequence: 15364 - clear  0.000000000, sequence: 0
source 0 - assert 1763359404.000005898, sequence: 15365 - clear  0.000000000, sequence: 0
source 0 - assert 1763359405.000010815, sequence: 15366 - clear  0.000000000, sequence: 0
source 0 - assert 1763359406.000005555, sequence: 15367 - clear  0.000000000, sequence: 0
source 0 - assert 1763359407.000007239, sequence: 15368 - clear  0.000000000, sequence: 0
source 0 - assert 1763359408.000004897, sequence: 15369 - clear  0.000000000, sequence: 0
source 0 - assert 1763359409.000010383, sequence: 15370 - clear  0.000000000, sequence: 0
source 0 - assert 1763359410.000009099, sequence: 15371 - clear  0.000000000, sequence: 0
source 0 - assert 1763359411.000004468, sequence: 15372 - clear  0.000000000, sequence: 0
source 0 - assert 1763359412.000005922, sequence: 15373 - clear  0.000000000, sequence: 0
source 0 - assert 1763359413.000006181, sequence: 15374 - clear  0.000000000, sequence: 0
source 0 - assert 1763359414.000006512, sequence: 15375 - clear  0.000000000, sequence: 0
source 0 - assert 1763359415.000009467, sequence: 15376 - clear  0.000000000, sequence: 0
source 0 - assert 1763359416.000006013, sequence: 15377 - clear  0.000000000, sequence: 0
source 0 - assert 1763359417.000005549, sequence: 15378 - clear  0.000000000, sequence: 0
source 0 - assert 1763359418.000009262, sequence: 15379 - clear  0.000000000, sequence: 0
source 0 - assert 1763359419.000008131, sequence: 15380 - clear  0.000000000, sequence: 0
source 0 - assert 1763359420.000008685, sequence: 15381 - clear  0.000000000, sequence: 0
source 0 - assert 1763359421.000004766, sequence: 15382 - clear  0.000000000, sequence: 0
source 0 - assert 1763359422.000006145, sequence: 15383 - clear  0.000000000, sequence: 0
source 0 - assert 1763359423.000005896, sequence: 15384 - clear  0.000000000, sequence: 0
source 0 - assert 1763359424.000011819, sequence: 15385 - clear  0.000000000, sequence: 0
source 0 - assert 1763359425.000009559, sequence: 15386 - clear  0.000000000, sequence: 0
source 0 - assert 1763359426.000001930, sequence: 15387 - clear  0.000000000, sequence: 0
source 0 - assert 1763359427.000003478, sequence: 15388 - clear  0.000000000, sequence: 0
source 0 - assert 1763359428.000006451, sequence: 15389 - clear  0.000000000, sequence: 0
source 0 - assert 1763359429.000008569, sequence: 15390 - clear  0.000000000, sequence: 0
source 0 - assert 1763359430.000007556, sequence: 15391 - clear  0.000000000, sequence: 0
source 0 - assert 1763359431.000009341, sequence: 15392 - clear  0.000000000, sequence: 0
source 0 - assert 1763359432.000009131, sequence: 15393 - clear  0.000000000, sequence: 0
source 0 - assert 1763359433.000008682, sequence: 15394 - clear  0.000000000, sequence: 0
source 0 - assert 1763359434.000008141, sequence: 15395 - clear  0.000000000, sequence: 0
source 0 - assert 1763359435.000009182, sequence: 15396 - clear  0.000000000, sequence: 0
source 0 - assert 1763359436.000002731, sequence: 15397 - clear  0.000000000, sequence: 0
source 0 - assert 1763359437.000007828, sequence: 15398 - clear  0.000000000, sequence: 0
source 0 - assert 1763359438.000007653, sequence: 15399 - clear  0.000000000, sequence: 0
source 0 - assert 1763359439.000010503, sequence: 15400 - clear  0.000000000, sequence: 0
source 0 - assert 1763359440.000009747, sequence: 15401 - clear  0.000000000, sequence: 0
source 0 - assert 1763359441.000008552, sequence: 15402 - clear  0.000000000, sequence: 0
source 0 - assert 1763359442.000007571, sequence: 15403 - clear  0.000000000, sequence: 0
source 0 - assert 1763359443.000009875, sequence: 15404 - clear  0.000000000, sequence: 0
source 0 - assert 1763359444.000010190, sequence: 15405 - clear  0.000000000, sequence: 0
source 0 - assert 1763359445.000009386, sequence: 15406 - clear  0.000000000, sequence: 0
source 0 - assert 1763359446.000008056, sequence: 15407 - clear  0.000000000, sequence: 0
source 0 - assert 1763359447.000008363, sequence: 15408 - clear  0.000000000, sequence: 0
source 0 - assert 1763359448.000009750, sequence: 15409 - clear  0.000000000, sequence: 0
source 0 - assert 1763359449.000008830, sequence: 15410 - clear  0.000000000, sequence: 0
source 0 - assert 1763359450.000011647, sequence: 15411 - clear  0.000000000, sequence: 0
source 0 - assert 1763359451.000004175, sequence: 15412 - clear  0.000000000, sequence: 0
source 0 - assert 1763359452.000008252, sequence: 15413 - clear  0.000000000, sequence: 0
source 0 - assert 1763359453.000008301, sequence: 15414 - clear  0.000000000, sequence: 0
source 0 - assert 1763359454.000009512, sequence: 15415 - clear  0.000000000, sequence: 0
source 0 - assert 1763359455.000013710, sequence: 15416 - clear  0.000000000, sequence: 0
source 0 - assert 1763359456.000009911, sequence: 15417 - clear  0.000000000, sequence: 0
source 0 - assert 1763359457.000008215, sequence: 15418 - clear  0.000000000, sequence: 0
source 0 - assert 1763359458.000010282, sequence: 15419 - clear  0.000000000, sequence: 0
source 0 - assert 1763359459.000005743, sequence: 15420 - clear  0.000000000, sequence: 0
source 0 - assert 1763359460.000009360, sequence: 15421 - clear  0.000000000, sequence: 0
source 0 - assert 1763359461.000005989, sequence: 15422 - clear  0.000000000, sequence: 0
source 0 - assert 1763359462.000007850, sequence: 15423 - clear  0.000000000, sequence: 0
source 0 - assert 1763359463.000004033, sequence: 15424 - clear  0.000000000, sequence: 0
source 0 - assert 1763359464.000009509, sequence: 15425 - clear  0.000000000, sequence: 0
source 0 - assert 1763359465.000010070, sequence: 15426 - clear  0.000000000, sequence: 0
source 0 - assert 1763359466.000008865, sequence: 15427 - clear  0.000000000, sequence: 0
source 0 - assert 1763359467.000009527, sequence: 15428 - clear  0.000000000, sequence: 0
source 0 - assert 1763359468.000008310, sequence: 15429 - clear  0.000000000, sequence: 0
source 0 - assert 1763359469.000012851, sequence: 15430 - clear  0.000000000, sequence: 0
source 0 - assert 1763359470.000009710, sequence: 15431 - clear  0.000000000, sequence: 0
source 0 - assert 1763359471.000008746, sequence: 15432 - clear  0.000000000, sequence: 0
source 0 - assert 1763359472.000009627, sequence: 15433 - clear  0.000000000, sequence: 0
source 0 - assert 1763359473.000008428, sequence: 15434 - clear  0.000000000, sequence: 0
source 0 - assert 1763359474.000008399, sequence: 15435 - clear  0.000000000, sequence: 0
source 0 - assert 1763359475.000009191, sequence: 15436 - clear  0.000000000, sequence: 0
source 0 - assert 1763359476.000006267, sequence: 15437 - clear  0.000000000, sequence: 0
source 0 - assert 1763359477.000008678, sequence: 15438 - clear  0.000000000, sequence: 0
source 0 - assert 1763359478.000003977, sequence: 15439 - clear  0.000000000, sequence: 0
source 0 - assert 1763359479.000006227, sequence: 15440 - clear  0.000000000, sequence: 0
source 0 - assert 1763359480.000009845, sequence: 15441 - clear  0.000000000, sequence: 0
source 0 - assert 1763359481.000008057, sequence: 15442 - clear  0.000000000, sequence: 0
source 0 - assert 1763359482.000007034, sequence: 15443 - clear  0.000000000, sequence: 0
source 0 - assert 1763359483.000006866, sequence: 15444 - clear  0.000000000, sequence: 0
source 0 - assert 1763359484.000008759, sequence: 15445 - clear  0.000000000, sequence: 0
source 0 - assert 1763359485.000008665, sequence: 15446 - clear  0.000000000, sequence: 0
source 0 - assert 1763359486.000009591, sequence: 15447 - clear  0.000000000, sequence: 0
source 0 - assert 1763359487.000006147, sequence: 15448 - clear  0.000000000, sequence: 0
source 0 - assert 1763359488.000008533, sequence: 15449 - clear  0.000000000, sequence: 0
source 0 - assert 1763359489.000008362, sequence: 15450 - clear  0.000000000, sequence: 0
source 0 - assert 1763359490.000011278, sequence: 15451 - clear  0.000000000, sequence: 0
source 0 - assert 1763359491.000008368, sequence: 15452 - clear  0.000000000, sequence: 0
source 0 - assert 1763359492.000008193, sequence: 15453 - clear  0.000000000, sequence: 0
source 0 - assert 1763359493.000006234, sequence: 15454 - clear  0.000000000, sequence: 0
source 0 - assert 1763359494.000008182, sequence: 15455 - clear  0.000000000, sequence: 0
source 0 - assert 1763359495.000011865, sequence: 15456 - clear  0.000000000, sequence: 0
source 0 - assert 1763359496.000006378, sequence: 15457 - clear  0.000000000, sequence: 0
source 0 - assert 1763359497.000009860, sequence: 15458 - clear  0.000000000, sequence: 0
source 0 - assert 1763359498.000008401, sequence: 15459 - clear  0.000000000, sequence: 0
source 0 - assert 1763359499.000009652, sequence: 15460 - clear  0.000000000, sequence: 0
source 0 - assert 1763359500.000008397, sequence: 15461 - clear  0.000000000, sequence: 0
source 0 - assert 1763359501.000006723, sequence: 15462 - clear  0.000000000, sequence: 0
source 0 - assert 1763359502.000008592, sequence: 15463 - clear  0.000000000, sequence: 0
source 0 - assert 1763359503.000007975, sequence: 15464 - clear  0.000000000, sequence: 0
source 0 - assert 1763359504.000008471, sequence: 15465 - clear  0.000000000, sequence: 0
source 0 - assert 1763359505.000008801, sequence: 15466 - clear  0.000000000, sequence: 0
source 0 - assert 1763359506.000008839, sequence: 15467 - clear  0.000000000, sequence: 0
source 0 - assert 1763359507.000005176, sequence: 15468 - clear  0.000000000, sequence: 0
source 0 - assert 1763359508.000008229, sequence: 15469 - clear  0.000000000, sequence: 0
source 0 - assert 1763359509.000010602, sequence: 15470 - clear  0.000000000, sequence: 0
source 0 - assert 1763359510.000011260, sequence: 15471 - clear  0.000000000, sequence: 0
source 0 - assert 1763359511.000005985, sequence: 15472 - clear  0.000000000, sequence: 0
source 0 - assert 1763359512.000005771, sequence: 15473 - clear  0.000000000, sequence: 0
source 0 - assert 1763359513.000007984, sequence: 15474 - clear  0.000000000, sequence: 0
source 0 - assert 1763359514.000006944, sequence: 15475 - clear  0.000000000, sequence: 0
source 0 - assert 1763359515.000008024, sequence: 15476 - clear  0.000000000, sequence: 0
source 0 - assert 1763359516.000004367, sequence: 15477 - clear  0.000000000, sequence: 0
source 0 - assert 1763359517.000011390, sequence: 15478 - clear  0.000000000, sequence: 0
source 0 - assert 1763359518.000009224, sequence: 15479 - clear  0.000000000, sequence: 0
source 0 - assert 1763359519.000007933, sequence: 15480 - clear  0.000000000, sequence: 0
source 0 - assert 1763359520.000010102, sequence: 15481 - clear  0.000000000, sequence: 0
source 0 - assert 1763359521.000007766, sequence: 15482 - clear  0.000000000, sequence: 0
source 0 - assert 1763359522.000003356, sequence: 15483 - clear  0.000000000, sequence: 0
source 0 - assert 1763359523.000011778, sequence: 15484 - clear  0.000000000, sequence: 0
source 0 - assert 1763359524.000008891, sequence: 15485 - clear  0.000000000, sequence: 0
source 0 - assert 1763359525.000010552, sequence: 15486 - clear  0.000000000, sequence: 0
source 0 - assert 1763359526.000006520, sequence: 15487 - clear  0.000000000, sequence: 0
source 0 - assert 1763359527.000007781, sequence: 15488 - clear  0.000000000, sequence: 0
source 0 - assert 1763359528.000008996, sequence: 15489 - clear  0.000000000, sequence: 0
source 0 - assert 1763359529.000005152, sequence: 15490 - clear  0.000000000, sequence: 0
source 0 - assert 1763359530.000012017, sequence: 15491 - clear  0.000000000, sequence: 0
source 0 - assert 1763359531.000007747, sequence: 15492 - clear  0.000000000, sequence: 0
source 0 - assert 1763359532.000007575, sequence: 15493 - clear  0.000000000, sequence: 0
source 0 - assert 1763359533.000009198, sequence: 15494 - clear  0.000000000, sequence: 0
source 0 - assert 1763359534.000009022, sequence: 15495 - clear  0.000000000, sequence: 0
source 0 - assert 1763359535.000008815, sequence: 15496 - clear  0.000000000, sequence: 0
source 0 - assert 1763359536.000004097, sequence: 15497 - clear  0.000000000, sequence: 0
source 0 - assert 1763359537.000006123, sequence: 15498 - clear  0.000000000, sequence: 0
source 0 - assert 1763359538.000009222, sequence: 15499 - clear  0.000000000, sequence: 0
source 0 - assert 1763359539.000007154, sequence: 15500 - clear  0.000000000, sequence: 0
source 0 - assert 1763359540.000006849, sequence: 15501 - clear  0.000000000, sequence: 0
source 0 - assert 1763359541.000005726, sequence: 15502 - clear  0.000000000, sequence: 0
source 0 - assert 1763359542.000008894, sequence: 15503 - clear  0.000000000, sequence: 0
source 0 - assert 1763359543.000007475, sequence: 15504 - clear  0.000000000, sequence: 0
source 0 - assert 1763359544.000006047, sequence: 15505 - clear  0.000000000, sequence: 0
source 0 - assert 1763359545.000009395, sequence: 15506 - clear  0.000000000, sequence: 0
source 0 - assert 1763359546.000004827, sequence: 15507 - clear  0.000000000, sequence: 0
source 0 - assert 1763359547.000007287, sequence: 15508 - clear  0.000000000, sequence: 0
source 0 - assert 1763359548.000010073, sequence: 15509 - clear  0.000000000, sequence: 0
source 0 - assert 1763359549.000005726, sequence: 15510 - clear  0.000000000, sequence: 0
source 0 - assert 1763359550.000007469, sequence: 15511 - clear  0.000000000, sequence: 0
source 0 - assert 1763359551.000008262, sequence: 15512 - clear  0.000000000, sequence: 0
source 0 - assert 1763359552.000012439, sequence: 15513 - clear  0.000000000, sequence: 0
source 0 - assert 1763359553.000008426, sequence: 15514 - clear  0.000000000, sequence: 0
source 0 - assert 1763359554.000005932, sequence: 15515 - clear  0.000000000, sequence: 0
source 0 - assert 1763359555.000006561, sequence: 15516 - clear  0.000000000, sequence: 0
source 0 - assert 1763359556.000004808, sequence: 15517 - clear  0.000000000, sequence: 0
source 0 - assert 1763359557.000008304, sequence: 15518 - clear  0.000000000, sequence: 0
source 0 - assert 1763359558.000008882, sequence: 15519 - clear  0.000000000, sequence: 0
source 0 - assert 1763359559.000005215, sequence: 15520 - clear  0.000000000, sequence: 0
source 0 - assert 1763359560.000010926, sequence: 15521 - clear  0.000000000, sequence: 0
source 0 - assert 1763359561.000006433, sequence: 15522 - clear  0.000000000, sequence: 0
source 0 - assert 1763359562.000006949, sequence: 15523 - clear  0.000000000, sequence: 0
source 0 - assert 1763359563.000007066, sequence: 15524 - clear  0.000000000, sequence: 0
source 0 - assert 1763359564.000000432, sequence: 15525 - clear  0.000000000, sequence: 0
source 0 - assert 1763359565.000008844, sequence: 15526 - clear  0.000000000, sequence: 0
source 0 - assert 1763359566.000008398, sequence: 15527 - clear  0.000000000, sequence: 0
source 0 - assert 1763359567.000007521, sequence: 15528 - clear  0.000000000, sequence: 0
source 0 - assert 1763359568.000008224, sequence: 15529 - clear  0.000000000, sequence: 0
source 0 - assert 1763359569.000007679, sequence: 15530 - clear  0.000000000, sequence: 0
source 0 - assert 1763359570.000009469, sequence: 15531 - clear  0.000000000, sequence: 0
source 0 - assert 1763359571.000006550, sequence: 15532 - clear  0.000000000, sequence: 0
source 0 - assert 1763359572.000004680, sequence: 15533 - clear  0.000000000, sequence: 0
source 0 - assert 1763359573.000007774, sequence: 15534 - clear  0.000000000, sequence: 0
source 0 - assert 1763359574.000006267, sequence: 15535 - clear  0.000000000, sequence: 0
source 0 - assert 1763359575.000010716, sequence: 15536 - clear  0.000000000, sequence: 0
source 0 - assert 1763359576.000008266, sequence: 15537 - clear  0.000000000, sequence: 0
source 0 - assert 1763359577.000007479, sequence: 15538 - clear  0.000000000, sequence: 0
source 0 - assert 1763359578.000003532, sequence: 15539 - clear  0.000000000, sequence: 0
source 0 - assert 1763359579.000009790, sequence: 15540 - clear  0.000000000, sequence: 0
source 0 - assert 1763359580.000008274, sequence: 15541 - clear  0.000000000, sequence: 0
source 0 - assert 1763359581.000006697, sequence: 15542 - clear  0.000000000, sequence: 0
source 0 - assert 1763359582.000008993, sequence: 15543 - clear  0.000000000, sequence: 0
source 0 - assert 1763359583.000004476, sequence: 15544 - clear  0.000000000, sequence: 0
source 0 - assert 1763359584.000008137, sequence: 15545 - clear  0.000000000, sequence: 0
source 0 - assert 1763359585.000011051, sequence: 15546 - clear  0.000000000, sequence: 0
Terminated
