trying PPS source "/dev/pps0"
found PPS source "/dev/pps0"
ok, found 1 source(s), now start fetching data...
source 0 - assert 1763353370.000011300, sequence: 9331 - clear  0.000000000, sequence: 0
source 0 - assert 1763353371.000005458, sequence: 9332 - clear  0.000000000, sequence: 0
source 0 - assert 1763353372.000003870, sequence: 9333 - clear  0.000000000, sequence: 0
source 0 - assert 1763353373.000002585, sequence: 9334 - clear  0.000000000, sequence: 0
source 0 - assert 1763353374.000001527, sequence: 9335 - clear  0.000000000, sequence: 0
source 0 - assert 1763353375.000003016, sequence: 9336 - clear  0.000000000, sequence: 0
source 0 - assert 1763353376.000005962, sequence: 9337 - clear  0.000000000, sequence: 0
source 0 - assert 1763353377.000005902, sequence: 9338 - clear  0.000000000, sequence: 0
source 0 - assert 1763353378.000003109, sequence: 9339 - clear  0.000000000, sequence: 0
source 0 - assert 1763353379.000007033, sequence: 9340 - clear  0.000000000, sequence: 0
source 0 - assert 1763353380.000005779, sequence: 9341 - clear  0.000000000, sequence: 0
source 0 - assert 1763353381.000008841, sequence: 9342 - clear  0.000000000, sequence: 0
source 0 - assert 1763353382.000005894, sequence: 9343 - clear  0.000000000, sequence: 0
source 0 - assert 1763353383.000005513, sequence: 9344 - clear  0.000000000, sequence: 0
source 0 - assert 1763353384.000008389, sequence: 9345 - clear  0.000000000, sequence: 0
source 0 - assert 1763353385.000006053, sequence: 9346 - clear  0.000000000, sequence: 0
source 0 - assert 1763353386.000008790, sequence: 9347 - clear  0.000000000, sequence: 0
source 0 - assert 1763353387.000007178, sequence: 9348 - clear  0.000000000, sequence: 0
source 0 - assert 1763353388.000004268, sequence: 9349 - clear  0.000000000, sequence: 0
source 0 - assert 1763353389.000009758, sequence: 9350 - clear  0.000000000, sequence: 0
source 0 - assert 1763353390.000005177, sequence: 9351 - clear  0.000000000, sequence: 0
source 0 - assert 1763353391.000006335, sequence: 9352 - clear  0.000000000, sequence: 0
source 0 - assert 1763353392.000008971, sequence: 9353 - clear  0.000000000, sequence: 0
source 0 - assert 1763353393.000006438, sequence: 9354 - clear  0.000000000, sequence: 0
source 0 - assert 1763353394.000005634, sequence: 9355 - clear  0.000000000, sequence: 0
source 0 - assert 1763353395.000004103, sequence: 9356 - clear  0.000000000, sequence: 0
source 0 - assert 1763353396.000009024, sequence: 9357 - clear  0.000000000, sequence: 0
source 0 - assert 1763353397.000004814, sequence: 9358 - clear  0.000000000, sequence: 0
source 0 - assert 1763353398.000007077, sequence: 9359 - clear  0.000000000, sequence: 0
source 0 - assert 1763353399.000004812, sequence: 9360 - clear  0.000000000, sequence: 0
source 0 - assert 1763353400.000005436, sequence: 9361 - clear  0.000000000, sequence: 0
source 0 - assert 1763353401.000012318, sequence: 9362 - clear  0.000000000, sequence: 0
source 0 - assert 1763353402.000003966, sequence: 9363 - clear  0.000000000, sequence: 0
source 0 - assert 1763353403.000008294, sequence: 9364 - clear  0.000000000, sequence: 0
source 0 - assert 1763353404.000006096, sequence: 9365 - clear  0.000000000, sequence: 0
source 0 - assert 1763353405.000005737, sequence: 9366 - clear  0.000000000, sequence: 0
source 0 - assert 1763353406.000010868, sequence: 9367 - clear  0.000000000, sequence: 0
source 0 - assert 1763353407.000003556, sequence: 9368 - clear  0.000000000, sequence: 0
source 0 - assert 1763353408.000009254, sequence: 9369 - clear  0.000000000, sequence: 0
source 0 - assert 1763353409.000006662, sequence: 9370 - clear  0.000000000, sequence: 0
source 0 - assert 1763353410.000004879, sequence: 9371 - clear  0.000000000, sequence: 0
source 0 - assert 1763353411.000008554, sequence: 9372 - clear  0.000000000, sequence: 0
source 0 - assert 1763353412.000005621, sequence: 9373 - clear  0.000000000, sequence: 0
source 0 - assert 1763353413.000009024, sequence: 9374 - clear  0.000000000, sequence: 0
source 0 - assert 1763353414.000005756, sequence: 9375 - clear  0.000000000, sequence: 0
source 0 - assert 1763353415.000002981, sequence: 9376 - clear  0.000000000, sequence: 0
source 0 - assert 1763353416.000007224, sequence: 9377 - clear  0.000000000, sequence: 0
source 0 - assert 1763353417.000003643, sequence: 9378 - clear  0.000000000, sequence: 0
source 0 - assert 1763353418.000007113, sequence: 9379 - clear  0.000000000, sequence: 0
source 0 - assert 1763353419.000010490, sequence: 9380 - clear  0.000000000, sequence: 0
source 0 - assert 1763353420.000000271, sequence: 9381 - clear  0.000000000, sequence: 0
source 0 - assert 1763353421.000007504, sequence: 9382 - clear  0.000000000, sequence: 0
source 0 - assert 1763353422.000007807, sequence: 9383 - clear  0.000000000, sequence: 0
source 0 - assert 1763353423.000006752, sequence: 9384 - clear  0.000000000, sequence: 0
source 0 - assert 1763353424.000005551, sequence: 9385 - clear  0.000000000, sequence: 0
source 0 - assert 1763353425.000008229, sequence: 9386 - clear  0.000000000, sequence: 0
source 0 - assert 1763353426.000010242, sequence: 9387 - clear  0.000000000, sequence: 0
source 0 - assert 1763353427.000004966, sequence: 9388 - clear  0.000000000, sequence: 0
source 0 - assert 1763353428.000007376, sequence: 9389 - clear  0.000000000, sequence: 0
source 0 - assert 1763353429.000005241, sequence: 9390 - clear  0.000000000, sequence: 0
source 0 - assert 1763353430.000006235, sequence: 9391 - clear  0.000000000, sequence: 0
source 0 - assert 1763353431.000011068, sequence: 9392 - clear  0.000000000, sequence: 0
source 0 - assert 1763353432.000008252, sequence: 9393 - clear  0.000000000, sequence: 0
source 0 - assert 1763353433.000005421, sequence: 9394 - clear  0.000000000, sequence: 0
source 0 - assert 1763353434.000005192, sequence: 9395 - clear  0.000000000, sequence: 0
source 0 - assert 1763353435.000007070, sequence: 9396 - clear  0.000000000, sequence: 0
source 0 - assert 1763353436.000008646, sequence: 9397 - clear  0.000000000, sequence: 0
source 0 - assert 1763353437.000004678, sequence: 9398 - clear  0.000000000, sequence: 0
source 0 - assert 1763353438.000004613, sequence: 9399 - clear  0.000000000, sequence: 0
source 0 - assert 1763353439.000010768, sequence: 9400 - clear  0.000000000, sequence: 0
source 0 - assert 1763353440.000008039, sequence: 9401 - clear  0.000000000, sequence: 0
source 0 - assert 1763353441.000009508, sequence: 9402 - clear  0.000000000, sequence: 0
source 0 - assert 1763353442.000004741, sequence: 9403 - clear  0.000000000, sequence: 0
source 0 - assert 1763353443.000006152, sequence: 9404 - clear  0.000000000, sequence: 0
source 0 - assert 1763353444.000008627, sequence: 9405 - clear  0.000000000, sequence: 0
source 0 - assert 1763353445.000007795, sequence: 9406 - clear  0.000000000, sequence: 0
source 0 - assert 1763353446.000008249, sequence: 9407 - clear  0.000000000, sequence: 0
source 0 - assert 1763353447.000005898, sequence: 9408 - clear  0.000000000, sequence: 0
source 0 - assert 1763353448.000007939, sequence: 9409 - clear  0.000000000, sequence: 0
source 0 - assert 1763353449.000007890, sequence: 9410 - clear  0.000000000, sequence: 0
source 0 - assert 1763353450.000006065, sequence: 9411 - clear  0.000000000, sequence: 0
source 0 - assert 1763353451.000007600, sequence: 9412 - clear  0.000000000, sequence: 0
source 0 - assert 1763353452.000004026, sequence: 9413 - clear  0.000000000, sequence: 0
source 0 - assert 1763353453.000004684, sequence: 9414 - clear  0.000000000, sequence: 0
source 0 - assert 1763353454.000002614, sequence: 9415 - clear  0.000000000, sequence: 0
source 0 - assert 1763353455.000007061, sequence: 9416 - clear  0.000000000, sequence: 0
source 0 - assert 1763353456.000006638, sequence: 9417 - clear  0.000000000, sequence: 0
source 0 - assert 1763353457.000002978, sequence: 9418 - clear  0.000000000, sequence: 0
source 0 - assert 1763353458.000003404, sequence: 9419 - clear  0.000000000, sequence: 0
source 0 - assert 1763353459.000007803, sequence: 9420 - clear  0.000000000, sequence: 0
source 0 - assert 1763353460.000008468, sequence: 9421 - clear  0.000000000, sequence: 0
source 0 - assert 1763353461.000007690, sequence: 9422 - clear  0.000000000, sequence: 0
source 0 - assert 1763353462.000006113, sequence: 9423 - clear  0.000000000, sequence: 0
source 0 - assert 1763353463.000007389, sequence: 9424 - clear  0.000000000, sequence: 0
source 0 - assert 1763353464.000004097, sequence: 9425 - clear  0.000000000, sequence: 0
source 0 - assert 1763353465.000007654, sequence: 9426 - clear  0.000000000, sequence: 0
source 0 - assert 1763353466.000005898, sequence: 9427 - clear  0.000000000, sequence: 0
source 0 - assert 1763353467.000008350, sequence: 9428 - clear  0.000000000, sequence: 0
source 0 - assert 1763353468.000003861, sequence: 9429 - clear  0.000000000, sequence: 0
source 0 - assert 1763353469.000006896, sequence: 9430 - clear  0.000000000, sequence: 0
source 0 - assert 1763353470.000005318, sequence: 9431 - clear  0.000000000, sequence: 0
source 0 - assert 1763353471.000004199, sequence: 9432 - clear  0.000000000, sequence: 0
source 0 - assert 1763353472.000006537, sequence: 9433 - clear  0.000000000, sequence: 0
source 0 - assert 1763353473.000006690, sequence: 9434 - clear  0.000000000, sequence: 0
source 0 - assert 1763353474.000004580, sequence: 9435 - clear  0.000000000, sequence: 0
source 0 - assert 1763353475.000006970, sequence: 9436 - clear  0.000000000, sequence: 0
source 0 - assert 1763353476.000003928, sequence: 9437 - clear  0.000000000, sequence: 0
source 0 - assert 1763353477.000005938, sequence: 9438 - clear  0.000000000, sequence: 0
source 0 - assert 1763353478.000003008, sequence: 9439 - clear  0.000000000, sequence: 0
source 0 - assert 1763353479.000004715, sequence: 9440 - clear  0.000000000, sequence: 0
source 0 - assert 1763353480.000008521, sequence: 9441 - clear  0.000000000, sequence: 0
source 0 - assert 1763353481.000004783, sequence: 9442 - clear  0.000000000, sequence: 0
source 0 - assert 1763353482.000008136, sequence: 9443 - clear  0.000000000, sequence: 0
source 0 - assert 1763353483.000004595, sequence: 9444 - clear  0.000000000, sequence: 0
source 0 - assert 1763353484.000005811, sequence: 9445 - clear  0.000000000, sequence: 0
source 0 - assert 1763353485.000002136, sequence: 9446 - clear  0.000000000, sequence: 0
source 0 - assert 1763353486.000006539, sequence: 9447 - clear  0.000000000, sequence: 0
source 0 - assert 1763353487.000008250, sequence: 9448 - clear  0.000000000, sequence: 0
source 0 - assert 1763353488.000005830, sequence: 9449 - clear  0.000000000, sequence: 0
source 0 - assert 1763353489.000005555, sequence: 9450 - clear  0.000000000, sequence: 0
source 0 - assert 1763353490.000001917, sequence: 9451 - clear  0.000000000, sequence: 0
source 0 - assert 1763353491.000007260, sequence: 9452 - clear  0.000000000, sequence: 0
source 0 - assert 1763353492.000008517, sequence: 9453 - clear  0.000000000, sequence: 0
source 0 - assert 1763353493.000007763, sequence: 9454 - clear  0.000000000, sequence: 0
source 0 - assert 1763353494.000008378, sequence: 9455 - clear  0.000000000, sequence: 0
source 0 - assert 1763353495.000004320, sequence: 9456 - clear  0.000000000, sequence: 0
source 0 - assert 1763353496.000006124, sequence: 9457 - clear  0.000000000, sequence: 0
source 0 - assert 1763353497.000007276, sequence: 9458 - clear  0.000000000, sequence: 0
source 0 - assert 1763353498.000009339, sequence: 9459 - clear  0.000000000, sequence: 0
source 0 - assert 1763353499.000005459, sequence: 9460 - clear  0.000000000, sequence: 0
source 0 - assert 1763353500.000003639, sequence: 9461 - clear  0.000000000, sequence: 0
source 0 - assert 1763353501.000003633, sequence: 9462 - clear  0.000000000, sequence: 0
source 0 - assert 1763353502.000007595, sequence: 9463 - clear  0.000000000, sequence: 0
source 0 - assert 1763353503.000007767, sequence: 9464 - clear  0.000000000, sequence: 0
source 0 - assert 1763353504.000005548, sequence: 9465 - clear  0.000000000, sequence: 0
source 0 - assert 1763353505.000007017, sequence: 9466 - clear  0.000000000, sequence: 0
source 0 - assert 1763353506.000004244, sequence: 9467 - clear  0.000000000, sequence: 0
source 0 - assert 1763353507.000005943, sequence: 9468 - clear  0.000000000, sequence: 0
source 0 - assert 1763353508.000005567, sequence: 9469 - clear  0.000000000, sequence: 0
source 0 - assert 1763353509.000007589, sequence: 9470 - clear  0.000000000, sequence: 0
source 0 - assert 1763353510.000009064, sequence: 9471 - clear  0.000000000, sequence: 0
source 0 - assert 1763353511.000007220, sequence: 9472 - clear  0.000000000, sequence: 0
source 0 - assert 1763353512.000006601, sequence: 9473 - clear  0.000000000, sequence: 0
source 0 - assert 1763353513.000006039, sequence: 9474 - clear  0.000000000, sequence: 0
source 0 - assert 1763353514.000004865, sequence: 9475 - clear  0.000000000, sequence: 0
source 0 - assert 1763353515.000005755, sequence: 9476 - clear  0.000000000, sequence: 0
source 0 - assert 1763353516.000008335, sequence: 9477 - clear  0.000000000, sequence: 0
source 0 - assert 1763353517.000009390, sequence: 9478 - clear  0.000000000, sequence: 0
source 0 - assert 1763353517.999999649, sequence: 9479 - clear  0.000000000, sequence: 0
source 0 - assert 1763353519.000000770, sequence: 9480 - clear  0.000000000, sequence: 0
source 0 - assert 1763353520.000004162, sequence: 9481 - clear  0.000000000, sequence: 0
source 0 - assert 1763353521.000008446, sequence: 9482 - clear  0.000000000, sequence: 0
source 0 - assert 1763353522.000007716, sequence: 9483 - clear  0.000000000, sequence: 0
source 0 - assert 1763353523.000009098, sequence: 9484 - clear  0.000000000, sequence: 0
source 0 - assert 1763353524.000003187, sequence: 9485 - clear  0.000000000, sequence: 0
source 0 - assert 1763353525.000004133, sequence: 9486 - clear  0.000000000, sequence: 0
source 0 - assert 1763353526.000005879, sequence: 9487 - clear  0.000000000, sequence: 0
source 0 - assert 1763353527.000010394, sequence: 9488 - clear  0.000000000, sequence: 0
source 0 - assert 1763353528.000007703, sequence: 9489 - clear  0.000000000, sequence: 0
source 0 - assert 1763353529.000005527, sequence: 9490 - clear  0.000000000, sequence: 0
source 0 - assert 1763353530.000004475, sequence: 9491 - clear  0.000000000, sequence: 0
source 0 - assert 1763353531.000004518, sequence: 9492 - clear  0.000000000, sequence: 0
source 0 - assert 1763353532.000006782, sequence: 9493 - clear  0.000000000, sequence: 0
source 0 - assert 1763353533.000005265, sequence: 9494 - clear  0.000000000, sequence: 0
source 0 - assert 1763353534.000002917, sequence: 9495 - clear  0.000000000, sequence: 0
source 0 - assert 1763353535.000005957, sequence: 9496 - clear  0.000000000, sequence: 0
source 0 - assert 1763353536.000003883, sequence: 9497 - clear  0.000000000, sequence: 0
source 0 - assert 1763353537.000005647, sequence: 9498 - clear  0.000000000, sequence: 0
source 0 - assert 1763353538.000006196, sequence: 9499 - clear  0.000000000, sequence: 0
source 0 - assert 1763353539.000002279, sequence: 9500 - clear  0.000000000, sequence: 0
source 0 - assert 1763353540.000008769, sequence: 9501 - clear  0.000000000, sequence: 0
source 0 - assert 1763353541.000002726, sequence: 9502 - clear  0.000000000, sequence: 0
source 0 - assert 1763353542.000008477, sequence: 9503 - clear  0.000000000, sequence: 0
source 0 - assert 1763353543.000003835, sequence: 9504 - clear  0.000000000, sequence: 0
source 0 - assert 1763353544.000003785, sequence: 9505 - clear  0.000000000, sequence: 0
source 0 - assert 1763353545.000002433, sequence: 9506 - clear  0.000000000, sequence: 0
source 0 - assert 1763353546.000005922, sequence: 9507 - clear  0.000000000, sequence: 0
source 0 - assert 1763353547.000006525, sequence: 9508 - clear  0.000000000, sequence: 0
source 0 - assert 1763353548.000002818, sequence: 9509 - clear  0.000000000, sequence: 0
source 0 - assert 1763353549.000006143, sequence: 9510 - clear  0.000000000, sequence: 0
source 0 - assert 1763353550.000003614, sequence: 9511 - clear  0.000000000, sequence: 0
source 0 - assert 1763353551.000003950, sequence: 9512 - clear  0.000000000, sequence: 0
source 0 - assert 1763353552.000010130, sequence: 9513 - clear  0.000000000, sequence: 0
source 0 - assert 1763353553.000006789, sequence: 9514 - clear  0.000000000, sequence: 0
source 0 - assert 1763353554.000001915, sequence: 9515 - clear  0.000000000, sequence: 0
source 0 - assert 1763353555.000006711, sequence: 9516 - clear  0.000000000, sequence: 0
source 0 - assert 1763353556.000001765, sequence: 9517 - clear  0.000000000, sequence: 0
source 0 - assert 1763353557.000009189, sequence: 9518 - clear  0.000000000, sequence: 0
source 0 - assert 1763353558.000006756, sequence: 9519 - clear  0.000000000, sequence: 0
source 0 - assert 1763353559.000010196, sequence: 9520 - clear  0.000000000, sequence: 0
source 0 - assert 1763353560.000008776, sequence: 9521 - clear  0.000000000, sequence: 0
source 0 - assert 1763353561.000003157, sequence: 9522 - clear  0.000000000, sequence: 0
source 0 - assert 1763353562.000009015, sequence: 9523 - clear  0.000000000, sequence: 0
source 0 - assert 1763353563.000007437, sequence: 9524 - clear  0.000000000, sequence: 0
source 0 - assert 1763353564.000007695, sequence: 9525 - clear  0.000000000, sequence: 0
source 0 - assert 1763353565.000004924, sequence: 9526 - clear  0.000000000, sequence: 0
source 0 - assert 1763353566.000005099, sequence: 9527 - clear  0.000000000, sequence: 0
source 0 - assert 1763353567.000006227, sequence: 9528 - clear  0.000000000, sequence: 0
source 0 - assert 1763353568.000007170, sequence: 9529 - clear  0.000000000, sequence: 0
source 0 - assert 1763353569.000007918, sequence: 9530 - clear  0.000000000, sequence: 0
source 0 - assert 1763353570.000008880, sequence: 9531 - clear  0.000000000, sequence: 0
source 0 - assert 1763353571.000005212, sequence: 9532 - clear  0.000000000, sequence: 0
source 0 - assert 1763353572.000007430, sequence: 9533 - clear  0.000000000, sequence: 0
source 0 - assert 1763353573.000005907, sequence: 9534 - clear  0.000000000, sequence: 0
source 0 - assert 1763353574.000003618, sequence: 9535 - clear  0.000000000, sequence: 0
source 0 - assert 1763353575.000007018, sequence: 9536 - clear  0.000000000, sequence: 0
source 0 - assert 1763353576.000004095, sequence: 9537 - clear  0.000000000, sequence: 0
source 0 - assert 1763353577.000006794, sequence: 9538 - clear  0.000000000, sequence: 0
source 0 - assert 1763353578.000007015, sequence: 9539 - clear  0.000000000, sequence: 0
source 0 - assert 1763353579.000007514, sequence: 9540 - clear  0.000000000, sequence: 0
source 0 - assert 1763353580.000004326, sequence: 9541 - clear  0.000000000, sequence: 0
source 0 - assert 1763353581.000002232, sequence: 9542 - clear  0.000000000, sequence: 0
source 0 - assert 1763353582.000010669, sequence: 9543 - clear  0.000000000, sequence: 0
source 0 - assert 1763353583.000008008, sequence: 9544 - clear  0.000000000, sequence: 0
source 0 - assert 1763353584.000009660, sequence: 9545 - clear  0.000000000, sequence: 0
source 0 - assert 1763353585.000003935, sequence: 9546 - clear  0.000000000, sequence: 0
source 0 - assert 1763353586.000005755, sequence: 9547 - clear  0.000000000, sequence: 0
source 0 - assert 1763353587.000006304, sequence: 9548 - clear  0.000000000, sequence: 0
source 0 - assert 1763353588.000006844, sequence: 9549 - clear  0.000000000, sequence: 0
source 0 - assert 1763353589.000009762, sequence: 9550 - clear  0.000000000, sequence: 0
source 0 - assert 1763353590.000003539, sequence: 9551 - clear  0.000000000, sequence: 0
source 0 - assert 1763353591.000005100, sequence: 9552 - clear  0.000000000, sequence: 0
source 0 - assert 1763353592.000005803, sequence: 9553 - clear  0.000000000, sequence: 0
source 0 - assert 1763353593.000005804, sequence: 9554 - clear  0.000000000, sequence: 0
source 0 - assert 1763353594.000003526, sequence: 9555 - clear  0.000000000, sequence: 0
source 0 - assert 1763353595.000005021, sequence: 9556 - clear  0.000000000, sequence: 0
source 0 - assert 1763353596.000005337, sequence: 9557 - clear  0.000000000, sequence: 0
source 0 - assert 1763353597.000007034, sequence: 9558 - clear  0.000000000, sequence: 0
source 0 - assert 1763353598.000008285, sequence: 9559 - clear  0.000000000, sequence: 0
source 0 - assert 1763353599.000005153, sequence: 9560 - clear  0.000000000, sequence: 0
source 0 - assert 1763353600.000004273, sequence: 9561 - clear  0.000000000, sequence: 0
source 0 - assert 1763353601.000009032, sequence: 9562 - clear  0.000000000, sequence: 0
source 0 - assert 1763353602.000008692, sequence: 9563 - clear  0.000000000, sequence: 0
source 0 - assert 1763353603.000004381, sequence: 9564 - clear  0.000000000, sequence: 0
source 0 - assert 1763353604.000004980, sequence: 9565 - clear  0.000000000, sequence: 0
source 0 - assert 1763353605.000006976, sequence: 9566 - clear  0.000000000, sequence: 0
source 0 - assert 1763353606.000003530, sequence: 9567 - clear  0.000000000, sequence: 0
source 0 - assert 1763353607.000007158, sequence: 9568 - clear  0.000000000, sequence: 0
source 0 - assert 1763353608.000002683, sequence: 9569 - clear  0.000000000, sequence: 0
source 0 - assert 1763353609.000005475, sequence: 9570 - clear  0.000000000, sequence: 0
source 0 - assert 1763353610.000008266, sequence: 9571 - clear  0.000000000, sequence: 0
source 0 - assert 1763353611.000006065, sequence: 9572 - clear  0.000000000, sequence: 0
source 0 - assert 1763353612.000008881, sequence: 9573 - clear  0.000000000, sequence: 0
source 0 - assert 1763353613.000005087, sequence: 9574 - clear  0.000000000, sequence: 0
source 0 - assert 1763353614.000000498, sequence: 9575 - clear  0.000000000, sequence: 0
source 0 - assert 1763353615.000006224, sequence: 9576 - clear  0.000000000, sequence: 0
source 0 - assert 1763353616.000004196, sequence: 9577 - clear  0.000000000, sequence: 0
source 0 - assert 1763353617.000008011, sequence: 9578 - clear  0.000000000, sequence: 0
source 0 - assert 1763353618.000005260, sequence: 9579 - clear  0.000000000, sequence: 0
source 0 - assert 1763353619.000007614, sequence: 9580 - clear  0.000000000, sequence: 0
source 0 - assert 1763353620.000011122, sequence: 9581 - clear  0.000000000, sequence: 0
source 0 - assert 1763353621.000005938, sequence: 9582 - clear  0.000000000, sequence: 0
source 0 - assert 1763353622.000008009, sequence: 9583 - clear  0.000000000, sequence: 0
source 0 - assert 1763353623.000009765, sequence: 9584 - clear  0.000000000, sequence: 0
source 0 - assert 1763353624.000007762, sequence: 9585 - clear  0.000000000, sequence: 0
source 0 - assert 1763353625.000004016, sequence: 9586 - clear  0.000000000, sequence: 0
source 0 - assert 1763353626.000006992, sequence: 9587 - clear  0.000000000, sequence: 0
source 0 - assert 1763353627.000006790, sequence: 9588 - clear  0.000000000, sequence: 0
source 0 - assert 1763353628.000005680, sequence: 9589 - clear  0.000000000, sequence: 0
source 0 - assert 1763353629.000004081, sequence: 9590 - clear  0.000000000, sequence: 0
source 0 - assert 1763353630.000005428, sequence: 9591 - clear  0.000000000, sequence: 0
source 0 - assert 1763353631.000006663, sequence: 9592 - clear  0.000000000, sequence: 0
source 0 - assert 1763353632.000007547, sequence: 9593 - clear  0.000000000, sequence: 0
source 0 - assert 1763353633.000004665, sequence: 9594 - clear  0.000000000, sequence: 0
source 0 - assert 1763353634.000005321, sequence: 9595 - clear  0.000000000, sequence: 0
source 0 - assert 1763353635.000005456, sequence: 9596 - clear  0.000000000, sequence: 0
source 0 - assert 1763353636.000004626, sequence: 9597 - clear  0.000000000, sequence: 0
source 0 - assert 1763353637.000006903, sequence: 9598 - clear  0.000000000, sequence: 0
source 0 - assert 1763353638.000002762, sequence: 9599 - clear  0.000000000, sequence: 0
source 0 - assert 1763353639.000007012, sequence: 9600 - clear  0.000000000, sequence: 0
source 0 - assert 1763353640.000003930, sequence: 9601 - clear  0.000000000, sequence: 0
source 0 - assert 1763353641.000008302, sequence: 9602 - clear  0.000000000, sequence: 0
source 0 - assert 1763353642.000007780, sequence: 9603 - clear  0.000000000, sequence: 0
source 0 - assert 1763353643.000007924, sequence: 9604 - clear  0.000000000, sequence: 0
source 0 - assert 1763353644.000008019, sequence: 9605 - clear  0.000000000, sequence: 0
source 0 - assert 1763353645.000005966, sequence: 9606 - clear  0.000000000, sequence: 0
source 0 - assert 1763353646.000002605, sequence: 9607 - clear  0.000000000, sequence: 0
source 0 - assert 1763353647.000006389, sequence: 9608 - clear  0.000000000, sequence: 0
source 0 - assert 1763353648.000006534, sequence: 9609 - clear  0.000000000, sequence: 0
source 0 - assert 1763353649.000002708, sequence: 9610 - clear  0.000000000, sequence: 0
source 0 - assert 1763353650.000006971, sequence: 9611 - clear  0.000000000, sequence: 0
source 0 - assert 1763353651.000010606, sequence: 9612 - clear  0.000000000, sequence: 0
source 0 - assert 1763353652.000008531, sequence: 9613 - clear  0.000000000, sequence: 0
source 0 - assert 1763353653.000006756, sequence: 9614 - clear  0.000000000, sequence: 0
source 0 - assert 1763353654.000003552, sequence: 9615 - clear  0.000000000, sequence: 0
source 0 - assert 1763353655.000005888, sequence: 9616 - clear  0.000000000, sequence: 0
source 0 - assert 1763353656.000011017, sequence: 9617 - clear  0.000000000, sequence: 0
source 0 - assert 1763353657.000006741, sequence: 9618 - clear  0.000000000, sequence: 0
source 0 - assert 1763353658.000002292, sequence: 9619 - clear  0.000000000, sequence: 0
source 0 - assert 1763353659.000004643, sequence: 9620 - clear  0.000000000, sequence: 0
source 0 - assert 1763353660.000002197, sequence: 9621 - clear  0.000000000, sequence: 0
source 0 - assert 1763353661.000008896, sequence: 9622 - clear  0.000000000, sequence: 0
source 0 - assert 1763353662.000007185, sequence: 9623 - clear  0.000000000, sequence: 0
source 0 - assert 1763353663.000002126, sequence: 9624 - clear  0.000000000, sequence: 0
source 0 - assert 1763353664.000006392, sequence: 9625 - clear  0.000000000, sequence: 0
source 0 - assert 1763353665.000004260, sequence: 9626 - clear  0.000000000, sequence: 0
source 0 - assert 1763353666.000002382, sequence: 9627 - clear  0.000000000, sequence: 0
source 0 - assert 1763353667.000007888, sequence: 9628 - clear  0.000000000, sequence: 0
source 0 - assert 1763353668.000006609, sequence: 9629 - clear  0.000000000, sequence: 0
source 0 - assert 1763353669.000008769, sequence: 9630 - clear  0.000000000, sequence: 0
source 0 - assert 1763353670.000004210, sequence: 9631 - clear  0.000000000, sequence: 0
source 0 - assert 1763353671.000006378, sequence: 9632 - clear  0.000000000, sequence: 0
source 0 - assert 1763353672.000007839, sequence: 9633 - clear  0.000000000, sequence: 0
source 0 - assert 1763353673.000006332, sequence: 9634 - clear  0.000000000, sequence: 0
source 0 - assert 1763353674.000009625, sequence: 9635 - clear  0.000000000, sequence: 0
source 0 - assert 1763353675.000007560, sequence: 9636 - clear  0.000000000, sequence: 0
source 0 - assert 1763353676.000001005, sequence: 9637 - clear  0.000000000, sequence: 0
source 0 - assert 1763353677.000008502, sequence: 9638 - clear  0.000000000, sequence: 0
source 0 - assert 1763353678.000006568, sequence: 9639 - clear  0.000000000, sequence: 0
source 0 - assert 1763353679.000004245, sequence: 9640 - clear  0.000000000, sequence: 0
source 0 - assert 1763353680.000003241, sequence: 9641 - clear  0.000000000, sequence: 0
source 0 - assert 1763353681.000005173, sequence: 9642 - clear  0.000000000, sequence: 0
source 0 - assert 1763353682.000008304, sequence: 9643 - clear  0.000000000, sequence: 0
source 0 - assert 1763353683.000006677, sequence: 9644 - clear  0.000000000, sequence: 0
source 0 - assert 1763353684.000005555, sequence: 9645 - clear  0.000000000, sequence: 0
source 0 - assert 1763353685.000006428, sequence: 9646 - clear  0.000000000, sequence: 0
source 0 - assert 1763353686.000005743, sequence: 9647 - clear  0.000000000, sequence: 0
source 0 - assert 1763353687.000015922, sequence: 9648 - clear  0.000000000, sequence: 0
Terminated
