ptp4l[550478.577]: selected /dev/ptp0 as PTP clock
ptp4l[550478.582]: port 1 (eth0): INITIALIZING to LISTENING on INIT_COMPLETE
ptp4l[550478.585]: port 0 (/var/run/ptp4l): INITIALIZING to LISTENING on INIT_COMPLETE
ptp4l[550478.587]: port 0 (/var/run/ptp4lro): INITIALIZING to LISTENING on INIT_COMPLETE
ptp4l[550478.630]: timeguard: registered, proxy_id=0xc120b44ebd8891ce

ptp4l[550478.631]: TG_CMD_SET_TIME InvokeCommand result: 0x0

ptp4l[550485.346]: port 1 (eth0): new foreign master 641c10.fffe.f12579-1
ptp4l[550485.636]: selected local clock 000000.fffe.049f06 as best master
ptp4l[550485.638]: TEE: InvokeCommand returned 0x0

ptp4l[550485.639]: TEE: InvokeCommand returned 0x0

ptp4l[550485.640]: TEE: DECIDE OK -> decided_state=4 (ps_out=4)

ptp4l[550489.365]: selected best master clock 641c10.fffe.f12579
ptp4l[550489.366]: TEE: InvokeCommand returned 0x0

ptp4l[550489.367]: TEE: InvokeCommand returned 0x0

ptp4l[550489.367]: TEE: DECIDE OK -> decided_state=9 (ps_out=9)

ptp4l[550489.368]: port 1 (eth0): LISTENING to UNCALIBRATED on RS_SLAVE
ptp4l[550492.365]: master offset   14999053 s0 freq  -81092 path delay   -999064
ptp4l[550493.367]: master offset   16999047 s1 freq +1914843 path delay   -999062
ptp4l[550494.354]: master offset   -1579514 s2 freq +335329 path delay   -999062
ptp4l[550494.356]: port 1 (eth0): UNCALIBRATED to SLAVE on MASTER_CLOCK_SELECTED
ptp4l[550495.344]: master offset   -4574280 s2 freq -3133292 path delay   -499064
ptp4l[550496.345]: master offset    3595527 s2 freq +3664231 path delay   -499064
ptp4l[550497.351]: master offset    7242846 s2 freq +8390208 path delay       934
ptp4l[550498.367]: master offset    9281924 s2 freq +12602140 path delay       934
ptp4l[550499.364]: master offset   -6248325 s2 freq -143532 path delay      8218
ptp4l[550500.349]: master offset   -6024413 s2 freq -1794117 path delay       934
ptp4l[550501.343]: master offset   -4060018 s2 freq -1637046 path delay    -47061
ptp4l[550502.347]: master offset    -494777 s2 freq +710190 path delay    -47061
ptp4l[550503.358]: master offset    7426995 s2 freq +8483529 path delay    -95056
ptp4l[550504.363]: master offset     794539 s2 freq +4079171 path delay      8218
ptp4l[550505.351]: master offset  -10212210 s2 freq -6689216 path delay    503433
ptp4l[550506.340]: master offset   -8808398 s2 freq -8349067 path delay   1011660
ptp4l[550507.342]: master offset    3765340 s2 freq +1582151 path delay    503433
ptp4l[550508.354]: master offset   13493225 s2 freq +12439638 path delay    448154
ptp4l[550509.376]: master offset   11696562 s2 freq +14690943 path delay   -252268
ptp4l[550510.367]: master offset   -8553928 s2 freq -2050579 path delay    290941
ptp4l[550511.342]: master offset  -16719713 s2 freq -12782542 path delay    290941
ptp4l[550512.335]: master offset    8995626 s2 freq +7916883 path delay    290941
ptp4l[550513.347]: master offset    2750045 s2 freq +4369990 path delay    290941
ptp4l[550514.370]: master offset   14854088 s2 freq +17299046 path delay  -1617003
ptp4l[550515.371]: master offset   -4238922 s2 freq +2662263 path delay  -1617003
ptp4l[550516.348]: master offset  -13185567 s2 freq -7556059 path delay  -1617003
ptp4l[550517.337]: master offset   -2327920 s2 freq -654082 path delay  -2825606
ptp4l[550518.343]: master offset    -357257 s2 freq +618205 path delay  -2825606
ptp4l[550519.354]: master offset     952868 s2 freq +1821153 path delay  -2825606
ptp4l[550520.355]: master offset     929294 s2 freq +2083439 path delay  -1947481
ptp4l[550521.359]: master offset     833232 s2 freq +2266166 path delay  -1947481
ptp4l[550522.358]: master offset     900779 s2 freq +2583682 path delay   -727516
ptp4l[550523.355]: master offset   -2411743 s2 freq -458606 path delay   -233236
ptp4l[550524.353]: master offset   -1248233 s2 freq  -18619 path delay   -233236
ptp4l[550525.358]: master offset    2784818 s2 freq +3639962 path delay   -233236
ptp4l[550526.362]: master offset    4963503 s2 freq +6654093 path delay   -467904
ptp4l[550527.363]: master offset   -2266128 s2 freq +913512 path delay   -233236
ptp4l[550528.350]: master offset   -8964855 s2 freq -6465053 path delay    -40296
ptp4l[550529.345]: master offset    -188640 s2 freq -378294 path delay   -191657
ptp4l[550530.353]: master offset     154970 s2 freq  -91276 path delay   -191657
ptp4l[550531.359]: master offset    3822463 s2 freq +3622708 path delay   -467904
ptp4l[550532.364]: master offset    4110904 s2 freq +5057887 path delay   -254138
ptp4l[550533.362]: master offset   -3349851 s2 freq -1169596 path delay   -254138
ptp4l[550534.350]: master offset   -7544353 s2 freq -6369054 path delay   -254138
ptp4l[550535.349]: master offset    2326186 s2 freq +1238179 path delay   -737393
ptp4l[550536.359]: master offset    4133449 s2 freq +3743298 path delay   -737393
ptp4l[550537.366]: master offset    5793262 s2 freq +6643146 path delay  -1017762
ptp4l[550538.365]: master offset      98833 s2 freq +2686696 path delay   -720689
ptp4l[550539.348]: master offset   -7779046 s2 freq -5161534 path delay   -585631
ptp4l[550540.347]: master offset   -2675983 s2 freq -2392184 path delay   -585631
ptp4l[550541.359]: master offset    9979104 s2 freq +9460108 path delay  -1588039
ptp4l[550542.375]: master offset   12234096 s2 freq +14708831 path delay  -1588039
ptp4l[550543.370]: master offset   -5878651 s2 freq +266313 path delay    448689
ptp4l[550544.358]: master offset   -5500561 s2 freq -1119193 path delay   -203464
ptp4l[550545.346]: master offset   -7856874 s2 freq -5125674 path delay   1329646
ptp4l[550546.350]: master offset    3904040 s2 freq +4278178 path delay   1329646
ptp4l[550547.362]: master offset    1451958 s2 freq +2997308 path delay    766135
ptp4l[550548.365]: master offset    4045704 s2 freq +6026641 path delay   -451967
ptp4l[550549.364]: master offset   -4396143 s2 freq -1201494 path delay   -451967
ptp4l[550550.351]: master offset   -8643135 s2 freq -6767329 path delay   -451967
ptp4l[550551.348]: master offset   -1542823 s2 freq -2259958 path delay   -451967
ptp4l[550552.355]: master offset    4163556 s2 freq +2983574 path delay   -893998
ptp4l[550553.372]: master offset   11744452 s2 freq +11813537 path delay   -893998
ptp4l[550554.375]: master offset    4159344 s2 freq +7751765 path delay   -893998
ptp4l[550555.367]: master offset   -5030947 s2 freq -190723 path delay   -893998
ptp4l[550556.358]: master offset   -4380982 s2 freq -1050042 path delay   -834154
ptp4l[550557.352]: master offset   -3195956 s2 freq -1179311 path delay   -543500
ptp4l[550558.361]: master offset    5271724 s2 freq +6329582 path delay   -543500
ptp4l[550559.372]: master offset    7425793 s2 freq +10065169 path delay   -777404
ptp4l[550560.368]: master offset   -3382143 s2 freq +1484970 path delay   -777404
ptp4l[550561.362]: master offset   -4505617 s2 freq -653146 path delay   -543500
ptp4l[550562.352]: master offset   -6888499 s2 freq -4387714 path delay   -483169
ptp4l[550563.354]: master offset    2225913 s2 freq +2660149 path delay   -483169
ptp4l[550564.367]: master offset    9749604 s2 freq +10851614 path delay   -483169
ptp4l[550565.375]: master offset    3223019 s2 freq +7249910 path delay   -483169
ptp4l[550566.371]: master offset   -1376527 s2 freq +3617270 path delay   -483169
ptp4l[550567.353]: master offset  -15126061 s2 freq -10545223 path delay   -483169
ptp4l[550568.342]: master offset   -5255907 s2 freq -5212887 path delay   -543500
ptp4l[550569.347]: master offset    4926321 s2 freq +3392569 path delay  -1772890
ptp4l[550570.362]: master offset    3185410 s2 freq +3129554 path delay  -1772890
ptp4l[550571.372]: master offset    4688733 s2 freq +5588500 path delay  -1772890
ptp4l[550572.367]: master offset   -1944094 s2 freq +362293 path delay   -783522
ptp4l[550573.358]: master offset   -9748652 s2 freq -8025493 path delay   -783522
ptp4l[550574.349]: master offset   -1479599 s2 freq -2681036 path delay   -783522
ptp4l[550575.355]: master offset    4334634 s2 freq +2689318 path delay   -858410
ptp4l[550576.373]: master offset   14019974 s2 freq +13675048 path delay  -1795388
ptp4l[550577.380]: master offset    3277727 s2 freq +7138793 path delay  -1120817
ptp4l[550578.366]: master offset  -11860007 s2 freq -7015623 path delay    523388
ptp4l[550579.351]: master offset   -2479718 s2 freq -1193336 path delay  -1120817
ptp4l[550580.360]: master offset    5708029 s2 freq +6250496 path delay  -1120817
ptp4l[550581.377]: master offset   11125904 s2 freq +13380779 path delay  -1795388
ptp4l[550582.377]: master offset   -2044624 s2 freq +3548023 path delay  -1795388
ptp4l[550583.361]: master offset  -16879609 s2 freq -11900350 path delay   1284318
ptp4l[550584.349]: master offset   -3687467 s2 freq -3772090 path delay   1284318
ptp4l[550585.357]: master offset    5567894 s2 freq +4377031 path delay   1284318
ptp4l[550586.371]: master offset    5503112 s2 freq +5982617 path delay    247311
ptp4l[550587.374]: master offset    2453470 s2 freq +4583908 path delay    247311
ptp4l[550588.367]: master offset   -8141728 s2 freq -5275249 path delay    247311
ptp4l[550589.352]: master offset   -8476789 s2 freq -8052828 path delay   1220488
ptp4l[550590.358]: master offset    3940643 s2 freq +1821567 path delay   1220488
ptp4l[550591.371]: master offset    6354668 s2 freq +5417785 path delay    359795
ptp4l[550592.378]: master offset    8881888 s2 freq +9851406 path delay   -557882
ptp4l[550593.375]: master offset   -3330579 s2 freq +303505 path delay   -294901
ptp4l[550594.364]: master offset   -5580165 s2 freq -2945255 path delay    269839
ptp4l[550595.359]: master offset   -1547363 s2 freq -586502 path delay   -390029
ptp4l[550596.365]: master offset    4729851 s2 freq +5226503 path delay   -390029
ptp4l[550597.376]: master offset    8322427 s2 freq +10238034 path delay  -1022503
ptp4l[550598.376]: master offset   -1903429 s2 freq +2508906 path delay  -1022503
ptp4l[550599.368]: master offset   -3807714 s2 freq  +33593 path delay  -1022503
ptp4l[550600.359]: master offset   -5754392 s2 freq -3055400 path delay   -653010
ptp4l[550601.359]: master offset    -714852 s2 freq +257823 path delay   -653010
ptp4l[550602.365]: master offset   11576907 s2 freq +12335126 path delay  -1760948
ptp4l[550603.377]: master offset    -180709 s2 freq +4050582 path delay  -1760948
ptp4l[550604.364]: master offset  -10508552 s2 freq -6331473 path delay  -1760948
ptp4l[550605.353]: master offset   -4940164 s2 freq -3915651 path delay  -1760948
ptp4l[550606.365]: master offset    9390274 s2 freq +8932738 path delay  -1760948
ptp4l[550607.376]: master offset    2882839 s2 freq +5242385 path delay  -1731556
ptp4l[550608.370]: master offset   -8061950 s2 freq -4837552 path delay   -439947
ptp4l[550609.363]: master offset    -245026 s2 freq +560787 path delay   -439947
ptp4l[550610.368]: master offset    5118547 s2 freq +5850852 path delay  -1440670
ptp4l[550611.373]: master offset    1504898 s2 freq +3772767 path delay  -1440670
ptp4l[550612.369]: master offset   -3579727 s2 freq -860389 path delay   -423733
ptp4l[550613.362]: master offset   -7137598 s2 freq -5492178 path delay   -192579
ptp4l[550614.362]: master offset     416508 s2 freq  -79351 path delay   -192579
ptp4l[550615.375]: master offset   10268406 s2 freq +9897499 path delay   -192579
ptp4l[550616.382]: master offset    2457327 s2 freq +5166942 path delay   -192579
ptp4l[550617.366]: master offset  -11588025 s2 freq -8141212 path delay    593847
ptp4l[550618.362]: master offset   -2562174 s2 freq -2591768 path delay    593847
ptp4l[550619.369]: master offset   11109416 s2 freq +10311170 path delay   -265406
ptp4l[550620.379]: master offset    1905474 s2 freq +4440052 path delay   -265406
ptp4l[550621.372]: master offset   -9389445 s2 freq -6283224 path delay   1607011
ptp4l[550622.359]: master offset  -10904563 s2 freq -10615176 path delay   2085631
ptp4l[550623.362]: master offset    5186117 s2 freq +2204135 path delay   2085631
ptp4l[550624.383]: master offset   15488239 s2 freq +14062092 path delay   1607011
ptp4l[550625.396]: master offset   10415988 s2 freq +13636313 path delay   1100949
ptp4l[550626.381]: master offset  -14051998 s2 freq -7706877 path delay   1579569
ptp4l[550627.358]: master offset  -15126678 s2 freq -12997156 path delay   2190020
ptp4l[550628.353]: master offset    1251019 s2 freq -1157462 path delay   2190020
ptp4l[550629.370]: master offset    9305409 s2 freq +7272233 path delay   1548107
ptp4l[550630.382]: master offset    3192268 s2 freq +3950715 path delay   1548107
ptp4l[550631.378]: master offset   -2367145 s2 freq -651018 path delay   1548107
ptp4l[550632.367]: master offset   -7660427 s2 freq -6654443 path delay   2263264
ptp4l[550633.364]: master offset   -2391689 s2 freq -3683833 path delay   2263264
ptp4l[550634.376]: master offset   10567202 s2 freq +8557551 path delay   2263264
ptp4l[550635.390]: master offset   14819006 s2 freq +15979516 path delay   2263264
ptp4l[550636.389]: master offset   -5851895 s2 freq -245684 path delay   2263264
ptp4l[550637.376]: master offset   -1895657 s2 freq +1954986 path delay    116378
ptp4l[550638.364]: master offset   -9076246 s2 freq -5794300 path delay    116378
ptp4l[550639.362]: master offset   -1284315 s2 freq -725243 path delay    116378
ptp4l[550640.369]: master offset    2440697 s2 freq +2614475 path delay    116378
ptp4l[550641.379]: master offset    8723598 s2 freq +9629585 path delay    116378
ptp4l[550642.383]: master offset    3344563 s2 freq +6867629 path delay    116378
ptp4l[550643.367]: master offset  -13381749 s2 freq -8855314 path delay    116378
ptp4l[550644.363]: master offset   -3001713 s2 freq -2489803 path delay   -737528
ptp4l[550645.369]: master offset    9372760 s2 freq +8984156 path delay   -737528
ptp4l[550646.383]: master offset    1978712 s2 freq +4401936 path delay     85171
ptp4l[550647.376]: master offset   -4578471 s2 freq -1561633 path delay     85171
ptp4l[550648.366]: master offset  -10522164 s2 freq -8878867 path delay     85171
ptp4l[550649.362]: master offset    -620759 s2 freq -2134112 path delay   -753565
ptp4l[550650.378]: master offset   13522483 s2 freq +11822903 path delay   -753565
ptp4l[550651.389]: master offset    4070691 s2 freq +6427856 path delay   -753565
ptp4l[550652.378]: master offset   -9705366 s2 freq -6126994 path delay    300813
ptp4l[550653.366]: master offset   -2493340 s2 freq -1826578 path delay   -139884
ptp4l[550654.366]: master offset    6668609 s2 freq +6587369 path delay   -139884
ptp4l[550655.380]: master offset     756137 s2 freq +2675480 path delay   -139884
ptp4l[550656.374]: master offset   -2414393 s2 freq -268209 path delay    179369
ptp4l[550657.371]: master offset   -6346541 s2 freq -4924675 path delay    834492
ptp4l[550658.370]: master offset     321729 s2 freq -160367 path delay    -29650
ptp4l[550659.379]: master offset    8224229 s2 freq +7838651 path delay    -29650
ptp4l[550660.383]: master offset    4399304 s2 freq +6480995 path delay    -29650
ptp4l[550661.379]: master offset   -7691108 s2 freq -4289626 path delay    -29650
ptp4l[550662.371]: master offset   -2624829 s2 freq -1530679 path delay    -29650
ptp4l[550663.374]: master offset    4484913 s2 freq +4791614 path delay  -1130824
ptp4l[550664.383]: master offset   10248639 s2 freq +11900814 path delay  -2050392
ptp4l[550665.386]: master offset   -2349589 s2 freq +2377178 path delay   -398670
ptp4l[550666.372]: master offset  -12762872 s2 freq -8740982 path delay   1423440
ptp4l[550667.360]: master offset  -10864645 s2 freq -10671616 path delay   1423440
ptp4l[550668.369]: master offset   15591672 s2 freq +12525307 path delay  -2050392
ptp4l[550669.387]: master offset   11879328 s2 freq +13490465 path delay  -2050392
ptp4l[550670.391]: master offset   -6170004 s2 freq -995069 path delay   -536318
ptp4l[550671.372]: master offset  -13404333 s2 freq -10080399 path delay   -536318
ptp4l[550672.358]: master offset  -10790241 s2 freq -11487607 path delay   1604672
ptp4l[550673.375]: master offset   13363617 s2 freq +9429179 path delay   1604672
ptp4l[550674.398]: master offset   17030433 s2 freq +17105080 path delay    551084
ptp4l[550675.402]: master offset   -2009141 s2 freq +3174636 path delay   1604672
ptp4l[550676.380]: master offset  -13448514 s2 freq -8867480 path delay   1604672
ptp4l[550677.368]: master offset   -4170865 s2 freq -3624385 path delay   1604672
ptp4l[550678.377]: master offset   10136273 s2 freq +9431494 path delay   1040353
ptp4l[550679.389]: master offset    4610844 s2 freq +6946947 path delay    307268
ptp4l[550680.381]: master offset   -6544617 s2 freq -2825261 path delay   1360856
ptp4l[550681.376]: master offset   -1854436 s2 freq  -98465 path delay   1360856
ptp4l[550682.374]: master offset    3575354 s2 freq +4774994 path delay    307268
ptp4l[550683.383]: master offset    5803595 s2 freq +8075841 path delay   -457506
ptp4l[550684.386]: master offset   -1558731 s2 freq +2454594 path delay   -457506
ptp4l[550685.374]: master offset   -9180307 s2 freq -5634602 path delay   -137003
ptp4l[550686.365]: master offset   -9910904 s2 freq -9119291 path delay   1059669
ptp4l[550687.373]: master offset    7530834 s2 freq +5349176 path delay   1059669
ptp4l[550688.387]: master offset    5796936 s2 freq +5874528 path delay   1059669
ptp4l[550689.392]: master offset    2776309 s2 freq +4592982 path delay     52166
ptp4l[550690.382]: master offset   -8306872 s2 freq -5657306 path delay     52166
ptp4l[550691.375]: master offset   -1866931 s2 freq -1709427 path delay     52166
ptp4l[550692.377]: master offset    6225915 s2 freq +5823340 path delay     52166
ptp4l[550693.392]: master offset    9067755 s2 freq +10532954 path delay     52166
ptp4l[550694.393]: master offset   -2848986 s2 freq +1336540 path delay   1159051
ptp4l[550695.384]: master offset   -3720378 s2 freq -389548 path delay   1159051
ptp4l[550696.375]: master offset   -7101550 s2 freq -4886833 path delay   1159051
ptp4l[550697.375]: master offset    2915272 s2 freq +2999524 path delay     52166
ptp4l[550698.379]: master offset     898885 s2 freq +1857718 path delay     52166
ptp4l[550699.385]: master offset    4871414 s2 freq +6099913 path delay  -1309908
ptp4l[550700.386]: master offset    1340305 s2 freq +4030228 path delay    -67643
ptp4l[550701.380]: master offset   -7003758 s2 freq -3911744 path delay   1601825
ptp4l[550702.373]: master offset   -5193535 s2 freq -4202648 path delay   1601825
ptp4l[550703.378]: master offset    7019986 s2 freq +6452812 path delay    977672
ptp4l[550704.388]: master offset    1624083 s2 freq +3162905 path delay    977672
ptp4l[550705.387]: master offset    -693383 s2 freq +1332664 path delay    977672
ptp4l[550706.381]: master offset   -6486488 s2 freq -4668456 path delay    977672
ptp4l[550707.378]: master offset    1793800 s2 freq +1665886 path delay    977672
ptp4l[550708.387]: master offset    9666305 s2 freq +10076531 path delay    977672
ptp4l[550709.397]: master offset    5410448 s2 freq +8720565 path delay    848510
ptp4l[550710.389]: master offset   -9554919 s2 freq -4621667 path delay    848510
ptp4l[550711.377]: master offset   -3695174 s2 freq -1628398 path delay    -76436
ptp4l[550712.378]: master offset    4308519 s2 freq +5266743 path delay   -732816
ptp4l[550713.386]: master offset   15658518 s2 freq +17909298 path delay  -2434363
ptp4l[550714.393]: master offset   -5416181 s2 freq +1532154 path delay  -2168313
ptp4l[550715.376]: master offset  -15226785 s2 freq -9903304 path delay  -2168313
ptp4l[550716.360]: master offset  -11089537 s2 freq -10334092 path delay  -1480360
ptp4l[550717.369]: master offset    9246802 s2 freq +6675386 path delay  -1480360
ptp4l[550718.395]: master offset   17143583 s2 freq +17346208 path delay  -2242602
ptp4l[550719.404]: master offset    2999929 s2 freq +8345629 path delay  -2242602
ptp4l[550720.387]: master offset  -12093197 s2 freq -5847519 path delay  -2242602
ptp4l[550721.365]: master offset   -6635826 s2 freq -4018107 path delay  -1713156
ptp4l[550722.374]: master offset    2501079 s2 freq +3128050 path delay  -1713156
ptp4l[550723.383]: master offset    1830958 s2 freq +3208253 path delay  -1126921
ptp4l[550724.389]: master offset    2631905 s2 freq +4558487 path delay  -1126921
ptp4l[550725.388]: master offset   -3349427 s2 freq -633273 path delay   -676608
ptp4l[550726.379]: master offset   -5874981 s2 freq -4163655 path delay   -676608
ptp4l[550727.378]: master offset   -2084285 s2 freq -2135453 path delay   -415170
ptp4l[550728.384]: master offset    9514372 s2 freq +8837918 path delay   -415170
ptp4l[550729.399]: master offset    9790850 s2 freq +11968708 path delay   -415170
ptp4l[550730.397]: master offset   -5297499 s2 freq -182386 path delay   -415170
ptp4l[550731.385]: master offset   -5386722 s2 freq -1860859 path delay    -63946
ptp4l[550732.375]: master offset   -6967679 s2 freq -5057833 path delay    -63946
ptp4l[550733.379]: master offset    2801310 s2 freq +2620853 path delay    -63946
ptp4l[550734.394]: master offset   11909437 s2 freq +12569373 path delay    -63946
ptp4l[550735.403]: master offset    4031617 s2 freq +8264384 path delay    -63946
ptp4l[550736.390]: master offset  -10438352 s2 freq -4996100 path delay    -63946
ptp4l[550737.376]: master offset   -7045139 s2 freq -4734393 path delay    -63946
ptp4l[550738.379]: master offset    3911904 s2 freq +4109109 path delay  -1037860
ptp4l[550739.387]: master offset    2066375 s2 freq +3437151 path delay   -270965
ptp4l[550740.392]: master offset    1926680 s2 freq +3917368 path delay   -270965
ptp4l[550741.391]: master offset   -1856965 s2 freq +711727 path delay    145998
ptp4l[550742.383]: master offset   -7846225 s2 freq -5834622 path delay    896028
ptp4l[550743.377]: master offset   -1979167 s2 freq -2321432 path delay    145998
ptp4l[550744.387]: master offset   11618867 s2 freq +10682852 path delay   -641471
ptp4l[550745.402]: master offset   10280343 s2 freq +12829988 path delay   -641471
ptp4l[550746.398]: master offset   -8633658 s2 freq -2999910 path delay   -641471
ptp4l[550747.378]: master offset  -13833559 s2 freq -10789908 path delay   -641471
ptp4l[550748.369]: master offset   -4970158 s2 freq -6076575 path delay   -471113
ptp4l[550749.384]: master offset   15425581 s2 freq +12828117 path delay   -647059
ptp4l[550750.401]: master offset    3576837 s2 freq +5607047 path delay   -647059
ptp4l[550751.393]: master offset   -7850070 s2 freq -4746809 path delay    341174
ptp4l[550752.383]: master offset   -4675577 s2 freq -3927337 path delay    591858
ptp4l[550753.385]: master offset    4987985 s2 freq +4333552 path delay    591858
ptp4l[550754.398]: master offset    9977904 s2 freq +10819866 path delay    591858
ptp4l[550755.404]: master offset    2422876 s2 freq +6258210 path delay    444358
ptp4l[550756.397]: master offset   -3485178 s2 freq +1077018 path delay    444358
ptp4l[550757.388]: master offset   -1895338 s2 freq +1621305 path delay    479175
ptp4l[550758.385]: master offset   -3350828 s2 freq -402786 path delay    235219
ptp4l[550759.384]: master offset    2685657 s2 freq +4628450 path delay     59484
ptp4l[550760.393]: master offset    3741592 s2 freq +6490082 path delay     59484
ptp4l[550761.396]: master offset    1721569 s2 freq +5592537 path delay    -81505
ptp4l[550762.389]: master offset   -8507220 s2 freq -4119781 path delay    -81505
ptp4l[550763.378]: master offset   -7999832 s2 freq -6164559 path delay    -46688
ptp4l[550764.379]: master offset    2284558 s2 freq +1719881 path delay    -46688
ptp4l[550765.392]: master offset    3672708 s2 freq +3793398 path delay    -46688
ptp4l[550766.398]: master offset    7014066 s2 freq +8236569 path delay    -46688
ptp4l[550767.399]: master offset    -998336 s2 freq +2328387 path delay    -46688
ptp4l[550768.387]: master offset  -12321974 s2 freq -9294752 path delay    235219
ptp4l[550769.379]: master offset   -1161271 s2 freq -1830641 path delay   -282280
ptp4l[550770.392]: master offset   12122860 s2 freq +11105108 path delay   -282280
ptp4l[550771.403]: master offset    4771496 s2 freq +7390602 path delay    823074
ptp4l[550772.396]: master offset   -9298808 s2 freq -5248253 path delay   2056058
ptp4l[550773.385]: master offset   -5255049 s2 freq -3994136 path delay   2056058
ptp4l[550774.388]: master offset    3650677 s2 freq +3335075 path delay   1544132
ptp4l[550775.402]: master offset   12782501 s2 freq +13562102 path delay   1544132
ptp4l[550776.410]: master offset    3739544 s2 freq +8353895 path delay   1544132
ptp4l[550777.397]: master offset  -15272095 s2 freq -9535880 path delay   3494466
ptp4l[550778.383]: master offset   -3645042 s2 freq -2490456 path delay   1544132
ptp4l[550779.391]: master offset    7747676 s2 freq +7808750 path delay   1544132
ptp4l[550780.401]: master offset    5839367 s2 freq +8224743 path delay    835895
ptp4l[550781.400]: master offset   -2786788 s2 freq +1350398 path delay    835895
ptp4l[550782.393]: master offset   -4295961 s2 freq -994811 path delay    835895
ptp4l[550783.387]: master offset   -5448241 s2 freq -3435879 path delay    835895
ptp4l[550784.389]: master offset    1071660 s2 freq +1449549 path delay    835895
ptp4l[550785.399]: master offset    8630384 s2 freq +9329771 path delay    740921
ptp4l[550786.407]: master offset    6894777 s2 freq +10183280 path delay    737012
ptp4l[550787.398]: master offset   -7981839 s2 freq -2624903 path delay    789606
ptp4l[550788.387]: master offset   -6874835 s2 freq -3912451 path delay    789606
ptp4l[550789.386]: master offset    1062691 s2 freq +1962625 path delay    789606
ptp4l[550790.398]: master offset   10380517 s2 freq +11599258 path delay  -1069089
ptp4l[550791.408]: master offset    6982960 s2 freq +11315856 path delay  -2681073
ptp4l[550792.397]: master offset   -9941094 s2 freq -3513310 path delay  -2681073
ptp4l[550793.383]: master offset   -8140791 s2 freq -4695335 path delay  -2681073
ptp4l[550794.381]: master offset   -1686516 s2 freq -683298 path delay  -1770600
ptp4l[550795.389]: master offset    1971149 s2 freq +2468413 path delay  -1770600
ptp4l[550796.399]: master offset    7471165 s2 freq +8559773 path delay  -1770600
ptp4l[550797.404]: master offset    3964152 s2 freq +7294110 path delay  -1770600
ptp4l[550798.391]: master offset  -10065006 s2 freq -5545803 path delay  -1692644
ptp4l[550799.385]: master offset   -4606210 s2 freq -3106508 path delay  -1631192
ptp4l[550800.389]: master offset    4504856 s2 freq +4622695 path delay  -1631192
ptp4l[550801.403]: master offset   11045718 s2 freq +12515013 path delay  -1631192
ptp4l[550802.409]: master offset    1082165 s2 freq +5865176 path delay  -1631192
ptp4l[550807.711]: port 1 (eth0): SLAVE to LISTENING on ANNOUNCE_RECEIPT_TIMEOUT_EXPIRES
ptp4l[550807.711]: selected local clock 000000.fffe.049f06 as best master
ptp4l[550807.712]: TEE: InvokeCommand returned 0x0

ptp4l[550807.714]: TEE: InvokeCommand returned 0x0

ptp4l[550807.715]: TEE: DECIDE OK -> decided_state=4 (ps_out=4)

ptp4l[550813.775]: TEE: InvokeCommand returned 0x0

ptp4l[550813.777]: TEE: InvokeCommand returned 0x0

ptp4l[550813.777]: TEE: DECIDE OK -> decided_state=4 (ps_out=4)

