trying PPS source "/dev/pps0"
found PPS source "/dev/pps0"
ok, found 1 source(s), now start fetching data...
source 0 - assert 1763409831.000009469, sequence: 12690 - clear  0.000000000, sequence: 0
source 0 - assert 1763409832.000004644, sequence: 12691 - clear  0.000000000, sequence: 0
source 0 - assert 1763409833.000004267, sequence: 12692 - clear  0.000000000, sequence: 0
source 0 - assert 1763409834.000003206, sequence: 12693 - clear  0.000000000, sequence: 0
source 0 - assert 1763409835.000006604, sequence: 12694 - clear  0.000000000, sequence: 0
source 0 - assert 1763409836.000009562, sequence: 12695 - clear  0.000000000, sequence: 0
source 0 - assert 1763409837.000008741, sequence: 12696 - clear  0.000000000, sequence: 0
source 0 - assert 1763409838.000009588, sequence: 12697 - clear  0.000000000, sequence: 0
source 0 - assert 1763409839.000006345, sequence: 12698 - clear  0.000000000, sequence: 0
source 0 - assert 1763409840.000004431, sequence: 12699 - clear  0.000000000, sequence: 0
source 0 - assert 1763409841.000005062, sequence: 12700 - clear  0.000000000, sequence: 0
source 0 - assert 1763409842.000009348, sequence: 12701 - clear  0.000000000, sequence: 0
source 0 - assert 1763409843.000005555, sequence: 12702 - clear  0.000000000, sequence: 0
source 0 - assert 1763409844.000003342, sequence: 12703 - clear  0.000000000, sequence: 0
source 0 - assert 1763409845.000003585, sequence: 12704 - clear  0.000000000, sequence: 0
source 0 - assert 1763409846.000006702, sequence: 12705 - clear  0.000000000, sequence: 0
source 0 - assert 1763409847.000002820, sequence: 12706 - clear  0.000000000, sequence: 0
source 0 - assert 1763409848.000009493, sequence: 12707 - clear  0.000000000, sequence: 0
source 0 - assert 1763409849.000007233, sequence: 12708 - clear  0.000000000, sequence: 0
source 0 - assert 1763409850.000004251, sequence: 12709 - clear  0.000000000, sequence: 0
source 0 - assert 1763409851.000005170, sequence: 12710 - clear  0.000000000, sequence: 0
source 0 - assert 1763409852.000004162, sequence: 12711 - clear  0.000000000, sequence: 0
source 0 - assert 1763409853.000007130, sequence: 12712 - clear  0.000000000, sequence: 0
source 0 - assert 1763409854.000006676, sequence: 12713 - clear  0.000000000, sequence: 0
source 0 - assert 1763409855.000005041, sequence: 12714 - clear  0.000000000, sequence: 0
source 0 - assert 1763409856.000006328, sequence: 12715 - clear  0.000000000, sequence: 0
source 0 - assert 1763409857.000005830, sequence: 12716 - clear  0.000000000, sequence: 0
source 0 - assert 1763409858.000003575, sequence: 12717 - clear  0.000000000, sequence: 0
source 0 - assert 1763409859.000007956, sequence: 12718 - clear  0.000000000, sequence: 0
source 0 - assert 1763409860.000006748, sequence: 12719 - clear  0.000000000, sequence: 0
source 0 - assert 1763409861.000005675, sequence: 12720 - clear  0.000000000, sequence: 0
source 0 - assert 1763409862.000004055, sequence: 12721 - clear  0.000000000, sequence: 0
source 0 - assert 1763409863.000004762, sequence: 12722 - clear  0.000000000, sequence: 0
source 0 - assert 1763409864.000007596, sequence: 12723 - clear  0.000000000, sequence: 0
source 0 - assert 1763409865.000005628, sequence: 12724 - clear  0.000000000, sequence: 0
source 0 - assert 1763409866.000004492, sequence: 12725 - clear  0.000000000, sequence: 0
source 0 - assert 1763409867.000003851, sequence: 12726 - clear  0.000000000, sequence: 0
source 0 - assert 1763409868.000011659, sequence: 12727 - clear  0.000000000, sequence: 0
source 0 - assert 1763409869.000006361, sequence: 12728 - clear  0.000000000, sequence: 0
source 0 - assert 1763409870.000009290, sequence: 12729 - clear  0.000000000, sequence: 0
source 0 - assert 1763409871.000005744, sequence: 12730 - clear  0.000000000, sequence: 0
source 0 - assert 1763409872.000003368, sequence: 12731 - clear  0.000000000, sequence: 0
source 0 - assert 1763409873.000004382, sequence: 12732 - clear  0.000000000, sequence: 0
source 0 - assert 1763409874.000004446, sequence: 12733 - clear  0.000000000, sequence: 0
source 0 - assert 1763409875.000007832, sequence: 12734 - clear  0.000000000, sequence: 0
source 0 - assert 1763409876.000004466, sequence: 12735 - clear  0.000000000, sequence: 0
source 0 - assert 1763409877.000002297, sequence: 12736 - clear  0.000000000, sequence: 0
source 0 - assert 1763409878.000006247, sequence: 12737 - clear  0.000000000, sequence: 0
source 0 - assert 1763409879.000005666, sequence: 12738 - clear  0.000000000, sequence: 0
source 0 - assert 1763409880.000006716, sequence: 12739 - clear  0.000000000, sequence: 0
source 0 - assert 1763409881.000006990, sequence: 12740 - clear  0.000000000, sequence: 0
source 0 - assert 1763409882.000006529, sequence: 12741 - clear  0.000000000, sequence: 0
source 0 - assert 1763409883.000004337, sequence: 12742 - clear  0.000000000, sequence: 0
source 0 - assert 1763409884.000005424, sequence: 12743 - clear  0.000000000, sequence: 0
source 0 - assert 1763409885.000007666, sequence: 12744 - clear  0.000000000, sequence: 0
source 0 - assert 1763409886.000006757, sequence: 12745 - clear  0.000000000, sequence: 0
source 0 - assert 1763409887.000006337, sequence: 12746 - clear  0.000000000, sequence: 0
source 0 - assert 1763409888.000008295, sequence: 12747 - clear  0.000000000, sequence: 0
source 0 - assert 1763409889.000004821, sequence: 12748 - clear  0.000000000, sequence: 0
source 0 - assert 1763409890.000002966, sequence: 12749 - clear  0.000000000, sequence: 0
source 0 - assert 1763409891.000003322, sequence: 12750 - clear  0.000000000, sequence: 0
source 0 - assert 1763409892.000005494, sequence: 12751 - clear  0.000000000, sequence: 0
source 0 - assert 1763409893.000004505, sequence: 12752 - clear  0.000000000, sequence: 0
source 0 - assert 1763409894.000005707, sequence: 12753 - clear  0.000000000, sequence: 0
source 0 - assert 1763409895.000004413, sequence: 12754 - clear  0.000000000, sequence: 0
source 0 - assert 1763409896.000004382, sequence: 12755 - clear  0.000000000, sequence: 0
source 0 - assert 1763409897.000008955, sequence: 12756 - clear  0.000000000, sequence: 0
source 0 - assert 1763409898.000004808, sequence: 12757 - clear  0.000000000, sequence: 0
source 0 - assert 1763409899.000008971, sequence: 12758 - clear  0.000000000, sequence: 0
source 0 - assert 1763409900.000006781, sequence: 12759 - clear  0.000000000, sequence: 0
source 0 - assert 1763409901.000007222, sequence: 12760 - clear  0.000000000, sequence: 0
source 0 - assert 1763409902.000006505, sequence: 12761 - clear  0.000000000, sequence: 0
source 0 - assert 1763409903.000007378, sequence: 12762 - clear  0.000000000, sequence: 0
source 0 - assert 1763409904.000001677, sequence: 12763 - clear  0.000000000, sequence: 0
source 0 - assert 1763409905.000003293, sequence: 12764 - clear  0.000000000, sequence: 0
source 0 - assert 1763409906.000004878, sequence: 12765 - clear  0.000000000, sequence: 0
source 0 - assert 1763409907.000008035, sequence: 12766 - clear  0.000000000, sequence: 0
source 0 - assert 1763409908.000008374, sequence: 12767 - clear  0.000000000, sequence: 0
source 0 - assert 1763409909.000009006, sequence: 12768 - clear  0.000000000, sequence: 0
source 0 - assert 1763409910.000006131, sequence: 12769 - clear  0.000000000, sequence: 0
source 0 - assert 1763409911.000006757, sequence: 12770 - clear  0.000000000, sequence: 0
source 0 - assert 1763409912.000007912, sequence: 12771 - clear  0.000000000, sequence: 0
source 0 - assert 1763409913.000004845, sequence: 12772 - clear  0.000000000, sequence: 0
source 0 - assert 1763409914.000007605, sequence: 12773 - clear  0.000000000, sequence: 0
source 0 - assert 1763409915.000003872, sequence: 12774 - clear  0.000000000, sequence: 0
source 0 - assert 1763409916.000006369, sequence: 12775 - clear  0.000000000, sequence: 0
source 0 - assert 1763409917.000005148, sequence: 12776 - clear  0.000000000, sequence: 0
source 0 - assert 1763409918.000004736, sequence: 12777 - clear  0.000000000, sequence: 0
source 0 - assert 1763409919.000006574, sequence: 12778 - clear  0.000000000, sequence: 0
source 0 - assert 1763409920.000007495, sequence: 12779 - clear  0.000000000, sequence: 0
source 0 - assert 1763409921.000003958, sequence: 12780 - clear  0.000000000, sequence: 0
source 0 - assert 1763409922.000004508, sequence: 12781 - clear  0.000000000, sequence: 0
source 0 - assert 1763409923.000000635, sequence: 12782 - clear  0.000000000, sequence: 0
source 0 - assert 1763409924.000005340, sequence: 12783 - clear  0.000000000, sequence: 0
source 0 - assert 1763409925.000009739, sequence: 12784 - clear  0.000000000, sequence: 0
source 0 - assert 1763409926.000006079, sequence: 12785 - clear  0.000000000, sequence: 0
source 0 - assert 1763409927.000001497, sequence: 12786 - clear  0.000000000, sequence: 0
source 0 - assert 1763409928.000001945, sequence: 12787 - clear  0.000000000, sequence: 0
source 0 - assert 1763409929.000010126, sequence: 12788 - clear  0.000000000, sequence: 0
source 0 - assert 1763409930.000004716, sequence: 12789 - clear  0.000000000, sequence: 0
source 0 - assert 1763409931.000000184, sequence: 12790 - clear  0.000000000, sequence: 0
source 0 - assert 1763409932.000006377, sequence: 12791 - clear  0.000000000, sequence: 0
source 0 - assert 1763409933.000009616, sequence: 12792 - clear  0.000000000, sequence: 0
source 0 - assert 1763409934.000003893, sequence: 12793 - clear  0.000000000, sequence: 0
source 0 - assert 1763409935.000012958, sequence: 12794 - clear  0.000000000, sequence: 0
source 0 - assert 1763409936.000010115, sequence: 12795 - clear  0.000000000, sequence: 0
source 0 - assert 1763409937.000006957, sequence: 12796 - clear  0.000000000, sequence: 0
source 0 - assert 1763409938.000007754, sequence: 12797 - clear  0.000000000, sequence: 0
source 0 - assert 1763409939.000006343, sequence: 12798 - clear  0.000000000, sequence: 0
source 0 - assert 1763409940.000005406, sequence: 12799 - clear  0.000000000, sequence: 0
source 0 - assert 1763409941.000005946, sequence: 12800 - clear  0.000000000, sequence: 0
source 0 - assert 1763409942.000007831, sequence: 12801 - clear  0.000000000, sequence: 0
source 0 - assert 1763409943.000008851, sequence: 12802 - clear  0.000000000, sequence: 0
source 0 - assert 1763409944.000002204, sequence: 12803 - clear  0.000000000, sequence: 0
source 0 - assert 1763409945.000006446, sequence: 12804 - clear  0.000000000, sequence: 0
source 0 - assert 1763409946.000003863, sequence: 12805 - clear  0.000000000, sequence: 0
source 0 - assert 1763409947.000005001, sequence: 12806 - clear  0.000000000, sequence: 0
source 0 - assert 1763409948.000005593, sequence: 12807 - clear  0.000000000, sequence: 0
source 0 - assert 1763409949.000005280, sequence: 12808 - clear  0.000000000, sequence: 0
source 0 - assert 1763409950.000002163, sequence: 12809 - clear  0.000000000, sequence: 0
source 0 - assert 1763409951.000006936, sequence: 12810 - clear  0.000000000, sequence: 0
source 0 - assert 1763409952.000004927, sequence: 12811 - clear  0.000000000, sequence: 0
source 0 - assert 1763409953.000006727, sequence: 12812 - clear  0.000000000, sequence: 0
source 0 - assert 1763409954.000001503, sequence: 12813 - clear  0.000000000, sequence: 0
source 0 - assert 1763409955.000002924, sequence: 12814 - clear  0.000000000, sequence: 0
source 0 - assert 1763409956.000006848, sequence: 12815 - clear  0.000000000, sequence: 0
source 0 - assert 1763409957.000003542, sequence: 12816 - clear  0.000000000, sequence: 0
source 0 - assert 1763409958.000007742, sequence: 12817 - clear  0.000000000, sequence: 0
source 0 - assert 1763409959.000009955, sequence: 12818 - clear  0.000000000, sequence: 0
source 0 - assert 1763409960.000001868, sequence: 12819 - clear  0.000000000, sequence: 0
source 0 - assert 1763409961.000004618, sequence: 12820 - clear  0.000000000, sequence: 0
source 0 - assert 1763409962.000007713, sequence: 12821 - clear  0.000000000, sequence: 0
source 0 - assert 1763409963.000007487, sequence: 12822 - clear  0.000000000, sequence: 0
source 0 - assert 1763409964.000004661, sequence: 12823 - clear  0.000000000, sequence: 0
source 0 - assert 1763409965.000002212, sequence: 12824 - clear  0.000000000, sequence: 0
source 0 - assert 1763409966.000005329, sequence: 12825 - clear  0.000000000, sequence: 0
source 0 - assert 1763409967.000006140, sequence: 12826 - clear  0.000000000, sequence: 0
source 0 - assert 1763409968.000002864, sequence: 12827 - clear  0.000000000, sequence: 0
source 0 - assert 1763409969.000004752, sequence: 12828 - clear  0.000000000, sequence: 0
source 0 - assert 1763409970.000006822, sequence: 12829 - clear  0.000000000, sequence: 0
source 0 - assert 1763409971.000004189, sequence: 12830 - clear  0.000000000, sequence: 0
source 0 - assert 1763409972.000004804, sequence: 12831 - clear  0.000000000, sequence: 0
source 0 - assert 1763409973.000002423, sequence: 12832 - clear  0.000000000, sequence: 0
source 0 - assert 1763409974.000004922, sequence: 12833 - clear  0.000000000, sequence: 0
source 0 - assert 1763409975.000004593, sequence: 12834 - clear  0.000000000, sequence: 0
source 0 - assert 1763409976.000005801, sequence: 12835 - clear  0.000000000, sequence: 0
source 0 - assert 1763409977.000010901, sequence: 12836 - clear  0.000000000, sequence: 0
source 0 - assert 1763409978.000002907, sequence: 12837 - clear  0.000000000, sequence: 0
source 0 - assert 1763409979.000004927, sequence: 12838 - clear  0.000000000, sequence: 0
source 0 - assert 1763409980.000010427, sequence: 12839 - clear  0.000000000, sequence: 0
source 0 - assert 1763409981.000005467, sequence: 12840 - clear  0.000000000, sequence: 0
source 0 - assert 1763409982.000006507, sequence: 12841 - clear  0.000000000, sequence: 0
source 0 - assert 1763409983.000006145, sequence: 12842 - clear  0.000000000, sequence: 0
source 0 - assert 1763409984.000004799, sequence: 12843 - clear  0.000000000, sequence: 0
source 0 - assert 1763409985.000006110, sequence: 12844 - clear  0.000000000, sequence: 0
source 0 - assert 1763409986.000008459, sequence: 12845 - clear  0.000000000, sequence: 0
source 0 - assert 1763409987.000006786, sequence: 12846 - clear  0.000000000, sequence: 0
source 0 - assert 1763409988.000004513, sequence: 12847 - clear  0.000000000, sequence: 0
source 0 - assert 1763409989.000011849, sequence: 12848 - clear  0.000000000, sequence: 0
source 0 - assert 1763409990.000009589, sequence: 12849 - clear  0.000000000, sequence: 0
source 0 - assert 1763409991.000005075, sequence: 12850 - clear  0.000000000, sequence: 0
source 0 - assert 1763409992.000009828, sequence: 12851 - clear  0.000000000, sequence: 0
source 0 - assert 1763409993.000004159, sequence: 12852 - clear  0.000000000, sequence: 0
source 0 - assert 1763409994.000006837, sequence: 12853 - clear  0.000000000, sequence: 0
source 0 - assert 1763409995.000005463, sequence: 12854 - clear  0.000000000, sequence: 0
source 0 - assert 1763409996.000006553, sequence: 12855 - clear  0.000000000, sequence: 0
source 0 - assert 1763409997.000009517, sequence: 12856 - clear  0.000000000, sequence: 0
source 0 - assert 1763409998.000003808, sequence: 12857 - clear  0.000000000, sequence: 0
source 0 - assert 1763409999.000000578, sequence: 12858 - clear  0.000000000, sequence: 0
source 0 - assert 1763410000.000008177, sequence: 12859 - clear  0.000000000, sequence: 0
source 0 - assert 1763410001.000003738, sequence: 12860 - clear  0.000000000, sequence: 0
source 0 - assert 1763410002.000005700, sequence: 12861 - clear  0.000000000, sequence: 0
source 0 - assert 1763410003.000006171, sequence: 12862 - clear  0.000000000, sequence: 0
source 0 - assert 1763410004.000001535, sequence: 12863 - clear  0.000000000, sequence: 0
source 0 - assert 1763410005.000005210, sequence: 12864 - clear  0.000000000, sequence: 0
source 0 - assert 1763410006.000003499, sequence: 12865 - clear  0.000000000, sequence: 0
source 0 - assert 1763410007.000008401, sequence: 12866 - clear  0.000000000, sequence: 0
source 0 - assert 1763410008.000005670, sequence: 12867 - clear  0.000000000, sequence: 0
source 0 - assert 1763410009.000004424, sequence: 12868 - clear  0.000000000, sequence: 0
source 0 - assert 1763410010.000005984, sequence: 12869 - clear  0.000000000, sequence: 0
source 0 - assert 1763410011.000000614, sequence: 12870 - clear  0.000000000, sequence: 0
source 0 - assert 1763410012.000004032, sequence: 12871 - clear  0.000000000, sequence: 0
source 0 - assert 1763410013.000006592, sequence: 12872 - clear  0.000000000, sequence: 0
source 0 - assert 1763410014.000006933, sequence: 12873 - clear  0.000000000, sequence: 0
source 0 - assert 1763410015.000004864, sequence: 12874 - clear  0.000000000, sequence: 0
source 0 - assert 1763410016.000006522, sequence: 12875 - clear  0.000000000, sequence: 0
source 0 - assert 1763410017.000006026, sequence: 12876 - clear  0.000000000, sequence: 0
source 0 - assert 1763410018.000005846, sequence: 12877 - clear  0.000000000, sequence: 0
source 0 - assert 1763410019.000005759, sequence: 12878 - clear  0.000000000, sequence: 0
source 0 - assert 1763410020.000006149, sequence: 12879 - clear  0.000000000, sequence: 0
source 0 - assert 1763410021.000003326, sequence: 12880 - clear  0.000000000, sequence: 0
source 0 - assert 1763410022.000010753, sequence: 12881 - clear  0.000000000, sequence: 0
source 0 - assert 1763410023.000004708, sequence: 12882 - clear  0.000000000, sequence: 0
source 0 - assert 1763410024.000007034, sequence: 12883 - clear  0.000000000, sequence: 0
source 0 - assert 1763410025.000004316, sequence: 12884 - clear  0.000000000, sequence: 0
source 0 - assert 1763410026.000006093, sequence: 12885 - clear  0.000000000, sequence: 0
source 0 - assert 1763410027.000006418, sequence: 12886 - clear  0.000000000, sequence: 0
source 0 - assert 1763410028.000007794, sequence: 12887 - clear  0.000000000, sequence: 0
source 0 - assert 1763410029.000008380, sequence: 12888 - clear  0.000000000, sequence: 0
source 0 - assert 1763410030.000008343, sequence: 12889 - clear  0.000000000, sequence: 0
source 0 - assert 1763410031.000002510, sequence: 12890 - clear  0.000000000, sequence: 0
source 0 - assert 1763410032.000004632, sequence: 12891 - clear  0.000000000, sequence: 0
source 0 - assert 1763410033.000004026, sequence: 12892 - clear  0.000000000, sequence: 0
source 0 - assert 1763410034.000006067, sequence: 12893 - clear  0.000000000, sequence: 0
source 0 - assert 1763410035.000011069, sequence: 12894 - clear  0.000000000, sequence: 0
source 0 - assert 1763410036.000002842, sequence: 12895 - clear  0.000000000, sequence: 0
source 0 - assert 1763410037.000004972, sequence: 12896 - clear  0.000000000, sequence: 0
source 0 - assert 1763410038.000007192, sequence: 12897 - clear  0.000000000, sequence: 0
source 0 - assert 1763410039.000003481, sequence: 12898 - clear  0.000000000, sequence: 0
source 0 - assert 1763410040.000007912, sequence: 12899 - clear  0.000000000, sequence: 0
source 0 - assert 1763410041.000004096, sequence: 12900 - clear  0.000000000, sequence: 0
source 0 - assert 1763410042.000005679, sequence: 12901 - clear  0.000000000, sequence: 0
source 0 - assert 1763410043.000004975, sequence: 12902 - clear  0.000000000, sequence: 0
source 0 - assert 1763410044.000006597, sequence: 12903 - clear  0.000000000, sequence: 0
source 0 - assert 1763410045.000007079, sequence: 12904 - clear  0.000000000, sequence: 0
source 0 - assert 1763410046.000005865, sequence: 12905 - clear  0.000000000, sequence: 0
source 0 - assert 1763410047.000005331, sequence: 12906 - clear  0.000000000, sequence: 0
source 0 - assert 1763410048.000005367, sequence: 12907 - clear  0.000000000, sequence: 0
source 0 - assert 1763410049.000001228, sequence: 12908 - clear  0.000000000, sequence: 0
source 0 - assert 1763410050.000007641, sequence: 12909 - clear  0.000000000, sequence: 0
source 0 - assert 1763410051.000006835, sequence: 12910 - clear  0.000000000, sequence: 0
source 0 - assert 1763410052.000005817, sequence: 12911 - clear  0.000000000, sequence: 0
source 0 - assert 1763410053.000004066, sequence: 12912 - clear  0.000000000, sequence: 0
source 0 - assert 1763410054.000002956, sequence: 12913 - clear  0.000000000, sequence: 0
source 0 - assert 1763410055.000001299, sequence: 12914 - clear  0.000000000, sequence: 0
source 0 - assert 1763410056.000003621, sequence: 12915 - clear  0.000000000, sequence: 0
source 0 - assert 1763410057.000004510, sequence: 12916 - clear  0.000000000, sequence: 0
source 0 - assert 1763410058.000007016, sequence: 12917 - clear  0.000000000, sequence: 0
source 0 - assert 1763410059.000008329, sequence: 12918 - clear  0.000000000, sequence: 0
source 0 - assert 1763410060.000005327, sequence: 12919 - clear  0.000000000, sequence: 0
source 0 - assert 1763410061.000005858, sequence: 12920 - clear  0.000000000, sequence: 0
source 0 - assert 1763410062.000006542, sequence: 12921 - clear  0.000000000, sequence: 0
source 0 - assert 1763410063.000008067, sequence: 12922 - clear  0.000000000, sequence: 0
source 0 - assert 1763410064.000005732, sequence: 12923 - clear  0.000000000, sequence: 0
source 0 - assert 1763410065.000010832, sequence: 12924 - clear  0.000000000, sequence: 0
source 0 - assert 1763410066.000006956, sequence: 12925 - clear  0.000000000, sequence: 0
source 0 - assert 1763410067.000004889, sequence: 12926 - clear  0.000000000, sequence: 0
source 0 - assert 1763410068.000006438, sequence: 12927 - clear  0.000000000, sequence: 0
source 0 - assert 1763410069.000007554, sequence: 12928 - clear  0.000000000, sequence: 0
source 0 - assert 1763410070.000004202, sequence: 12929 - clear  0.000000000, sequence: 0
source 0 - assert 1763410070.999999657, sequence: 12930 - clear  0.000000000, sequence: 0
source 0 - assert 1763410072.000008029, sequence: 12931 - clear  0.000000000, sequence: 0
source 0 - assert 1763410073.000010031, sequence: 12932 - clear  0.000000000, sequence: 0
source 0 - assert 1763410074.000006711, sequence: 12933 - clear  0.000000000, sequence: 0
source 0 - assert 1763410075.000002781, sequence: 12934 - clear  0.000000000, sequence: 0
source 0 - assert 1763410076.000002909, sequence: 12935 - clear  0.000000000, sequence: 0
source 0 - assert 1763410077.000005506, sequence: 12936 - clear  0.000000000, sequence: 0
source 0 - assert 1763410078.000008654, sequence: 12937 - clear  0.000000000, sequence: 0
source 0 - assert 1763410079.000006102, sequence: 12938 - clear  0.000000000, sequence: 0
source 0 - assert 1763410080.000007803, sequence: 12939 - clear  0.000000000, sequence: 0
source 0 - assert 1763410081.000002651, sequence: 12940 - clear  0.000000000, sequence: 0
source 0 - assert 1763410082.000009371, sequence: 12941 - clear  0.000000000, sequence: 0
source 0 - assert 1763410083.000005898, sequence: 12942 - clear  0.000000000, sequence: 0
source 0 - assert 1763410084.000009583, sequence: 12943 - clear  0.000000000, sequence: 0
source 0 - assert 1763410085.000003845, sequence: 12944 - clear  0.000000000, sequence: 0
source 0 - assert 1763410086.000005677, sequence: 12945 - clear  0.000000000, sequence: 0
source 0 - assert 1763410087.000006015, sequence: 12946 - clear  0.000000000, sequence: 0
source 0 - assert 1763410088.000005117, sequence: 12947 - clear  0.000000000, sequence: 0
source 0 - assert 1763410089.000005411, sequence: 12948 - clear  0.000000000, sequence: 0
source 0 - assert 1763410090.000008378, sequence: 12949 - clear  0.000000000, sequence: 0
source 0 - assert 1763410091.000006356, sequence: 12950 - clear  0.000000000, sequence: 0
source 0 - assert 1763410092.000005171, sequence: 12951 - clear  0.000000000, sequence: 0
source 0 - assert 1763410093.000003252, sequence: 12952 - clear  0.000000000, sequence: 0
source 0 - assert 1763410094.000003655, sequence: 12953 - clear  0.000000000, sequence: 0
source 0 - assert 1763410095.000008243, sequence: 12954 - clear  0.000000000, sequence: 0
source 0 - assert 1763410096.000004210, sequence: 12955 - clear  0.000000000, sequence: 0
source 0 - assert 1763410097.000005783, sequence: 12956 - clear  0.000000000, sequence: 0
source 0 - assert 1763410098.000007120, sequence: 12957 - clear  0.000000000, sequence: 0
source 0 - assert 1763410099.000005807, sequence: 12958 - clear  0.000000000, sequence: 0
source 0 - assert 1763410100.000008708, sequence: 12959 - clear  0.000000000, sequence: 0
source 0 - assert 1763410101.000004413, sequence: 12960 - clear  0.000000000, sequence: 0
source 0 - assert 1763410102.000004129, sequence: 12961 - clear  0.000000000, sequence: 0
source 0 - assert 1763410103.000003285, sequence: 12962 - clear  0.000000000, sequence: 0
source 0 - assert 1763410104.000001622, sequence: 12963 - clear  0.000000000, sequence: 0
source 0 - assert 1763410104.999999660, sequence: 12964 - clear  0.000000000, sequence: 0
source 0 - assert 1763410106.000009419, sequence: 12965 - clear  0.000000000, sequence: 0
source 0 - assert 1763410107.000006824, sequence: 12966 - clear  0.000000000, sequence: 0
source 0 - assert 1763410108.000002178, sequence: 12967 - clear  0.000000000, sequence: 0
source 0 - assert 1763410109.000004479, sequence: 12968 - clear  0.000000000, sequence: 0
source 0 - assert 1763410110.000010755, sequence: 12969 - clear  0.000000000, sequence: 0
source 0 - assert 1763410111.000004912, sequence: 12970 - clear  0.000000000, sequence: 0
source 0 - assert 1763410112.000008449, sequence: 12971 - clear  0.000000000, sequence: 0
source 0 - assert 1763410113.000004219, sequence: 12972 - clear  0.000000000, sequence: 0
source 0 - assert 1763410114.000003754, sequence: 12973 - clear  0.000000000, sequence: 0
source 0 - assert 1763410115.000006614, sequence: 12974 - clear  0.000000000, sequence: 0
source 0 - assert 1763410116.000004219, sequence: 12975 - clear  0.000000000, sequence: 0
source 0 - assert 1763410117.000008495, sequence: 12976 - clear  0.000000000, sequence: 0
source 0 - assert 1763410118.000006625, sequence: 12977 - clear  0.000000000, sequence: 0
source 0 - assert 1763410119.000005905, sequence: 12978 - clear  0.000000000, sequence: 0
source 0 - assert 1763410120.000004637, sequence: 12979 - clear  0.000000000, sequence: 0
source 0 - assert 1763410121.000007588, sequence: 12980 - clear  0.000000000, sequence: 0
source 0 - assert 1763410121.999997754, sequence: 12981 - clear  0.000000000, sequence: 0
source 0 - assert 1763410123.000010823, sequence: 12982 - clear  0.000000000, sequence: 0
source 0 - assert 1763410124.000004000, sequence: 12983 - clear  0.000000000, sequence: 0
source 0 - assert 1763410125.000007161, sequence: 12984 - clear  0.000000000, sequence: 0
source 0 - assert 1763410126.000006496, sequence: 12985 - clear  0.000000000, sequence: 0
source 0 - assert 1763410127.000006083, sequence: 12986 - clear  0.000000000, sequence: 0
source 0 - assert 1763410128.000007022, sequence: 12987 - clear  0.000000000, sequence: 0
source 0 - assert 1763410129.000001449, sequence: 12988 - clear  0.000000000, sequence: 0
source 0 - assert 1763410130.000002867, sequence: 12989 - clear  0.000000000, sequence: 0
source 0 - assert 1763410131.000002232, sequence: 12990 - clear  0.000000000, sequence: 0
source 0 - assert 1763410132.000002198, sequence: 12991 - clear  0.000000000, sequence: 0
source 0 - assert 1763410133.000004916, sequence: 12992 - clear  0.000000000, sequence: 0
source 0 - assert 1763410134.000004343, sequence: 12993 - clear  0.000000000, sequence: 0
source 0 - assert 1763410135.000006629, sequence: 12994 - clear  0.000000000, sequence: 0
source 0 - assert 1763410136.000001592, sequence: 12995 - clear  0.000000000, sequence: 0
source 0 - assert 1763410137.000003336, sequence: 12996 - clear  0.000000000, sequence: 0
source 0 - assert 1763410138.000006754, sequence: 12997 - clear  0.000000000, sequence: 0
source 0 - assert 1763410139.000007913, sequence: 12998 - clear  0.000000000, sequence: 0
source 0 - assert 1763410140.000004871, sequence: 12999 - clear  0.000000000, sequence: 0
source 0 - assert 1763410141.000011468, sequence: 13000 - clear  0.000000000, sequence: 0
source 0 - assert 1763410142.000010727, sequence: 13001 - clear  0.000000000, sequence: 0
source 0 - assert 1763410143.000003616, sequence: 13002 - clear  0.000000000, sequence: 0
source 0 - assert 1763410144.000006256, sequence: 13003 - clear  0.000000000, sequence: 0
source 0 - assert 1763410145.000009505, sequence: 13004 - clear  0.000000000, sequence: 0
source 0 - assert 1763410146.000004768, sequence: 13005 - clear  0.000000000, sequence: 0
source 0 - assert 1763410147.000014790, sequence: 13006 - clear  0.000000000, sequence: 0
Terminated
