trying PPS source "/dev/pps0"
found PPS source "/dev/pps0"
ok, found 1 source(s), now start fetching data...
source 0 - assert 1763409238.000010565, sequence: 12097 - clear  0.000000000, sequence: 0
source 0 - assert 1763409239.000010366, sequence: 12098 - clear  0.000000000, sequence: 0
source 0 - assert 1763409240.000004434, sequence: 12099 - clear  0.000000000, sequence: 0
source 0 - assert 1763409241.000008062, sequence: 12100 - clear  0.000000000, sequence: 0
source 0 - assert 1763409242.000006121, sequence: 12101 - clear  0.000000000, sequence: 0
source 0 - assert 1763409243.000011102, sequence: 12102 - clear  0.000000000, sequence: 0
source 0 - assert 1763409244.000008906, sequence: 12103 - clear  0.000000000, sequence: 0
source 0 - assert 1763409245.000006622, sequence: 12104 - clear  0.000000000, sequence: 0
source 0 - assert 1763409246.000005884, sequence: 12105 - clear  0.000000000, sequence: 0
source 0 - assert 1763409247.000004342, sequence: 12106 - clear  0.000000000, sequence: 0
source 0 - assert 1763409248.000005176, sequence: 12107 - clear  0.000000000, sequence: 0
source 0 - assert 1763409249.000008887, sequence: 12108 - clear  0.000000000, sequence: 0
source 0 - assert 1763409250.000007388, sequence: 12109 - clear  0.000000000, sequence: 0
source 0 - assert 1763409251.000005571, sequence: 12110 - clear  0.000000000, sequence: 0
source 0 - assert 1763409252.000007624, sequence: 12111 - clear  0.000000000, sequence: 0
source 0 - assert 1763409253.000008087, sequence: 12112 - clear  0.000000000, sequence: 0
source 0 - assert 1763409254.000004831, sequence: 12113 - clear  0.000000000, sequence: 0
source 0 - assert 1763409255.000007463, sequence: 12114 - clear  0.000000000, sequence: 0
source 0 - assert 1763409256.000005094, sequence: 12115 - clear  0.000000000, sequence: 0
source 0 - assert 1763409257.000008968, sequence: 12116 - clear  0.000000000, sequence: 0
source 0 - assert 1763409258.000003573, sequence: 12117 - clear  0.000000000, sequence: 0
source 0 - assert 1763409259.000005727, sequence: 12118 - clear  0.000000000, sequence: 0
source 0 - assert 1763409260.000008892, sequence: 12119 - clear  0.000000000, sequence: 0
source 0 - assert 1763409261.000007405, sequence: 12120 - clear  0.000000000, sequence: 0
source 0 - assert 1763409262.000008807, sequence: 12121 - clear  0.000000000, sequence: 0
source 0 - assert 1763409263.000009771, sequence: 12122 - clear  0.000000000, sequence: 0
source 0 - assert 1763409264.000007829, sequence: 12123 - clear  0.000000000, sequence: 0
source 0 - assert 1763409265.000005970, sequence: 12124 - clear  0.000000000, sequence: 0
source 0 - assert 1763409266.000010796, sequence: 12125 - clear  0.000000000, sequence: 0
source 0 - assert 1763409267.000007300, sequence: 12126 - clear  0.000000000, sequence: 0
source 0 - assert 1763409268.000005342, sequence: 12127 - clear  0.000000000, sequence: 0
source 0 - assert 1763409269.000007468, sequence: 12128 - clear  0.000000000, sequence: 0
source 0 - assert 1763409270.000007712, sequence: 12129 - clear  0.000000000, sequence: 0
source 0 - assert 1763409271.000007990, sequence: 12130 - clear  0.000000000, sequence: 0
source 0 - assert 1763409272.000008579, sequence: 12131 - clear  0.000000000, sequence: 0
source 0 - assert 1763409273.000008953, sequence: 12132 - clear  0.000000000, sequence: 0
source 0 - assert 1763409274.000005955, sequence: 12133 - clear  0.000000000, sequence: 0
source 0 - assert 1763409275.000009996, sequence: 12134 - clear  0.000000000, sequence: 0
source 0 - assert 1763409276.000005331, sequence: 12135 - clear  0.000000000, sequence: 0
source 0 - assert 1763409277.000007961, sequence: 12136 - clear  0.000000000, sequence: 0
source 0 - assert 1763409278.000007212, sequence: 12137 - clear  0.000000000, sequence: 0
source 0 - assert 1763409279.000008963, sequence: 12138 - clear  0.000000000, sequence: 0
source 0 - assert 1763409280.000007375, sequence: 12139 - clear  0.000000000, sequence: 0
source 0 - assert 1763409281.000004319, sequence: 12140 - clear  0.000000000, sequence: 0
source 0 - assert 1763409282.000009825, sequence: 12141 - clear  0.000000000, sequence: 0
source 0 - assert 1763409283.000009961, sequence: 12142 - clear  0.000000000, sequence: 0
source 0 - assert 1763409284.000002417, sequence: 12143 - clear  0.000000000, sequence: 0
source 0 - assert 1763409285.000008482, sequence: 12144 - clear  0.000000000, sequence: 0
source 0 - assert 1763409286.000003546, sequence: 12145 - clear  0.000000000, sequence: 0
source 0 - assert 1763409287.000008470, sequence: 12146 - clear  0.000000000, sequence: 0
source 0 - assert 1763409288.000007262, sequence: 12147 - clear  0.000000000, sequence: 0
source 0 - assert 1763409289.000006006, sequence: 12148 - clear  0.000000000, sequence: 0
source 0 - assert 1763409290.000007915, sequence: 12149 - clear  0.000000000, sequence: 0
source 0 - assert 1763409291.000005278, sequence: 12150 - clear  0.000000000, sequence: 0
source 0 - assert 1763409292.000005819, sequence: 12151 - clear  0.000000000, sequence: 0
source 0 - assert 1763409293.000008576, sequence: 12152 - clear  0.000000000, sequence: 0
source 0 - assert 1763409294.000007793, sequence: 12153 - clear  0.000000000, sequence: 0
source 0 - assert 1763409295.000005914, sequence: 12154 - clear  0.000000000, sequence: 0
source 0 - assert 1763409296.000006990, sequence: 12155 - clear  0.000000000, sequence: 0
source 0 - assert 1763409297.000004528, sequence: 12156 - clear  0.000000000, sequence: 0
source 0 - assert 1763409298.000002896, sequence: 12157 - clear  0.000000000, sequence: 0
source 0 - assert 1763409299.000008210, sequence: 12158 - clear  0.000000000, sequence: 0
source 0 - assert 1763409300.000005633, sequence: 12159 - clear  0.000000000, sequence: 0
source 0 - assert 1763409301.000006169, sequence: 12160 - clear  0.000000000, sequence: 0
source 0 - assert 1763409302.000007416, sequence: 12161 - clear  0.000000000, sequence: 0
source 0 - assert 1763409303.000005592, sequence: 12162 - clear  0.000000000, sequence: 0
source 0 - assert 1763409304.000010500, sequence: 12163 - clear  0.000000000, sequence: 0
source 0 - assert 1763409305.000007331, sequence: 12164 - clear  0.000000000, sequence: 0
source 0 - assert 1763409306.000001789, sequence: 12165 - clear  0.000000000, sequence: 0
source 0 - assert 1763409307.000006505, sequence: 12166 - clear  0.000000000, sequence: 0
source 0 - assert 1763409308.000003757, sequence: 12167 - clear  0.000000000, sequence: 0
source 0 - assert 1763409309.000008087, sequence: 12168 - clear  0.000000000, sequence: 0
source 0 - assert 1763409310.000009747, sequence: 12169 - clear  0.000000000, sequence: 0
source 0 - assert 1763409311.000008339, sequence: 12170 - clear  0.000000000, sequence: 0
source 0 - assert 1763409312.000004754, sequence: 12171 - clear  0.000000000, sequence: 0
source 0 - assert 1763409313.000006127, sequence: 12172 - clear  0.000000000, sequence: 0
source 0 - assert 1763409314.000001160, sequence: 12173 - clear  0.000000000, sequence: 0
source 0 - assert 1763409315.000009912, sequence: 12174 - clear  0.000000000, sequence: 0
source 0 - assert 1763409316.000008983, sequence: 12175 - clear  0.000000000, sequence: 0
source 0 - assert 1763409317.000006036, sequence: 12176 - clear  0.000000000, sequence: 0
source 0 - assert 1763409318.000002716, sequence: 12177 - clear  0.000000000, sequence: 0
source 0 - assert 1763409319.000007256, sequence: 12178 - clear  0.000000000, sequence: 0
source 0 - assert 1763409320.000010829, sequence: 12179 - clear  0.000000000, sequence: 0
source 0 - assert 1763409321.000008327, sequence: 12180 - clear  0.000000000, sequence: 0
source 0 - assert 1763409322.000008080, sequence: 12181 - clear  0.000000000, sequence: 0
source 0 - assert 1763409323.000005575, sequence: 12182 - clear  0.000000000, sequence: 0
source 0 - assert 1763409324.000011743, sequence: 12183 - clear  0.000000000, sequence: 0
source 0 - assert 1763409325.000005625, sequence: 12184 - clear  0.000000000, sequence: 0
source 0 - assert 1763409326.000008125, sequence: 12185 - clear  0.000000000, sequence: 0
source 0 - assert 1763409327.000005838, sequence: 12186 - clear  0.000000000, sequence: 0
source 0 - assert 1763409328.000008657, sequence: 12187 - clear  0.000000000, sequence: 0
source 0 - assert 1763409329.000004557, sequence: 12188 - clear  0.000000000, sequence: 0
source 0 - assert 1763409330.000007526, sequence: 12189 - clear  0.000000000, sequence: 0
source 0 - assert 1763409331.000007634, sequence: 12190 - clear  0.000000000, sequence: 0
source 0 - assert 1763409332.000009963, sequence: 12191 - clear  0.000000000, sequence: 0
source 0 - assert 1763409333.000007624, sequence: 12192 - clear  0.000000000, sequence: 0
source 0 - assert 1763409334.000008409, sequence: 12193 - clear  0.000000000, sequence: 0
source 0 - assert 1763409335.000005004, sequence: 12194 - clear  0.000000000, sequence: 0
source 0 - assert 1763409336.000006517, sequence: 12195 - clear  0.000000000, sequence: 0
source 0 - assert 1763409337.000009255, sequence: 12196 - clear  0.000000000, sequence: 0
source 0 - assert 1763409338.000007547, sequence: 12197 - clear  0.000000000, sequence: 0
source 0 - assert 1763409339.000010903, sequence: 12198 - clear  0.000000000, sequence: 0
source 0 - assert 1763409340.000005851, sequence: 12199 - clear  0.000000000, sequence: 0
source 0 - assert 1763409341.000008400, sequence: 12200 - clear  0.000000000, sequence: 0
source 0 - assert 1763409342.000006204, sequence: 12201 - clear  0.000000000, sequence: 0
source 0 - assert 1763409343.000008657, sequence: 12202 - clear  0.000000000, sequence: 0
source 0 - assert 1763409344.000006143, sequence: 12203 - clear  0.000000000, sequence: 0
source 0 - assert 1763409345.000004563, sequence: 12204 - clear  0.000000000, sequence: 0
source 0 - assert 1763409346.000004212, sequence: 12205 - clear  0.000000000, sequence: 0
source 0 - assert 1763409347.000008589, sequence: 12206 - clear  0.000000000, sequence: 0
source 0 - assert 1763409348.000008163, sequence: 12207 - clear  0.000000000, sequence: 0
source 0 - assert 1763409349.000006254, sequence: 12208 - clear  0.000000000, sequence: 0
source 0 - assert 1763409350.000006583, sequence: 12209 - clear  0.000000000, sequence: 0
source 0 - assert 1763409351.000008083, sequence: 12210 - clear  0.000000000, sequence: 0
source 0 - assert 1763409352.000010714, sequence: 12211 - clear  0.000000000, sequence: 0
source 0 - assert 1763409353.000005731, sequence: 12212 - clear  0.000000000, sequence: 0
source 0 - assert 1763409354.000011911, sequence: 12213 - clear  0.000000000, sequence: 0
source 0 - assert 1763409355.000007029, sequence: 12214 - clear  0.000000000, sequence: 0
source 0 - assert 1763409356.000005001, sequence: 12215 - clear  0.000000000, sequence: 0
source 0 - assert 1763409357.000008839, sequence: 12216 - clear  0.000000000, sequence: 0
source 0 - assert 1763409358.000003464, sequence: 12217 - clear  0.000000000, sequence: 0
source 0 - assert 1763409359.000011212, sequence: 12218 - clear  0.000000000, sequence: 0
source 0 - assert 1763409360.000009763, sequence: 12219 - clear  0.000000000, sequence: 0
source 0 - assert 1763409361.000007384, sequence: 12220 - clear  0.000000000, sequence: 0
source 0 - assert 1763409362.000009257, sequence: 12221 - clear  0.000000000, sequence: 0
source 0 - assert 1763409363.000007751, sequence: 12222 - clear  0.000000000, sequence: 0
source 0 - assert 1763409364.000005958, sequence: 12223 - clear  0.000000000, sequence: 0
source 0 - assert 1763409365.000009972, sequence: 12224 - clear  0.000000000, sequence: 0
source 0 - assert 1763409366.000004603, sequence: 12225 - clear  0.000000000, sequence: 0
source 0 - assert 1763409367.000009166, sequence: 12226 - clear  0.000000000, sequence: 0
source 0 - assert 1763409368.000006726, sequence: 12227 - clear  0.000000000, sequence: 0
source 0 - assert 1763409369.000004655, sequence: 12228 - clear  0.000000000, sequence: 0
source 0 - assert 1763409370.000008992, sequence: 12229 - clear  0.000000000, sequence: 0
source 0 - assert 1763409371.000006435, sequence: 12230 - clear  0.000000000, sequence: 0
source 0 - assert 1763409372.000009285, sequence: 12231 - clear  0.000000000, sequence: 0
source 0 - assert 1763409373.000006178, sequence: 12232 - clear  0.000000000, sequence: 0
source 0 - assert 1763409374.000002875, sequence: 12233 - clear  0.000000000, sequence: 0
source 0 - assert 1763409375.000005326, sequence: 12234 - clear  0.000000000, sequence: 0
source 0 - assert 1763409376.000006021, sequence: 12235 - clear  0.000000000, sequence: 0
source 0 - assert 1763409377.000004739, sequence: 12236 - clear  0.000000000, sequence: 0
source 0 - assert 1763409378.000006826, sequence: 12237 - clear  0.000000000, sequence: 0
source 0 - assert 1763409379.000006578, sequence: 12238 - clear  0.000000000, sequence: 0
source 0 - assert 1763409380.000008740, sequence: 12239 - clear  0.000000000, sequence: 0
source 0 - assert 1763409381.000008987, sequence: 12240 - clear  0.000000000, sequence: 0
source 0 - assert 1763409382.000006714, sequence: 12241 - clear  0.000000000, sequence: 0
source 0 - assert 1763409383.000006098, sequence: 12242 - clear  0.000000000, sequence: 0
source 0 - assert 1763409384.000010145, sequence: 12243 - clear  0.000000000, sequence: 0
source 0 - assert 1763409385.000008467, sequence: 12244 - clear  0.000000000, sequence: 0
source 0 - assert 1763409386.000007197, sequence: 12245 - clear  0.000000000, sequence: 0
source 0 - assert 1763409387.000007153, sequence: 12246 - clear  0.000000000, sequence: 0
source 0 - assert 1763409388.000006536, sequence: 12247 - clear  0.000000000, sequence: 0
source 0 - assert 1763409389.000005960, sequence: 12248 - clear  0.000000000, sequence: 0
source 0 - assert 1763409390.000005089, sequence: 12249 - clear  0.000000000, sequence: 0
source 0 - assert 1763409391.000007090, sequence: 12250 - clear  0.000000000, sequence: 0
source 0 - assert 1763409392.000008594, sequence: 12251 - clear  0.000000000, sequence: 0
source 0 - assert 1763409393.000008176, sequence: 12252 - clear  0.000000000, sequence: 0
source 0 - assert 1763409394.000004914, sequence: 12253 - clear  0.000000000, sequence: 0
source 0 - assert 1763409395.000007249, sequence: 12254 - clear  0.000000000, sequence: 0
source 0 - assert 1763409396.000006951, sequence: 12255 - clear  0.000000000, sequence: 0
source 0 - assert 1763409397.000006873, sequence: 12256 - clear  0.000000000, sequence: 0
source 0 - assert 1763409398.000009085, sequence: 12257 - clear  0.000000000, sequence: 0
source 0 - assert 1763409399.000003380, sequence: 12258 - clear  0.000000000, sequence: 0
source 0 - assert 1763409400.000006005, sequence: 12259 - clear  0.000000000, sequence: 0
source 0 - assert 1763409401.000009451, sequence: 12260 - clear  0.000000000, sequence: 0
source 0 - assert 1763409402.000005416, sequence: 12261 - clear  0.000000000, sequence: 0
source 0 - assert 1763409403.000008758, sequence: 12262 - clear  0.000000000, sequence: 0
source 0 - assert 1763409404.000005509, sequence: 12263 - clear  0.000000000, sequence: 0
source 0 - assert 1763409405.000007858, sequence: 12264 - clear  0.000000000, sequence: 0
source 0 - assert 1763409406.000007865, sequence: 12265 - clear  0.000000000, sequence: 0
source 0 - assert 1763409407.000009803, sequence: 12266 - clear  0.000000000, sequence: 0
source 0 - assert 1763409408.000009803, sequence: 12267 - clear  0.000000000, sequence: 0
source 0 - assert 1763409409.000011379, sequence: 12268 - clear  0.000000000, sequence: 0
source 0 - assert 1763409410.000009659, sequence: 12269 - clear  0.000000000, sequence: 0
source 0 - assert 1763409411.000008490, sequence: 12270 - clear  0.000000000, sequence: 0
source 0 - assert 1763409412.000006196, sequence: 12271 - clear  0.000000000, sequence: 0
source 0 - assert 1763409413.000009686, sequence: 12272 - clear  0.000000000, sequence: 0
source 0 - assert 1763409414.000009189, sequence: 12273 - clear  0.000000000, sequence: 0
source 0 - assert 1763409415.000011740, sequence: 12274 - clear  0.000000000, sequence: 0
source 0 - assert 1763409416.000001330, sequence: 12275 - clear  0.000000000, sequence: 0
source 0 - assert 1763409417.000006001, sequence: 12276 - clear  0.000000000, sequence: 0
source 0 - assert 1763409418.000003038, sequence: 12277 - clear  0.000000000, sequence: 0
source 0 - assert 1763409419.000006949, sequence: 12278 - clear  0.000000000, sequence: 0
source 0 - assert 1763409420.000006576, sequence: 12279 - clear  0.000000000, sequence: 0
source 0 - assert 1763409421.000005120, sequence: 12280 - clear  0.000000000, sequence: 0
source 0 - assert 1763409422.000006372, sequence: 12281 - clear  0.000000000, sequence: 0
source 0 - assert 1763409423.000008717, sequence: 12282 - clear  0.000000000, sequence: 0
source 0 - assert 1763409424.000004633, sequence: 12283 - clear  0.000000000, sequence: 0
source 0 - assert 1763409425.000009877, sequence: 12284 - clear  0.000000000, sequence: 0
source 0 - assert 1763409426.000007576, sequence: 12285 - clear  0.000000000, sequence: 0
source 0 - assert 1763409427.000009963, sequence: 12286 - clear  0.000000000, sequence: 0
source 0 - assert 1763409428.000004589, sequence: 12287 - clear  0.000000000, sequence: 0
source 0 - assert 1763409429.000006055, sequence: 12288 - clear  0.000000000, sequence: 0
source 0 - assert 1763409430.000006256, sequence: 12289 - clear  0.000000000, sequence: 0
source 0 - assert 1763409431.000007586, sequence: 12290 - clear  0.000000000, sequence: 0
source 0 - assert 1763409432.000010136, sequence: 12291 - clear  0.000000000, sequence: 0
source 0 - assert 1763409433.000007585, sequence: 12292 - clear  0.000000000, sequence: 0
source 0 - assert 1763409434.000005006, sequence: 12293 - clear  0.000000000, sequence: 0
source 0 - assert 1763409435.000006120, sequence: 12294 - clear  0.000000000, sequence: 0
source 0 - assert 1763409436.000007204, sequence: 12295 - clear  0.000000000, sequence: 0
source 0 - assert 1763409437.000008571, sequence: 12296 - clear  0.000000000, sequence: 0
source 0 - assert 1763409438.000008564, sequence: 12297 - clear  0.000000000, sequence: 0
source 0 - assert 1763409439.000006750, sequence: 12298 - clear  0.000000000, sequence: 0
source 0 - assert 1763409440.000008801, sequence: 12299 - clear  0.000000000, sequence: 0
source 0 - assert 1763409441.000006088, sequence: 12300 - clear  0.000000000, sequence: 0
source 0 - assert 1763409442.000009580, sequence: 12301 - clear  0.000000000, sequence: 0
source 0 - assert 1763409443.000004414, sequence: 12302 - clear  0.000000000, sequence: 0
source 0 - assert 1763409444.000005429, sequence: 12303 - clear  0.000000000, sequence: 0
source 0 - assert 1763409445.000009381, sequence: 12304 - clear  0.000000000, sequence: 0
source 0 - assert 1763409446.000007626, sequence: 12305 - clear  0.000000000, sequence: 0
source 0 - assert 1763409447.000009210, sequence: 12306 - clear  0.000000000, sequence: 0
source 0 - assert 1763409448.000007408, sequence: 12307 - clear  0.000000000, sequence: 0
source 0 - assert 1763409449.000008000, sequence: 12308 - clear  0.000000000, sequence: 0
source 0 - assert 1763409450.000007429, sequence: 12309 - clear  0.000000000, sequence: 0
source 0 - assert 1763409451.000004466, sequence: 12310 - clear  0.000000000, sequence: 0
source 0 - assert 1763409452.000009506, sequence: 12311 - clear  0.000000000, sequence: 0
source 0 - assert 1763409453.000010740, sequence: 12312 - clear  0.000000000, sequence: 0
source 0 - assert 1763409454.000006404, sequence: 12313 - clear  0.000000000, sequence: 0
source 0 - assert 1763409455.000009048, sequence: 12314 - clear  0.000000000, sequence: 0
source 0 - assert 1763409456.000004599, sequence: 12315 - clear  0.000000000, sequence: 0
source 0 - assert 1763409457.000010298, sequence: 12316 - clear  0.000000000, sequence: 0
source 0 - assert 1763409458.000006618, sequence: 12317 - clear  0.000000000, sequence: 0
source 0 - assert 1763409459.000005826, sequence: 12318 - clear  0.000000000, sequence: 0
source 0 - assert 1763409460.000009343, sequence: 12319 - clear  0.000000000, sequence: 0
source 0 - assert 1763409461.000004282, sequence: 12320 - clear  0.000000000, sequence: 0
source 0 - assert 1763409462.000008208, sequence: 12321 - clear  0.000000000, sequence: 0
source 0 - assert 1763409463.000005072, sequence: 12322 - clear  0.000000000, sequence: 0
source 0 - assert 1763409464.000006239, sequence: 12323 - clear  0.000000000, sequence: 0
source 0 - assert 1763409465.000007412, sequence: 12324 - clear  0.000000000, sequence: 0
source 0 - assert 1763409466.000005918, sequence: 12325 - clear  0.000000000, sequence: 0
source 0 - assert 1763409467.000004122, sequence: 12326 - clear  0.000000000, sequence: 0
source 0 - assert 1763409468.000009331, sequence: 12327 - clear  0.000000000, sequence: 0
source 0 - assert 1763409469.000009724, sequence: 12328 - clear  0.000000000, sequence: 0
source 0 - assert 1763409470.000008346, sequence: 12329 - clear  0.000000000, sequence: 0
source 0 - assert 1763409471.000007738, sequence: 12330 - clear  0.000000000, sequence: 0
source 0 - assert 1763409472.000005547, sequence: 12331 - clear  0.000000000, sequence: 0
source 0 - assert 1763409473.000008338, sequence: 12332 - clear  0.000000000, sequence: 0
source 0 - assert 1763409474.000004956, sequence: 12333 - clear  0.000000000, sequence: 0
source 0 - assert 1763409475.000012500, sequence: 12334 - clear  0.000000000, sequence: 0
source 0 - assert 1763409476.000006350, sequence: 12335 - clear  0.000000000, sequence: 0
source 0 - assert 1763409477.000007113, sequence: 12336 - clear  0.000000000, sequence: 0
source 0 - assert 1763409478.000007960, sequence: 12337 - clear  0.000000000, sequence: 0
source 0 - assert 1763409479.000007284, sequence: 12338 - clear  0.000000000, sequence: 0
source 0 - assert 1763409480.000006996, sequence: 12339 - clear  0.000000000, sequence: 0
source 0 - assert 1763409481.000005011, sequence: 12340 - clear  0.000000000, sequence: 0
source 0 - assert 1763409482.000009353, sequence: 12341 - clear  0.000000000, sequence: 0
source 0 - assert 1763409483.000008216, sequence: 12342 - clear  0.000000000, sequence: 0
source 0 - assert 1763409484.000006402, sequence: 12343 - clear  0.000000000, sequence: 0
source 0 - assert 1763409485.000006578, sequence: 12344 - clear  0.000000000, sequence: 0
source 0 - assert 1763409486.000007460, sequence: 12345 - clear  0.000000000, sequence: 0
source 0 - assert 1763409487.000008454, sequence: 12346 - clear  0.000000000, sequence: 0
source 0 - assert 1763409488.000004704, sequence: 12347 - clear  0.000000000, sequence: 0
source 0 - assert 1763409489.000006458, sequence: 12348 - clear  0.000000000, sequence: 0
source 0 - assert 1763409490.000008964, sequence: 12349 - clear  0.000000000, sequence: 0
source 0 - assert 1763409491.000009893, sequence: 12350 - clear  0.000000000, sequence: 0
source 0 - assert 1763409492.000005611, sequence: 12351 - clear  0.000000000, sequence: 0
source 0 - assert 1763409493.000009779, sequence: 12352 - clear  0.000000000, sequence: 0
source 0 - assert 1763409494.000007812, sequence: 12353 - clear  0.000000000, sequence: 0
source 0 - assert 1763409495.000007463, sequence: 12354 - clear  0.000000000, sequence: 0
source 0 - assert 1763409496.000006052, sequence: 12355 - clear  0.000000000, sequence: 0
source 0 - assert 1763409497.000008059, sequence: 12356 - clear  0.000000000, sequence: 0
source 0 - assert 1763409498.000012000, sequence: 12357 - clear  0.000000000, sequence: 0
source 0 - assert 1763409499.000010747, sequence: 12358 - clear  0.000000000, sequence: 0
source 0 - assert 1763409500.000009749, sequence: 12359 - clear  0.000000000, sequence: 0
source 0 - assert 1763409501.000005473, sequence: 12360 - clear  0.000000000, sequence: 0
source 0 - assert 1763409502.000007680, sequence: 12361 - clear  0.000000000, sequence: 0
source 0 - assert 1763409503.000005870, sequence: 12362 - clear  0.000000000, sequence: 0
source 0 - assert 1763409504.000007590, sequence: 12363 - clear  0.000000000, sequence: 0
source 0 - assert 1763409505.000012581, sequence: 12364 - clear  0.000000000, sequence: 0
source 0 - assert 1763409506.000004658, sequence: 12365 - clear  0.000000000, sequence: 0
source 0 - assert 1763409507.000006541, sequence: 12366 - clear  0.000000000, sequence: 0
source 0 - assert 1763409508.000008966, sequence: 12367 - clear  0.000000000, sequence: 0
source 0 - assert 1763409509.000009995, sequence: 12368 - clear  0.000000000, sequence: 0
source 0 - assert 1763409510.000008039, sequence: 12369 - clear  0.000000000, sequence: 0
source 0 - assert 1763409511.000007375, sequence: 12370 - clear  0.000000000, sequence: 0
source 0 - assert 1763409512.000007399, sequence: 12371 - clear  0.000000000, sequence: 0
source 0 - assert 1763409513.000005971, sequence: 12372 - clear  0.000000000, sequence: 0
source 0 - assert 1763409514.000007928, sequence: 12373 - clear  0.000000000, sequence: 0
source 0 - assert 1763409515.000009306, sequence: 12374 - clear  0.000000000, sequence: 0
source 0 - assert 1763409516.000004975, sequence: 12375 - clear  0.000000000, sequence: 0
source 0 - assert 1763409517.000008700, sequence: 12376 - clear  0.000000000, sequence: 0
source 0 - assert 1763409518.000008114, sequence: 12377 - clear  0.000000000, sequence: 0
source 0 - assert 1763409519.000008909, sequence: 12378 - clear  0.000000000, sequence: 0
source 0 - assert 1763409520.000007415, sequence: 12379 - clear  0.000000000, sequence: 0
source 0 - assert 1763409521.000007921, sequence: 12380 - clear  0.000000000, sequence: 0
source 0 - assert 1763409522.000004742, sequence: 12381 - clear  0.000000000, sequence: 0
source 0 - assert 1763409523.000008581, sequence: 12382 - clear  0.000000000, sequence: 0
source 0 - assert 1763409524.000007582, sequence: 12383 - clear  0.000000000, sequence: 0
source 0 - assert 1763409525.000007730, sequence: 12384 - clear  0.000000000, sequence: 0
source 0 - assert 1763409526.000009120, sequence: 12385 - clear  0.000000000, sequence: 0
source 0 - assert 1763409527.000006590, sequence: 12386 - clear  0.000000000, sequence: 0
source 0 - assert 1763409528.000005598, sequence: 12387 - clear  0.000000000, sequence: 0
source 0 - assert 1763409529.000009552, sequence: 12388 - clear  0.000000000, sequence: 0
source 0 - assert 1763409530.000008450, sequence: 12389 - clear  0.000000000, sequence: 0
source 0 - assert 1763409531.000006601, sequence: 12390 - clear  0.000000000, sequence: 0
source 0 - assert 1763409532.000009122, sequence: 12391 - clear  0.000000000, sequence: 0
source 0 - assert 1763409533.000007253, sequence: 12392 - clear  0.000000000, sequence: 0
source 0 - assert 1763409534.000003912, sequence: 12393 - clear  0.000000000, sequence: 0
source 0 - assert 1763409535.000009459, sequence: 12394 - clear  0.000000000, sequence: 0
source 0 - assert 1763409536.000011494, sequence: 12395 - clear  0.000000000, sequence: 0
source 0 - assert 1763409537.000005486, sequence: 12396 - clear  0.000000000, sequence: 0
source 0 - assert 1763409538.000008238, sequence: 12397 - clear  0.000000000, sequence: 0
source 0 - assert 1763409539.000005710, sequence: 12398 - clear  0.000000000, sequence: 0
source 0 - assert 1763409540.000007892, sequence: 12399 - clear  0.000000000, sequence: 0
source 0 - assert 1763409541.000007083, sequence: 12400 - clear  0.000000000, sequence: 0
source 0 - assert 1763409542.000003572, sequence: 12401 - clear  0.000000000, sequence: 0
source 0 - assert 1763409543.000006010, sequence: 12402 - clear  0.000000000, sequence: 0
source 0 - assert 1763409544.000004427, sequence: 12403 - clear  0.000000000, sequence: 0
source 0 - assert 1763409545.000004312, sequence: 12404 - clear  0.000000000, sequence: 0
source 0 - assert 1763409546.000008426, sequence: 12405 - clear  0.000000000, sequence: 0
source 0 - assert 1763409547.000010549, sequence: 12406 - clear  0.000000000, sequence: 0
source 0 - assert 1763409548.000005254, sequence: 12407 - clear  0.000000000, sequence: 0
source 0 - assert 1763409549.000007543, sequence: 12408 - clear  0.000000000, sequence: 0
source 0 - assert 1763409550.000007174, sequence: 12409 - clear  0.000000000, sequence: 0
source 0 - assert 1763409551.000008575, sequence: 12410 - clear  0.000000000, sequence: 0
source 0 - assert 1763409552.000007313, sequence: 12411 - clear  0.000000000, sequence: 0
source 0 - assert 1763409553.000009158, sequence: 12412 - clear  0.000000000, sequence: 0
source 0 - assert 1763409554.000010878, sequence: 12413 - clear  0.000000000, sequence: 0
source 0 - assert 1763409555.000007918, sequence: 12414 - clear  0.000000000, sequence: 0
source 0 - assert 1763409556.000013829, sequence: 12415 - clear  0.000000000, sequence: 0
Terminated
