trying PPS source "/dev/pps0"
found PPS source "/dev/pps0"
ok, found 1 source(s), now start fetching data...
source 0 - assert 1763342219.000012622, sequence: 21428 - clear  0.000000000, sequence: 0
source 0 - assert 1763342220.000008256, sequence: 21429 - clear  0.000000000, sequence: 0
source 0 - assert 1763342221.000001874, sequence: 21430 - clear  0.000000000, sequence: 0
source 0 - assert 1763342222.000015689, sequence: 21431 - clear  0.000000000, sequence: 0
source 0 - assert 1763342223.000009059, sequence: 21432 - clear  0.000000000, sequence: 0
source 0 - assert 1763342224.000012019, sequence: 21433 - clear  0.000000000, sequence: 0
source 0 - assert 1763342225.000006701, sequence: 21434 - clear  0.000000000, sequence: 0
source 0 - assert 1763342226.000006089, sequence: 21435 - clear  0.000000000, sequence: 0
source 0 - assert 1763342227.000005210, sequence: 21436 - clear  0.000000000, sequence: 0
source 0 - assert 1763342228.000007572, sequence: 21437 - clear  0.000000000, sequence: 0
source 0 - assert 1763342229.000005567, sequence: 21438 - clear  0.000000000, sequence: 0
source 0 - assert 1763342230.000008992, sequence: 21439 - clear  0.000000000, sequence: 0
source 0 - assert 1763342231.000009915, sequence: 21440 - clear  0.000000000, sequence: 0
source 0 - assert 1763342232.000003955, sequence: 21441 - clear  0.000000000, sequence: 0
source 0 - assert 1763342233.000002172, sequence: 21442 - clear  0.000000000, sequence: 0
source 0 - assert 1763342234.000004382, sequence: 21443 - clear  0.000000000, sequence: 0
source 0 - assert 1763342235.000010414, sequence: 21444 - clear  0.000000000, sequence: 0
source 0 - assert 1763342236.000005457, sequence: 21445 - clear  0.000000000, sequence: 0
source 0 - assert 1763342237.000003161, sequence: 21446 - clear  0.000000000, sequence: 0
source 0 - assert 1763342238.000006208, sequence: 21447 - clear  0.000000000, sequence: 0
source 0 - assert 1763342239.000004765, sequence: 21448 - clear  0.000000000, sequence: 0
source 0 - assert 1763342240.000008971, sequence: 21449 - clear  0.000000000, sequence: 0
source 0 - assert 1763342241.000008368, sequence: 21450 - clear  0.000000000, sequence: 0
source 0 - assert 1763342242.000008015, sequence: 21451 - clear  0.000000000, sequence: 0
source 0 - assert 1763342243.000007058, sequence: 21452 - clear  0.000000000, sequence: 0
source 0 - assert 1763342244.000002492, sequence: 21453 - clear  0.000000000, sequence: 0
source 0 - assert 1763342245.000009837, sequence: 21454 - clear  0.000000000, sequence: 0
source 0 - assert 1763342246.000006961, sequence: 21455 - clear  0.000000000, sequence: 0
source 0 - assert 1763342247.000007130, sequence: 21456 - clear  0.000000000, sequence: 0
source 0 - assert 1763342248.000006612, sequence: 21457 - clear  0.000000000, sequence: 0
source 0 - assert 1763342249.000007350, sequence: 21458 - clear  0.000000000, sequence: 0
source 0 - assert 1763342250.000010034, sequence: 21459 - clear  0.000000000, sequence: 0
source 0 - assert 1763342251.000006038, sequence: 21460 - clear  0.000000000, sequence: 0
source 0 - assert 1763342252.000007957, sequence: 21461 - clear  0.000000000, sequence: 0
source 0 - assert 1763342253.000003161, sequence: 21462 - clear  0.000000000, sequence: 0
source 0 - assert 1763342254.000013238, sequence: 21463 - clear  0.000000000, sequence: 0
source 0 - assert 1763342255.000008025, sequence: 21464 - clear  0.000000000, sequence: 0
source 0 - assert 1763342256.000008767, sequence: 21465 - clear  0.000000000, sequence: 0
source 0 - assert 1763342257.000008566, sequence: 21466 - clear  0.000000000, sequence: 0
source 0 - assert 1763342258.000003374, sequence: 21467 - clear  0.000000000, sequence: 0
source 0 - assert 1763342259.000004459, sequence: 21468 - clear  0.000000000, sequence: 0
source 0 - assert 1763342260.000005046, sequence: 21469 - clear  0.000000000, sequence: 0
source 0 - assert 1763342261.000009384, sequence: 21470 - clear  0.000000000, sequence: 0
source 0 - assert 1763342262.000004927, sequence: 21471 - clear  0.000000000, sequence: 0
source 0 - assert 1763342263.000005172, sequence: 21472 - clear  0.000000000, sequence: 0
source 0 - assert 1763342264.000004541, sequence: 21473 - clear  0.000000000, sequence: 0
source 0 - assert 1763342265.000005747, sequence: 21474 - clear  0.000000000, sequence: 0
source 0 - assert 1763342266.000007876, sequence: 21475 - clear  0.000000000, sequence: 0
source 0 - assert 1763342267.000009582, sequence: 21476 - clear  0.000000000, sequence: 0
source 0 - assert 1763342268.000008910, sequence: 21477 - clear  0.000000000, sequence: 0
source 0 - assert 1763342269.000007084, sequence: 21478 - clear  0.000000000, sequence: 0
source 0 - assert 1763342270.000006957, sequence: 21479 - clear  0.000000000, sequence: 0
source 0 - assert 1763342271.000006498, sequence: 21480 - clear  0.000000000, sequence: 0
source 0 - assert 1763342272.000005327, sequence: 21481 - clear  0.000000000, sequence: 0
source 0 - assert 1763342273.000004951, sequence: 21482 - clear  0.000000000, sequence: 0
source 0 - assert 1763342274.000002695, sequence: 21483 - clear  0.000000000, sequence: 0
source 0 - assert 1763342275.000007643, sequence: 21484 - clear  0.000000000, sequence: 0
source 0 - assert 1763342276.000009232, sequence: 21485 - clear  0.000000000, sequence: 0
source 0 - assert 1763342277.000005610, sequence: 21486 - clear  0.000000000, sequence: 0
source 0 - assert 1763342278.000005451, sequence: 21487 - clear  0.000000000, sequence: 0
source 0 - assert 1763342279.000006053, sequence: 21488 - clear  0.000000000, sequence: 0
source 0 - assert 1763342280.000004315, sequence: 21489 - clear  0.000000000, sequence: 0
source 0 - assert 1763342281.000007708, sequence: 21490 - clear  0.000000000, sequence: 0
source 0 - assert 1763342282.000007508, sequence: 21491 - clear  0.000000000, sequence: 0
source 0 - assert 1763342283.000005174, sequence: 21492 - clear  0.000000000, sequence: 0
source 0 - assert 1763342284.000009725, sequence: 21493 - clear  0.000000000, sequence: 0
source 0 - assert 1763342285.000003704, sequence: 21494 - clear  0.000000000, sequence: 0
source 0 - assert 1763342286.000010055, sequence: 21495 - clear  0.000000000, sequence: 0
source 0 - assert 1763342287.000004423, sequence: 21496 - clear  0.000000000, sequence: 0
source 0 - assert 1763342288.000006949, sequence: 21497 - clear  0.000000000, sequence: 0
source 0 - assert 1763342289.000004400, sequence: 21498 - clear  0.000000000, sequence: 0
source 0 - assert 1763342290.000002905, sequence: 21499 - clear  0.000000000, sequence: 0
source 0 - assert 1763342291.000007625, sequence: 21500 - clear  0.000000000, sequence: 0
source 0 - assert 1763342292.000007128, sequence: 21501 - clear  0.000000000, sequence: 0
source 0 - assert 1763342293.000004791, sequence: 21502 - clear  0.000000000, sequence: 0
source 0 - assert 1763342294.000004205, sequence: 21503 - clear  0.000000000, sequence: 0
source 0 - assert 1763342295.000006073, sequence: 21504 - clear  0.000000000, sequence: 0
source 0 - assert 1763342296.000011323, sequence: 21505 - clear  0.000000000, sequence: 0
source 0 - assert 1763342297.000001671, sequence: 21506 - clear  0.000000000, sequence: 0
source 0 - assert 1763342298.000005631, sequence: 21507 - clear  0.000000000, sequence: 0
source 0 - assert 1763342299.000002204, sequence: 21508 - clear  0.000000000, sequence: 0
source 0 - assert 1763342300.000004080, sequence: 21509 - clear  0.000000000, sequence: 0
source 0 - assert 1763342301.000009911, sequence: 21510 - clear  0.000000000, sequence: 0
source 0 - assert 1763342302.000005246, sequence: 21511 - clear  0.000000000, sequence: 0
source 0 - assert 1763342303.000007754, sequence: 21512 - clear  0.000000000, sequence: 0
source 0 - assert 1763342304.000005096, sequence: 21513 - clear  0.000000000, sequence: 0
source 0 - assert 1763342305.000002593, sequence: 21514 - clear  0.000000000, sequence: 0
source 0 - assert 1763342306.000008409, sequence: 21515 - clear  0.000000000, sequence: 0
source 0 - assert 1763342307.000004403, sequence: 21516 - clear  0.000000000, sequence: 0
source 0 - assert 1763342308.000000830, sequence: 21517 - clear  0.000000000, sequence: 0
source 0 - assert 1763342309.000007041, sequence: 21518 - clear  0.000000000, sequence: 0
source 0 - assert 1763342310.000006006, sequence: 21519 - clear  0.000000000, sequence: 0
source 0 - assert 1763342311.000006638, sequence: 21520 - clear  0.000000000, sequence: 0
source 0 - assert 1763342312.000007125, sequence: 21521 - clear  0.000000000, sequence: 0
source 0 - assert 1763342313.000002232, sequence: 21522 - clear  0.000000000, sequence: 0
source 0 - assert 1763342314.000008647, sequence: 21523 - clear  0.000000000, sequence: 0
source 0 - assert 1763342315.000008359, sequence: 21524 - clear  0.000000000, sequence: 0
source 0 - assert 1763342316.000010325, sequence: 21525 - clear  0.000000000, sequence: 0
source 0 - assert 1763342317.000005879, sequence: 21526 - clear  0.000000000, sequence: 0
source 0 - assert 1763342318.000008504, sequence: 21527 - clear  0.000000000, sequence: 0
source 0 - assert 1763342319.000002547, sequence: 21528 - clear  0.000000000, sequence: 0
source 0 - assert 1763342320.000012458, sequence: 21529 - clear  0.000000000, sequence: 0
source 0 - assert 1763342321.000007825, sequence: 21530 - clear  0.000000000, sequence: 0
source 0 - assert 1763342322.000007356, sequence: 21531 - clear  0.000000000, sequence: 0
source 0 - assert 1763342323.000007361, sequence: 21532 - clear  0.000000000, sequence: 0
source 0 - assert 1763342324.000003662, sequence: 21533 - clear  0.000000000, sequence: 0
source 0 - assert 1763342325.000007527, sequence: 21534 - clear  0.000000000, sequence: 0
source 0 - assert 1763342326.000009822, sequence: 21535 - clear  0.000000000, sequence: 0
source 0 - assert 1763342327.000009331, sequence: 21536 - clear  0.000000000, sequence: 0
source 0 - assert 1763342328.000004041, sequence: 21537 - clear  0.000000000, sequence: 0
source 0 - assert 1763342329.000005924, sequence: 21538 - clear  0.000000000, sequence: 0
source 0 - assert 1763342330.000004473, sequence: 21539 - clear  0.000000000, sequence: 0
source 0 - assert 1763342331.000009379, sequence: 21540 - clear  0.000000000, sequence: 0
source 0 - assert 1763342332.000001413, sequence: 21541 - clear  0.000000000, sequence: 0
source 0 - assert 1763342333.000005041, sequence: 21542 - clear  0.000000000, sequence: 0
source 0 - assert 1763342334.000007169, sequence: 21543 - clear  0.000000000, sequence: 0
source 0 - assert 1763342335.000010005, sequence: 21544 - clear  0.000000000, sequence: 0
source 0 - assert 1763342336.000009834, sequence: 21545 - clear  0.000000000, sequence: 0
source 0 - assert 1763342337.000002815, sequence: 21546 - clear  0.000000000, sequence: 0
source 0 - assert 1763342338.000008565, sequence: 21547 - clear  0.000000000, sequence: 0
source 0 - assert 1763342339.000010744, sequence: 21548 - clear  0.000000000, sequence: 0
source 0 - assert 1763342340.000007955, sequence: 21549 - clear  0.000000000, sequence: 0
source 0 - assert 1763342341.000010125, sequence: 21550 - clear  0.000000000, sequence: 0
source 0 - assert 1763342342.000009338, sequence: 21551 - clear  0.000000000, sequence: 0
source 0 - assert 1763342343.000006717, sequence: 21552 - clear  0.000000000, sequence: 0
source 0 - assert 1763342344.000005923, sequence: 21553 - clear  0.000000000, sequence: 0
source 0 - assert 1763342345.000009951, sequence: 21554 - clear  0.000000000, sequence: 0
source 0 - assert 1763342346.000007604, sequence: 21555 - clear  0.000000000, sequence: 0
source 0 - assert 1763342347.000002282, sequence: 21556 - clear  0.000000000, sequence: 0
source 0 - assert 1763342348.000006342, sequence: 21557 - clear  0.000000000, sequence: 0
source 0 - assert 1763342349.000005717, sequence: 21558 - clear  0.000000000, sequence: 0
source 0 - assert 1763342350.000005314, sequence: 21559 - clear  0.000000000, sequence: 0
source 0 - assert 1763342351.000003890, sequence: 21560 - clear  0.000000000, sequence: 0
source 0 - assert 1763342352.000008827, sequence: 21561 - clear  0.000000000, sequence: 0
source 0 - assert 1763342353.000005725, sequence: 21562 - clear  0.000000000, sequence: 0
source 0 - assert 1763342354.000009897, sequence: 21563 - clear  0.000000000, sequence: 0
source 0 - assert 1763342355.000005967, sequence: 21564 - clear  0.000000000, sequence: 0
source 0 - assert 1763342356.000006372, sequence: 21565 - clear  0.000000000, sequence: 0
source 0 - assert 1763342357.000007042, sequence: 21566 - clear  0.000000000, sequence: 0
source 0 - assert 1763342358.000003553, sequence: 21567 - clear  0.000000000, sequence: 0
source 0 - assert 1763342359.000007716, sequence: 21568 - clear  0.000000000, sequence: 0
source 0 - assert 1763342360.000004089, sequence: 21569 - clear  0.000000000, sequence: 0
source 0 - assert 1763342361.000004306, sequence: 21570 - clear  0.000000000, sequence: 0
source 0 - assert 1763342362.000009389, sequence: 21571 - clear  0.000000000, sequence: 0
source 0 - assert 1763342363.000004583, sequence: 21572 - clear  0.000000000, sequence: 0
source 0 - assert 1763342364.000005314, sequence: 21573 - clear  0.000000000, sequence: 0
source 0 - assert 1763342365.000004441, sequence: 21574 - clear  0.000000000, sequence: 0
source 0 - assert 1763342366.000005331, sequence: 21575 - clear  0.000000000, sequence: 0
source 0 - assert 1763342367.000009006, sequence: 21576 - clear  0.000000000, sequence: 0
source 0 - assert 1763342368.000004994, sequence: 21577 - clear  0.000000000, sequence: 0
source 0 - assert 1763342369.000005192, sequence: 21578 - clear  0.000000000, sequence: 0
source 0 - assert 1763342370.000003370, sequence: 21579 - clear  0.000000000, sequence: 0
source 0 - assert 1763342371.000004421, sequence: 21580 - clear  0.000000000, sequence: 0
source 0 - assert 1763342372.000005673, sequence: 21581 - clear  0.000000000, sequence: 0
source 0 - assert 1763342373.000007456, sequence: 21582 - clear  0.000000000, sequence: 0
source 0 - assert 1763342374.000000693, sequence: 21583 - clear  0.000000000, sequence: 0
source 0 - assert 1763342375.000013783, sequence: 21584 - clear  0.000000000, sequence: 0
source 0 - assert 1763342376.000004664, sequence: 21585 - clear  0.000000000, sequence: 0
source 0 - assert 1763342377.000010991, sequence: 21586 - clear  0.000000000, sequence: 0
source 0 - assert 1763342378.000006781, sequence: 21587 - clear  0.000000000, sequence: 0
source 0 - assert 1763342379.000002565, sequence: 21588 - clear  0.000000000, sequence: 0
source 0 - assert 1763342380.000006310, sequence: 21589 - clear  0.000000000, sequence: 0
source 0 - assert 1763342381.000005198, sequence: 21590 - clear  0.000000000, sequence: 0
source 0 - assert 1763342382.000009547, sequence: 21591 - clear  0.000000000, sequence: 0
source 0 - assert 1763342383.000006090, sequence: 21592 - clear  0.000000000, sequence: 0
source 0 - assert 1763342384.000006176, sequence: 21593 - clear  0.000000000, sequence: 0
source 0 - assert 1763342385.000003007, sequence: 21594 - clear  0.000000000, sequence: 0
source 0 - assert 1763342386.000002779, sequence: 21595 - clear  0.000000000, sequence: 0
source 0 - assert 1763342387.000012357, sequence: 21596 - clear  0.000000000, sequence: 0
source 0 - assert 1763342388.000006914, sequence: 21597 - clear  0.000000000, sequence: 0
source 0 - assert 1763342389.000004791, sequence: 21598 - clear  0.000000000, sequence: 0
source 0 - assert 1763342390.000005861, sequence: 21599 - clear  0.000000000, sequence: 0
source 0 - assert 1763342391.000006236, sequence: 21600 - clear  0.000000000, sequence: 0
source 0 - assert 1763342392.000009953, sequence: 21601 - clear  0.000000000, sequence: 0
source 0 - assert 1763342393.000008585, sequence: 21602 - clear  0.000000000, sequence: 0
source 0 - assert 1763342394.000006166, sequence: 21603 - clear  0.000000000, sequence: 0
source 0 - assert 1763342395.000002788, sequence: 21604 - clear  0.000000000, sequence: 0
source 0 - assert 1763342396.000004658, sequence: 21605 - clear  0.000000000, sequence: 0
source 0 - assert 1763342397.000007407, sequence: 21606 - clear  0.000000000, sequence: 0
source 0 - assert 1763342398.000006244, sequence: 21607 - clear  0.000000000, sequence: 0
source 0 - assert 1763342399.000004079, sequence: 21608 - clear  0.000000000, sequence: 0
source 0 - assert 1763342400.000009545, sequence: 21609 - clear  0.000000000, sequence: 0
source 0 - assert 1763342401.000005589, sequence: 21610 - clear  0.000000000, sequence: 0
source 0 - assert 1763342402.000009088, sequence: 21611 - clear  0.000000000, sequence: 0
source 0 - assert 1763342403.000006550, sequence: 21612 - clear  0.000000000, sequence: 0
source 0 - assert 1763342404.000006720, sequence: 21613 - clear  0.000000000, sequence: 0
source 0 - assert 1763342405.000009294, sequence: 21614 - clear  0.000000000, sequence: 0
source 0 - assert 1763342406.000008995, sequence: 21615 - clear  0.000000000, sequence: 0
source 0 - assert 1763342407.000008374, sequence: 21616 - clear  0.000000000, sequence: 0
source 0 - assert 1763342408.000009208, sequence: 21617 - clear  0.000000000, sequence: 0
source 0 - assert 1763342409.000005538, sequence: 21618 - clear  0.000000000, sequence: 0
source 0 - assert 1763342410.000009246, sequence: 21619 - clear  0.000000000, sequence: 0
source 0 - assert 1763342411.000010461, sequence: 21620 - clear  0.000000000, sequence: 0
source 0 - assert 1763342412.000009218, sequence: 21621 - clear  0.000000000, sequence: 0
source 0 - assert 1763342413.000004919, sequence: 21622 - clear  0.000000000, sequence: 0
source 0 - assert 1763342414.000005116, sequence: 21623 - clear  0.000000000, sequence: 0
source 0 - assert 1763342415.000008697, sequence: 21624 - clear  0.000000000, sequence: 0
source 0 - assert 1763342416.000007740, sequence: 21625 - clear  0.000000000, sequence: 0
source 0 - assert 1763342417.000005906, sequence: 21626 - clear  0.000000000, sequence: 0
source 0 - assert 1763342418.000001740, sequence: 21627 - clear  0.000000000, sequence: 0
source 0 - assert 1763342419.000005579, sequence: 21628 - clear  0.000000000, sequence: 0
source 0 - assert 1763342420.000009874, sequence: 21629 - clear  0.000000000, sequence: 0
source 0 - assert 1763342421.000005510, sequence: 21630 - clear  0.000000000, sequence: 0
source 0 - assert 1763342422.000007882, sequence: 21631 - clear  0.000000000, sequence: 0
source 0 - assert 1763342423.000006005, sequence: 21632 - clear  0.000000000, sequence: 0
source 0 - assert 1763342424.000005173, sequence: 21633 - clear  0.000000000, sequence: 0
source 0 - assert 1763342425.000007161, sequence: 21634 - clear  0.000000000, sequence: 0
source 0 - assert 1763342426.000008610, sequence: 21635 - clear  0.000000000, sequence: 0
source 0 - assert 1763342427.000008820, sequence: 21636 - clear  0.000000000, sequence: 0
source 0 - assert 1763342428.000005243, sequence: 21637 - clear  0.000000000, sequence: 0
source 0 - assert 1763342429.000003372, sequence: 21638 - clear  0.000000000, sequence: 0
source 0 - assert 1763342430.000005738, sequence: 21639 - clear  0.000000000, sequence: 0
source 0 - assert 1763342431.000007151, sequence: 21640 - clear  0.000000000, sequence: 0
source 0 - assert 1763342432.000009817, sequence: 21641 - clear  0.000000000, sequence: 0
source 0 - assert 1763342433.000005565, sequence: 21642 - clear  0.000000000, sequence: 0
source 0 - assert 1763342434.000006446, sequence: 21643 - clear  0.000000000, sequence: 0
source 0 - assert 1763342435.000006497, sequence: 21644 - clear  0.000000000, sequence: 0
source 0 - assert 1763342436.000012369, sequence: 21645 - clear  0.000000000, sequence: 0
source 0 - assert 1763342437.000009357, sequence: 21646 - clear  0.000000000, sequence: 0
source 0 - assert 1763342438.000003993, sequence: 21647 - clear  0.000000000, sequence: 0
source 0 - assert 1763342439.000003958, sequence: 21648 - clear  0.000000000, sequence: 0
source 0 - assert 1763342440.000003663, sequence: 21649 - clear  0.000000000, sequence: 0
source 0 - assert 1763342441.000006626, sequence: 21650 - clear  0.000000000, sequence: 0
source 0 - assert 1763342442.000007380, sequence: 21651 - clear  0.000000000, sequence: 0
source 0 - assert 1763342443.000004377, sequence: 21652 - clear  0.000000000, sequence: 0
source 0 - assert 1763342444.000005663, sequence: 21653 - clear  0.000000000, sequence: 0
source 0 - assert 1763342445.000003078, sequence: 21654 - clear  0.000000000, sequence: 0
source 0 - assert 1763342446.000007285, sequence: 21655 - clear  0.000000000, sequence: 0
source 0 - assert 1763342447.000011373, sequence: 21656 - clear  0.000000000, sequence: 0
source 0 - assert 1763342448.000007633, sequence: 21657 - clear  0.000000000, sequence: 0
source 0 - assert 1763342449.000005220, sequence: 21658 - clear  0.000000000, sequence: 0
source 0 - assert 1763342450.000003172, sequence: 21659 - clear  0.000000000, sequence: 0
source 0 - assert 1763342451.000002412, sequence: 21660 - clear  0.000000000, sequence: 0
source 0 - assert 1763342452.000006416, sequence: 21661 - clear  0.000000000, sequence: 0
source 0 - assert 1763342453.000006091, sequence: 21662 - clear  0.000000000, sequence: 0
source 0 - assert 1763342454.000005724, sequence: 21663 - clear  0.000000000, sequence: 0
source 0 - assert 1763342455.000008560, sequence: 21664 - clear  0.000000000, sequence: 0
source 0 - assert 1763342456.000005370, sequence: 21665 - clear  0.000000000, sequence: 0
source 0 - assert 1763342457.000008892, sequence: 21666 - clear  0.000000000, sequence: 0
source 0 - assert 1763342458.000007191, sequence: 21667 - clear  0.000000000, sequence: 0
source 0 - assert 1763342459.000008909, sequence: 21668 - clear  0.000000000, sequence: 0
source 0 - assert 1763342460.000007126, sequence: 21669 - clear  0.000000000, sequence: 0
source 0 - assert 1763342461.000004461, sequence: 21670 - clear  0.000000000, sequence: 0
source 0 - assert 1763342462.000008043, sequence: 21671 - clear  0.000000000, sequence: 0
source 0 - assert 1763342463.000008956, sequence: 21672 - clear  0.000000000, sequence: 0
source 0 - assert 1763342464.000004870, sequence: 21673 - clear  0.000000000, sequence: 0
source 0 - assert 1763342465.000004566, sequence: 21674 - clear  0.000000000, sequence: 0
source 0 - assert 1763342466.000010602, sequence: 21675 - clear  0.000000000, sequence: 0
source 0 - assert 1763342467.000008686, sequence: 21676 - clear  0.000000000, sequence: 0
source 0 - assert 1763342468.000009149, sequence: 21677 - clear  0.000000000, sequence: 0
source 0 - assert 1763342469.000005244, sequence: 21678 - clear  0.000000000, sequence: 0
source 0 - assert 1763342470.000004083, sequence: 21679 - clear  0.000000000, sequence: 0
source 0 - assert 1763342471.000003422, sequence: 21680 - clear  0.000000000, sequence: 0
source 0 - assert 1763342472.000001707, sequence: 21681 - clear  0.000000000, sequence: 0
source 0 - assert 1763342473.000007797, sequence: 21682 - clear  0.000000000, sequence: 0
source 0 - assert 1763342474.000005557, sequence: 21683 - clear  0.000000000, sequence: 0
source 0 - assert 1763342475.000004512, sequence: 21684 - clear  0.000000000, sequence: 0
source 0 - assert 1763342476.000006413, sequence: 21685 - clear  0.000000000, sequence: 0
source 0 - assert 1763342477.000006199, sequence: 21686 - clear  0.000000000, sequence: 0
source 0 - assert 1763342478.000006907, sequence: 21687 - clear  0.000000000, sequence: 0
source 0 - assert 1763342479.000004782, sequence: 21688 - clear  0.000000000, sequence: 0
source 0 - assert 1763342480.000005073, sequence: 21689 - clear  0.000000000, sequence: 0
source 0 - assert 1763342481.000005459, sequence: 21690 - clear  0.000000000, sequence: 0
source 0 - assert 1763342482.000003503, sequence: 21691 - clear  0.000000000, sequence: 0
source 0 - assert 1763342483.000009666, sequence: 21692 - clear  0.000000000, sequence: 0
source 0 - assert 1763342484.000006040, sequence: 21693 - clear  0.000000000, sequence: 0
source 0 - assert 1763342485.000007745, sequence: 21694 - clear  0.000000000, sequence: 0
source 0 - assert 1763342486.000007249, sequence: 21695 - clear  0.000000000, sequence: 0
source 0 - assert 1763342487.000002708, sequence: 21696 - clear  0.000000000, sequence: 0
source 0 - assert 1763342488.000008156, sequence: 21697 - clear  0.000000000, sequence: 0
source 0 - assert 1763342489.000009644, sequence: 21698 - clear  0.000000000, sequence: 0
source 0 - assert 1763342490.000008356, sequence: 21699 - clear  0.000000000, sequence: 0
source 0 - assert 1763342491.000006050, sequence: 21700 - clear  0.000000000, sequence: 0
source 0 - assert 1763342492.000004764, sequence: 21701 - clear  0.000000000, sequence: 0
source 0 - assert 1763342493.000006372, sequence: 21702 - clear  0.000000000, sequence: 0
source 0 - assert 1763342494.000006829, sequence: 21703 - clear  0.000000000, sequence: 0
source 0 - assert 1763342495.000006503, sequence: 21704 - clear  0.000000000, sequence: 0
source 0 - assert 1763342496.000010876, sequence: 21705 - clear  0.000000000, sequence: 0
source 0 - assert 1763342497.000005939, sequence: 21706 - clear  0.000000000, sequence: 0
source 0 - assert 1763342498.000009190, sequence: 21707 - clear  0.000000000, sequence: 0
source 0 - assert 1763342499.000005120, sequence: 21708 - clear  0.000000000, sequence: 0
source 0 - assert 1763342500.000007746, sequence: 21709 - clear  0.000000000, sequence: 0
source 0 - assert 1763342501.000008548, sequence: 21710 - clear  0.000000000, sequence: 0
source 0 - assert 1763342502.000006509, sequence: 21711 - clear  0.000000000, sequence: 0
source 0 - assert 1763342503.000007857, sequence: 21712 - clear  0.000000000, sequence: 0
source 0 - assert 1763342504.000008652, sequence: 21713 - clear  0.000000000, sequence: 0
source 0 - assert 1763342505.000009127, sequence: 21714 - clear  0.000000000, sequence: 0
source 0 - assert 1763342506.000007038, sequence: 21715 - clear  0.000000000, sequence: 0
source 0 - assert 1763342507.000010827, sequence: 21716 - clear  0.000000000, sequence: 0
source 0 - assert 1763342508.000006747, sequence: 21717 - clear  0.000000000, sequence: 0
source 0 - assert 1763342509.000005212, sequence: 21718 - clear  0.000000000, sequence: 0
source 0 - assert 1763342510.000008845, sequence: 21719 - clear  0.000000000, sequence: 0
source 0 - assert 1763342511.000008600, sequence: 21720 - clear  0.000000000, sequence: 0
source 0 - assert 1763342512.000005677, sequence: 21721 - clear  0.000000000, sequence: 0
source 0 - assert 1763342513.000005796, sequence: 21722 - clear  0.000000000, sequence: 0
source 0 - assert 1763342514.000008842, sequence: 21723 - clear  0.000000000, sequence: 0
source 0 - assert 1763342515.000005177, sequence: 21724 - clear  0.000000000, sequence: 0
source 0 - assert 1763342516.000007530, sequence: 21725 - clear  0.000000000, sequence: 0
source 0 - assert 1763342517.000004598, sequence: 21726 - clear  0.000000000, sequence: 0
source 0 - assert 1763342518.000009568, sequence: 21727 - clear  0.000000000, sequence: 0
source 0 - assert 1763342519.000002244, sequence: 21728 - clear  0.000000000, sequence: 0
source 0 - assert 1763342520.000005433, sequence: 21729 - clear  0.000000000, sequence: 0
source 0 - assert 1763342521.000006403, sequence: 21730 - clear  0.000000000, sequence: 0
source 0 - assert 1763342522.000005304, sequence: 21731 - clear  0.000000000, sequence: 0
source 0 - assert 1763342523.000007044, sequence: 21732 - clear  0.000000000, sequence: 0
source 0 - assert 1763342524.000002012, sequence: 21733 - clear  0.000000000, sequence: 0
source 0 - assert 1763342525.000004097, sequence: 21734 - clear  0.000000000, sequence: 0
source 0 - assert 1763342526.000012925, sequence: 21735 - clear  0.000000000, sequence: 0
source 0 - assert 1763342527.000007045, sequence: 21736 - clear  0.000000000, sequence: 0
source 0 - assert 1763342528.000004419, sequence: 21737 - clear  0.000000000, sequence: 0
source 0 - assert 1763342529.000004336, sequence: 21738 - clear  0.000000000, sequence: 0
source 0 - assert 1763342530.000003803, sequence: 21739 - clear  0.000000000, sequence: 0
source 0 - assert 1763342531.000007512, sequence: 21740 - clear  0.000000000, sequence: 0
source 0 - assert 1763342532.000003496, sequence: 21741 - clear  0.000000000, sequence: 0
source 0 - assert 1763342533.000006272, sequence: 21742 - clear  0.000000000, sequence: 0
source 0 - assert 1763342534.000006022, sequence: 21743 - clear  0.000000000, sequence: 0
source 0 - assert 1763342535.000008486, sequence: 21744 - clear  0.000000000, sequence: 0
Terminated
