trying PPS source "/dev/pps0"
found PPS source "/dev/pps0"
ok, found 1 source(s), now start fetching data...
source 0 - assert 1763341547.000009799, sequence: 20756 - clear  0.000000000, sequence: 0
source 0 - assert 1763341548.000008662, sequence: 20757 - clear  0.000000000, sequence: 0
source 0 - assert 1763341549.000003934, sequence: 20758 - clear  0.000000000, sequence: 0
source 0 - assert 1763341550.000005309, sequence: 20759 - clear  0.000000000, sequence: 0
source 0 - assert 1763341551.000007932, sequence: 20760 - clear  0.000000000, sequence: 0
source 0 - assert 1763341552.000005637, sequence: 20761 - clear  0.000000000, sequence: 0
source 0 - assert 1763341553.000009352, sequence: 20762 - clear  0.000000000, sequence: 0
source 0 - assert 1763341554.000006792, sequence: 20763 - clear  0.000000000, sequence: 0
source 0 - assert 1763341555.000002647, sequence: 20764 - clear  0.000000000, sequence: 0
source 0 - assert 1763341556.000003995, sequence: 20765 - clear  0.000000000, sequence: 0
source 0 - assert 1763341557.000006033, sequence: 20766 - clear  0.000000000, sequence: 0
source 0 - assert 1763341558.000010961, sequence: 20767 - clear  0.000000000, sequence: 0
source 0 - assert 1763341559.000007412, sequence: 20768 - clear  0.000000000, sequence: 0
source 0 - assert 1763341560.000004090, sequence: 20769 - clear  0.000000000, sequence: 0
source 0 - assert 1763341561.000006100, sequence: 20770 - clear  0.000000000, sequence: 0
source 0 - assert 1763341562.000003913, sequence: 20771 - clear  0.000000000, sequence: 0
source 0 - assert 1763341563.000009551, sequence: 20772 - clear  0.000000000, sequence: 0
source 0 - assert 1763341564.000006575, sequence: 20773 - clear  0.000000000, sequence: 0
source 0 - assert 1763341565.000004030, sequence: 20774 - clear  0.000000000, sequence: 0
source 0 - assert 1763341566.000005876, sequence: 20775 - clear  0.000000000, sequence: 0
source 0 - assert 1763341567.000004870, sequence: 20776 - clear  0.000000000, sequence: 0
source 0 - assert 1763341568.000008938, sequence: 20777 - clear  0.000000000, sequence: 0
source 0 - assert 1763341569.000006040, sequence: 20778 - clear  0.000000000, sequence: 0
source 0 - assert 1763341570.000004346, sequence: 20779 - clear  0.000000000, sequence: 0
source 0 - assert 1763341571.000004826, sequence: 20780 - clear  0.000000000, sequence: 0
source 0 - assert 1763341572.000006342, sequence: 20781 - clear  0.000000000, sequence: 0
source 0 - assert 1763341573.000006241, sequence: 20782 - clear  0.000000000, sequence: 0
source 0 - assert 1763341574.000004285, sequence: 20783 - clear  0.000000000, sequence: 0
source 0 - assert 1763341575.000005680, sequence: 20784 - clear  0.000000000, sequence: 0
source 0 - assert 1763341576.000006402, sequence: 20785 - clear  0.000000000, sequence: 0
source 0 - assert 1763341577.000005249, sequence: 20786 - clear  0.000000000, sequence: 0
source 0 - assert 1763341578.000007893, sequence: 20787 - clear  0.000000000, sequence: 0
source 0 - assert 1763341579.000005679, sequence: 20788 - clear  0.000000000, sequence: 0
source 0 - assert 1763341580.000005465, sequence: 20789 - clear  0.000000000, sequence: 0
source 0 - assert 1763341581.000008053, sequence: 20790 - clear  0.000000000, sequence: 0
source 0 - assert 1763341582.000008581, sequence: 20791 - clear  0.000000000, sequence: 0
source 0 - assert 1763341583.000008705, sequence: 20792 - clear  0.000000000, sequence: 0
source 0 - assert 1763341584.000003840, sequence: 20793 - clear  0.000000000, sequence: 0
source 0 - assert 1763341585.000001514, sequence: 20794 - clear  0.000000000, sequence: 0
source 0 - assert 1763341586.000006236, sequence: 20795 - clear  0.000000000, sequence: 0
source 0 - assert 1763341587.000006703, sequence: 20796 - clear  0.000000000, sequence: 0
source 0 - assert 1763341588.000009484, sequence: 20797 - clear  0.000000000, sequence: 0
source 0 - assert 1763341589.000009005, sequence: 20798 - clear  0.000000000, sequence: 0
source 0 - assert 1763341590.000010197, sequence: 20799 - clear  0.000000000, sequence: 0
source 0 - assert 1763341591.000008659, sequence: 20800 - clear  0.000000000, sequence: 0
source 0 - assert 1763341592.000004607, sequence: 20801 - clear  0.000000000, sequence: 0
source 0 - assert 1763341593.000006213, sequence: 20802 - clear  0.000000000, sequence: 0
source 0 - assert 1763341594.000007599, sequence: 20803 - clear  0.000000000, sequence: 0
source 0 - assert 1763341595.000005955, sequence: 20804 - clear  0.000000000, sequence: 0
source 0 - assert 1763341596.000009789, sequence: 20805 - clear  0.000000000, sequence: 0
source 0 - assert 1763341597.000002793, sequence: 20806 - clear  0.000000000, sequence: 0
source 0 - assert 1763341598.000008156, sequence: 20807 - clear  0.000000000, sequence: 0
source 0 - assert 1763341599.000006320, sequence: 20808 - clear  0.000000000, sequence: 0
source 0 - assert 1763341600.000011000, sequence: 20809 - clear  0.000000000, sequence: 0
source 0 - assert 1763341601.000005594, sequence: 20810 - clear  0.000000000, sequence: 0
source 0 - assert 1763341602.000005870, sequence: 20811 - clear  0.000000000, sequence: 0
source 0 - assert 1763341603.000008212, sequence: 20812 - clear  0.000000000, sequence: 0
source 0 - assert 1763341604.000006910, sequence: 20813 - clear  0.000000000, sequence: 0
source 0 - assert 1763341605.000009752, sequence: 20814 - clear  0.000000000, sequence: 0
source 0 - assert 1763341606.000005139, sequence: 20815 - clear  0.000000000, sequence: 0
source 0 - assert 1763341607.000011157, sequence: 20816 - clear  0.000000000, sequence: 0
source 0 - assert 1763341608.000007660, sequence: 20817 - clear  0.000000000, sequence: 0
source 0 - assert 1763341609.000007544, sequence: 20818 - clear  0.000000000, sequence: 0
source 0 - assert 1763341610.000006535, sequence: 20819 - clear  0.000000000, sequence: 0
source 0 - assert 1763341611.000005128, sequence: 20820 - clear  0.000000000, sequence: 0
source 0 - assert 1763341612.000007506, sequence: 20821 - clear  0.000000000, sequence: 0
source 0 - assert 1763341613.000009388, sequence: 20822 - clear  0.000000000, sequence: 0
source 0 - assert 1763341614.000009176, sequence: 20823 - clear  0.000000000, sequence: 0
source 0 - assert 1763341615.000008602, sequence: 20824 - clear  0.000000000, sequence: 0
source 0 - assert 1763341616.000006291, sequence: 20825 - clear  0.000000000, sequence: 0
source 0 - assert 1763341617.000008127, sequence: 20826 - clear  0.000000000, sequence: 0
source 0 - assert 1763341618.000005044, sequence: 20827 - clear  0.000000000, sequence: 0
source 0 - assert 1763341619.000009372, sequence: 20828 - clear  0.000000000, sequence: 0
source 0 - assert 1763341620.000006495, sequence: 20829 - clear  0.000000000, sequence: 0
source 0 - assert 1763341621.000004485, sequence: 20830 - clear  0.000000000, sequence: 0
source 0 - assert 1763341622.000005899, sequence: 20831 - clear  0.000000000, sequence: 0
source 0 - assert 1763341623.000008524, sequence: 20832 - clear  0.000000000, sequence: 0
source 0 - assert 1763341624.000003212, sequence: 20833 - clear  0.000000000, sequence: 0
source 0 - assert 1763341625.000004626, sequence: 20834 - clear  0.000000000, sequence: 0
source 0 - assert 1763341626.000005240, sequence: 20835 - clear  0.000000000, sequence: 0
source 0 - assert 1763341627.000005833, sequence: 20836 - clear  0.000000000, sequence: 0
source 0 - assert 1763341628.000009517, sequence: 20837 - clear  0.000000000, sequence: 0
source 0 - assert 1763341629.000008476, sequence: 20838 - clear  0.000000000, sequence: 0
source 0 - assert 1763341630.000004799, sequence: 20839 - clear  0.000000000, sequence: 0
source 0 - assert 1763341631.000000622, sequence: 20840 - clear  0.000000000, sequence: 0
source 0 - assert 1763341632.000004619, sequence: 20841 - clear  0.000000000, sequence: 0
source 0 - assert 1763341633.000009199, sequence: 20842 - clear  0.000000000, sequence: 0
source 0 - assert 1763341634.000004798, sequence: 20843 - clear  0.000000000, sequence: 0
source 0 - assert 1763341635.000003436, sequence: 20844 - clear  0.000000000, sequence: 0
source 0 - assert 1763341636.000008362, sequence: 20845 - clear  0.000000000, sequence: 0
source 0 - assert 1763341637.000005958, sequence: 20846 - clear  0.000000000, sequence: 0
source 0 - assert 1763341638.000009658, sequence: 20847 - clear  0.000000000, sequence: 0
source 0 - assert 1763341639.000003125, sequence: 20848 - clear  0.000000000, sequence: 0
source 0 - assert 1763341640.000003348, sequence: 20849 - clear  0.000000000, sequence: 0
source 0 - assert 1763341641.000002895, sequence: 20850 - clear  0.000000000, sequence: 0
source 0 - assert 1763341642.000005350, sequence: 20851 - clear  0.000000000, sequence: 0
source 0 - assert 1763341643.000010092, sequence: 20852 - clear  0.000000000, sequence: 0
source 0 - assert 1763341644.000003074, sequence: 20853 - clear  0.000000000, sequence: 0
source 0 - assert 1763341644.999999826, sequence: 20854 - clear  0.000000000, sequence: 0
source 0 - assert 1763341646.000007164, sequence: 20855 - clear  0.000000000, sequence: 0
source 0 - assert 1763341647.000002777, sequence: 20856 - clear  0.000000000, sequence: 0
source 0 - assert 1763341648.000006773, sequence: 20857 - clear  0.000000000, sequence: 0
source 0 - assert 1763341649.000009057, sequence: 20858 - clear  0.000000000, sequence: 0
source 0 - assert 1763341650.000004711, sequence: 20859 - clear  0.000000000, sequence: 0
source 0 - assert 1763341651.000001892, sequence: 20860 - clear  0.000000000, sequence: 0
source 0 - assert 1763341652.000005225, sequence: 20861 - clear  0.000000000, sequence: 0
source 0 - assert 1763341653.000008634, sequence: 20862 - clear  0.000000000, sequence: 0
source 0 - assert 1763341654.000003218, sequence: 20863 - clear  0.000000000, sequence: 0
source 0 - assert 1763341655.000004620, sequence: 20864 - clear  0.000000000, sequence: 0
source 0 - assert 1763341656.000012743, sequence: 20865 - clear  0.000000000, sequence: 0
source 0 - assert 1763341657.000003076, sequence: 20866 - clear  0.000000000, sequence: 0
source 0 - assert 1763341658.000010945, sequence: 20867 - clear  0.000000000, sequence: 0
source 0 - assert 1763341659.000009499, sequence: 20868 - clear  0.000000000, sequence: 0
source 0 - assert 1763341660.000010288, sequence: 20869 - clear  0.000000000, sequence: 0
source 0 - assert 1763341661.000008072, sequence: 20870 - clear  0.000000000, sequence: 0
source 0 - assert 1763341662.000006951, sequence: 20871 - clear  0.000000000, sequence: 0
source 0 - assert 1763341663.000008951, sequence: 20872 - clear  0.000000000, sequence: 0
source 0 - assert 1763341664.000006136, sequence: 20873 - clear  0.000000000, sequence: 0
source 0 - assert 1763341665.000007260, sequence: 20874 - clear  0.000000000, sequence: 0
source 0 - assert 1763341666.000007037, sequence: 20875 - clear  0.000000000, sequence: 0
source 0 - assert 1763341667.000002560, sequence: 20876 - clear  0.000000000, sequence: 0
source 0 - assert 1763341668.000008961, sequence: 20877 - clear  0.000000000, sequence: 0
source 0 - assert 1763341669.000005908, sequence: 20878 - clear  0.000000000, sequence: 0
source 0 - assert 1763341670.000007167, sequence: 20879 - clear  0.000000000, sequence: 0
source 0 - assert 1763341671.000008505, sequence: 20880 - clear  0.000000000, sequence: 0
source 0 - assert 1763341672.000011122, sequence: 20881 - clear  0.000000000, sequence: 0
source 0 - assert 1763341673.000009582, sequence: 20882 - clear  0.000000000, sequence: 0
source 0 - assert 1763341674.000010207, sequence: 20883 - clear  0.000000000, sequence: 0
source 0 - assert 1763341675.000003203, sequence: 20884 - clear  0.000000000, sequence: 0
source 0 - assert 1763341676.000006361, sequence: 20885 - clear  0.000000000, sequence: 0
source 0 - assert 1763341677.000001635, sequence: 20886 - clear  0.000000000, sequence: 0
source 0 - assert 1763341678.000005610, sequence: 20887 - clear  0.000000000, sequence: 0
source 0 - assert 1763341679.000012723, sequence: 20888 - clear  0.000000000, sequence: 0
source 0 - assert 1763341680.000007256, sequence: 20889 - clear  0.000000000, sequence: 0
source 0 - assert 1763341681.000006507, sequence: 20890 - clear  0.000000000, sequence: 0
source 0 - assert 1763341682.000005643, sequence: 20891 - clear  0.000000000, sequence: 0
source 0 - assert 1763341683.000004253, sequence: 20892 - clear  0.000000000, sequence: 0
source 0 - assert 1763341684.000008079, sequence: 20893 - clear  0.000000000, sequence: 0
source 0 - assert 1763341685.000010800, sequence: 20894 - clear  0.000000000, sequence: 0
source 0 - assert 1763341686.000008545, sequence: 20895 - clear  0.000000000, sequence: 0
source 0 - assert 1763341687.000008428, sequence: 20896 - clear  0.000000000, sequence: 0
source 0 - assert 1763341688.000006706, sequence: 20897 - clear  0.000000000, sequence: 0
source 0 - assert 1763341689.000008781, sequence: 20898 - clear  0.000000000, sequence: 0
source 0 - assert 1763341690.000011636, sequence: 20899 - clear  0.000000000, sequence: 0
source 0 - assert 1763341691.000002912, sequence: 20900 - clear  0.000000000, sequence: 0
source 0 - assert 1763341692.000005815, sequence: 20901 - clear  0.000000000, sequence: 0
source 0 - assert 1763341693.000004479, sequence: 20902 - clear  0.000000000, sequence: 0
source 0 - assert 1763341694.000008025, sequence: 20903 - clear  0.000000000, sequence: 0
source 0 - assert 1763341695.000009173, sequence: 20904 - clear  0.000000000, sequence: 0
source 0 - assert 1763341696.000007137, sequence: 20905 - clear  0.000000000, sequence: 0
source 0 - assert 1763341697.000004580, sequence: 20906 - clear  0.000000000, sequence: 0
source 0 - assert 1763341698.000004265, sequence: 20907 - clear  0.000000000, sequence: 0
source 0 - assert 1763341699.000009574, sequence: 20908 - clear  0.000000000, sequence: 0
source 0 - assert 1763341700.000008878, sequence: 20909 - clear  0.000000000, sequence: 0
source 0 - assert 1763341701.000006307, sequence: 20910 - clear  0.000000000, sequence: 0
source 0 - assert 1763341702.000003071, sequence: 20911 - clear  0.000000000, sequence: 0
source 0 - assert 1763341703.000005381, sequence: 20912 - clear  0.000000000, sequence: 0
source 0 - assert 1763341704.000008594, sequence: 20913 - clear  0.000000000, sequence: 0
source 0 - assert 1763341705.000010121, sequence: 20914 - clear  0.000000000, sequence: 0
source 0 - assert 1763341706.000006286, sequence: 20915 - clear  0.000000000, sequence: 0
source 0 - assert 1763341707.000006293, sequence: 20916 - clear  0.000000000, sequence: 0
source 0 - assert 1763341708.000005841, sequence: 20917 - clear  0.000000000, sequence: 0
source 0 - assert 1763341709.000007868, sequence: 20918 - clear  0.000000000, sequence: 0
source 0 - assert 1763341710.000011091, sequence: 20919 - clear  0.000000000, sequence: 0
source 0 - assert 1763341711.000004772, sequence: 20920 - clear  0.000000000, sequence: 0
source 0 - assert 1763341712.000003853, sequence: 20921 - clear  0.000000000, sequence: 0
source 0 - assert 1763341713.000006159, sequence: 20922 - clear  0.000000000, sequence: 0
source 0 - assert 1763341714.000009075, sequence: 20923 - clear  0.000000000, sequence: 0
source 0 - assert 1763341715.000006049, sequence: 20924 - clear  0.000000000, sequence: 0
source 0 - assert 1763341716.000005821, sequence: 20925 - clear  0.000000000, sequence: 0
source 0 - assert 1763341717.000006249, sequence: 20926 - clear  0.000000000, sequence: 0
source 0 - assert 1763341718.000005678, sequence: 20927 - clear  0.000000000, sequence: 0
source 0 - assert 1763341719.000009602, sequence: 20928 - clear  0.000000000, sequence: 0
source 0 - assert 1763341720.000006431, sequence: 20929 - clear  0.000000000, sequence: 0
source 0 - assert 1763341721.000004058, sequence: 20930 - clear  0.000000000, sequence: 0
source 0 - assert 1763341722.000006156, sequence: 20931 - clear  0.000000000, sequence: 0
source 0 - assert 1763341723.000006754, sequence: 20932 - clear  0.000000000, sequence: 0
source 0 - assert 1763341724.000006129, sequence: 20933 - clear  0.000000000, sequence: 0
source 0 - assert 1763341725.000006701, sequence: 20934 - clear  0.000000000, sequence: 0
source 0 - assert 1763341726.000008042, sequence: 20935 - clear  0.000000000, sequence: 0
source 0 - assert 1763341727.000012419, sequence: 20936 - clear  0.000000000, sequence: 0
source 0 - assert 1763341728.000007301, sequence: 20937 - clear  0.000000000, sequence: 0
source 0 - assert 1763341729.000009411, sequence: 20938 - clear  0.000000000, sequence: 0
source 0 - assert 1763341730.000004776, sequence: 20939 - clear  0.000000000, sequence: 0
source 0 - assert 1763341731.000008166, sequence: 20940 - clear  0.000000000, sequence: 0
source 0 - assert 1763341732.000006450, sequence: 20941 - clear  0.000000000, sequence: 0
source 0 - assert 1763341733.000005085, sequence: 20942 - clear  0.000000000, sequence: 0
source 0 - assert 1763341734.000008827, sequence: 20943 - clear  0.000000000, sequence: 0
source 0 - assert 1763341735.000008894, sequence: 20944 - clear  0.000000000, sequence: 0
source 0 - assert 1763341736.000009294, sequence: 20945 - clear  0.000000000, sequence: 0
source 0 - assert 1763341737.000003969, sequence: 20946 - clear  0.000000000, sequence: 0
source 0 - assert 1763341738.000006038, sequence: 20947 - clear  0.000000000, sequence: 0
source 0 - assert 1763341739.000007487, sequence: 20948 - clear  0.000000000, sequence: 0
source 0 - assert 1763341740.000011999, sequence: 20949 - clear  0.000000000, sequence: 0
source 0 - assert 1763341741.000004951, sequence: 20950 - clear  0.000000000, sequence: 0
source 0 - assert 1763341742.000004526, sequence: 20951 - clear  0.000000000, sequence: 0
source 0 - assert 1763341743.000005692, sequence: 20952 - clear  0.000000000, sequence: 0
source 0 - assert 1763341744.000005930, sequence: 20953 - clear  0.000000000, sequence: 0
source 0 - assert 1763341745.000005326, sequence: 20954 - clear  0.000000000, sequence: 0
source 0 - assert 1763341746.000009183, sequence: 20955 - clear  0.000000000, sequence: 0
source 0 - assert 1763341747.000004453, sequence: 20956 - clear  0.000000000, sequence: 0
source 0 - assert 1763341748.000009758, sequence: 20957 - clear  0.000000000, sequence: 0
source 0 - assert 1763341749.000007631, sequence: 20958 - clear  0.000000000, sequence: 0
source 0 - assert 1763341750.000007716, sequence: 20959 - clear  0.000000000, sequence: 0
source 0 - assert 1763341751.000003389, sequence: 20960 - clear  0.000000000, sequence: 0
source 0 - assert 1763341752.000004143, sequence: 20961 - clear  0.000000000, sequence: 0
source 0 - assert 1763341753.000006548, sequence: 20962 - clear  0.000000000, sequence: 0
source 0 - assert 1763341754.000007950, sequence: 20963 - clear  0.000000000, sequence: 0
source 0 - assert 1763341755.000005944, sequence: 20964 - clear  0.000000000, sequence: 0
source 0 - assert 1763341756.000005929, sequence: 20965 - clear  0.000000000, sequence: 0
source 0 - assert 1763341757.000007711, sequence: 20966 - clear  0.000000000, sequence: 0
source 0 - assert 1763341758.000005830, sequence: 20967 - clear  0.000000000, sequence: 0
source 0 - assert 1763341759.000010444, sequence: 20968 - clear  0.000000000, sequence: 0
source 0 - assert 1763341760.000004738, sequence: 20969 - clear  0.000000000, sequence: 0
source 0 - assert 1763341761.000003208, sequence: 20970 - clear  0.000000000, sequence: 0
source 0 - assert 1763341762.000005314, sequence: 20971 - clear  0.000000000, sequence: 0
source 0 - assert 1763341763.000006546, sequence: 20972 - clear  0.000000000, sequence: 0
source 0 - assert 1763341764.000008114, sequence: 20973 - clear  0.000000000, sequence: 0
source 0 - assert 1763341765.000006886, sequence: 20974 - clear  0.000000000, sequence: 0
source 0 - assert 1763341766.000001560, sequence: 20975 - clear  0.000000000, sequence: 0
source 0 - assert 1763341767.000008397, sequence: 20976 - clear  0.000000000, sequence: 0
source 0 - assert 1763341768.000007881, sequence: 20977 - clear  0.000000000, sequence: 0
source 0 - assert 1763341769.000007787, sequence: 20978 - clear  0.000000000, sequence: 0
source 0 - assert 1763341770.000011035, sequence: 20979 - clear  0.000000000, sequence: 0
source 0 - assert 1763341771.000005644, sequence: 20980 - clear  0.000000000, sequence: 0
source 0 - assert 1763341772.000008056, sequence: 20981 - clear  0.000000000, sequence: 0
source 0 - assert 1763341773.000007386, sequence: 20982 - clear  0.000000000, sequence: 0
source 0 - assert 1763341774.000010809, sequence: 20983 - clear  0.000000000, sequence: 0
source 0 - assert 1763341775.000008629, sequence: 20984 - clear  0.000000000, sequence: 0
source 0 - assert 1763341776.000005250, sequence: 20985 - clear  0.000000000, sequence: 0
source 0 - assert 1763341777.000005574, sequence: 20986 - clear  0.000000000, sequence: 0
source 0 - assert 1763341778.000003197, sequence: 20987 - clear  0.000000000, sequence: 0
source 0 - assert 1763341779.000006239, sequence: 20988 - clear  0.000000000, sequence: 0
source 0 - assert 1763341780.000008482, sequence: 20989 - clear  0.000000000, sequence: 0
source 0 - assert 1763341781.000003274, sequence: 20990 - clear  0.000000000, sequence: 0
source 0 - assert 1763341782.000004662, sequence: 20991 - clear  0.000000000, sequence: 0
source 0 - assert 1763341783.000008456, sequence: 20992 - clear  0.000000000, sequence: 0
source 0 - assert 1763341784.000007155, sequence: 20993 - clear  0.000000000, sequence: 0
source 0 - assert 1763341785.000008582, sequence: 20994 - clear  0.000000000, sequence: 0
source 0 - assert 1763341786.000007018, sequence: 20995 - clear  0.000000000, sequence: 0
source 0 - assert 1763341787.000010422, sequence: 20996 - clear  0.000000000, sequence: 0
source 0 - assert 1763341788.000007771, sequence: 20997 - clear  0.000000000, sequence: 0
source 0 - assert 1763341789.000010756, sequence: 20998 - clear  0.000000000, sequence: 0
source 0 - assert 1763341790.000008910, sequence: 20999 - clear  0.000000000, sequence: 0
source 0 - assert 1763341791.000005769, sequence: 21000 - clear  0.000000000, sequence: 0
source 0 - assert 1763341792.000008839, sequence: 21001 - clear  0.000000000, sequence: 0
source 0 - assert 1763341793.000006167, sequence: 21002 - clear  0.000000000, sequence: 0
source 0 - assert 1763341794.000008621, sequence: 21003 - clear  0.000000000, sequence: 0
source 0 - assert 1763341795.000009274, sequence: 21004 - clear  0.000000000, sequence: 0
source 0 - assert 1763341796.000006394, sequence: 21005 - clear  0.000000000, sequence: 0
source 0 - assert 1763341797.000006988, sequence: 21006 - clear  0.000000000, sequence: 0
source 0 - assert 1763341798.000011082, sequence: 21007 - clear  0.000000000, sequence: 0
source 0 - assert 1763341799.000007225, sequence: 21008 - clear  0.000000000, sequence: 0
source 0 - assert 1763341800.000013397, sequence: 21009 - clear  0.000000000, sequence: 0
source 0 - assert 1763341801.000005623, sequence: 21010 - clear  0.000000000, sequence: 0
source 0 - assert 1763341802.000007470, sequence: 21011 - clear  0.000000000, sequence: 0
source 0 - assert 1763341803.000004941, sequence: 21012 - clear  0.000000000, sequence: 0
source 0 - assert 1763341804.000007629, sequence: 21013 - clear  0.000000000, sequence: 0
source 0 - assert 1763341805.000003941, sequence: 21014 - clear  0.000000000, sequence: 0
source 0 - assert 1763341806.000006571, sequence: 21015 - clear  0.000000000, sequence: 0
source 0 - assert 1763341807.000004630, sequence: 21016 - clear  0.000000000, sequence: 0
source 0 - assert 1763341808.000000596, sequence: 21017 - clear  0.000000000, sequence: 0
source 0 - assert 1763341809.000007421, sequence: 21018 - clear  0.000000000, sequence: 0
source 0 - assert 1763341810.000008221, sequence: 21019 - clear  0.000000000, sequence: 0
source 0 - assert 1763341811.000000743, sequence: 21020 - clear  0.000000000, sequence: 0
source 0 - assert 1763341812.000006494, sequence: 21021 - clear  0.000000000, sequence: 0
source 0 - assert 1763341813.000005122, sequence: 21022 - clear  0.000000000, sequence: 0
source 0 - assert 1763341814.000007763, sequence: 21023 - clear  0.000000000, sequence: 0
source 0 - assert 1763341815.000002989, sequence: 21024 - clear  0.000000000, sequence: 0
source 0 - assert 1763341816.000008750, sequence: 21025 - clear  0.000000000, sequence: 0
source 0 - assert 1763341817.000002201, sequence: 21026 - clear  0.000000000, sequence: 0
source 0 - assert 1763341818.000005951, sequence: 21027 - clear  0.000000000, sequence: 0
source 0 - assert 1763341819.000006224, sequence: 21028 - clear  0.000000000, sequence: 0
source 0 - assert 1763341820.000004529, sequence: 21029 - clear  0.000000000, sequence: 0
source 0 - assert 1763341821.000003894, sequence: 21030 - clear  0.000000000, sequence: 0
source 0 - assert 1763341822.000006132, sequence: 21031 - clear  0.000000000, sequence: 0
source 0 - assert 1763341823.000007222, sequence: 21032 - clear  0.000000000, sequence: 0
source 0 - assert 1763341824.000007556, sequence: 21033 - clear  0.000000000, sequence: 0
source 0 - assert 1763341825.000007091, sequence: 21034 - clear  0.000000000, sequence: 0
source 0 - assert 1763341826.000007563, sequence: 21035 - clear  0.000000000, sequence: 0
source 0 - assert 1763341827.000006401, sequence: 21036 - clear  0.000000000, sequence: 0
source 0 - assert 1763341828.000005294, sequence: 21037 - clear  0.000000000, sequence: 0
source 0 - assert 1763341829.000010204, sequence: 21038 - clear  0.000000000, sequence: 0
source 0 - assert 1763341830.000006174, sequence: 21039 - clear  0.000000000, sequence: 0
source 0 - assert 1763341831.000010879, sequence: 21040 - clear  0.000000000, sequence: 0
source 0 - assert 1763341832.000008339, sequence: 21041 - clear  0.000000000, sequence: 0
source 0 - assert 1763341833.000008867, sequence: 21042 - clear  0.000000000, sequence: 0
source 0 - assert 1763341834.000010241, sequence: 21043 - clear  0.000000000, sequence: 0
source 0 - assert 1763341835.000007795, sequence: 21044 - clear  0.000000000, sequence: 0
source 0 - assert 1763341836.000006830, sequence: 21045 - clear  0.000000000, sequence: 0
source 0 - assert 1763341837.000004160, sequence: 21046 - clear  0.000000000, sequence: 0
source 0 - assert 1763341838.000006840, sequence: 21047 - clear  0.000000000, sequence: 0
source 0 - assert 1763341839.000002741, sequence: 21048 - clear  0.000000000, sequence: 0
source 0 - assert 1763341840.000009964, sequence: 21049 - clear  0.000000000, sequence: 0
source 0 - assert 1763341841.000005494, sequence: 21050 - clear  0.000000000, sequence: 0
source 0 - assert 1763341842.000004948, sequence: 21051 - clear  0.000000000, sequence: 0
source 0 - assert 1763341843.000004739, sequence: 21052 - clear  0.000000000, sequence: 0
source 0 - assert 1763341844.000007113, sequence: 21053 - clear  0.000000000, sequence: 0
source 0 - assert 1763341845.000007006, sequence: 21054 - clear  0.000000000, sequence: 0
source 0 - assert 1763341846.000005886, sequence: 21055 - clear  0.000000000, sequence: 0
source 0 - assert 1763341847.000008680, sequence: 21056 - clear  0.000000000, sequence: 0
source 0 - assert 1763341848.000004867, sequence: 21057 - clear  0.000000000, sequence: 0
source 0 - assert 1763341849.000006191, sequence: 21058 - clear  0.000000000, sequence: 0
source 0 - assert 1763341850.000008330, sequence: 21059 - clear  0.000000000, sequence: 0
source 0 - assert 1763341851.000007350, sequence: 21060 - clear  0.000000000, sequence: 0
source 0 - assert 1763341852.000001684, sequence: 21061 - clear  0.000000000, sequence: 0
source 0 - assert 1763341853.000003279, sequence: 21062 - clear  0.000000000, sequence: 0
source 0 - assert 1763341854.000005194, sequence: 21063 - clear  0.000000000, sequence: 0
source 0 - assert 1763341855.000011118, sequence: 21064 - clear  0.000000000, sequence: 0
source 0 - assert 1763341856.000008871, sequence: 21065 - clear  0.000000000, sequence: 0
source 0 - assert 1763341857.000006452, sequence: 21066 - clear  0.000000000, sequence: 0
source 0 - assert 1763341858.000007006, sequence: 21067 - clear  0.000000000, sequence: 0
source 0 - assert 1763341859.000005503, sequence: 21068 - clear  0.000000000, sequence: 0
source 0 - assert 1763341860.000008573, sequence: 21069 - clear  0.000000000, sequence: 0
source 0 - assert 1763341861.000009860, sequence: 21070 - clear  0.000000000, sequence: 0
source 0 - assert 1763341862.000006278, sequence: 21071 - clear  0.000000000, sequence: 0
source 0 - assert 1763341863.000017045, sequence: 21072 - clear  0.000000000, sequence: 0
Terminated
