ptp4l[476447.471]: selected /dev/ptp0 as PTP clock
ptp4l[476447.474]: port 1 (eth0): INITIALIZING to LISTENING on INIT_COMPLETE
ptp4l[476447.475]: port 0 (/var/run/ptp/ptp4l): INITIALIZING to LISTENING on INIT_COMPLETE
ptp4l[476447.475]: port 0 (/var/run/ptp/ptp4lro): INITIALIZING to LISTENING on INIT_COMPLETE
ptp4l[476453.989]: port 1 (eth0): new foreign master 641c10.fffe.f12579-1
ptp4l[476455.028]: selected local clock 000000.fffe.049f06 as best master
ptp4l[476457.822]: selected best master clock 641c10.fffe.f12579
ptp4l[476457.823]: port 1 (eth0): LISTENING to UNCALIBRATED on RS_SLAVE
ptp4l[476460.696]: master offset -585174646 s0 freq  -81074 path delay  12896567
ptp4l[476461.655]: master offset -627864389 s1 freq -32767999 path delay  13837957
ptp4l[476462.634]: master offset   41544214 s2 freq +8776215 path delay  13837957
ptp4l[476462.634]: port 1 (eth0): UNCALIBRATED to SLAVE on MASTER_CLOCK_SELECTED
ptp4l[476463.734]: master offset   29973187 s2 freq +9668452 path delay   9775116
ptp4l[476464.834]: master offset   24598941 s2 freq +13286162 path delay   4643438
ptp4l[476465.934]: master offset    3285104 s2 freq -647992 path delay   4643438
ptp4l[476467.034]: master offset  -14981264 s2 freq -17928829 path delay   4643438
ptp4l[476468.134]: master offset    4493375 s2 freq -2948569 path delay   1798331
ptp4l[476469.213]: master offset    7369034 s2 freq +1275102 path delay   1798331
ptp4l[476470.253]: master offset  -34342185 s2 freq -32767999 path delay   1798331
ptp4l[476471.251]: master offset    8142562 s2 freq +4259340 path delay    851864
ptp4l[476472.271]: master offset    3769802 s2 freq +2329349 path delay    842555
ptp4l[476473.274]: master offset  -37467967 s2 freq -32767999 path delay    366566
ptp4l[476474.251]: master offset  -15685798 s2 freq -15995310 path delay    104841
ptp4l[476475.251]: master offset    2738810 s2 freq -2276442 path delay   -570209
ptp4l[476476.268]: master offset    4972010 s2 freq +778401 path delay   -570209
ptp4l[476477.271]: master offset  -36903873 s2 freq -32767999 path delay   -398231
ptp4l[476478.250]: master offset    6816987 s2 freq +4114981 path delay  -2579354
ptp4l[476479.262]: master offset    2582079 s2 freq +1925169 path delay  -2579354
ptp4l[476480.272]: master offset   -2266667 s2 freq -2148953 path delay    228596
ptp4l[476481.273]: master offset    -200309 s2 freq -762595 path delay    228596
ptp4l[476482.274]: master offset     621435 s2 freq    -944 path delay     87163
ptp4l[476483.267]: master offset  -41194529 s2 freq -32767999 path delay    228596
ptp4l[476484.244]: master offset     351289 s2 freq  -84659 path delay    228596
ptp4l[476485.249]: master offset  -41846503 s2 freq -32767999 path delay    752341
ptp4l[476486.241]: master offset   -6147333 s2 freq -6477895 path delay    752341
ptp4l[476487.256]: master offset   -5432710 s2 freq -7607472 path delay     87163
ptp4l[476488.269]: master offset    -804701 s2 freq -4609276 path delay   -162017
ptp4l[476489.276]: master offset    3720104 s2 freq -325881 path delay   -162017
ptp4l[476490.280]: master offset   -6696001 s2 freq -9625955 path delay    -52628
ptp4l[476491.274]: master offset    3609529 s2 freq -1329225 path delay    -52628
ptp4l[476492.276]: master offset   -2727978 s2 freq -6583873 path delay   -368762
ptp4l[476493.273]: master offset    4188307 s2 freq -485982 path delay   -452240
ptp4l[476494.275]: master offset    4586681 s2 freq +1168884 path delay   -452240
ptp4l[476495.277]: master offset    3321042 s2 freq +1279250 path delay   -452240
ptp4l[476496.270]: master offset  -38474972 s2 freq -32767999 path delay   -368762
ptp4l[476497.246]: master offset  -14568481 s2 freq -15613961 path delay   -368762
ptp4l[476498.249]: master offset    1034370 s2 freq -4381654 path delay   -452240
ptp4l[476499.267]: master offset    5415430 s2 freq +309717 path delay   -452240
ptp4l[476500.279]: master offset    5020252 s2 freq +1539168 path delay   -452240
ptp4l[476501.282]: master offset   -4532090 s2 freq -6507098 path delay   -244042
ptp4l[476502.276]: master offset    1945330 s2 freq -1389305 path delay   -244042
ptp4l[476503.275]: master offset    3144839 s2 freq +393803 path delay   -128993
ptp4l[476504.277]: master offset    2656951 s2 freq +849366 path delay   -128993
ptp4l[476505.270]: master offset  -39205648 s2 freq -32767999 path delay     23530
ptp4l[476506.247]: master offset    1761602 s2 freq +751103 path delay     23530
ptp4l[476507.260]: master offset   -5333053 s2 freq -5815072 path delay     23530
ptp4l[476508.269]: master offset   -7600219 s2 freq -9682154 path delay   -128993
ptp4l[476509.271]: master offset    2699384 s2 freq -1662616 path delay   -128993
ptp4l[476510.269]: master offset  -39155989 s2 freq -32767999 path delay     23530
ptp4l[476511.250]: master offset  -10175398 s2 freq -13727583 path delay     23530
ptp4l[476512.256]: master offset   -6577751 s2 freq -13182556 path delay   -125046
ptp4l[476513.268]: master offset      35476 s2 freq -8542654 path delay  -3446844
ptp4l[476514.275]: master offset    8858504 s2 freq +291017 path delay  -3446844
ptp4l[476515.282]: master offset    8483539 s2 freq +2573603 path delay  -3446844
ptp4l[476516.277]: master offset  -34850467 s2 freq -32767999 path delay  -1820534
ptp4l[476517.254]: master offset   -8143276 s2 freq -11508150 path delay  -3446844
ptp4l[476518.256]: master offset    3659344 s2 freq -2148513 path delay  -2858424
ptp4l[476519.271]: master offset    3778098 s2 freq -931956 path delay   -904543
ptp4l[476520.280]: master offset    -117666 s2 freq -3694290 path delay   -542473
ptp4l[476521.280]: master offset    3561198 s2 freq  -50726 path delay   -542473
ptp4l[476522.274]: master offset  -38219830 s2 freq -32767999 path delay   -465595
ptp4l[476523.251]: master offset  -11987843 s2 freq -14531408 path delay   -542473
ptp4l[476524.255]: master offset    4830804 s2 freq -1309114 path delay  -1845073
ptp4l[476525.273]: master offset   -6622376 s2 freq -11313052 path delay   -542473
ptp4l[476526.276]: master offset    4629264 s2 freq -2048125 path delay   -542473
ptp4l[476527.274]: master offset  -37099062 s2 freq -32767999 path delay   -515044
ptp4l[476528.254]: master offset    4440855 s2 freq -847755 path delay   -515044
ptp4l[476529.267]: master offset    5121976 s2 freq +1165622 path delay   -415702
ptp4l[476530.274]: master offset  -36749363 s2 freq -32767999 path delay   -250478
ptp4l[476531.256]: master offset   -4809652 s2 freq -7229413 path delay  -1783145
ptp4l[476532.263]: master offset    2437077 s2 freq -1425579 path delay  -1783145
ptp4l[476533.275]: master offset    2463079 s2 freq -668454 path delay   -456531
ptp4l[476534.275]: master offset  -39454762 s2 freq -32767999 path delay   -250478
ptp4l[476535.254]: master offset    2084016 s2 freq -308594 path delay   -250478
ptp4l[476536.258]: master offset  -40461159 s2 freq -32767999 path delay    608494
ptp4l[476537.250]: master offset    -741892 s2 freq -2509297 path delay    608494
ptp4l[476538.266]: master offset    1712730 s2 freq -277242 path delay    608494
ptp4l[476539.281]: master offset   -7181258 s2 freq -8657411 path delay    608494
ptp4l[476540.280]: master offset     761236 s2 freq -2869295 path delay    -60760
ptp4l[476541.281]: master offset    3564718 s2 freq +162558 path delay    -60760
ptp4l[476542.284]: master offset    3309680 s2 freq +976935 path delay    -60760
ptp4l[476543.283]: master offset    2238980 s2 freq +899139 path delay    -60760
ptp4l[476544.282]: master offset    1209675 s2 freq +541528 path delay    -17520
ptp4l[476545.280]: master offset     579533 s2 freq +274289 path delay    -17520
ptp4l[476546.278]: master offset     214343 s2 freq  +82959 path delay    -17520
ptp4l[476547.278]: master offset     -16913 s2 freq  -83994 path delay     43854
ptp4l[476548.277]: master offset   -6282118 s2 freq -6354273 path delay     43854
ptp4l[476549.274]: master offset     217292 s2 freq -1739499 path delay     20678
ptp4l[476550.276]: master offset   -8063871 s2 freq -9955474 path delay    -35481
ptp4l[476551.274]: master offset    2245303 s2 freq -2065461 path delay    -35481
ptp4l[476552.270]: master offset  -39515701 s2 freq -32767999 path delay     20678
ptp4l[476553.252]: master offset    2026602 s2 freq -1610571 path delay     20678
ptp4l[476554.266]: master offset    3576766 s2 freq +547573 path delay     20678
ptp4l[476555.282]: master offset    2936562 s2 freq +980399 path delay     20678
ptp4l[476556.280]: master offset  -38778607 s2 freq -32767999 path delay     20678
ptp4l[476557.257]: master offset    3101285 s2 freq +2026091 path delay   -345850
ptp4l[476558.269]: master offset     979736 s2 freq +834927 path delay   -345850
ptp4l[476559.280]: master offset      51860 s2 freq +200972 path delay   -345850
ptp4l[476560.283]: master offset    -236603 s2 freq  -71933 path delay   -345850
ptp4l[476561.282]: master offset    -575798 s2 freq -482109 path delay    -22027
ptp4l[476562.281]: master offset    -167672 s2 freq -246722 path delay    -35886
ptp4l[476563.280]: master offset   -1479741 s2 freq -1609093 path delay    -25441
ptp4l[476564.280]: master offset      49178 s2 freq -524096 path delay    -25441
ptp4l[476565.280]: master offset     510932 s2 freq  -47589 path delay    -53027
ptp4l[476566.273]: master offset  -41224843 s2 freq -32767999 path delay    -25441
ptp4l[476567.252]: master offset   -4709956 s2 freq -5115197 path delay    -25441
ptp4l[476568.262]: master offset     398129 s2 freq -1420099 path delay    -25441
ptp4l[476569.277]: master offset   -9640071 s2 freq -11338860 path delay    -53027
ptp4l[476570.278]: master offset   -1547906 s2 freq -6138717 path delay    -81095
ptp4l[476571.281]: master offset    4594457 s2 freq -460726 path delay    -81095
ptp4l[476572.279]: master offset  -37113114 s2 freq -32767999 path delay    -81095
ptp4l[476573.260]: master offset    4414746 s2 freq +737901 path delay    -81095
ptp4l[476574.264]: master offset  -37261894 s2 freq -32767999 path delay    -81095
ptp4l[476575.257]: master offset  -12565176 s2 freq -14917598 path delay  -2888481
ptp4l[476576.262]: master offset    2981527 s2 freq -3140447 path delay  -2928878
ptp4l[476577.270]: master offset  -38719268 s2 freq -32767999 path delay  -2928878
ptp4l[476578.256]: master offset    2806717 s2 freq -2420799 path delay  -2928878
ptp4l[476579.271]: master offset    5173115 s2 freq +787614 path delay  -2928878
ptp4l[476580.285]: master offset    1761932 s2 freq -1071635 path delay   -394231
ptp4l[476581.290]: master offset    2792377 s2 freq +487390 path delay   -434898
ptp4l[476582.289]: master offset   -9512241 s2 freq -10979515 path delay   -434898
ptp4l[476583.280]: master offset    1735484 s2 freq -2585462 path delay   -434898
ptp4l[476584.282]: master offset    4256402 s2 freq +456101 path delay   -434898
ptp4l[476585.286]: master offset    3539472 s2 freq +1016091 path delay   -259019
ptp4l[476586.280]: master offset  -38324860 s2 freq -32767999 path delay   -104602
ptp4l[476587.258]: master offset    3198224 s2 freq +1736685 path delay   -104602
ptp4l[476588.262]: master offset  -38471062 s2 freq -32767999 path delay   -104602
ptp4l[476589.256]: master offset    3217675 s2 freq +2715603 path delay   -259019
ptp4l[476590.272]: master offset   -1206416 s2 freq -743185 path delay     42494
ptp4l[476591.284]: master offset    -571015 s2 freq -469709 path delay     42494
ptp4l[476592.280]: master offset  -42278582 s2 freq -32767999 path delay     42494
ptp4l[476593.258]: master offset  -22167721 s2 freq -22237720 path delay     42494
ptp4l[476594.258]: master offset    2715798 s2 freq -4004517 path delay     42494
ptp4l[476595.278]: master offset    7086091 s2 freq +1180516 path delay   -373504
ptp4l[476596.293]: master offset    5394758 s2 freq +1615010 path delay     42494
ptp4l[476597.295]: master offset   -6982874 s2 freq -9144195 path delay    180251
ptp4l[476598.287]: master offset    2529791 s2 freq -1726392 path delay    180251
ptp4l[476599.278]: master offset  -39167291 s2 freq -32767999 path delay    180251
ptp4l[476600.243]: master offset  -80888559 s2 freq -32767999 path delay    180251
ptp4l[476601.209]: master offset  -38721154 s2 freq -32767999 path delay   -771153
ptp4l[476602.226]: master offset    3535830 s2 freq  +38584 path delay  -1478911
ptp4l[476603.271]: master offset    3432996 s2 freq +996499 path delay  -1478911
ptp4l[476604.295]: master offset    2346946 s2 freq +940348 path delay  -1478911
ptp4l[476605.299]: master offset   -4684579 s2 freq -5387093 path delay  -1478911
ptp4l[476606.291]: master offset  -10326230 s2 freq -12434118 path delay  -2087497
ptp4l[476607.281]: master offset   -2115360 s2 freq -7321117 path delay  -3762249
ptp4l[476608.280]: master offset    5131474 s2 freq -708891 path delay  -3762249
ptp4l[476609.277]: master offset  -39212688 s2 freq -32767999 path delay  -1114861
ptp4l[476610.259]: master offset    2323983 s2 freq -1976940 path delay  -1114861
ptp4l[476611.272]: master offset    1679831 s2 freq -1923897 path delay   -330206
ptp4l[476612.287]: master offset    3530781 s2 freq +431003 path delay   -330206
ptp4l[476613.292]: master offset    3013962 s2 freq +973418 path delay   -330206
ptp4l[476614.293]: master offset    1950719 s2 freq +814364 path delay   -330206
ptp4l[476615.290]: master offset    1046213 s2 freq +495073 path delay   -330206
ptp4l[476616.288]: master offset    -747038 s2 freq -984314 path delay   -330206
ptp4l[476617.285]: master offset     109882 s2 freq -351505 path delay   -304650
ptp4l[476618.285]: master offset     185317 s2 freq -243106 path delay   -114295
ptp4l[476619.278]: master offset  -41526909 s2 freq -32767999 path delay   -114295
ptp4l[476620.257]: master offset        926 s2 freq -371902 path delay   -114295
ptp4l[476621.269]: master offset   -9903956 s2 freq -10276506 path delay    -84468
ptp4l[476622.279]: master offset     396498 s2 freq -2947239 path delay    -84468
ptp4l[476623.278]: master offset  -41401516 s2 freq -32767999 path delay     14996
ptp4l[476624.261]: master offset     153892 s2 freq -3070895 path delay     14996
ptp4l[476625.274]: master offset     -69966 s2 freq -3248586 path delay    -53586
ptp4l[476626.288]: master offset    3115476 s2 freq  -84133 path delay    -53586
ptp4l[476627.294]: master offset    3114270 s2 freq +849303 path delay    -53586
ptp4l[476628.287]: master offset  -38600005 s2 freq -32767999 path delay    -53586
ptp4l[476629.265]: master offset  -13217367 s2 freq -14548052 path delay    -53586
ptp4l[476630.267]: master offset    2296820 s2 freq -2999076 path delay    -53586
ptp4l[476631.275]: master offset  -39420528 s2 freq -32767999 path delay    -25648
ptp4l[476632.248]: master offset  -81138355 s2 freq -32767999 path delay    -25648
ptp4l[476633.198]: master offset -124136403 s2 freq -32767999 path delay   1251332
ptp4l[476634.164]: master offset  -82605774 s2 freq -32767999 path delay   1251332
ptp4l[476635.181]: master offset  -41029672 s2 freq -32767999 path delay   1251332
ptp4l[476636.237]: master offset     534969 s2 freq -4071881 path delay   1251332
ptp4l[476637.283]: master offset  -43554993 s2 freq -32767999 path delay   3669976
ptp4l[476638.283]: master offset   -2017297 s2 freq -6463656 path delay   3669976
ptp4l[476639.298]: master offset    9119751 s2 freq +4068203 path delay   -954824
ptp4l[476640.309]: master offset    4871635 s2 freq +2556012 path delay   -954824
ptp4l[476641.299]: master offset  -37982616 s2 freq -32767999 path delay    186723
ptp4l[476642.272]: master offset    5219438 s2 freq +4365306 path delay  -1547252
ptp4l[476643.279]: master offset     653309 s2 freq +1365008 path delay  -1547252
ptp4l[476644.288]: master offset   -1400833 s2 freq -493141 path delay   -954824
ptp4l[476645.289]: master offset   -1025800 s2 freq -538358 path delay   -923289
ptp4l[476646.288]: master offset   -1255026 s2 freq -1075324 path delay   -246375
ptp4l[476647.288]: master offset   -1345110 s2 freq -1541916 path delay   -246375
ptp4l[476648.288]: master offset     -63064 s2 freq -663403 path delay    -91324
ptp4l[476649.289]: master offset     514984 s2 freq -104274 path delay    -91324
ptp4l[476650.282]: master offset  -41189200 s2 freq -32767999 path delay    -91324
ptp4l[476651.262]: master offset     336722 s2 freq -128041 path delay    -91324
ptp4l[476652.265]: master offset  -41401593 s2 freq -32767999 path delay    -44680
ptp4l[476653.260]: master offset     180429 s2 freq -183317 path delay    -91324
ptp4l[476654.277]: master offset     301657 s2 freq   -7961 path delay    -91324
ptp4l[476655.292]: master offset   -3967971 s2 freq -4187091 path delay    -35172
ptp4l[476656.293]: master offset     233743 s2 freq -1175769 path delay    -35172
ptp4l[476657.294]: master offset  -10205401 s2 freq -11544790 path delay    -35172
ptp4l[476658.288]: master offset    2185182 s2 freq -2215827 path delay    -35172
ptp4l[476659.291]: master offset    4300398 s2 freq +554943 path delay     -6400
ptp4l[476660.295]: master offset    3644839 s2 freq +1189504 path delay      7836
ptp4l[476661.296]: master offset    2367095 s2 freq +1005212 path delay      7836
ptp4l[476662.287]: master offset  -39349723 s2 freq -32767999 path delay      7836
ptp4l[476663.265]: master offset    2185290 s2 freq +1533535 path delay      7836
ptp4l[476664.276]: master offset     551472 s2 freq +555304 path delay     27460
ptp4l[476665.290]: master offset     -91143 s2 freq  +78131 path delay     27460
ptp4l[476666.293]: master offset    -278050 s2 freq -136119 path delay     45415
ptp4l[476667.286]: master offset  -42163625 s2 freq -32767999 path delay    218568
ptp4l[476668.265]: master offset  -10889408 s2 freq -10830892 path delay    218568
ptp4l[476669.270]: master offset     362670 s2 freq -2845637 path delay    218568
ptp4l[476670.279]: master offset  -41540159 s2 freq -32767999 path delay    419641
ptp4l[476671.251]: master offset  -83380448 s2 freq -32767999 path delay    527992
ptp4l[476672.219]: master offset  -42854139 s2 freq -32767999 path delay    527992
ptp4l[476673.234]: master offset   -1306628 s2 freq -4406134 path delay    527992
ptp4l[476674.269]: master offset  -43041815 s2 freq -32767999 path delay    585759
ptp4l[476675.272]: master offset   -1509427 s2 freq -5000921 path delay    585759
ptp4l[476676.281]: master offset  -43293077 s2 freq -32767999 path delay   1053064
ptp4l[476677.257]: master offset  -85788846 s2 freq -32767999 path delay   1825049
ptp4l[476678.224]: master offset  -44256947 s2 freq -32767999 path delay   1825049
ptp4l[476679.220]: master offset  -85926961 s2 freq -32767999 path delay   1825049
ptp4l[476680.217]: master offset  -45418254 s2 freq -32767999 path delay   1053064
ptp4l[476681.242]: master offset   -2213929 s2 freq -6158251 path delay   -592139
ptp4l[476682.286]: master offset    3436354 s2 freq -1172147 path delay  -2781163
ptp4l[476683.308]: master offset    3218821 s2 freq -358774 path delay  -1494322
ptp4l[476684.312]: master offset    3490434 s2 freq +878486 path delay  -1494322
ptp4l[476685.308]: master offset   -2076613 s2 freq -3641431 path delay  -1494322
ptp4l[476686.300]: master offset   -6267830 s2 freq -8455632 path delay   -917312
ptp4l[476687.292]: master offset    2538173 s2 freq -1529978 path delay   -917312
ptp4l[476688.294]: master offset   -4104693 s2 freq -7411392 path delay  -1042137
ptp4l[476689.292]: master offset    3593044 s2 freq -945063 path delay  -1042137
ptp4l[476690.295]: master offset    4455945 s2 freq +995751 path delay  -1042137
ptp4l[476691.290]: master offset  -38296882 s2 freq -32767999 path delay      5158
ptp4l[476692.271]: master offset    3248288 s2 freq +1124878 path delay       323
ptp4l[476693.281]: master offset   -4304736 s2 freq -5453660 path delay    190511
ptp4l[476694.292]: master offset   -8644645 s2 freq -11084990 path delay   -319130
ptp4l[476695.291]: master offset  -13332908 s2 freq -18366646 path delay    227976
ptp4l[476696.288]: master offset    7394430 s2 freq -1639181 path delay    227976
ptp4l[476697.298]: master offset    9445961 s2 freq +2630679 path delay   -258478
ptp4l[476698.306]: master offset    6701436 s2 freq +2719943 path delay   -258478
ptp4l[476699.306]: master offset    3378711 s2 freq +1407648 path delay    199674
ptp4l[476700.302]: master offset    1974659 s2 freq +1017210 path delay     95391
ptp4l[476701.298]: master offset     627265 s2 freq +262213 path delay    330950
ptp4l[476702.288]: master offset  -41090968 s2 freq -32767999 path delay    330950
ptp4l[476703.251]: master offset  -82888807 s2 freq -32767999 path delay    474157
ptp4l[476704.218]: master offset  -41345313 s2 freq -32767999 path delay    474157
ptp4l[476705.235]: master offset     219270 s2 freq  +42398 path delay    474157
ptp4l[476706.280]: master offset     104272 s2 freq   -6819 path delay    474157
ptp4l[476707.304]: master offset   -7712152 s2 freq -7791961 path delay    474157
ptp4l[476708.305]: master offset      -1527 s2 freq -2394982 path delay    474157
ptp4l[476709.305]: master offset    2459820 s2 freq  +65907 path delay    330950
ptp4l[476710.305]: master offset    1934551 s2 freq +278584 path delay    187096
ptp4l[476711.303]: master offset    1551232 s2 freq +475630 path delay    187096
ptp4l[476712.300]: master offset     -43609 s2 freq -653841 path delay    176765
ptp4l[476713.298]: master offset     632200 s2 freq   +8885 path delay     56075
ptp4l[476714.297]: master offset     569987 s2 freq +136332 path delay     22515
ptp4l[476715.297]: master offset     356128 s2 freq  +93469 path delay     13739
ptp4l[476716.296]: master offset     175964 s2 freq  +20144 path delay     13739
ptp4l[476717.296]: master offset   -4259146 s2 freq -4362177 path delay     30158
ptp4l[476718.294]: master offset      95996 s2 freq -1284779 path delay     30158
ptp4l[476719.295]: master offset    1303570 s2 freq  -48406 path delay     21382
ptp4l[476720.298]: master offset     602342 s2 freq -358563 path delay     19193
ptp4l[476721.298]: master offset  -11661322 s2 freq -12441525 path delay     13229
ptp4l[476722.291]: master offset   -5750484 s2 freq -10029083 path delay    -34552
ptp4l[476723.291]: master offset    4562510 s2 freq -1441234 path delay    -34552
ptp4l[476724.299]: master offset   -3016043 s2 freq -7651034 path delay    -79618
ptp4l[476725.299]: master offset    4740889 s2 freq -798915 path delay   -127451
ptp4l[476726.302]: master offset    1637906 s2 freq -2479632 path delay   -243448
ptp4l[476727.302]: master offset    4033910 s2 freq +407744 path delay   -243448
ptp4l[476728.302]: master offset    3423892 s2 freq +1007899 path delay   -127451
ptp4l[476729.302]: master offset    2329724 s2 freq +940899 path delay   -127451
ptp4l[476730.300]: master offset   -1013001 s2 freq -1702909 path delay   -127451
ptp4l[476731.298]: master offset     600404 s2 freq -393404 path delay   -127451
ptp4l[476732.298]: master offset   -7631801 s2 freq -8445488 path delay   -145900
ptp4l[476733.294]: master offset   -4718474 s2 freq -7821701 path delay   -145900
ptp4l[476734.293]: master offset   -1542015 s2 freq -6060785 path delay   -145900
ptp4l[476735.297]: master offset    4597860 s2 freq -383514 path delay   -145900
ptp4l[476736.302]: master offset   -5066044 s2 freq -8668060 path delay   -106615
ptp4l[476737.300]: master offset    3758018 s2 freq -1363811 path delay   -106615
ptp4l[476738.301]: master offset    5051081 s2 freq +1056657 path delay   -117421
ptp4l[476739.304]: master offset    3905873 s2 freq +1426773 path delay   -117421
ptp4l[476740.304]: master offset    2380778 s2 freq +1073440 path delay   -117421
ptp4l[476741.303]: master offset    1216106 s2 freq +623002 path delay   -117421
ptp4l[476742.301]: master offset     417471 s2 freq +189198 path delay    -31159
ptp4l[476743.300]: master offset     140770 s2 freq  +37739 path delay    -31159
ptp4l[476744.299]: master offset     -51182 s2 freq -111982 path delay     29483
ptp4l[476745.299]: master offset     -29616 s2 freq -105771 path delay     29483
ptp4l[476746.300]: master offset      -9043 s2 freq  -94083 path delay     29483
ptp4l[476747.300]: master offset   -8427313 s2 freq -8515066 path delay     29483
ptp4l[476748.296]: master offset     389966 s2 freq -2225980 path delay     29483
ptp4l[476749.289]: master offset  -41323900 s2 freq -32767999 path delay     40498
ptp4l[476750.273]: master offset     210678 s2 freq -2288279 path delay     32767
ptp4l[476751.285]: master offset    2456869 s2 freq  +21116 path delay     32767
ptp4l[476752.302]: master offset    2364514 s2 freq +665821 path delay     14168
ptp4l[476753.299]: master offset  -39341494 s2 freq -32767999 path delay     14168
ptp4l[476754.280]: master offset    2208105 s2 freq +1218767 path delay      4281
ptp4l[476755.290]: master offset     910701 s2 freq +583794 path delay      4281
ptp4l[476756.302]: master offset   -5718211 s2 freq -5771908 path delay      4281
ptp4l[476757.302]: master offset   -1838298 s2 freq -3607458 path delay      3284
ptp4l[476758.302]: master offset    2148348 s2 freq -172301 path delay   -598833
ptp4l[476759.304]: master offset    2217489 s2 freq +541344 path delay   -598833
ptp4l[476760.305]: master offset    1587939 s2 freq +577041 path delay   -598833
ptp4l[476761.304]: master offset   -2812724 s2 freq -3347240 path delay    179197
ptp4l[476762.301]: master offset     154788 s2 freq -1223546 path delay   -514825
ptp4l[476763.301]: master offset    1281319 s2 freq  -50578 path delay   -514825
ptp4l[476764.302]: master offset     636483 s2 freq -311019 path delay     94070
ptp4l[476765.303]: master offset     861693 s2 freq +105136 path delay     94070
ptp4l[476766.303]: master offset  -11387444 s2 freq -11885493 path delay     39680
ptp4l[476767.297]: master offset    1002802 s2 freq -2911480 path delay     39680
ptp4l[476768.300]: master offset    3891291 s2 freq +277850 path delay     39680
ptp4l[476769.297]: master offset  -37894532 s2 freq -32767999 path delay    123077
ptp4l[476770.281]: master offset    3646884 s2 freq +1200830 path delay    123077
ptp4l[476771.291]: master offset    2439056 s2 freq +1087067 path delay     68687
ptp4l[476776.888]: port 1 (eth0): SLAVE to LISTENING on ANNOUNCE_RECEIPT_TIMEOUT_EXPIRES
ptp4l[476776.888]: selected local clock 000000.fffe.049f06 as best master
