trying PPS source "/dev/pps0"
found PPS source "/dev/pps0"
ok, found 1 source(s), now start fetching data...
source 0 - assert 1763365703.000009373, sequence: 4451 - clear  0.000000000, sequence: 0
source 0 - assert 1763365704.000009453, sequence: 4452 - clear  0.000000000, sequence: 0
source 0 - assert 1763365705.000008760, sequence: 4453 - clear  0.000000000, sequence: 0
source 0 - assert 1763365706.000003165, sequence: 4454 - clear  0.000000000, sequence: 0
source 0 - assert 1763365707.000007372, sequence: 4455 - clear  0.000000000, sequence: 0
source 0 - assert 1763365708.000007406, sequence: 4456 - clear  0.000000000, sequence: 0
source 0 - assert 1763365709.000008738, sequence: 4457 - clear  0.000000000, sequence: 0
source 0 - assert 1763365710.000004783, sequence: 4458 - clear  0.000000000, sequence: 0
source 0 - assert 1763365711.000004160, sequence: 4459 - clear  0.000000000, sequence: 0
source 0 - assert 1763365712.000006824, sequence: 4460 - clear  0.000000000, sequence: 0
source 0 - assert 1763365713.000007286, sequence: 4461 - clear  0.000000000, sequence: 0
source 0 - assert 1763365714.000010210, sequence: 4462 - clear  0.000000000, sequence: 0
source 0 - assert 1763365715.000005046, sequence: 4463 - clear  0.000000000, sequence: 0
source 0 - assert 1763365716.000006040, sequence: 4464 - clear  0.000000000, sequence: 0
source 0 - assert 1763365717.000006539, sequence: 4465 - clear  0.000000000, sequence: 0
source 0 - assert 1763365718.000008277, sequence: 4466 - clear  0.000000000, sequence: 0
source 0 - assert 1763365719.000005936, sequence: 4467 - clear  0.000000000, sequence: 0
source 0 - assert 1763365720.000008072, sequence: 4468 - clear  0.000000000, sequence: 0
source 0 - assert 1763365721.000004046, sequence: 4469 - clear  0.000000000, sequence: 0
source 0 - assert 1763365722.000008165, sequence: 4470 - clear  0.000000000, sequence: 0
source 0 - assert 1763365723.000009974, sequence: 4471 - clear  0.000000000, sequence: 0
source 0 - assert 1763365724.000008393, sequence: 4472 - clear  0.000000000, sequence: 0
source 0 - assert 1763365725.000009239, sequence: 4473 - clear  0.000000000, sequence: 0
source 0 - assert 1763365726.000008574, sequence: 4474 - clear  0.000000000, sequence: 0
source 0 - assert 1763365727.000008702, sequence: 4475 - clear  0.000000000, sequence: 0
source 0 - assert 1763365728.000007076, sequence: 4476 - clear  0.000000000, sequence: 0
source 0 - assert 1763365729.000005866, sequence: 4477 - clear  0.000000000, sequence: 0
source 0 - assert 1763365730.000008784, sequence: 4478 - clear  0.000000000, sequence: 0
source 0 - assert 1763365731.000009877, sequence: 4479 - clear  0.000000000, sequence: 0
source 0 - assert 1763365732.000007874, sequence: 4480 - clear  0.000000000, sequence: 0
source 0 - assert 1763365733.000008196, sequence: 4481 - clear  0.000000000, sequence: 0
source 0 - assert 1763365734.000007895, sequence: 4482 - clear  0.000000000, sequence: 0
source 0 - assert 1763365735.000005229, sequence: 4483 - clear  0.000000000, sequence: 0
source 0 - assert 1763365736.000009747, sequence: 4484 - clear  0.000000000, sequence: 0
source 0 - assert 1763365737.000004373, sequence: 4485 - clear  0.000000000, sequence: 0
source 0 - assert 1763365738.000007572, sequence: 4486 - clear  0.000000000, sequence: 0
source 0 - assert 1763365739.000006159, sequence: 4487 - clear  0.000000000, sequence: 0
source 0 - assert 1763365740.000007327, sequence: 4488 - clear  0.000000000, sequence: 0
source 0 - assert 1763365741.000006739, sequence: 4489 - clear  0.000000000, sequence: 0
source 0 - assert 1763365742.000010251, sequence: 4490 - clear  0.000000000, sequence: 0
source 0 - assert 1763365743.000007588, sequence: 4491 - clear  0.000000000, sequence: 0
source 0 - assert 1763365744.000008459, sequence: 4492 - clear  0.000000000, sequence: 0
source 0 - assert 1763365745.000006491, sequence: 4493 - clear  0.000000000, sequence: 0
source 0 - assert 1763365746.000007146, sequence: 4494 - clear  0.000000000, sequence: 0
source 0 - assert 1763365747.000010604, sequence: 4495 - clear  0.000000000, sequence: 0
source 0 - assert 1763365748.000008277, sequence: 4496 - clear  0.000000000, sequence: 0
source 0 - assert 1763365749.000006901, sequence: 4497 - clear  0.000000000, sequence: 0
source 0 - assert 1763365750.000008738, sequence: 4498 - clear  0.000000000, sequence: 0
source 0 - assert 1763365751.000009990, sequence: 4499 - clear  0.000000000, sequence: 0
source 0 - assert 1763365752.000006985, sequence: 4500 - clear  0.000000000, sequence: 0
source 0 - assert 1763365753.000011535, sequence: 4501 - clear  0.000000000, sequence: 0
source 0 - assert 1763365754.000009167, sequence: 4502 - clear  0.000000000, sequence: 0
source 0 - assert 1763365755.000008827, sequence: 4503 - clear  0.000000000, sequence: 0
source 0 - assert 1763365756.000008121, sequence: 4504 - clear  0.000000000, sequence: 0
source 0 - assert 1763365757.000005831, sequence: 4505 - clear  0.000000000, sequence: 0
source 0 - assert 1763365758.000009999, sequence: 4506 - clear  0.000000000, sequence: 0
source 0 - assert 1763365759.000011793, sequence: 4507 - clear  0.000000000, sequence: 0
source 0 - assert 1763365760.000007290, sequence: 4508 - clear  0.000000000, sequence: 0
source 0 - assert 1763365761.000010701, sequence: 4509 - clear  0.000000000, sequence: 0
source 0 - assert 1763365762.000007196, sequence: 4510 - clear  0.000000000, sequence: 0
source 0 - assert 1763365763.000008617, sequence: 4511 - clear  0.000000000, sequence: 0
source 0 - assert 1763365764.000010202, sequence: 4512 - clear  0.000000000, sequence: 0
source 0 - assert 1763365765.000008201, sequence: 4513 - clear  0.000000000, sequence: 0
source 0 - assert 1763365766.000007900, sequence: 4514 - clear  0.000000000, sequence: 0
source 0 - assert 1763365767.000008647, sequence: 4515 - clear  0.000000000, sequence: 0
source 0 - assert 1763365768.000008458, sequence: 4516 - clear  0.000000000, sequence: 0
source 0 - assert 1763365769.000008953, sequence: 4517 - clear  0.000000000, sequence: 0
source 0 - assert 1763365770.000005826, sequence: 4518 - clear  0.000000000, sequence: 0
source 0 - assert 1763365771.000005785, sequence: 4519 - clear  0.000000000, sequence: 0
source 0 - assert 1763365772.000006542, sequence: 4520 - clear  0.000000000, sequence: 0
source 0 - assert 1763365773.000005122, sequence: 4521 - clear  0.000000000, sequence: 0
source 0 - assert 1763365774.000005487, sequence: 4522 - clear  0.000000000, sequence: 0
source 0 - assert 1763365775.000007730, sequence: 4523 - clear  0.000000000, sequence: 0
source 0 - assert 1763365776.000008442, sequence: 4524 - clear  0.000000000, sequence: 0
source 0 - assert 1763365777.000007988, sequence: 4525 - clear  0.000000000, sequence: 0
source 0 - assert 1763365778.000009081, sequence: 4526 - clear  0.000000000, sequence: 0
source 0 - assert 1763365779.000007344, sequence: 4527 - clear  0.000000000, sequence: 0
source 0 - assert 1763365780.000010936, sequence: 4528 - clear  0.000000000, sequence: 0
source 0 - assert 1763365781.000006964, sequence: 4529 - clear  0.000000000, sequence: 0
source 0 - assert 1763365782.000005476, sequence: 4530 - clear  0.000000000, sequence: 0
source 0 - assert 1763365783.000009352, sequence: 4531 - clear  0.000000000, sequence: 0
source 0 - assert 1763365784.000007111, sequence: 4532 - clear  0.000000000, sequence: 0
source 0 - assert 1763365785.000005915, sequence: 4533 - clear  0.000000000, sequence: 0
source 0 - assert 1763365786.000011339, sequence: 4534 - clear  0.000000000, sequence: 0
source 0 - assert 1763365787.000006745, sequence: 4535 - clear  0.000000000, sequence: 0
source 0 - assert 1763365788.000008121, sequence: 4536 - clear  0.000000000, sequence: 0
source 0 - assert 1763365789.000006341, sequence: 4537 - clear  0.000000000, sequence: 0
source 0 - assert 1763365790.000012338, sequence: 4538 - clear  0.000000000, sequence: 0
source 0 - assert 1763365791.000011633, sequence: 4539 - clear  0.000000000, sequence: 0
source 0 - assert 1763365792.000005455, sequence: 4540 - clear  0.000000000, sequence: 0
source 0 - assert 1763365793.000008860, sequence: 4541 - clear  0.000000000, sequence: 0
source 0 - assert 1763365794.000009732, sequence: 4542 - clear  0.000000000, sequence: 0
source 0 - assert 1763365795.000008821, sequence: 4543 - clear  0.000000000, sequence: 0
source 0 - assert 1763365796.000007871, sequence: 4544 - clear  0.000000000, sequence: 0
source 0 - assert 1763365797.000006403, sequence: 4545 - clear  0.000000000, sequence: 0
source 0 - assert 1763365798.000007196, sequence: 4546 - clear  0.000000000, sequence: 0
source 0 - assert 1763365799.000005822, sequence: 4547 - clear  0.000000000, sequence: 0
source 0 - assert 1763365800.000002821, sequence: 4548 - clear  0.000000000, sequence: 0
source 0 - assert 1763365801.000008358, sequence: 4549 - clear  0.000000000, sequence: 0
source 0 - assert 1763365802.000011140, sequence: 4550 - clear  0.000000000, sequence: 0
source 0 - assert 1763365803.000008065, sequence: 4551 - clear  0.000000000, sequence: 0
source 0 - assert 1763365804.000006696, sequence: 4552 - clear  0.000000000, sequence: 0
source 0 - assert 1763365805.000007121, sequence: 4553 - clear  0.000000000, sequence: 0
source 0 - assert 1763365806.000007120, sequence: 4554 - clear  0.000000000, sequence: 0
source 0 - assert 1763365807.000007199, sequence: 4555 - clear  0.000000000, sequence: 0
source 0 - assert 1763365808.000007365, sequence: 4556 - clear  0.000000000, sequence: 0
source 0 - assert 1763365809.000005798, sequence: 4557 - clear  0.000000000, sequence: 0
source 0 - assert 1763365810.000008046, sequence: 4558 - clear  0.000000000, sequence: 0
source 0 - assert 1763365811.000001288, sequence: 4559 - clear  0.000000000, sequence: 0
source 0 - assert 1763365812.000005117, sequence: 4560 - clear  0.000000000, sequence: 0
source 0 - assert 1763365813.000010814, sequence: 4561 - clear  0.000000000, sequence: 0
source 0 - assert 1763365814.000006693, sequence: 4562 - clear  0.000000000, sequence: 0
source 0 - assert 1763365815.000006366, sequence: 4563 - clear  0.000000000, sequence: 0
source 0 - assert 1763365816.000009581, sequence: 4564 - clear  0.000000000, sequence: 0
source 0 - assert 1763365817.000005216, sequence: 4565 - clear  0.000000000, sequence: 0
source 0 - assert 1763365818.000006627, sequence: 4566 - clear  0.000000000, sequence: 0
source 0 - assert 1763365819.000008577, sequence: 4567 - clear  0.000000000, sequence: 0
source 0 - assert 1763365820.000008911, sequence: 4568 - clear  0.000000000, sequence: 0
source 0 - assert 1763365821.000009168, sequence: 4569 - clear  0.000000000, sequence: 0
source 0 - assert 1763365822.000009333, sequence: 4570 - clear  0.000000000, sequence: 0
source 0 - assert 1763365823.000006327, sequence: 4571 - clear  0.000000000, sequence: 0
source 0 - assert 1763365824.000011249, sequence: 4572 - clear  0.000000000, sequence: 0
source 0 - assert 1763365825.000004035, sequence: 4573 - clear  0.000000000, sequence: 0
source 0 - assert 1763365826.000010645, sequence: 4574 - clear  0.000000000, sequence: 0
source 0 - assert 1763365827.000009607, sequence: 4575 - clear  0.000000000, sequence: 0
source 0 - assert 1763365828.000008660, sequence: 4576 - clear  0.000000000, sequence: 0
source 0 - assert 1763365829.000004528, sequence: 4577 - clear  0.000000000, sequence: 0
source 0 - assert 1763365830.000007725, sequence: 4578 - clear  0.000000000, sequence: 0
source 0 - assert 1763365831.000008109, sequence: 4579 - clear  0.000000000, sequence: 0
source 0 - assert 1763365832.000007363, sequence: 4580 - clear  0.000000000, sequence: 0
source 0 - assert 1763365833.000007575, sequence: 4581 - clear  0.000000000, sequence: 0
source 0 - assert 1763365834.000007047, sequence: 4582 - clear  0.000000000, sequence: 0
source 0 - assert 1763365835.000009169, sequence: 4583 - clear  0.000000000, sequence: 0
source 0 - assert 1763365836.000008401, sequence: 4584 - clear  0.000000000, sequence: 0
source 0 - assert 1763365837.000009970, sequence: 4585 - clear  0.000000000, sequence: 0
source 0 - assert 1763365838.000005143, sequence: 4586 - clear  0.000000000, sequence: 0
source 0 - assert 1763365839.000004411, sequence: 4587 - clear  0.000000000, sequence: 0
source 0 - assert 1763365840.000012220, sequence: 4588 - clear  0.000000000, sequence: 0
source 0 - assert 1763365841.000010758, sequence: 4589 - clear  0.000000000, sequence: 0
source 0 - assert 1763365842.000006703, sequence: 4590 - clear  0.000000000, sequence: 0
source 0 - assert 1763365843.000008687, sequence: 4591 - clear  0.000000000, sequence: 0
source 0 - assert 1763365844.000008644, sequence: 4592 - clear  0.000000000, sequence: 0
source 0 - assert 1763365845.000009067, sequence: 4593 - clear  0.000000000, sequence: 0
source 0 - assert 1763365846.000009815, sequence: 4594 - clear  0.000000000, sequence: 0
source 0 - assert 1763365847.000008820, sequence: 4595 - clear  0.000000000, sequence: 0
source 0 - assert 1763365848.000006079, sequence: 4596 - clear  0.000000000, sequence: 0
source 0 - assert 1763365849.000005875, sequence: 4597 - clear  0.000000000, sequence: 0
source 0 - assert 1763365850.000007124, sequence: 4598 - clear  0.000000000, sequence: 0
source 0 - assert 1763365851.000008437, sequence: 4599 - clear  0.000000000, sequence: 0
source 0 - assert 1763365852.000009464, sequence: 4600 - clear  0.000000000, sequence: 0
source 0 - assert 1763365853.000007150, sequence: 4601 - clear  0.000000000, sequence: 0
source 0 - assert 1763365854.000006625, sequence: 4602 - clear  0.000000000, sequence: 0
source 0 - assert 1763365855.000005247, sequence: 4603 - clear  0.000000000, sequence: 0
source 0 - assert 1763365856.000006911, sequence: 4604 - clear  0.000000000, sequence: 0
source 0 - assert 1763365857.000005689, sequence: 4605 - clear  0.000000000, sequence: 0
source 0 - assert 1763365858.000008348, sequence: 4606 - clear  0.000000000, sequence: 0
source 0 - assert 1763365859.000006896, sequence: 4607 - clear  0.000000000, sequence: 0
source 0 - assert 1763365860.000007948, sequence: 4608 - clear  0.000000000, sequence: 0
source 0 - assert 1763365861.000007287, sequence: 4609 - clear  0.000000000, sequence: 0
source 0 - assert 1763365862.000007668, sequence: 4610 - clear  0.000000000, sequence: 0
source 0 - assert 1763365863.000008236, sequence: 4611 - clear  0.000000000, sequence: 0
source 0 - assert 1763365864.000008561, sequence: 4612 - clear  0.000000000, sequence: 0
source 0 - assert 1763365865.000008019, sequence: 4613 - clear  0.000000000, sequence: 0
source 0 - assert 1763365866.000004857, sequence: 4614 - clear  0.000000000, sequence: 0
source 0 - assert 1763365867.000008076, sequence: 4615 - clear  0.000000000, sequence: 0
source 0 - assert 1763365868.000003412, sequence: 4616 - clear  0.000000000, sequence: 0
source 0 - assert 1763365869.000008498, sequence: 4617 - clear  0.000000000, sequence: 0
source 0 - assert 1763365870.000007212, sequence: 4618 - clear  0.000000000, sequence: 0
source 0 - assert 1763365871.000007739, sequence: 4619 - clear  0.000000000, sequence: 0
source 0 - assert 1763365872.000002949, sequence: 4620 - clear  0.000000000, sequence: 0
source 0 - assert 1763365873.000006820, sequence: 4621 - clear  0.000000000, sequence: 0
source 0 - assert 1763365874.000008904, sequence: 4622 - clear  0.000000000, sequence: 0
source 0 - assert 1763365875.000009068, sequence: 4623 - clear  0.000000000, sequence: 0
source 0 - assert 1763365876.000007486, sequence: 4624 - clear  0.000000000, sequence: 0
source 0 - assert 1763365877.000009025, sequence: 4625 - clear  0.000000000, sequence: 0
source 0 - assert 1763365878.000008028, sequence: 4626 - clear  0.000000000, sequence: 0
source 0 - assert 1763365879.000004787, sequence: 4627 - clear  0.000000000, sequence: 0
source 0 - assert 1763365880.000008164, sequence: 4628 - clear  0.000000000, sequence: 0
source 0 - assert 1763365881.000006538, sequence: 4629 - clear  0.000000000, sequence: 0
source 0 - assert 1763365882.000011036, sequence: 4630 - clear  0.000000000, sequence: 0
source 0 - assert 1763365883.000006814, sequence: 4631 - clear  0.000000000, sequence: 0
source 0 - assert 1763365884.000005432, sequence: 4632 - clear  0.000000000, sequence: 0
source 0 - assert 1763365885.000008143, sequence: 4633 - clear  0.000000000, sequence: 0
source 0 - assert 1763365886.000009154, sequence: 4634 - clear  0.000000000, sequence: 0
source 0 - assert 1763365887.000008781, sequence: 4635 - clear  0.000000000, sequence: 0
source 0 - assert 1763365888.000009865, sequence: 4636 - clear  0.000000000, sequence: 0
source 0 - assert 1763365889.000005859, sequence: 4637 - clear  0.000000000, sequence: 0
source 0 - assert 1763365890.000008493, sequence: 4638 - clear  0.000000000, sequence: 0
source 0 - assert 1763365891.000008583, sequence: 4639 - clear  0.000000000, sequence: 0
source 0 - assert 1763365892.000008331, sequence: 4640 - clear  0.000000000, sequence: 0
source 0 - assert 1763365893.000005166, sequence: 4641 - clear  0.000000000, sequence: 0
source 0 - assert 1763365894.000007692, sequence: 4642 - clear  0.000000000, sequence: 0
source 0 - assert 1763365895.000006605, sequence: 4643 - clear  0.000000000, sequence: 0
source 0 - assert 1763365896.000009401, sequence: 4644 - clear  0.000000000, sequence: 0
source 0 - assert 1763365897.000008191, sequence: 4645 - clear  0.000000000, sequence: 0
source 0 - assert 1763365898.000008201, sequence: 4646 - clear  0.000000000, sequence: 0
source 0 - assert 1763365899.000004865, sequence: 4647 - clear  0.000000000, sequence: 0
source 0 - assert 1763365900.000005541, sequence: 4648 - clear  0.000000000, sequence: 0
source 0 - assert 1763365901.000003793, sequence: 4649 - clear  0.000000000, sequence: 0
source 0 - assert 1763365902.000009750, sequence: 4650 - clear  0.000000000, sequence: 0
source 0 - assert 1763365903.000007373, sequence: 4651 - clear  0.000000000, sequence: 0
source 0 - assert 1763365904.000008411, sequence: 4652 - clear  0.000000000, sequence: 0
source 0 - assert 1763365905.000008731, sequence: 4653 - clear  0.000000000, sequence: 0
source 0 - assert 1763365906.000007892, sequence: 4654 - clear  0.000000000, sequence: 0
source 0 - assert 1763365907.000008823, sequence: 4655 - clear  0.000000000, sequence: 0
source 0 - assert 1763365908.000007858, sequence: 4656 - clear  0.000000000, sequence: 0
source 0 - assert 1763365909.000007398, sequence: 4657 - clear  0.000000000, sequence: 0
source 0 - assert 1763365910.000009436, sequence: 4658 - clear  0.000000000, sequence: 0
source 0 - assert 1763365911.000009479, sequence: 4659 - clear  0.000000000, sequence: 0
source 0 - assert 1763365912.000011072, sequence: 4660 - clear  0.000000000, sequence: 0
source 0 - assert 1763365913.000006606, sequence: 4661 - clear  0.000000000, sequence: 0
source 0 - assert 1763365914.000007893, sequence: 4662 - clear  0.000000000, sequence: 0
source 0 - assert 1763365915.000006821, sequence: 4663 - clear  0.000000000, sequence: 0
source 0 - assert 1763365916.000009285, sequence: 4664 - clear  0.000000000, sequence: 0
source 0 - assert 1763365917.000006632, sequence: 4665 - clear  0.000000000, sequence: 0
source 0 - assert 1763365918.000001843, sequence: 4666 - clear  0.000000000, sequence: 0
source 0 - assert 1763365919.000010838, sequence: 4667 - clear  0.000000000, sequence: 0
source 0 - assert 1763365920.000006411, sequence: 4668 - clear  0.000000000, sequence: 0
source 0 - assert 1763365921.000010537, sequence: 4669 - clear  0.000000000, sequence: 0
source 0 - assert 1763365922.000009549, sequence: 4670 - clear  0.000000000, sequence: 0
source 0 - assert 1763365923.000005802, sequence: 4671 - clear  0.000000000, sequence: 0
source 0 - assert 1763365924.000010210, sequence: 4672 - clear  0.000000000, sequence: 0
source 0 - assert 1763365925.000006981, sequence: 4673 - clear  0.000000000, sequence: 0
source 0 - assert 1763365926.000010149, sequence: 4674 - clear  0.000000000, sequence: 0
source 0 - assert 1763365927.000007992, sequence: 4675 - clear  0.000000000, sequence: 0
source 0 - assert 1763365928.000004567, sequence: 4676 - clear  0.000000000, sequence: 0
source 0 - assert 1763365929.000008438, sequence: 4677 - clear  0.000000000, sequence: 0
source 0 - assert 1763365930.000008936, sequence: 4678 - clear  0.000000000, sequence: 0
source 0 - assert 1763365931.000008063, sequence: 4679 - clear  0.000000000, sequence: 0
source 0 - assert 1763365932.000007370, sequence: 4680 - clear  0.000000000, sequence: 0
source 0 - assert 1763365933.000007751, sequence: 4681 - clear  0.000000000, sequence: 0
source 0 - assert 1763365934.000006530, sequence: 4682 - clear  0.000000000, sequence: 0
source 0 - assert 1763365935.000007827, sequence: 4683 - clear  0.000000000, sequence: 0
source 0 - assert 1763365936.000008169, sequence: 4684 - clear  0.000000000, sequence: 0
source 0 - assert 1763365937.000009985, sequence: 4685 - clear  0.000000000, sequence: 0
source 0 - assert 1763365938.000003809, sequence: 4686 - clear  0.000000000, sequence: 0
source 0 - assert 1763365939.000007149, sequence: 4687 - clear  0.000000000, sequence: 0
source 0 - assert 1763365940.000007486, sequence: 4688 - clear  0.000000000, sequence: 0
source 0 - assert 1763365941.000010038, sequence: 4689 - clear  0.000000000, sequence: 0
source 0 - assert 1763365942.000006052, sequence: 4690 - clear  0.000000000, sequence: 0
source 0 - assert 1763365943.000011284, sequence: 4691 - clear  0.000000000, sequence: 0
source 0 - assert 1763365944.000004686, sequence: 4692 - clear  0.000000000, sequence: 0
source 0 - assert 1763365945.000008014, sequence: 4693 - clear  0.000000000, sequence: 0
source 0 - assert 1763365946.000008080, sequence: 4694 - clear  0.000000000, sequence: 0
source 0 - assert 1763365947.000005885, sequence: 4695 - clear  0.000000000, sequence: 0
source 0 - assert 1763365948.000006008, sequence: 4696 - clear  0.000000000, sequence: 0
source 0 - assert 1763365949.000009583, sequence: 4697 - clear  0.000000000, sequence: 0
source 0 - assert 1763365950.000009660, sequence: 4698 - clear  0.000000000, sequence: 0
source 0 - assert 1763365951.000007627, sequence: 4699 - clear  0.000000000, sequence: 0
source 0 - assert 1763365952.000009826, sequence: 4700 - clear  0.000000000, sequence: 0
source 0 - assert 1763365953.000008654, sequence: 4701 - clear  0.000000000, sequence: 0
source 0 - assert 1763365954.000010240, sequence: 4702 - clear  0.000000000, sequence: 0
source 0 - assert 1763365955.000010899, sequence: 4703 - clear  0.000000000, sequence: 0
source 0 - assert 1763365956.000007563, sequence: 4704 - clear  0.000000000, sequence: 0
source 0 - assert 1763365957.000010189, sequence: 4705 - clear  0.000000000, sequence: 0
source 0 - assert 1763365958.000009651, sequence: 4706 - clear  0.000000000, sequence: 0
source 0 - assert 1763365959.000002165, sequence: 4707 - clear  0.000000000, sequence: 0
source 0 - assert 1763365960.000007826, sequence: 4708 - clear  0.000000000, sequence: 0
source 0 - assert 1763365961.000010036, sequence: 4709 - clear  0.000000000, sequence: 0
source 0 - assert 1763365962.000006499, sequence: 4710 - clear  0.000000000, sequence: 0
source 0 - assert 1763365963.000008991, sequence: 4711 - clear  0.000000000, sequence: 0
source 0 - assert 1763365964.000005357, sequence: 4712 - clear  0.000000000, sequence: 0
source 0 - assert 1763365965.000006813, sequence: 4713 - clear  0.000000000, sequence: 0
source 0 - assert 1763365966.000007036, sequence: 4714 - clear  0.000000000, sequence: 0
source 0 - assert 1763365967.000008117, sequence: 4715 - clear  0.000000000, sequence: 0
source 0 - assert 1763365968.000009579, sequence: 4716 - clear  0.000000000, sequence: 0
source 0 - assert 1763365969.000005826, sequence: 4717 - clear  0.000000000, sequence: 0
source 0 - assert 1763365970.000008036, sequence: 4718 - clear  0.000000000, sequence: 0
source 0 - assert 1763365971.000008494, sequence: 4719 - clear  0.000000000, sequence: 0
source 0 - assert 1763365972.000009078, sequence: 4720 - clear  0.000000000, sequence: 0
source 0 - assert 1763365973.000008521, sequence: 4721 - clear  0.000000000, sequence: 0
source 0 - assert 1763365974.000010852, sequence: 4722 - clear  0.000000000, sequence: 0
source 0 - assert 1763365975.000007483, sequence: 4723 - clear  0.000000000, sequence: 0
source 0 - assert 1763365976.000010029, sequence: 4724 - clear  0.000000000, sequence: 0
source 0 - assert 1763365977.000006452, sequence: 4725 - clear  0.000000000, sequence: 0
source 0 - assert 1763365978.000009487, sequence: 4726 - clear  0.000000000, sequence: 0
source 0 - assert 1763365979.000009487, sequence: 4727 - clear  0.000000000, sequence: 0
source 0 - assert 1763365980.000008399, sequence: 4728 - clear  0.000000000, sequence: 0
source 0 - assert 1763365981.000007652, sequence: 4729 - clear  0.000000000, sequence: 0
source 0 - assert 1763365982.000008751, sequence: 4730 - clear  0.000000000, sequence: 0
source 0 - assert 1763365983.000005136, sequence: 4731 - clear  0.000000000, sequence: 0
source 0 - assert 1763365984.000008791, sequence: 4732 - clear  0.000000000, sequence: 0
source 0 - assert 1763365985.000008739, sequence: 4733 - clear  0.000000000, sequence: 0
source 0 - assert 1763365986.000007540, sequence: 4734 - clear  0.000000000, sequence: 0
source 0 - assert 1763365987.000003619, sequence: 4735 - clear  0.000000000, sequence: 0
source 0 - assert 1763365988.000005124, sequence: 4736 - clear  0.000000000, sequence: 0
source 0 - assert 1763365989.000009978, sequence: 4737 - clear  0.000000000, sequence: 0
source 0 - assert 1763365990.000011477, sequence: 4738 - clear  0.000000000, sequence: 0
source 0 - assert 1763365991.000010362, sequence: 4739 - clear  0.000000000, sequence: 0
source 0 - assert 1763365992.000005452, sequence: 4740 - clear  0.000000000, sequence: 0
source 0 - assert 1763365993.000005162, sequence: 4741 - clear  0.000000000, sequence: 0
source 0 - assert 1763365994.000007131, sequence: 4742 - clear  0.000000000, sequence: 0
source 0 - assert 1763365995.000006918, sequence: 4743 - clear  0.000000000, sequence: 0
source 0 - assert 1763365996.000009490, sequence: 4744 - clear  0.000000000, sequence: 0
source 0 - assert 1763365997.000006776, sequence: 4745 - clear  0.000000000, sequence: 0
source 0 - assert 1763365998.000005156, sequence: 4746 - clear  0.000000000, sequence: 0
source 0 - assert 1763365999.000006153, sequence: 4747 - clear  0.000000000, sequence: 0
source 0 - assert 1763366000.000007832, sequence: 4748 - clear  0.000000000, sequence: 0
source 0 - assert 1763366001.000008925, sequence: 4749 - clear  0.000000000, sequence: 0
source 0 - assert 1763366002.000006964, sequence: 4750 - clear  0.000000000, sequence: 0
source 0 - assert 1763366003.000008868, sequence: 4751 - clear  0.000000000, sequence: 0
source 0 - assert 1763366004.000008723, sequence: 4752 - clear  0.000000000, sequence: 0
source 0 - assert 1763366005.000003469, sequence: 4753 - clear  0.000000000, sequence: 0
source 0 - assert 1763366006.000007080, sequence: 4754 - clear  0.000000000, sequence: 0
source 0 - assert 1763366007.000009010, sequence: 4755 - clear  0.000000000, sequence: 0
source 0 - assert 1763366008.000003416, sequence: 4756 - clear  0.000000000, sequence: 0
source 0 - assert 1763366009.000006365, sequence: 4757 - clear  0.000000000, sequence: 0
source 0 - assert 1763366010.000006278, sequence: 4758 - clear  0.000000000, sequence: 0
source 0 - assert 1763366011.000006913, sequence: 4759 - clear  0.000000000, sequence: 0
source 0 - assert 1763366012.000007886, sequence: 4760 - clear  0.000000000, sequence: 0
source 0 - assert 1763366013.000011010, sequence: 4761 - clear  0.000000000, sequence: 0
source 0 - assert 1763366014.000006698, sequence: 4762 - clear  0.000000000, sequence: 0
source 0 - assert 1763366015.000006984, sequence: 4763 - clear  0.000000000, sequence: 0
source 0 - assert 1763366016.000010322, sequence: 4764 - clear  0.000000000, sequence: 0
source 0 - assert 1763366017.000006430, sequence: 4765 - clear  0.000000000, sequence: 0
source 0 - assert 1763366018.000008718, sequence: 4766 - clear  0.000000000, sequence: 0
source 0 - assert 1763366019.000005370, sequence: 4767 - clear  0.000000000, sequence: 0
source 0 - assert 1763366020.000009706, sequence: 4768 - clear  0.000000000, sequence: 0
Terminated
