trying PPS source "/dev/pps0"
found PPS source "/dev/pps0"
ok, found 1 source(s), now start fetching data...
source 0 - assert 1763362853.000010780, sequence: 1601 - clear  0.000000000, sequence: 0
source 0 - assert 1763362854.000004872, sequence: 1602 - clear  0.000000000, sequence: 0
source 0 - assert 1763362855.000007004, sequence: 1603 - clear  0.000000000, sequence: 0
source 0 - assert 1763362856.000010749, sequence: 1604 - clear  0.000000000, sequence: 0
source 0 - assert 1763362857.000011920, sequence: 1605 - clear  0.000000000, sequence: 0
source 0 - assert 1763362858.000009747, sequence: 1606 - clear  0.000000000, sequence: 0
source 0 - assert 1763362859.000004403, sequence: 1607 - clear  0.000000000, sequence: 0
source 0 - assert 1763362860.000007898, sequence: 1608 - clear  0.000000000, sequence: 0
source 0 - assert 1763362861.000009900, sequence: 1609 - clear  0.000000000, sequence: 0
source 0 - assert 1763362862.000009279, sequence: 1610 - clear  0.000000000, sequence: 0
source 0 - assert 1763362863.000003497, sequence: 1611 - clear  0.000000000, sequence: 0
source 0 - assert 1763362864.000008494, sequence: 1612 - clear  0.000000000, sequence: 0
source 0 - assert 1763362865.000005912, sequence: 1613 - clear  0.000000000, sequence: 0
source 0 - assert 1763362866.000004533, sequence: 1614 - clear  0.000000000, sequence: 0
source 0 - assert 1763362867.000009551, sequence: 1615 - clear  0.000000000, sequence: 0
source 0 - assert 1763362868.000009208, sequence: 1616 - clear  0.000000000, sequence: 0
source 0 - assert 1763362869.000011276, sequence: 1617 - clear  0.000000000, sequence: 0
source 0 - assert 1763362870.000006241, sequence: 1618 - clear  0.000000000, sequence: 0
source 0 - assert 1763362871.000007085, sequence: 1619 - clear  0.000000000, sequence: 0
source 0 - assert 1763362872.000005317, sequence: 1620 - clear  0.000000000, sequence: 0
source 0 - assert 1763362873.000005935, sequence: 1621 - clear  0.000000000, sequence: 0
source 0 - assert 1763362874.000007572, sequence: 1622 - clear  0.000000000, sequence: 0
source 0 - assert 1763362875.000007716, sequence: 1623 - clear  0.000000000, sequence: 0
source 0 - assert 1763362876.000004331, sequence: 1624 - clear  0.000000000, sequence: 0
source 0 - assert 1763362877.000005449, sequence: 1625 - clear  0.000000000, sequence: 0
source 0 - assert 1763362878.000006657, sequence: 1626 - clear  0.000000000, sequence: 0
source 0 - assert 1763362879.000005695, sequence: 1627 - clear  0.000000000, sequence: 0
source 0 - assert 1763362880.000007278, sequence: 1628 - clear  0.000000000, sequence: 0
source 0 - assert 1763362881.000009329, sequence: 1629 - clear  0.000000000, sequence: 0
source 0 - assert 1763362882.000009666, sequence: 1630 - clear  0.000000000, sequence: 0
source 0 - assert 1763362883.000008198, sequence: 1631 - clear  0.000000000, sequence: 0
source 0 - assert 1763362884.000005691, sequence: 1632 - clear  0.000000000, sequence: 0
source 0 - assert 1763362885.000004233, sequence: 1633 - clear  0.000000000, sequence: 0
source 0 - assert 1763362886.000007692, sequence: 1634 - clear  0.000000000, sequence: 0
source 0 - assert 1763362887.000014027, sequence: 1635 - clear  0.000000000, sequence: 0
source 0 - assert 1763362888.000006617, sequence: 1636 - clear  0.000000000, sequence: 0
source 0 - assert 1763362889.000009583, sequence: 1637 - clear  0.000000000, sequence: 0
source 0 - assert 1763362890.000007714, sequence: 1638 - clear  0.000000000, sequence: 0
source 0 - assert 1763362891.000003839, sequence: 1639 - clear  0.000000000, sequence: 0
source 0 - assert 1763362892.000003838, sequence: 1640 - clear  0.000000000, sequence: 0
source 0 - assert 1763362893.000002715, sequence: 1641 - clear  0.000000000, sequence: 0
source 0 - assert 1763362894.000004792, sequence: 1642 - clear  0.000000000, sequence: 0
source 0 - assert 1763362895.000005996, sequence: 1643 - clear  0.000000000, sequence: 0
source 0 - assert 1763362896.000005609, sequence: 1644 - clear  0.000000000, sequence: 0
source 0 - assert 1763362897.000006188, sequence: 1645 - clear  0.000000000, sequence: 0
source 0 - assert 1763362898.000005187, sequence: 1646 - clear  0.000000000, sequence: 0
source 0 - assert 1763362899.000004672, sequence: 1647 - clear  0.000000000, sequence: 0
source 0 - assert 1763362900.000010007, sequence: 1648 - clear  0.000000000, sequence: 0
source 0 - assert 1763362901.000003494, sequence: 1649 - clear  0.000000000, sequence: 0
source 0 - assert 1763362902.000003700, sequence: 1650 - clear  0.000000000, sequence: 0
source 0 - assert 1763362903.000007072, sequence: 1651 - clear  0.000000000, sequence: 0
source 0 - assert 1763362904.000001981, sequence: 1652 - clear  0.000000000, sequence: 0
source 0 - assert 1763362905.000004063, sequence: 1653 - clear  0.000000000, sequence: 0
source 0 - assert 1763362906.000009409, sequence: 1654 - clear  0.000000000, sequence: 0
source 0 - assert 1763362907.000003717, sequence: 1655 - clear  0.000000000, sequence: 0
source 0 - assert 1763362908.000009963, sequence: 1656 - clear  0.000000000, sequence: 0
source 0 - assert 1763362909.000004919, sequence: 1657 - clear  0.000000000, sequence: 0
source 0 - assert 1763362910.000011030, sequence: 1658 - clear  0.000000000, sequence: 0
source 0 - assert 1763362911.000006664, sequence: 1659 - clear  0.000000000, sequence: 0
source 0 - assert 1763362912.000006251, sequence: 1660 - clear  0.000000000, sequence: 0
source 0 - assert 1763362913.000006655, sequence: 1661 - clear  0.000000000, sequence: 0
source 0 - assert 1763362914.000006992, sequence: 1662 - clear  0.000000000, sequence: 0
source 0 - assert 1763362915.000004187, sequence: 1663 - clear  0.000000000, sequence: 0
source 0 - assert 1763362916.000004690, sequence: 1664 - clear  0.000000000, sequence: 0
source 0 - assert 1763362917.000000566, sequence: 1665 - clear  0.000000000, sequence: 0
source 0 - assert 1763362918.000007320, sequence: 1666 - clear  0.000000000, sequence: 0
source 0 - assert 1763362919.000008487, sequence: 1667 - clear  0.000000000, sequence: 0
source 0 - assert 1763362920.000004707, sequence: 1668 - clear  0.000000000, sequence: 0
source 0 - assert 1763362921.000005506, sequence: 1669 - clear  0.000000000, sequence: 0
source 0 - assert 1763362922.000006418, sequence: 1670 - clear  0.000000000, sequence: 0
source 0 - assert 1763362923.000003699, sequence: 1671 - clear  0.000000000, sequence: 0
source 0 - assert 1763362924.000010112, sequence: 1672 - clear  0.000000000, sequence: 0
source 0 - assert 1763362925.000006029, sequence: 1673 - clear  0.000000000, sequence: 0
source 0 - assert 1763362926.000005326, sequence: 1674 - clear  0.000000000, sequence: 0
source 0 - assert 1763362927.000007284, sequence: 1675 - clear  0.000000000, sequence: 0
source 0 - assert 1763362928.000000877, sequence: 1676 - clear  0.000000000, sequence: 0
source 0 - assert 1763362929.000003373, sequence: 1677 - clear  0.000000000, sequence: 0
source 0 - assert 1763362930.000006907, sequence: 1678 - clear  0.000000000, sequence: 0
source 0 - assert 1763362931.000005504, sequence: 1679 - clear  0.000000000, sequence: 0
source 0 - assert 1763362932.000004753, sequence: 1680 - clear  0.000000000, sequence: 0
source 0 - assert 1763362933.000003254, sequence: 1681 - clear  0.000000000, sequence: 0
source 0 - assert 1763362934.000007233, sequence: 1682 - clear  0.000000000, sequence: 0
source 0 - assert 1763362935.000009229, sequence: 1683 - clear  0.000000000, sequence: 0
source 0 - assert 1763362936.000009571, sequence: 1684 - clear  0.000000000, sequence: 0
source 0 - assert 1763362937.000004631, sequence: 1685 - clear  0.000000000, sequence: 0
source 0 - assert 1763362938.000005212, sequence: 1686 - clear  0.000000000, sequence: 0
source 0 - assert 1763362939.000006196, sequence: 1687 - clear  0.000000000, sequence: 0
source 0 - assert 1763362940.000008226, sequence: 1688 - clear  0.000000000, sequence: 0
source 0 - assert 1763362941.000009401, sequence: 1689 - clear  0.000000000, sequence: 0
source 0 - assert 1763362942.000003323, sequence: 1690 - clear  0.000000000, sequence: 0
source 0 - assert 1763362943.000002282, sequence: 1691 - clear  0.000000000, sequence: 0
source 0 - assert 1763362944.000006746, sequence: 1692 - clear  0.000000000, sequence: 0
source 0 - assert 1763362945.000007913, sequence: 1693 - clear  0.000000000, sequence: 0
source 0 - assert 1763362946.000008770, sequence: 1694 - clear  0.000000000, sequence: 0
source 0 - assert 1763362947.000006029, sequence: 1695 - clear  0.000000000, sequence: 0
source 0 - assert 1763362948.000008789, sequence: 1696 - clear  0.000000000, sequence: 0
source 0 - assert 1763362949.000006277, sequence: 1697 - clear  0.000000000, sequence: 0
source 0 - assert 1763362950.000005190, sequence: 1698 - clear  0.000000000, sequence: 0
source 0 - assert 1763362951.000007981, sequence: 1699 - clear  0.000000000, sequence: 0
source 0 - assert 1763362952.000007997, sequence: 1700 - clear  0.000000000, sequence: 0
source 0 - assert 1763362953.000007462, sequence: 1701 - clear  0.000000000, sequence: 0
source 0 - assert 1763362954.000003718, sequence: 1702 - clear  0.000000000, sequence: 0
source 0 - assert 1763362955.000011152, sequence: 1703 - clear  0.000000000, sequence: 0
source 0 - assert 1763362956.000007821, sequence: 1704 - clear  0.000000000, sequence: 0
source 0 - assert 1763362957.000008945, sequence: 1705 - clear  0.000000000, sequence: 0
source 0 - assert 1763362958.000005556, sequence: 1706 - clear  0.000000000, sequence: 0
source 0 - assert 1763362959.000008572, sequence: 1707 - clear  0.000000000, sequence: 0
source 0 - assert 1763362960.000009784, sequence: 1708 - clear  0.000000000, sequence: 0
source 0 - assert 1763362961.000008970, sequence: 1709 - clear  0.000000000, sequence: 0
source 0 - assert 1763362962.000006182, sequence: 1710 - clear  0.000000000, sequence: 0
source 0 - assert 1763362963.000006382, sequence: 1711 - clear  0.000000000, sequence: 0
source 0 - assert 1763362964.000007993, sequence: 1712 - clear  0.000000000, sequence: 0
source 0 - assert 1763362965.000006488, sequence: 1713 - clear  0.000000000, sequence: 0
source 0 - assert 1763362966.000006282, sequence: 1714 - clear  0.000000000, sequence: 0
source 0 - assert 1763362967.000007178, sequence: 1715 - clear  0.000000000, sequence: 0
source 0 - assert 1763362968.000010782, sequence: 1716 - clear  0.000000000, sequence: 0
source 0 - assert 1763362969.000003542, sequence: 1717 - clear  0.000000000, sequence: 0
source 0 - assert 1763362970.000006153, sequence: 1718 - clear  0.000000000, sequence: 0
source 0 - assert 1763362971.000004049, sequence: 1719 - clear  0.000000000, sequence: 0
source 0 - assert 1763362972.000006965, sequence: 1720 - clear  0.000000000, sequence: 0
source 0 - assert 1763362973.000001205, sequence: 1721 - clear  0.000000000, sequence: 0
source 0 - assert 1763362974.000009882, sequence: 1722 - clear  0.000000000, sequence: 0
source 0 - assert 1763362975.000004332, sequence: 1723 - clear  0.000000000, sequence: 0
source 0 - assert 1763362976.000005574, sequence: 1724 - clear  0.000000000, sequence: 0
source 0 - assert 1763362977.000003393, sequence: 1725 - clear  0.000000000, sequence: 0
source 0 - assert 1763362978.000010197, sequence: 1726 - clear  0.000000000, sequence: 0
source 0 - assert 1763362979.000007731, sequence: 1727 - clear  0.000000000, sequence: 0
source 0 - assert 1763362980.000008073, sequence: 1728 - clear  0.000000000, sequence: 0
source 0 - assert 1763362981.000001836, sequence: 1729 - clear  0.000000000, sequence: 0
source 0 - assert 1763362982.000008583, sequence: 1730 - clear  0.000000000, sequence: 0
source 0 - assert 1763362983.000004874, sequence: 1731 - clear  0.000000000, sequence: 0
source 0 - assert 1763362984.000006748, sequence: 1732 - clear  0.000000000, sequence: 0
source 0 - assert 1763362985.000006116, sequence: 1733 - clear  0.000000000, sequence: 0
source 0 - assert 1763362986.000007636, sequence: 1734 - clear  0.000000000, sequence: 0
source 0 - assert 1763362987.000004908, sequence: 1735 - clear  0.000000000, sequence: 0
source 0 - assert 1763362988.000003829, sequence: 1736 - clear  0.000000000, sequence: 0
source 0 - assert 1763362989.000006700, sequence: 1737 - clear  0.000000000, sequence: 0
source 0 - assert 1763362990.000009360, sequence: 1738 - clear  0.000000000, sequence: 0
source 0 - assert 1763362991.000007620, sequence: 1739 - clear  0.000000000, sequence: 0
source 0 - assert 1763362992.000008082, sequence: 1740 - clear  0.000000000, sequence: 0
source 0 - assert 1763362993.000006076, sequence: 1741 - clear  0.000000000, sequence: 0
source 0 - assert 1763362994.000005269, sequence: 1742 - clear  0.000000000, sequence: 0
source 0 - assert 1763362995.000004214, sequence: 1743 - clear  0.000000000, sequence: 0
source 0 - assert 1763362996.000007265, sequence: 1744 - clear  0.000000000, sequence: 0
source 0 - assert 1763362997.000003894, sequence: 1745 - clear  0.000000000, sequence: 0
source 0 - assert 1763362998.000004898, sequence: 1746 - clear  0.000000000, sequence: 0
source 0 - assert 1763362999.000006529, sequence: 1747 - clear  0.000000000, sequence: 0
source 0 - assert 1763363000.000005924, sequence: 1748 - clear  0.000000000, sequence: 0
source 0 - assert 1763363001.000011057, sequence: 1749 - clear  0.000000000, sequence: 0
source 0 - assert 1763363002.000008670, sequence: 1750 - clear  0.000000000, sequence: 0
source 0 - assert 1763363003.000005136, sequence: 1751 - clear  0.000000000, sequence: 0
source 0 - assert 1763363004.000005595, sequence: 1752 - clear  0.000000000, sequence: 0
source 0 - assert 1763363005.000001335, sequence: 1753 - clear  0.000000000, sequence: 0
source 0 - assert 1763363006.000004743, sequence: 1754 - clear  0.000000000, sequence: 0
source 0 - assert 1763363007.000008990, sequence: 1755 - clear  0.000000000, sequence: 0
source 0 - assert 1763363008.000011155, sequence: 1756 - clear  0.000000000, sequence: 0
source 0 - assert 1763363009.000007494, sequence: 1757 - clear  0.000000000, sequence: 0
source 0 - assert 1763363010.000009336, sequence: 1758 - clear  0.000000000, sequence: 0
source 0 - assert 1763363011.000008544, sequence: 1759 - clear  0.000000000, sequence: 0
source 0 - assert 1763363012.000009876, sequence: 1760 - clear  0.000000000, sequence: 0
source 0 - assert 1763363013.000007202, sequence: 1761 - clear  0.000000000, sequence: 0
source 0 - assert 1763363014.000006860, sequence: 1762 - clear  0.000000000, sequence: 0
source 0 - assert 1763363015.000004108, sequence: 1763 - clear  0.000000000, sequence: 0
source 0 - assert 1763363016.000004738, sequence: 1764 - clear  0.000000000, sequence: 0
source 0 - assert 1763363017.000005466, sequence: 1765 - clear  0.000000000, sequence: 0
source 0 - assert 1763363018.000008101, sequence: 1766 - clear  0.000000000, sequence: 0
source 0 - assert 1763363019.000008808, sequence: 1767 - clear  0.000000000, sequence: 0
source 0 - assert 1763363020.000006501, sequence: 1768 - clear  0.000000000, sequence: 0
source 0 - assert 1763363021.000002200, sequence: 1769 - clear  0.000000000, sequence: 0
source 0 - assert 1763363022.000004487, sequence: 1770 - clear  0.000000000, sequence: 0
source 0 - assert 1763363023.000009619, sequence: 1771 - clear  0.000000000, sequence: 0
source 0 - assert 1763363024.000005066, sequence: 1772 - clear  0.000000000, sequence: 0
source 0 - assert 1763363025.000004892, sequence: 1773 - clear  0.000000000, sequence: 0
source 0 - assert 1763363026.000008621, sequence: 1774 - clear  0.000000000, sequence: 0
source 0 - assert 1763363027.000002573, sequence: 1775 - clear  0.000000000, sequence: 0
source 0 - assert 1763363028.000007779, sequence: 1776 - clear  0.000000000, sequence: 0
source 0 - assert 1763363029.000006412, sequence: 1777 - clear  0.000000000, sequence: 0
source 0 - assert 1763363030.000012160, sequence: 1778 - clear  0.000000000, sequence: 0
source 0 - assert 1763363031.000007825, sequence: 1779 - clear  0.000000000, sequence: 0
source 0 - assert 1763363032.000006424, sequence: 1780 - clear  0.000000000, sequence: 0
source 0 - assert 1763363033.000004789, sequence: 1781 - clear  0.000000000, sequence: 0
source 0 - assert 1763363034.000009780, sequence: 1782 - clear  0.000000000, sequence: 0
source 0 - assert 1763363035.000008899, sequence: 1783 - clear  0.000000000, sequence: 0
source 0 - assert 1763363036.000006516, sequence: 1784 - clear  0.000000000, sequence: 0
source 0 - assert 1763363037.000005771, sequence: 1785 - clear  0.000000000, sequence: 0
source 0 - assert 1763363038.000007269, sequence: 1786 - clear  0.000000000, sequence: 0
source 0 - assert 1763363039.000008661, sequence: 1787 - clear  0.000000000, sequence: 0
source 0 - assert 1763363040.000009868, sequence: 1788 - clear  0.000000000, sequence: 0
source 0 - assert 1763363041.000006063, sequence: 1789 - clear  0.000000000, sequence: 0
source 0 - assert 1763363042.000003382, sequence: 1790 - clear  0.000000000, sequence: 0
source 0 - assert 1763363043.000005099, sequence: 1791 - clear  0.000000000, sequence: 0
source 0 - assert 1763363044.000004071, sequence: 1792 - clear  0.000000000, sequence: 0
source 0 - assert 1763363045.000008906, sequence: 1793 - clear  0.000000000, sequence: 0
source 0 - assert 1763363046.000006371, sequence: 1794 - clear  0.000000000, sequence: 0
source 0 - assert 1763363047.000005882, sequence: 1795 - clear  0.000000000, sequence: 0
source 0 - assert 1763363048.000006796, sequence: 1796 - clear  0.000000000, sequence: 0
source 0 - assert 1763363049.000007833, sequence: 1797 - clear  0.000000000, sequence: 0
source 0 - assert 1763363050.000007624, sequence: 1798 - clear  0.000000000, sequence: 0
source 0 - assert 1763363051.000007569, sequence: 1799 - clear  0.000000000, sequence: 0
source 0 - assert 1763363052.000007231, sequence: 1800 - clear  0.000000000, sequence: 0
source 0 - assert 1763363053.000006398, sequence: 1801 - clear  0.000000000, sequence: 0
source 0 - assert 1763363054.000006282, sequence: 1802 - clear  0.000000000, sequence: 0
source 0 - assert 1763363055.000007408, sequence: 1803 - clear  0.000000000, sequence: 0
source 0 - assert 1763363056.000009227, sequence: 1804 - clear  0.000000000, sequence: 0
source 0 - assert 1763363057.000005955, sequence: 1805 - clear  0.000000000, sequence: 0
source 0 - assert 1763363058.000007779, sequence: 1806 - clear  0.000000000, sequence: 0
source 0 - assert 1763363059.000003562, sequence: 1807 - clear  0.000000000, sequence: 0
source 0 - assert 1763363060.000009856, sequence: 1808 - clear  0.000000000, sequence: 0
source 0 - assert 1763363061.000004741, sequence: 1809 - clear  0.000000000, sequence: 0
source 0 - assert 1763363062.000007980, sequence: 1810 - clear  0.000000000, sequence: 0
source 0 - assert 1763363063.000011182, sequence: 1811 - clear  0.000000000, sequence: 0
source 0 - assert 1763363064.000006159, sequence: 1812 - clear  0.000000000, sequence: 0
source 0 - assert 1763363065.000008204, sequence: 1813 - clear  0.000000000, sequence: 0
source 0 - assert 1763363066.000004506, sequence: 1814 - clear  0.000000000, sequence: 0
source 0 - assert 1763363067.000006297, sequence: 1815 - clear  0.000000000, sequence: 0
source 0 - assert 1763363068.000006788, sequence: 1816 - clear  0.000000000, sequence: 0
source 0 - assert 1763363069.000012834, sequence: 1817 - clear  0.000000000, sequence: 0
source 0 - assert 1763363070.000007195, sequence: 1818 - clear  0.000000000, sequence: 0
source 0 - assert 1763363071.000006989, sequence: 1819 - clear  0.000000000, sequence: 0
source 0 - assert 1763363072.000004554, sequence: 1820 - clear  0.000000000, sequence: 0
source 0 - assert 1763363073.000007590, sequence: 1821 - clear  0.000000000, sequence: 0
source 0 - assert 1763363074.000007866, sequence: 1822 - clear  0.000000000, sequence: 0
source 0 - assert 1763363075.000007317, sequence: 1823 - clear  0.000000000, sequence: 0
source 0 - assert 1763363076.000006894, sequence: 1824 - clear  0.000000000, sequence: 0
source 0 - assert 1763363077.000005540, sequence: 1825 - clear  0.000000000, sequence: 0
source 0 - assert 1763363078.000010623, sequence: 1826 - clear  0.000000000, sequence: 0
source 0 - assert 1763363079.000005505, sequence: 1827 - clear  0.000000000, sequence: 0
source 0 - assert 1763363080.000004460, sequence: 1828 - clear  0.000000000, sequence: 0
source 0 - assert 1763363081.000007511, sequence: 1829 - clear  0.000000000, sequence: 0
source 0 - assert 1763363082.000005135, sequence: 1830 - clear  0.000000000, sequence: 0
source 0 - assert 1763363083.000010543, sequence: 1831 - clear  0.000000000, sequence: 0
source 0 - assert 1763363084.000008871, sequence: 1832 - clear  0.000000000, sequence: 0
source 0 - assert 1763363085.000007125, sequence: 1833 - clear  0.000000000, sequence: 0
source 0 - assert 1763363086.000003260, sequence: 1834 - clear  0.000000000, sequence: 0
source 0 - assert 1763363087.000004118, sequence: 1835 - clear  0.000000000, sequence: 0
source 0 - assert 1763363088.000007942, sequence: 1836 - clear  0.000000000, sequence: 0
source 0 - assert 1763363089.000011122, sequence: 1837 - clear  0.000000000, sequence: 0
source 0 - assert 1763363090.000006502, sequence: 1838 - clear  0.000000000, sequence: 0
source 0 - assert 1763363091.000006612, sequence: 1839 - clear  0.000000000, sequence: 0
source 0 - assert 1763363092.000001706, sequence: 1840 - clear  0.000000000, sequence: 0
source 0 - assert 1763363093.000003208, sequence: 1841 - clear  0.000000000, sequence: 0
source 0 - assert 1763363094.000007199, sequence: 1842 - clear  0.000000000, sequence: 0
source 0 - assert 1763363095.000003990, sequence: 1843 - clear  0.000000000, sequence: 0
source 0 - assert 1763363096.000003872, sequence: 1844 - clear  0.000000000, sequence: 0
source 0 - assert 1763363097.000003287, sequence: 1845 - clear  0.000000000, sequence: 0
source 0 - assert 1763363098.000002781, sequence: 1846 - clear  0.000000000, sequence: 0
source 0 - assert 1763363099.000009411, sequence: 1847 - clear  0.000000000, sequence: 0
source 0 - assert 1763363100.000008539, sequence: 1848 - clear  0.000000000, sequence: 0
source 0 - assert 1763363101.000006527, sequence: 1849 - clear  0.000000000, sequence: 0
source 0 - assert 1763363102.000003735, sequence: 1850 - clear  0.000000000, sequence: 0
source 0 - assert 1763363103.000006691, sequence: 1851 - clear  0.000000000, sequence: 0
source 0 - assert 1763363104.000005574, sequence: 1852 - clear  0.000000000, sequence: 0
source 0 - assert 1763363105.000006238, sequence: 1853 - clear  0.000000000, sequence: 0
source 0 - assert 1763363106.000004246, sequence: 1854 - clear  0.000000000, sequence: 0
source 0 - assert 1763363107.000005910, sequence: 1855 - clear  0.000000000, sequence: 0
source 0 - assert 1763363108.000005735, sequence: 1856 - clear  0.000000000, sequence: 0
source 0 - assert 1763363109.000007528, sequence: 1857 - clear  0.000000000, sequence: 0
source 0 - assert 1763363110.000003189, sequence: 1858 - clear  0.000000000, sequence: 0
source 0 - assert 1763363111.000010406, sequence: 1859 - clear  0.000000000, sequence: 0
source 0 - assert 1763363112.000006832, sequence: 1860 - clear  0.000000000, sequence: 0
source 0 - assert 1763363113.000005782, sequence: 1861 - clear  0.000000000, sequence: 0
source 0 - assert 1763363114.000005497, sequence: 1862 - clear  0.000000000, sequence: 0
source 0 - assert 1763363115.000008383, sequence: 1863 - clear  0.000000000, sequence: 0
source 0 - assert 1763363116.000006492, sequence: 1864 - clear  0.000000000, sequence: 0
source 0 - assert 1763363117.000006913, sequence: 1865 - clear  0.000000000, sequence: 0
source 0 - assert 1763363118.000005109, sequence: 1866 - clear  0.000000000, sequence: 0
source 0 - assert 1763363119.000006208, sequence: 1867 - clear  0.000000000, sequence: 0
source 0 - assert 1763363120.000006823, sequence: 1868 - clear  0.000000000, sequence: 0
source 0 - assert 1763363121.000009246, sequence: 1869 - clear  0.000000000, sequence: 0
source 0 - assert 1763363122.000009774, sequence: 1870 - clear  0.000000000, sequence: 0
source 0 - assert 1763363123.000006358, sequence: 1871 - clear  0.000000000, sequence: 0
source 0 - assert 1763363124.000007363, sequence: 1872 - clear  0.000000000, sequence: 0
source 0 - assert 1763363125.000006330, sequence: 1873 - clear  0.000000000, sequence: 0
source 0 - assert 1763363126.000008049, sequence: 1874 - clear  0.000000000, sequence: 0
source 0 - assert 1763363127.000006074, sequence: 1875 - clear  0.000000000, sequence: 0
source 0 - assert 1763363128.000007445, sequence: 1876 - clear  0.000000000, sequence: 0
source 0 - assert 1763363129.000010653, sequence: 1877 - clear  0.000000000, sequence: 0
source 0 - assert 1763363130.000007761, sequence: 1878 - clear  0.000000000, sequence: 0
source 0 - assert 1763363131.000006491, sequence: 1879 - clear  0.000000000, sequence: 0
source 0 - assert 1763363132.000004675, sequence: 1880 - clear  0.000000000, sequence: 0
source 0 - assert 1763363133.000008621, sequence: 1881 - clear  0.000000000, sequence: 0
source 0 - assert 1763363134.000003696, sequence: 1882 - clear  0.000000000, sequence: 0
source 0 - assert 1763363135.000005361, sequence: 1883 - clear  0.000000000, sequence: 0
source 0 - assert 1763363136.000004529, sequence: 1884 - clear  0.000000000, sequence: 0
source 0 - assert 1763363137.000007330, sequence: 1885 - clear  0.000000000, sequence: 0
source 0 - assert 1763363138.000006808, sequence: 1886 - clear  0.000000000, sequence: 0
source 0 - assert 1763363139.000008940, sequence: 1887 - clear  0.000000000, sequence: 0
source 0 - assert 1763363140.000012541, sequence: 1888 - clear  0.000000000, sequence: 0
source 0 - assert 1763363141.000007328, sequence: 1889 - clear  0.000000000, sequence: 0
source 0 - assert 1763363142.000002981, sequence: 1890 - clear  0.000000000, sequence: 0
source 0 - assert 1763363143.000003760, sequence: 1891 - clear  0.000000000, sequence: 0
source 0 - assert 1763363144.000010162, sequence: 1892 - clear  0.000000000, sequence: 0
source 0 - assert 1763363145.000005629, sequence: 1893 - clear  0.000000000, sequence: 0
source 0 - assert 1763363146.000006994, sequence: 1894 - clear  0.000000000, sequence: 0
source 0 - assert 1763363147.000001443, sequence: 1895 - clear  0.000000000, sequence: 0
source 0 - assert 1763363148.000007064, sequence: 1896 - clear  0.000000000, sequence: 0
source 0 - assert 1763363149.000006270, sequence: 1897 - clear  0.000000000, sequence: 0
source 0 - assert 1763363150.000010760, sequence: 1898 - clear  0.000000000, sequence: 0
source 0 - assert 1763363151.000003861, sequence: 1899 - clear  0.000000000, sequence: 0
source 0 - assert 1763363152.000007376, sequence: 1900 - clear  0.000000000, sequence: 0
source 0 - assert 1763363153.000008288, sequence: 1901 - clear  0.000000000, sequence: 0
source 0 - assert 1763363154.000002915, sequence: 1902 - clear  0.000000000, sequence: 0
source 0 - assert 1763363155.000009010, sequence: 1903 - clear  0.000000000, sequence: 0
source 0 - assert 1763363156.000005575, sequence: 1904 - clear  0.000000000, sequence: 0
source 0 - assert 1763363157.000004662, sequence: 1905 - clear  0.000000000, sequence: 0
source 0 - assert 1763363158.000006901, sequence: 1906 - clear  0.000000000, sequence: 0
source 0 - assert 1763363159.000004364, sequence: 1907 - clear  0.000000000, sequence: 0
source 0 - assert 1763363160.000007289, sequence: 1908 - clear  0.000000000, sequence: 0
source 0 - assert 1763363161.000008911, sequence: 1909 - clear  0.000000000, sequence: 0
source 0 - assert 1763363162.000005914, sequence: 1910 - clear  0.000000000, sequence: 0
source 0 - assert 1763363163.000008131, sequence: 1911 - clear  0.000000000, sequence: 0
source 0 - assert 1763363164.000002760, sequence: 1912 - clear  0.000000000, sequence: 0
source 0 - assert 1763363165.000007027, sequence: 1913 - clear  0.000000000, sequence: 0
source 0 - assert 1763363166.000008229, sequence: 1914 - clear  0.000000000, sequence: 0
source 0 - assert 1763363167.000006017, sequence: 1915 - clear  0.000000000, sequence: 0
source 0 - assert 1763363168.000003858, sequence: 1916 - clear  0.000000000, sequence: 0
source 0 - assert 1763363169.000008244, sequence: 1917 - clear  0.000000000, sequence: 0
source 0 - assert 1763363170.000014195, sequence: 1918 - clear  0.000000000, sequence: 0
Terminated
