trying PPS source "/dev/pps0"
found PPS source "/dev/pps0"
ok, found 1 source(s), now start fetching data...
source 0 - assert 1763366810.000009950, sequence: 5558 - clear  0.000000000, sequence: 0
source 0 - assert 1763366811.000008682, sequence: 5559 - clear  0.000000000, sequence: 0
source 0 - assert 1763366812.000005678, sequence: 5560 - clear  0.000000000, sequence: 0
source 0 - assert 1763366813.000006456, sequence: 5561 - clear  0.000000000, sequence: 0
source 0 - assert 1763366814.000009914, sequence: 5562 - clear  0.000000000, sequence: 0
source 0 - assert 1763366815.000010501, sequence: 5563 - clear  0.000000000, sequence: 0
source 0 - assert 1763366816.000011297, sequence: 5564 - clear  0.000000000, sequence: 0
source 0 - assert 1763366817.000006179, sequence: 5565 - clear  0.000000000, sequence: 0
source 0 - assert 1763366818.000006265, sequence: 5566 - clear  0.000000000, sequence: 0
source 0 - assert 1763366819.000007953, sequence: 5567 - clear  0.000000000, sequence: 0
source 0 - assert 1763366820.000011209, sequence: 5568 - clear  0.000000000, sequence: 0
source 0 - assert 1763366821.000010598, sequence: 5569 - clear  0.000000000, sequence: 0
source 0 - assert 1763366822.000007803, sequence: 5570 - clear  0.000000000, sequence: 0
source 0 - assert 1763366823.000004159, sequence: 5571 - clear  0.000000000, sequence: 0
source 0 - assert 1763366824.000007262, sequence: 5572 - clear  0.000000000, sequence: 0
source 0 - assert 1763366825.000008901, sequence: 5573 - clear  0.000000000, sequence: 0
source 0 - assert 1763366826.000009080, sequence: 5574 - clear  0.000000000, sequence: 0
source 0 - assert 1763366827.000008909, sequence: 5575 - clear  0.000000000, sequence: 0
source 0 - assert 1763366828.000011116, sequence: 5576 - clear  0.000000000, sequence: 0
source 0 - assert 1763366829.000006944, sequence: 5577 - clear  0.000000000, sequence: 0
source 0 - assert 1763366830.000004324, sequence: 5578 - clear  0.000000000, sequence: 0
source 0 - assert 1763366831.000009535, sequence: 5579 - clear  0.000000000, sequence: 0
source 0 - assert 1763366832.000010777, sequence: 5580 - clear  0.000000000, sequence: 0
source 0 - assert 1763366833.000009087, sequence: 5581 - clear  0.000000000, sequence: 0
source 0 - assert 1763366834.000007174, sequence: 5582 - clear  0.000000000, sequence: 0
source 0 - assert 1763366835.000005619, sequence: 5583 - clear  0.000000000, sequence: 0
source 0 - assert 1763366836.000010198, sequence: 5584 - clear  0.000000000, sequence: 0
source 0 - assert 1763366837.000005284, sequence: 5585 - clear  0.000000000, sequence: 0
source 0 - assert 1763366838.000009206, sequence: 5586 - clear  0.000000000, sequence: 0
source 0 - assert 1763366839.000009362, sequence: 5587 - clear  0.000000000, sequence: 0
source 0 - assert 1763366840.000004115, sequence: 5588 - clear  0.000000000, sequence: 0
source 0 - assert 1763366841.000011287, sequence: 5589 - clear  0.000000000, sequence: 0
source 0 - assert 1763366842.000009560, sequence: 5590 - clear  0.000000000, sequence: 0
source 0 - assert 1763366843.000009729, sequence: 5591 - clear  0.000000000, sequence: 0
source 0 - assert 1763366844.000008505, sequence: 5592 - clear  0.000000000, sequence: 0
source 0 - assert 1763366845.000004581, sequence: 5593 - clear  0.000000000, sequence: 0
source 0 - assert 1763366846.000004644, sequence: 5594 - clear  0.000000000, sequence: 0
source 0 - assert 1763366847.000007241, sequence: 5595 - clear  0.000000000, sequence: 0
source 0 - assert 1763366848.000007994, sequence: 5596 - clear  0.000000000, sequence: 0
source 0 - assert 1763366849.000008042, sequence: 5597 - clear  0.000000000, sequence: 0
source 0 - assert 1763366850.000010539, sequence: 5598 - clear  0.000000000, sequence: 0
source 0 - assert 1763366851.000005576, sequence: 5599 - clear  0.000000000, sequence: 0
source 0 - assert 1763366852.000008661, sequence: 5600 - clear  0.000000000, sequence: 0
source 0 - assert 1763366853.000006788, sequence: 5601 - clear  0.000000000, sequence: 0
source 0 - assert 1763366854.000006716, sequence: 5602 - clear  0.000000000, sequence: 0
source 0 - assert 1763366855.000008715, sequence: 5603 - clear  0.000000000, sequence: 0
source 0 - assert 1763366856.000006412, sequence: 5604 - clear  0.000000000, sequence: 0
source 0 - assert 1763366857.000007861, sequence: 5605 - clear  0.000000000, sequence: 0
source 0 - assert 1763366858.000010455, sequence: 5606 - clear  0.000000000, sequence: 0
source 0 - assert 1763366859.000005958, sequence: 5607 - clear  0.000000000, sequence: 0
source 0 - assert 1763366860.000009186, sequence: 5608 - clear  0.000000000, sequence: 0
source 0 - assert 1763366861.000008222, sequence: 5609 - clear  0.000000000, sequence: 0
source 0 - assert 1763366862.000007429, sequence: 5610 - clear  0.000000000, sequence: 0
source 0 - assert 1763366863.000009200, sequence: 5611 - clear  0.000000000, sequence: 0
source 0 - assert 1763366864.000006966, sequence: 5612 - clear  0.000000000, sequence: 0
source 0 - assert 1763366865.000010127, sequence: 5613 - clear  0.000000000, sequence: 0
source 0 - assert 1763366866.000007201, sequence: 5614 - clear  0.000000000, sequence: 0
source 0 - assert 1763366867.000007622, sequence: 5615 - clear  0.000000000, sequence: 0
source 0 - assert 1763366868.000007089, sequence: 5616 - clear  0.000000000, sequence: 0
source 0 - assert 1763366869.000004747, sequence: 5617 - clear  0.000000000, sequence: 0
source 0 - assert 1763366870.000011230, sequence: 5618 - clear  0.000000000, sequence: 0
source 0 - assert 1763366871.000008285, sequence: 5619 - clear  0.000000000, sequence: 0
source 0 - assert 1763366872.000010759, sequence: 5620 - clear  0.000000000, sequence: 0
source 0 - assert 1763366873.000009345, sequence: 5621 - clear  0.000000000, sequence: 0
source 0 - assert 1763366874.000006615, sequence: 5622 - clear  0.000000000, sequence: 0
source 0 - assert 1763366875.000008811, sequence: 5623 - clear  0.000000000, sequence: 0
source 0 - assert 1763366876.000009864, sequence: 5624 - clear  0.000000000, sequence: 0
source 0 - assert 1763366877.000011097, sequence: 5625 - clear  0.000000000, sequence: 0
source 0 - assert 1763366878.000009059, sequence: 5626 - clear  0.000000000, sequence: 0
source 0 - assert 1763366879.000007563, sequence: 5627 - clear  0.000000000, sequence: 0
source 0 - assert 1763366880.000010109, sequence: 5628 - clear  0.000000000, sequence: 0
source 0 - assert 1763366881.000008901, sequence: 5629 - clear  0.000000000, sequence: 0
source 0 - assert 1763366882.000008814, sequence: 5630 - clear  0.000000000, sequence: 0
source 0 - assert 1763366883.000007163, sequence: 5631 - clear  0.000000000, sequence: 0
source 0 - assert 1763366884.000007550, sequence: 5632 - clear  0.000000000, sequence: 0
source 0 - assert 1763366885.000007177, sequence: 5633 - clear  0.000000000, sequence: 0
source 0 - assert 1763366886.000007622, sequence: 5634 - clear  0.000000000, sequence: 0
source 0 - assert 1763366887.000009037, sequence: 5635 - clear  0.000000000, sequence: 0
source 0 - assert 1763366888.000009912, sequence: 5636 - clear  0.000000000, sequence: 0
source 0 - assert 1763366889.000005163, sequence: 5637 - clear  0.000000000, sequence: 0
source 0 - assert 1763366890.000006175, sequence: 5638 - clear  0.000000000, sequence: 0
source 0 - assert 1763366891.000003370, sequence: 5639 - clear  0.000000000, sequence: 0
source 0 - assert 1763366892.000007870, sequence: 5640 - clear  0.000000000, sequence: 0
source 0 - assert 1763366893.000007166, sequence: 5641 - clear  0.000000000, sequence: 0
source 0 - assert 1763366894.000007125, sequence: 5642 - clear  0.000000000, sequence: 0
source 0 - assert 1763366895.000004239, sequence: 5643 - clear  0.000000000, sequence: 0
source 0 - assert 1763366896.000007107, sequence: 5644 - clear  0.000000000, sequence: 0
source 0 - assert 1763366897.000008028, sequence: 5645 - clear  0.000000000, sequence: 0
source 0 - assert 1763366898.000010849, sequence: 5646 - clear  0.000000000, sequence: 0
source 0 - assert 1763366899.000008232, sequence: 5647 - clear  0.000000000, sequence: 0
source 0 - assert 1763366900.000005324, sequence: 5648 - clear  0.000000000, sequence: 0
source 0 - assert 1763366901.000008500, sequence: 5649 - clear  0.000000000, sequence: 0
source 0 - assert 1763366902.000007197, sequence: 5650 - clear  0.000000000, sequence: 0
source 0 - assert 1763366903.000009441, sequence: 5651 - clear  0.000000000, sequence: 0
source 0 - assert 1763366904.000008733, sequence: 5652 - clear  0.000000000, sequence: 0
source 0 - assert 1763366905.000007346, sequence: 5653 - clear  0.000000000, sequence: 0
source 0 - assert 1763366906.000009255, sequence: 5654 - clear  0.000000000, sequence: 0
source 0 - assert 1763366907.000009151, sequence: 5655 - clear  0.000000000, sequence: 0
source 0 - assert 1763366908.000005210, sequence: 5656 - clear  0.000000000, sequence: 0
source 0 - assert 1763366909.000009850, sequence: 5657 - clear  0.000000000, sequence: 0
source 0 - assert 1763366910.000008379, sequence: 5658 - clear  0.000000000, sequence: 0
source 0 - assert 1763366911.000011090, sequence: 5659 - clear  0.000000000, sequence: 0
source 0 - assert 1763366912.000007716, sequence: 5660 - clear  0.000000000, sequence: 0
source 0 - assert 1763366913.000005069, sequence: 5661 - clear  0.000000000, sequence: 0
source 0 - assert 1763366914.000007857, sequence: 5662 - clear  0.000000000, sequence: 0
source 0 - assert 1763366915.000011250, sequence: 5663 - clear  0.000000000, sequence: 0
source 0 - assert 1763366916.000007121, sequence: 5664 - clear  0.000000000, sequence: 0
source 0 - assert 1763366917.000007410, sequence: 5665 - clear  0.000000000, sequence: 0
source 0 - assert 1763366918.000008122, sequence: 5666 - clear  0.000000000, sequence: 0
source 0 - assert 1763366919.000008448, sequence: 5667 - clear  0.000000000, sequence: 0
source 0 - assert 1763366920.000010241, sequence: 5668 - clear  0.000000000, sequence: 0
source 0 - assert 1763366921.000009223, sequence: 5669 - clear  0.000000000, sequence: 0
source 0 - assert 1763366922.000006469, sequence: 5670 - clear  0.000000000, sequence: 0
source 0 - assert 1763366923.000009871, sequence: 5671 - clear  0.000000000, sequence: 0
source 0 - assert 1763366924.000005808, sequence: 5672 - clear  0.000000000, sequence: 0
source 0 - assert 1763366925.000007919, sequence: 5673 - clear  0.000000000, sequence: 0
source 0 - assert 1763366926.000006600, sequence: 5674 - clear  0.000000000, sequence: 0
source 0 - assert 1763366927.000005552, sequence: 5675 - clear  0.000000000, sequence: 0
source 0 - assert 1763366928.000007121, sequence: 5676 - clear  0.000000000, sequence: 0
source 0 - assert 1763366929.000007618, sequence: 5677 - clear  0.000000000, sequence: 0
source 0 - assert 1763366930.000006239, sequence: 5678 - clear  0.000000000, sequence: 0
source 0 - assert 1763366931.000012120, sequence: 5679 - clear  0.000000000, sequence: 0
source 0 - assert 1763366932.000010869, sequence: 5680 - clear  0.000000000, sequence: 0
source 0 - assert 1763366933.000006822, sequence: 5681 - clear  0.000000000, sequence: 0
source 0 - assert 1763366934.000009405, sequence: 5682 - clear  0.000000000, sequence: 0
source 0 - assert 1763366935.000008703, sequence: 5683 - clear  0.000000000, sequence: 0
source 0 - assert 1763366936.000008283, sequence: 5684 - clear  0.000000000, sequence: 0
source 0 - assert 1763366937.000008870, sequence: 5685 - clear  0.000000000, sequence: 0
source 0 - assert 1763366938.000008197, sequence: 5686 - clear  0.000000000, sequence: 0
source 0 - assert 1763366939.000009116, sequence: 5687 - clear  0.000000000, sequence: 0
source 0 - assert 1763366940.000006165, sequence: 5688 - clear  0.000000000, sequence: 0
source 0 - assert 1763366941.000011051, sequence: 5689 - clear  0.000000000, sequence: 0
source 0 - assert 1763366942.000010207, sequence: 5690 - clear  0.000000000, sequence: 0
source 0 - assert 1763366943.000007201, sequence: 5691 - clear  0.000000000, sequence: 0
source 0 - assert 1763366944.000006851, sequence: 5692 - clear  0.000000000, sequence: 0
source 0 - assert 1763366945.000005438, sequence: 5693 - clear  0.000000000, sequence: 0
source 0 - assert 1763366946.000007141, sequence: 5694 - clear  0.000000000, sequence: 0
source 0 - assert 1763366947.000009476, sequence: 5695 - clear  0.000000000, sequence: 0
source 0 - assert 1763366948.000007898, sequence: 5696 - clear  0.000000000, sequence: 0
source 0 - assert 1763366949.000009900, sequence: 5697 - clear  0.000000000, sequence: 0
source 0 - assert 1763366950.000006989, sequence: 5698 - clear  0.000000000, sequence: 0
source 0 - assert 1763366951.000008071, sequence: 5699 - clear  0.000000000, sequence: 0
source 0 - assert 1763366952.000005733, sequence: 5700 - clear  0.000000000, sequence: 0
source 0 - assert 1763366953.000009577, sequence: 5701 - clear  0.000000000, sequence: 0
source 0 - assert 1763366954.000007584, sequence: 5702 - clear  0.000000000, sequence: 0
source 0 - assert 1763366955.000009412, sequence: 5703 - clear  0.000000000, sequence: 0
source 0 - assert 1763366956.000002913, sequence: 5704 - clear  0.000000000, sequence: 0
source 0 - assert 1763366957.000006729, sequence: 5705 - clear  0.000000000, sequence: 0
source 0 - assert 1763366958.000005697, sequence: 5706 - clear  0.000000000, sequence: 0
source 0 - assert 1763366959.000008289, sequence: 5707 - clear  0.000000000, sequence: 0
source 0 - assert 1763366960.000006245, sequence: 5708 - clear  0.000000000, sequence: 0
source 0 - assert 1763366961.000005339, sequence: 5709 - clear  0.000000000, sequence: 0
source 0 - assert 1763366962.000009286, sequence: 5710 - clear  0.000000000, sequence: 0
source 0 - assert 1763366963.000005039, sequence: 5711 - clear  0.000000000, sequence: 0
source 0 - assert 1763366964.000009296, sequence: 5712 - clear  0.000000000, sequence: 0
source 0 - assert 1763366965.000007422, sequence: 5713 - clear  0.000000000, sequence: 0
source 0 - assert 1763366966.000007410, sequence: 5714 - clear  0.000000000, sequence: 0
source 0 - assert 1763366967.000006066, sequence: 5715 - clear  0.000000000, sequence: 0
source 0 - assert 1763366968.000007481, sequence: 5716 - clear  0.000000000, sequence: 0
source 0 - assert 1763366969.000007073, sequence: 5717 - clear  0.000000000, sequence: 0
source 0 - assert 1763366970.000007708, sequence: 5718 - clear  0.000000000, sequence: 0
source 0 - assert 1763366971.000012469, sequence: 5719 - clear  0.000000000, sequence: 0
source 0 - assert 1763366972.000006540, sequence: 5720 - clear  0.000000000, sequence: 0
source 0 - assert 1763366973.000008150, sequence: 5721 - clear  0.000000000, sequence: 0
source 0 - assert 1763366974.000006833, sequence: 5722 - clear  0.000000000, sequence: 0
source 0 - assert 1763366975.000010371, sequence: 5723 - clear  0.000000000, sequence: 0
source 0 - assert 1763366976.000006832, sequence: 5724 - clear  0.000000000, sequence: 0
source 0 - assert 1763366977.000008619, sequence: 5725 - clear  0.000000000, sequence: 0
source 0 - assert 1763366978.000004750, sequence: 5726 - clear  0.000000000, sequence: 0
source 0 - assert 1763366979.000008535, sequence: 5727 - clear  0.000000000, sequence: 0
source 0 - assert 1763366980.000008450, sequence: 5728 - clear  0.000000000, sequence: 0
source 0 - assert 1763366981.000007445, sequence: 5729 - clear  0.000000000, sequence: 0
source 0 - assert 1763366982.000007335, sequence: 5730 - clear  0.000000000, sequence: 0
source 0 - assert 1763366983.000008089, sequence: 5731 - clear  0.000000000, sequence: 0
source 0 - assert 1763366984.000005462, sequence: 5732 - clear  0.000000000, sequence: 0
source 0 - assert 1763366985.000007590, sequence: 5733 - clear  0.000000000, sequence: 0
source 0 - assert 1763366986.000010908, sequence: 5734 - clear  0.000000000, sequence: 0
source 0 - assert 1763366987.000008814, sequence: 5735 - clear  0.000000000, sequence: 0
source 0 - assert 1763366988.000007605, sequence: 5736 - clear  0.000000000, sequence: 0
source 0 - assert 1763366989.000005481, sequence: 5737 - clear  0.000000000, sequence: 0
source 0 - assert 1763366990.000011322, sequence: 5738 - clear  0.000000000, sequence: 0
source 0 - assert 1763366991.000009540, sequence: 5739 - clear  0.000000000, sequence: 0
source 0 - assert 1763366992.000008877, sequence: 5740 - clear  0.000000000, sequence: 0
source 0 - assert 1763366993.000009413, sequence: 5741 - clear  0.000000000, sequence: 0
source 0 - assert 1763366994.000006457, sequence: 5742 - clear  0.000000000, sequence: 0
source 0 - assert 1763366995.000008997, sequence: 5743 - clear  0.000000000, sequence: 0
source 0 - assert 1763366996.000011660, sequence: 5744 - clear  0.000000000, sequence: 0
source 0 - assert 1763366997.000010698, sequence: 5745 - clear  0.000000000, sequence: 0
source 0 - assert 1763366998.000007401, sequence: 5746 - clear  0.000000000, sequence: 0
source 0 - assert 1763366999.000009443, sequence: 5747 - clear  0.000000000, sequence: 0
source 0 - assert 1763367000.000012071, sequence: 5748 - clear  0.000000000, sequence: 0
source 0 - assert 1763367001.000010576, sequence: 5749 - clear  0.000000000, sequence: 0
source 0 - assert 1763367002.000007164, sequence: 5750 - clear  0.000000000, sequence: 0
source 0 - assert 1763367003.000008116, sequence: 5751 - clear  0.000000000, sequence: 0
source 0 - assert 1763367004.000005578, sequence: 5752 - clear  0.000000000, sequence: 0
source 0 - assert 1763367005.000007496, sequence: 5753 - clear  0.000000000, sequence: 0
source 0 - assert 1763367006.000009336, sequence: 5754 - clear  0.000000000, sequence: 0
source 0 - assert 1763367007.000006294, sequence: 5755 - clear  0.000000000, sequence: 0
source 0 - assert 1763367008.000008697, sequence: 5756 - clear  0.000000000, sequence: 0
source 0 - assert 1763367009.000007240, sequence: 5757 - clear  0.000000000, sequence: 0
source 0 - assert 1763367010.000006028, sequence: 5758 - clear  0.000000000, sequence: 0
source 0 - assert 1763367011.000007616, sequence: 5759 - clear  0.000000000, sequence: 0
source 0 - assert 1763367012.000005324, sequence: 5760 - clear  0.000000000, sequence: 0
source 0 - assert 1763367013.000008111, sequence: 5761 - clear  0.000000000, sequence: 0
source 0 - assert 1763367014.000007315, sequence: 5762 - clear  0.000000000, sequence: 0
source 0 - assert 1763367015.000005663, sequence: 5763 - clear  0.000000000, sequence: 0
source 0 - assert 1763367016.000008379, sequence: 5764 - clear  0.000000000, sequence: 0
source 0 - assert 1763367017.000007086, sequence: 5765 - clear  0.000000000, sequence: 0
source 0 - assert 1763367018.000003461, sequence: 5766 - clear  0.000000000, sequence: 0
source 0 - assert 1763367019.000010941, sequence: 5767 - clear  0.000000000, sequence: 0
source 0 - assert 1763367020.000005655, sequence: 5768 - clear  0.000000000, sequence: 0
source 0 - assert 1763367021.000010199, sequence: 5769 - clear  0.000000000, sequence: 0
source 0 - assert 1763367022.000007739, sequence: 5770 - clear  0.000000000, sequence: 0
source 0 - assert 1763367023.000007612, sequence: 5771 - clear  0.000000000, sequence: 0
source 0 - assert 1763367024.000007535, sequence: 5772 - clear  0.000000000, sequence: 0
source 0 - assert 1763367025.000010256, sequence: 5773 - clear  0.000000000, sequence: 0
source 0 - assert 1763367026.000006974, sequence: 5774 - clear  0.000000000, sequence: 0
source 0 - assert 1763367027.000005472, sequence: 5775 - clear  0.000000000, sequence: 0
source 0 - assert 1763367028.000007931, sequence: 5776 - clear  0.000000000, sequence: 0
source 0 - assert 1763367029.000006163, sequence: 5777 - clear  0.000000000, sequence: 0
source 0 - assert 1763367030.000007451, sequence: 5778 - clear  0.000000000, sequence: 0
source 0 - assert 1763367031.000009532, sequence: 5779 - clear  0.000000000, sequence: 0
source 0 - assert 1763367032.000008575, sequence: 5780 - clear  0.000000000, sequence: 0
source 0 - assert 1763367033.000005543, sequence: 5781 - clear  0.000000000, sequence: 0
source 0 - assert 1763367034.000008284, sequence: 5782 - clear  0.000000000, sequence: 0
source 0 - assert 1763367035.000006113, sequence: 5783 - clear  0.000000000, sequence: 0
source 0 - assert 1763367036.000009784, sequence: 5784 - clear  0.000000000, sequence: 0
source 0 - assert 1763367037.000006532, sequence: 5785 - clear  0.000000000, sequence: 0
source 0 - assert 1763367038.000010895, sequence: 5786 - clear  0.000000000, sequence: 0
source 0 - assert 1763367039.000004850, sequence: 5787 - clear  0.000000000, sequence: 0
source 0 - assert 1763367040.000007029, sequence: 5788 - clear  0.000000000, sequence: 0
source 0 - assert 1763367041.000010343, sequence: 5789 - clear  0.000000000, sequence: 0
source 0 - assert 1763367042.000007411, sequence: 5790 - clear  0.000000000, sequence: 0
source 0 - assert 1763367043.000004157, sequence: 5791 - clear  0.000000000, sequence: 0
source 0 - assert 1763367044.000006662, sequence: 5792 - clear  0.000000000, sequence: 0
source 0 - assert 1763367045.000009407, sequence: 5793 - clear  0.000000000, sequence: 0
source 0 - assert 1763367046.000006371, sequence: 5794 - clear  0.000000000, sequence: 0
source 0 - assert 1763367047.000008030, sequence: 5795 - clear  0.000000000, sequence: 0
source 0 - assert 1763367048.000004686, sequence: 5796 - clear  0.000000000, sequence: 0
source 0 - assert 1763367049.000006528, sequence: 5797 - clear  0.000000000, sequence: 0
source 0 - assert 1763367050.000003280, sequence: 5798 - clear  0.000000000, sequence: 0
source 0 - assert 1763367051.000006164, sequence: 5799 - clear  0.000000000, sequence: 0
source 0 - assert 1763367052.000009283, sequence: 5800 - clear  0.000000000, sequence: 0
source 0 - assert 1763367053.000005398, sequence: 5801 - clear  0.000000000, sequence: 0
source 0 - assert 1763367054.000004912, sequence: 5802 - clear  0.000000000, sequence: 0
source 0 - assert 1763367055.000005761, sequence: 5803 - clear  0.000000000, sequence: 0
source 0 - assert 1763367056.000005374, sequence: 5804 - clear  0.000000000, sequence: 0
source 0 - assert 1763367057.000007167, sequence: 5805 - clear  0.000000000, sequence: 0
source 0 - assert 1763367058.000008627, sequence: 5806 - clear  0.000000000, sequence: 0
source 0 - assert 1763367059.000004403, sequence: 5807 - clear  0.000000000, sequence: 0
source 0 - assert 1763367060.000008948, sequence: 5808 - clear  0.000000000, sequence: 0
source 0 - assert 1763367061.000005446, sequence: 5809 - clear  0.000000000, sequence: 0
source 0 - assert 1763367062.000010941, sequence: 5810 - clear  0.000000000, sequence: 0
source 0 - assert 1763367063.000010485, sequence: 5811 - clear  0.000000000, sequence: 0
source 0 - assert 1763367064.000011742, sequence: 5812 - clear  0.000000000, sequence: 0
source 0 - assert 1763367065.000009047, sequence: 5813 - clear  0.000000000, sequence: 0
source 0 - assert 1763367066.000005011, sequence: 5814 - clear  0.000000000, sequence: 0
source 0 - assert 1763367067.000006623, sequence: 5815 - clear  0.000000000, sequence: 0
source 0 - assert 1763367068.000006493, sequence: 5816 - clear  0.000000000, sequence: 0
source 0 - assert 1763367069.000008113, sequence: 5817 - clear  0.000000000, sequence: 0
source 0 - assert 1763367070.000007061, sequence: 5818 - clear  0.000000000, sequence: 0
source 0 - assert 1763367071.000005911, sequence: 5819 - clear  0.000000000, sequence: 0
source 0 - assert 1763367072.000009542, sequence: 5820 - clear  0.000000000, sequence: 0
source 0 - assert 1763367073.000006784, sequence: 5821 - clear  0.000000000, sequence: 0
source 0 - assert 1763367074.000010664, sequence: 5822 - clear  0.000000000, sequence: 0
source 0 - assert 1763367075.000006544, sequence: 5823 - clear  0.000000000, sequence: 0
source 0 - assert 1763367076.000011229, sequence: 5824 - clear  0.000000000, sequence: 0
source 0 - assert 1763367077.000008219, sequence: 5825 - clear  0.000000000, sequence: 0
source 0 - assert 1763367078.000005797, sequence: 5826 - clear  0.000000000, sequence: 0
source 0 - assert 1763367079.000004878, sequence: 5827 - clear  0.000000000, sequence: 0
source 0 - assert 1763367080.000008665, sequence: 5828 - clear  0.000000000, sequence: 0
source 0 - assert 1763367081.000009455, sequence: 5829 - clear  0.000000000, sequence: 0
source 0 - assert 1763367082.000007693, sequence: 5830 - clear  0.000000000, sequence: 0
source 0 - assert 1763367083.000007343, sequence: 5831 - clear  0.000000000, sequence: 0
source 0 - assert 1763367084.000004815, sequence: 5832 - clear  0.000000000, sequence: 0
source 0 - assert 1763367085.000010154, sequence: 5833 - clear  0.000000000, sequence: 0
source 0 - assert 1763367086.000009647, sequence: 5834 - clear  0.000000000, sequence: 0
source 0 - assert 1763367087.000005489, sequence: 5835 - clear  0.000000000, sequence: 0
source 0 - assert 1763367088.000007420, sequence: 5836 - clear  0.000000000, sequence: 0
source 0 - assert 1763367089.000007041, sequence: 5837 - clear  0.000000000, sequence: 0
source 0 - assert 1763367090.000004197, sequence: 5838 - clear  0.000000000, sequence: 0
source 0 - assert 1763367091.000010655, sequence: 5839 - clear  0.000000000, sequence: 0
source 0 - assert 1763367092.000012551, sequence: 5840 - clear  0.000000000, sequence: 0
source 0 - assert 1763367093.000011273, sequence: 5841 - clear  0.000000000, sequence: 0
source 0 - assert 1763367094.000006337, sequence: 5842 - clear  0.000000000, sequence: 0
source 0 - assert 1763367095.000007329, sequence: 5843 - clear  0.000000000, sequence: 0
source 0 - assert 1763367096.000011749, sequence: 5844 - clear  0.000000000, sequence: 0
source 0 - assert 1763367097.000008541, sequence: 5845 - clear  0.000000000, sequence: 0
source 0 - assert 1763367098.000008665, sequence: 5846 - clear  0.000000000, sequence: 0
source 0 - assert 1763367099.000008776, sequence: 5847 - clear  0.000000000, sequence: 0
source 0 - assert 1763367100.000008987, sequence: 5848 - clear  0.000000000, sequence: 0
source 0 - assert 1763367101.000006255, sequence: 5849 - clear  0.000000000, sequence: 0
source 0 - assert 1763367102.000009174, sequence: 5850 - clear  0.000000000, sequence: 0
source 0 - assert 1763367103.000008992, sequence: 5851 - clear  0.000000000, sequence: 0
source 0 - assert 1763367104.000006609, sequence: 5852 - clear  0.000000000, sequence: 0
source 0 - assert 1763367105.000009363, sequence: 5853 - clear  0.000000000, sequence: 0
source 0 - assert 1763367106.000007269, sequence: 5854 - clear  0.000000000, sequence: 0
source 0 - assert 1763367107.000010731, sequence: 5855 - clear  0.000000000, sequence: 0
source 0 - assert 1763367108.000007153, sequence: 5856 - clear  0.000000000, sequence: 0
source 0 - assert 1763367109.000007825, sequence: 5857 - clear  0.000000000, sequence: 0
source 0 - assert 1763367110.000010085, sequence: 5858 - clear  0.000000000, sequence: 0
source 0 - assert 1763367111.000006126, sequence: 5859 - clear  0.000000000, sequence: 0
source 0 - assert 1763367112.000007797, sequence: 5860 - clear  0.000000000, sequence: 0
source 0 - assert 1763367113.000007557, sequence: 5861 - clear  0.000000000, sequence: 0
source 0 - assert 1763367114.000006998, sequence: 5862 - clear  0.000000000, sequence: 0
source 0 - assert 1763367115.000003919, sequence: 5863 - clear  0.000000000, sequence: 0
source 0 - assert 1763367116.000008439, sequence: 5864 - clear  0.000000000, sequence: 0
source 0 - assert 1763367117.000004968, sequence: 5865 - clear  0.000000000, sequence: 0
source 0 - assert 1763367118.000011320, sequence: 5866 - clear  0.000000000, sequence: 0
source 0 - assert 1763367119.000010127, sequence: 5867 - clear  0.000000000, sequence: 0
source 0 - assert 1763367120.000007869, sequence: 5868 - clear  0.000000000, sequence: 0
source 0 - assert 1763367121.000006897, sequence: 5869 - clear  0.000000000, sequence: 0
source 0 - assert 1763367122.000010559, sequence: 5870 - clear  0.000000000, sequence: 0
source 0 - assert 1763367123.000005722, sequence: 5871 - clear  0.000000000, sequence: 0
source 0 - assert 1763367124.000008929, sequence: 5872 - clear  0.000000000, sequence: 0
source 0 - assert 1763367125.000009146, sequence: 5873 - clear  0.000000000, sequence: 0
source 0 - assert 1763367126.000008356, sequence: 5874 - clear  0.000000000, sequence: 0
source 0 - assert 1763367127.000004065, sequence: 5875 - clear  0.000000000, sequence: 0
Terminated
