trying PPS source "/dev/pps0"
found PPS source "/dev/pps0"
ok, found 1 source(s), now start fetching data...
source 0 - assert 1763364993.000011665, sequence: 3741 - clear  0.000000000, sequence: 0
source 0 - assert 1763364994.000008449, sequence: 3742 - clear  0.000000000, sequence: 0
source 0 - assert 1763364995.000007457, sequence: 3743 - clear  0.000000000, sequence: 0
source 0 - assert 1763364996.000007078, sequence: 3744 - clear  0.000000000, sequence: 0
source 0 - assert 1763364997.000010066, sequence: 3745 - clear  0.000000000, sequence: 0
source 0 - assert 1763364998.000008771, sequence: 3746 - clear  0.000000000, sequence: 0
source 0 - assert 1763364999.000004398, sequence: 3747 - clear  0.000000000, sequence: 0
source 0 - assert 1763365000.000006570, sequence: 3748 - clear  0.000000000, sequence: 0
source 0 - assert 1763365001.000008390, sequence: 3749 - clear  0.000000000, sequence: 0
source 0 - assert 1763365002.000006465, sequence: 3750 - clear  0.000000000, sequence: 0
source 0 - assert 1763365003.000005310, sequence: 3751 - clear  0.000000000, sequence: 0
source 0 - assert 1763365004.000007857, sequence: 3752 - clear  0.000000000, sequence: 0
source 0 - assert 1763365005.000009907, sequence: 3753 - clear  0.000000000, sequence: 0
source 0 - assert 1763365006.000009247, sequence: 3754 - clear  0.000000000, sequence: 0
source 0 - assert 1763365007.000005915, sequence: 3755 - clear  0.000000000, sequence: 0
source 0 - assert 1763365008.000005245, sequence: 3756 - clear  0.000000000, sequence: 0
source 0 - assert 1763365009.000011049, sequence: 3757 - clear  0.000000000, sequence: 0
source 0 - assert 1763365010.000006915, sequence: 3758 - clear  0.000000000, sequence: 0
source 0 - assert 1763365011.000010286, sequence: 3759 - clear  0.000000000, sequence: 0
source 0 - assert 1763365012.000005411, sequence: 3760 - clear  0.000000000, sequence: 0
source 0 - assert 1763365013.000008791, sequence: 3761 - clear  0.000000000, sequence: 0
source 0 - assert 1763365014.000011325, sequence: 3762 - clear  0.000000000, sequence: 0
source 0 - assert 1763365015.000008820, sequence: 3763 - clear  0.000000000, sequence: 0
source 0 - assert 1763365016.000006616, sequence: 3764 - clear  0.000000000, sequence: 0
source 0 - assert 1763365017.000008862, sequence: 3765 - clear  0.000000000, sequence: 0
source 0 - assert 1763365018.000006286, sequence: 3766 - clear  0.000000000, sequence: 0
source 0 - assert 1763365019.000006917, sequence: 3767 - clear  0.000000000, sequence: 0
source 0 - assert 1763365020.000007712, sequence: 3768 - clear  0.000000000, sequence: 0
source 0 - assert 1763365021.000009160, sequence: 3769 - clear  0.000000000, sequence: 0
source 0 - assert 1763365022.000007694, sequence: 3770 - clear  0.000000000, sequence: 0
source 0 - assert 1763365023.000007904, sequence: 3771 - clear  0.000000000, sequence: 0
source 0 - assert 1763365024.000009625, sequence: 3772 - clear  0.000000000, sequence: 0
source 0 - assert 1763365025.000006421, sequence: 3773 - clear  0.000000000, sequence: 0
source 0 - assert 1763365026.000012324, sequence: 3774 - clear  0.000000000, sequence: 0
source 0 - assert 1763365027.000006816, sequence: 3775 - clear  0.000000000, sequence: 0
source 0 - assert 1763365028.000006662, sequence: 3776 - clear  0.000000000, sequence: 0
source 0 - assert 1763365029.000003879, sequence: 3777 - clear  0.000000000, sequence: 0
source 0 - assert 1763365030.000008594, sequence: 3778 - clear  0.000000000, sequence: 0
source 0 - assert 1763365031.000007835, sequence: 3779 - clear  0.000000000, sequence: 0
source 0 - assert 1763365032.000010159, sequence: 3780 - clear  0.000000000, sequence: 0
source 0 - assert 1763365033.000007830, sequence: 3781 - clear  0.000000000, sequence: 0
source 0 - assert 1763365034.000007714, sequence: 3782 - clear  0.000000000, sequence: 0
source 0 - assert 1763365035.000011093, sequence: 3783 - clear  0.000000000, sequence: 0
source 0 - assert 1763365036.000009371, sequence: 3784 - clear  0.000000000, sequence: 0
source 0 - assert 1763365037.000010026, sequence: 3785 - clear  0.000000000, sequence: 0
source 0 - assert 1763365038.000008573, sequence: 3786 - clear  0.000000000, sequence: 0
source 0 - assert 1763365039.000006665, sequence: 3787 - clear  0.000000000, sequence: 0
source 0 - assert 1763365040.000008669, sequence: 3788 - clear  0.000000000, sequence: 0
source 0 - assert 1763365041.000005922, sequence: 3789 - clear  0.000000000, sequence: 0
source 0 - assert 1763365042.000011619, sequence: 3790 - clear  0.000000000, sequence: 0
source 0 - assert 1763365043.000009485, sequence: 3791 - clear  0.000000000, sequence: 0
source 0 - assert 1763365044.000006846, sequence: 3792 - clear  0.000000000, sequence: 0
source 0 - assert 1763365045.000007891, sequence: 3793 - clear  0.000000000, sequence: 0
source 0 - assert 1763365046.000005111, sequence: 3794 - clear  0.000000000, sequence: 0
source 0 - assert 1763365047.000007234, sequence: 3795 - clear  0.000000000, sequence: 0
source 0 - assert 1763365048.000005874, sequence: 3796 - clear  0.000000000, sequence: 0
source 0 - assert 1763365049.000007915, sequence: 3797 - clear  0.000000000, sequence: 0
source 0 - assert 1763365050.000009593, sequence: 3798 - clear  0.000000000, sequence: 0
source 0 - assert 1763365051.000005718, sequence: 3799 - clear  0.000000000, sequence: 0
source 0 - assert 1763365052.000008954, sequence: 3800 - clear  0.000000000, sequence: 0
source 0 - assert 1763365053.000009732, sequence: 3801 - clear  0.000000000, sequence: 0
source 0 - assert 1763365054.000004401, sequence: 3802 - clear  0.000000000, sequence: 0
source 0 - assert 1763365055.000008529, sequence: 3803 - clear  0.000000000, sequence: 0
source 0 - assert 1763365056.000007153, sequence: 3804 - clear  0.000000000, sequence: 0
source 0 - assert 1763365057.000007574, sequence: 3805 - clear  0.000000000, sequence: 0
source 0 - assert 1763365058.000006328, sequence: 3806 - clear  0.000000000, sequence: 0
source 0 - assert 1763365059.000010668, sequence: 3807 - clear  0.000000000, sequence: 0
source 0 - assert 1763365060.000005262, sequence: 3808 - clear  0.000000000, sequence: 0
source 0 - assert 1763365061.000009629, sequence: 3809 - clear  0.000000000, sequence: 0
source 0 - assert 1763365062.000008521, sequence: 3810 - clear  0.000000000, sequence: 0
source 0 - assert 1763365063.000007142, sequence: 3811 - clear  0.000000000, sequence: 0
source 0 - assert 1763365064.000009205, sequence: 3812 - clear  0.000000000, sequence: 0
source 0 - assert 1763365065.000011993, sequence: 3813 - clear  0.000000000, sequence: 0
source 0 - assert 1763365066.000007726, sequence: 3814 - clear  0.000000000, sequence: 0
source 0 - assert 1763365067.000007230, sequence: 3815 - clear  0.000000000, sequence: 0
source 0 - assert 1763365068.000005647, sequence: 3816 - clear  0.000000000, sequence: 0
source 0 - assert 1763365069.000009655, sequence: 3817 - clear  0.000000000, sequence: 0
source 0 - assert 1763365070.000012335, sequence: 3818 - clear  0.000000000, sequence: 0
source 0 - assert 1763365071.000008581, sequence: 3819 - clear  0.000000000, sequence: 0
source 0 - assert 1763365072.000004153, sequence: 3820 - clear  0.000000000, sequence: 0
source 0 - assert 1763365073.000008333, sequence: 3821 - clear  0.000000000, sequence: 0
source 0 - assert 1763365074.000006672, sequence: 3822 - clear  0.000000000, sequence: 0
source 0 - assert 1763365075.000010412, sequence: 3823 - clear  0.000000000, sequence: 0
source 0 - assert 1763365076.000009773, sequence: 3824 - clear  0.000000000, sequence: 0
source 0 - assert 1763365077.000008074, sequence: 3825 - clear  0.000000000, sequence: 0
source 0 - assert 1763365078.000006214, sequence: 3826 - clear  0.000000000, sequence: 0
source 0 - assert 1763365079.000007042, sequence: 3827 - clear  0.000000000, sequence: 0
source 0 - assert 1763365080.000007880, sequence: 3828 - clear  0.000000000, sequence: 0
source 0 - assert 1763365081.000009091, sequence: 3829 - clear  0.000000000, sequence: 0
source 0 - assert 1763365082.000007707, sequence: 3830 - clear  0.000000000, sequence: 0
source 0 - assert 1763365083.000003728, sequence: 3831 - clear  0.000000000, sequence: 0
source 0 - assert 1763365084.000008512, sequence: 3832 - clear  0.000000000, sequence: 0
source 0 - assert 1763365085.000007779, sequence: 3833 - clear  0.000000000, sequence: 0
source 0 - assert 1763365086.000010156, sequence: 3834 - clear  0.000000000, sequence: 0
source 0 - assert 1763365087.000006645, sequence: 3835 - clear  0.000000000, sequence: 0
source 0 - assert 1763365088.000009014, sequence: 3836 - clear  0.000000000, sequence: 0
source 0 - assert 1763365089.000008948, sequence: 3837 - clear  0.000000000, sequence: 0
source 0 - assert 1763365090.000004554, sequence: 3838 - clear  0.000000000, sequence: 0
source 0 - assert 1763365091.000007123, sequence: 3839 - clear  0.000000000, sequence: 0
source 0 - assert 1763365092.000010641, sequence: 3840 - clear  0.000000000, sequence: 0
source 0 - assert 1763365093.000006895, sequence: 3841 - clear  0.000000000, sequence: 0
source 0 - assert 1763365094.000004111, sequence: 3842 - clear  0.000000000, sequence: 0
source 0 - assert 1763365095.000005778, sequence: 3843 - clear  0.000000000, sequence: 0
source 0 - assert 1763365096.000009487, sequence: 3844 - clear  0.000000000, sequence: 0
source 0 - assert 1763365097.000011579, sequence: 3845 - clear  0.000000000, sequence: 0
source 0 - assert 1763365098.000009661, sequence: 3846 - clear  0.000000000, sequence: 0
source 0 - assert 1763365099.000007422, sequence: 3847 - clear  0.000000000, sequence: 0
source 0 - assert 1763365100.000007589, sequence: 3848 - clear  0.000000000, sequence: 0
source 0 - assert 1763365101.000010704, sequence: 3849 - clear  0.000000000, sequence: 0
source 0 - assert 1763365102.000006691, sequence: 3850 - clear  0.000000000, sequence: 0
source 0 - assert 1763365103.000009431, sequence: 3851 - clear  0.000000000, sequence: 0
source 0 - assert 1763365104.000007598, sequence: 3852 - clear  0.000000000, sequence: 0
source 0 - assert 1763365105.000005276, sequence: 3853 - clear  0.000000000, sequence: 0
source 0 - assert 1763365106.000010024, sequence: 3854 - clear  0.000000000, sequence: 0
source 0 - assert 1763365107.000006152, sequence: 3855 - clear  0.000000000, sequence: 0
source 0 - assert 1763365108.000010572, sequence: 3856 - clear  0.000000000, sequence: 0
source 0 - assert 1763365109.000007237, sequence: 3857 - clear  0.000000000, sequence: 0
source 0 - assert 1763365110.000005753, sequence: 3858 - clear  0.000000000, sequence: 0
source 0 - assert 1763365111.000010045, sequence: 3859 - clear  0.000000000, sequence: 0
source 0 - assert 1763365112.000009406, sequence: 3860 - clear  0.000000000, sequence: 0
source 0 - assert 1763365113.000007659, sequence: 3861 - clear  0.000000000, sequence: 0
source 0 - assert 1763365114.000007240, sequence: 3862 - clear  0.000000000, sequence: 0
source 0 - assert 1763365115.000006302, sequence: 3863 - clear  0.000000000, sequence: 0
source 0 - assert 1763365116.000008059, sequence: 3864 - clear  0.000000000, sequence: 0
source 0 - assert 1763365117.000008199, sequence: 3865 - clear  0.000000000, sequence: 0
source 0 - assert 1763365118.000006952, sequence: 3866 - clear  0.000000000, sequence: 0
source 0 - assert 1763365119.000008890, sequence: 3867 - clear  0.000000000, sequence: 0
source 0 - assert 1763365120.000011314, sequence: 3868 - clear  0.000000000, sequence: 0
source 0 - assert 1763365121.000011299, sequence: 3869 - clear  0.000000000, sequence: 0
source 0 - assert 1763365122.000009998, sequence: 3870 - clear  0.000000000, sequence: 0
source 0 - assert 1763365123.000007255, sequence: 3871 - clear  0.000000000, sequence: 0
source 0 - assert 1763365124.000007417, sequence: 3872 - clear  0.000000000, sequence: 0
source 0 - assert 1763365125.000007501, sequence: 3873 - clear  0.000000000, sequence: 0
source 0 - assert 1763365126.000010067, sequence: 3874 - clear  0.000000000, sequence: 0
source 0 - assert 1763365127.000007346, sequence: 3875 - clear  0.000000000, sequence: 0
source 0 - assert 1763365128.000006601, sequence: 3876 - clear  0.000000000, sequence: 0
source 0 - assert 1763365129.000003405, sequence: 3877 - clear  0.000000000, sequence: 0
source 0 - assert 1763365130.000009166, sequence: 3878 - clear  0.000000000, sequence: 0
source 0 - assert 1763365131.000007580, sequence: 3879 - clear  0.000000000, sequence: 0
source 0 - assert 1763365132.000006876, sequence: 3880 - clear  0.000000000, sequence: 0
source 0 - assert 1763365133.000007167, sequence: 3881 - clear  0.000000000, sequence: 0
source 0 - assert 1763365134.000006002, sequence: 3882 - clear  0.000000000, sequence: 0
source 0 - assert 1763365135.000006366, sequence: 3883 - clear  0.000000000, sequence: 0
source 0 - assert 1763365136.000010411, sequence: 3884 - clear  0.000000000, sequence: 0
source 0 - assert 1763365137.000008787, sequence: 3885 - clear  0.000000000, sequence: 0
source 0 - assert 1763365138.000008018, sequence: 3886 - clear  0.000000000, sequence: 0
source 0 - assert 1763365139.000007985, sequence: 3887 - clear  0.000000000, sequence: 0
source 0 - assert 1763365140.000004452, sequence: 3888 - clear  0.000000000, sequence: 0
source 0 - assert 1763365141.000011119, sequence: 3889 - clear  0.000000000, sequence: 0
source 0 - assert 1763365142.000009366, sequence: 3890 - clear  0.000000000, sequence: 0
source 0 - assert 1763365143.000007908, sequence: 3891 - clear  0.000000000, sequence: 0
source 0 - assert 1763365144.000008322, sequence: 3892 - clear  0.000000000, sequence: 0
source 0 - assert 1763365145.000009278, sequence: 3893 - clear  0.000000000, sequence: 0
source 0 - assert 1763365146.000004285, sequence: 3894 - clear  0.000000000, sequence: 0
source 0 - assert 1763365147.000008125, sequence: 3895 - clear  0.000000000, sequence: 0
source 0 - assert 1763365148.000009041, sequence: 3896 - clear  0.000000000, sequence: 0
source 0 - assert 1763365149.000009111, sequence: 3897 - clear  0.000000000, sequence: 0
source 0 - assert 1763365150.000005281, sequence: 3898 - clear  0.000000000, sequence: 0
source 0 - assert 1763365151.000007327, sequence: 3899 - clear  0.000000000, sequence: 0
source 0 - assert 1763365152.000007422, sequence: 3900 - clear  0.000000000, sequence: 0
source 0 - assert 1763365153.000007653, sequence: 3901 - clear  0.000000000, sequence: 0
source 0 - assert 1763365154.000006692, sequence: 3902 - clear  0.000000000, sequence: 0
source 0 - assert 1763365155.000008666, sequence: 3903 - clear  0.000000000, sequence: 0
source 0 - assert 1763365156.000009976, sequence: 3904 - clear  0.000000000, sequence: 0
source 0 - assert 1763365157.000008416, sequence: 3905 - clear  0.000000000, sequence: 0
source 0 - assert 1763365158.000011278, sequence: 3906 - clear  0.000000000, sequence: 0
source 0 - assert 1763365159.000006529, sequence: 3907 - clear  0.000000000, sequence: 0
source 0 - assert 1763365160.000005408, sequence: 3908 - clear  0.000000000, sequence: 0
source 0 - assert 1763365161.000008695, sequence: 3909 - clear  0.000000000, sequence: 0
source 0 - assert 1763365162.000004522, sequence: 3910 - clear  0.000000000, sequence: 0
source 0 - assert 1763365163.000009369, sequence: 3911 - clear  0.000000000, sequence: 0
source 0 - assert 1763365164.000008258, sequence: 3912 - clear  0.000000000, sequence: 0
source 0 - assert 1763365165.000008009, sequence: 3913 - clear  0.000000000, sequence: 0
source 0 - assert 1763365166.000007461, sequence: 3914 - clear  0.000000000, sequence: 0
source 0 - assert 1763365167.000005076, sequence: 3915 - clear  0.000000000, sequence: 0
source 0 - assert 1763365168.000003827, sequence: 3916 - clear  0.000000000, sequence: 0
source 0 - assert 1763365169.000009993, sequence: 3917 - clear  0.000000000, sequence: 0
source 0 - assert 1763365170.000006618, sequence: 3918 - clear  0.000000000, sequence: 0
source 0 - assert 1763365171.000007868, sequence: 3919 - clear  0.000000000, sequence: 0
source 0 - assert 1763365172.000007371, sequence: 3920 - clear  0.000000000, sequence: 0
source 0 - assert 1763365173.000005824, sequence: 3921 - clear  0.000000000, sequence: 0
source 0 - assert 1763365174.000009409, sequence: 3922 - clear  0.000000000, sequence: 0
source 0 - assert 1763365175.000007155, sequence: 3923 - clear  0.000000000, sequence: 0
source 0 - assert 1763365176.000004655, sequence: 3924 - clear  0.000000000, sequence: 0
source 0 - assert 1763365177.000006993, sequence: 3925 - clear  0.000000000, sequence: 0
source 0 - assert 1763365178.000008395, sequence: 3926 - clear  0.000000000, sequence: 0
source 0 - assert 1763365179.000008193, sequence: 3927 - clear  0.000000000, sequence: 0
source 0 - assert 1763365180.000010030, sequence: 3928 - clear  0.000000000, sequence: 0
source 0 - assert 1763365181.000006329, sequence: 3929 - clear  0.000000000, sequence: 0
source 0 - assert 1763365182.000008080, sequence: 3930 - clear  0.000000000, sequence: 0
source 0 - assert 1763365183.000005325, sequence: 3931 - clear  0.000000000, sequence: 0
source 0 - assert 1763365184.000004123, sequence: 3932 - clear  0.000000000, sequence: 0
source 0 - assert 1763365185.000009154, sequence: 3933 - clear  0.000000000, sequence: 0
source 0 - assert 1763365186.000010728, sequence: 3934 - clear  0.000000000, sequence: 0
source 0 - assert 1763365187.000009314, sequence: 3935 - clear  0.000000000, sequence: 0
source 0 - assert 1763365188.000007492, sequence: 3936 - clear  0.000000000, sequence: 0
source 0 - assert 1763365189.000007989, sequence: 3937 - clear  0.000000000, sequence: 0
source 0 - assert 1763365190.000010943, sequence: 3938 - clear  0.000000000, sequence: 0
source 0 - assert 1763365191.000011654, sequence: 3939 - clear  0.000000000, sequence: 0
source 0 - assert 1763365192.000004586, sequence: 3940 - clear  0.000000000, sequence: 0
source 0 - assert 1763365193.000008735, sequence: 3941 - clear  0.000000000, sequence: 0
source 0 - assert 1763365194.000009064, sequence: 3942 - clear  0.000000000, sequence: 0
source 0 - assert 1763365195.000007130, sequence: 3943 - clear  0.000000000, sequence: 0
source 0 - assert 1763365196.000011417, sequence: 3944 - clear  0.000000000, sequence: 0
source 0 - assert 1763365197.000010039, sequence: 3945 - clear  0.000000000, sequence: 0
source 0 - assert 1763365198.000005499, sequence: 3946 - clear  0.000000000, sequence: 0
source 0 - assert 1763365199.000008783, sequence: 3947 - clear  0.000000000, sequence: 0
source 0 - assert 1763365200.000006368, sequence: 3948 - clear  0.000000000, sequence: 0
source 0 - assert 1763365201.000007651, sequence: 3949 - clear  0.000000000, sequence: 0
source 0 - assert 1763365202.000007809, sequence: 3950 - clear  0.000000000, sequence: 0
source 0 - assert 1763365203.000006364, sequence: 3951 - clear  0.000000000, sequence: 0
source 0 - assert 1763365204.000005710, sequence: 3952 - clear  0.000000000, sequence: 0
source 0 - assert 1763365205.000005378, sequence: 3953 - clear  0.000000000, sequence: 0
source 0 - assert 1763365206.000010553, sequence: 3954 - clear  0.000000000, sequence: 0
source 0 - assert 1763365207.000007220, sequence: 3955 - clear  0.000000000, sequence: 0
source 0 - assert 1763365208.000009598, sequence: 3956 - clear  0.000000000, sequence: 0
source 0 - assert 1763365209.000003706, sequence: 3957 - clear  0.000000000, sequence: 0
source 0 - assert 1763365210.000008784, sequence: 3958 - clear  0.000000000, sequence: 0
source 0 - assert 1763365211.000009499, sequence: 3959 - clear  0.000000000, sequence: 0
source 0 - assert 1763365212.000004042, sequence: 3960 - clear  0.000000000, sequence: 0
source 0 - assert 1763365213.000008754, sequence: 3961 - clear  0.000000000, sequence: 0
source 0 - assert 1763365214.000007675, sequence: 3962 - clear  0.000000000, sequence: 0
source 0 - assert 1763365215.000008041, sequence: 3963 - clear  0.000000000, sequence: 0
source 0 - assert 1763365216.000008497, sequence: 3964 - clear  0.000000000, sequence: 0
source 0 - assert 1763365217.000007708, sequence: 3965 - clear  0.000000000, sequence: 0
source 0 - assert 1763365218.000010530, sequence: 3966 - clear  0.000000000, sequence: 0
source 0 - assert 1763365219.000004819, sequence: 3967 - clear  0.000000000, sequence: 0
source 0 - assert 1763365220.000008393, sequence: 3968 - clear  0.000000000, sequence: 0
source 0 - assert 1763365221.000008307, sequence: 3969 - clear  0.000000000, sequence: 0
source 0 - assert 1763365222.000007168, sequence: 3970 - clear  0.000000000, sequence: 0
source 0 - assert 1763365223.000007464, sequence: 3971 - clear  0.000000000, sequence: 0
source 0 - assert 1763365224.000007283, sequence: 3972 - clear  0.000000000, sequence: 0
source 0 - assert 1763365225.000008294, sequence: 3973 - clear  0.000000000, sequence: 0
source 0 - assert 1763365226.000008383, sequence: 3974 - clear  0.000000000, sequence: 0
source 0 - assert 1763365227.000007373, sequence: 3975 - clear  0.000000000, sequence: 0
source 0 - assert 1763365228.000004787, sequence: 3976 - clear  0.000000000, sequence: 0
source 0 - assert 1763365229.000010617, sequence: 3977 - clear  0.000000000, sequence: 0
source 0 - assert 1763365230.000011069, sequence: 3978 - clear  0.000000000, sequence: 0
source 0 - assert 1763365231.000004910, sequence: 3979 - clear  0.000000000, sequence: 0
source 0 - assert 1763365232.000006656, sequence: 3980 - clear  0.000000000, sequence: 0
source 0 - assert 1763365233.000005154, sequence: 3981 - clear  0.000000000, sequence: 0
source 0 - assert 1763365234.000008873, sequence: 3982 - clear  0.000000000, sequence: 0
source 0 - assert 1763365235.000010414, sequence: 3983 - clear  0.000000000, sequence: 0
source 0 - assert 1763365236.000005165, sequence: 3984 - clear  0.000000000, sequence: 0
source 0 - assert 1763365237.000007502, sequence: 3985 - clear  0.000000000, sequence: 0
source 0 - assert 1763365238.000006563, sequence: 3986 - clear  0.000000000, sequence: 0
source 0 - assert 1763365239.000006694, sequence: 3987 - clear  0.000000000, sequence: 0
source 0 - assert 1763365240.000008052, sequence: 3988 - clear  0.000000000, sequence: 0
source 0 - assert 1763365241.000009006, sequence: 3989 - clear  0.000000000, sequence: 0
source 0 - assert 1763365242.000006362, sequence: 3990 - clear  0.000000000, sequence: 0
source 0 - assert 1763365243.000008063, sequence: 3991 - clear  0.000000000, sequence: 0
source 0 - assert 1763365244.000005993, sequence: 3992 - clear  0.000000000, sequence: 0
source 0 - assert 1763365245.000005592, sequence: 3993 - clear  0.000000000, sequence: 0
source 0 - assert 1763365246.000010038, sequence: 3994 - clear  0.000000000, sequence: 0
source 0 - assert 1763365247.000010822, sequence: 3995 - clear  0.000000000, sequence: 0
source 0 - assert 1763365248.000008423, sequence: 3996 - clear  0.000000000, sequence: 0
source 0 - assert 1763365249.000004933, sequence: 3997 - clear  0.000000000, sequence: 0
source 0 - assert 1763365250.000005896, sequence: 3998 - clear  0.000000000, sequence: 0
source 0 - assert 1763365251.000009414, sequence: 3999 - clear  0.000000000, sequence: 0
source 0 - assert 1763365252.000007484, sequence: 4000 - clear  0.000000000, sequence: 0
source 0 - assert 1763365253.000008952, sequence: 4001 - clear  0.000000000, sequence: 0
source 0 - assert 1763365254.000006571, sequence: 4002 - clear  0.000000000, sequence: 0
source 0 - assert 1763365255.000003233, sequence: 4003 - clear  0.000000000, sequence: 0
source 0 - assert 1763365256.000006032, sequence: 4004 - clear  0.000000000, sequence: 0
source 0 - assert 1763365257.000009361, sequence: 4005 - clear  0.000000000, sequence: 0
source 0 - assert 1763365258.000009850, sequence: 4006 - clear  0.000000000, sequence: 0
source 0 - assert 1763365259.000006767, sequence: 4007 - clear  0.000000000, sequence: 0
source 0 - assert 1763365260.000007617, sequence: 4008 - clear  0.000000000, sequence: 0
source 0 - assert 1763365261.000007980, sequence: 4009 - clear  0.000000000, sequence: 0
source 0 - assert 1763365262.000009973, sequence: 4010 - clear  0.000000000, sequence: 0
source 0 - assert 1763365263.000005355, sequence: 4011 - clear  0.000000000, sequence: 0
source 0 - assert 1763365264.000009663, sequence: 4012 - clear  0.000000000, sequence: 0
source 0 - assert 1763365265.000005326, sequence: 4013 - clear  0.000000000, sequence: 0
source 0 - assert 1763365266.000008370, sequence: 4014 - clear  0.000000000, sequence: 0
source 0 - assert 1763365267.000005875, sequence: 4015 - clear  0.000000000, sequence: 0
source 0 - assert 1763365268.000008676, sequence: 4016 - clear  0.000000000, sequence: 0
source 0 - assert 1763365269.000008755, sequence: 4017 - clear  0.000000000, sequence: 0
source 0 - assert 1763365270.000008276, sequence: 4018 - clear  0.000000000, sequence: 0
source 0 - assert 1763365271.000008978, sequence: 4019 - clear  0.000000000, sequence: 0
source 0 - assert 1763365272.000005022, sequence: 4020 - clear  0.000000000, sequence: 0
source 0 - assert 1763365273.000010746, sequence: 4021 - clear  0.000000000, sequence: 0
source 0 - assert 1763365274.000007955, sequence: 4022 - clear  0.000000000, sequence: 0
source 0 - assert 1763365275.000009026, sequence: 4023 - clear  0.000000000, sequence: 0
source 0 - assert 1763365276.000010704, sequence: 4024 - clear  0.000000000, sequence: 0
source 0 - assert 1763365277.000012923, sequence: 4025 - clear  0.000000000, sequence: 0
source 0 - assert 1763365278.000006915, sequence: 4026 - clear  0.000000000, sequence: 0
source 0 - assert 1763365279.000006499, sequence: 4027 - clear  0.000000000, sequence: 0
source 0 - assert 1763365280.000004750, sequence: 4028 - clear  0.000000000, sequence: 0
source 0 - assert 1763365281.000011665, sequence: 4029 - clear  0.000000000, sequence: 0
source 0 - assert 1763365282.000008958, sequence: 4030 - clear  0.000000000, sequence: 0
source 0 - assert 1763365283.000002200, sequence: 4031 - clear  0.000000000, sequence: 0
source 0 - assert 1763365284.000010237, sequence: 4032 - clear  0.000000000, sequence: 0
source 0 - assert 1763365285.000004931, sequence: 4033 - clear  0.000000000, sequence: 0
source 0 - assert 1763365286.000007976, sequence: 4034 - clear  0.000000000, sequence: 0
source 0 - assert 1763365287.000009275, sequence: 4035 - clear  0.000000000, sequence: 0
source 0 - assert 1763365288.000003933, sequence: 4036 - clear  0.000000000, sequence: 0
source 0 - assert 1763365289.000008702, sequence: 4037 - clear  0.000000000, sequence: 0
source 0 - assert 1763365290.000011181, sequence: 4038 - clear  0.000000000, sequence: 0
source 0 - assert 1763365291.000007637, sequence: 4039 - clear  0.000000000, sequence: 0
source 0 - assert 1763365292.000007786, sequence: 4040 - clear  0.000000000, sequence: 0
source 0 - assert 1763365293.000007614, sequence: 4041 - clear  0.000000000, sequence: 0
source 0 - assert 1763365294.000007390, sequence: 4042 - clear  0.000000000, sequence: 0
source 0 - assert 1763365295.000009385, sequence: 4043 - clear  0.000000000, sequence: 0
source 0 - assert 1763365296.000007189, sequence: 4044 - clear  0.000000000, sequence: 0
source 0 - assert 1763365297.000008818, sequence: 4045 - clear  0.000000000, sequence: 0
source 0 - assert 1763365298.000004988, sequence: 4046 - clear  0.000000000, sequence: 0
source 0 - assert 1763365299.000006279, sequence: 4047 - clear  0.000000000, sequence: 0
source 0 - assert 1763365300.000006639, sequence: 4048 - clear  0.000000000, sequence: 0
source 0 - assert 1763365301.000009387, sequence: 4049 - clear  0.000000000, sequence: 0
source 0 - assert 1763365302.000007066, sequence: 4050 - clear  0.000000000, sequence: 0
source 0 - assert 1763365303.000000816, sequence: 4051 - clear  0.000000000, sequence: 0
source 0 - assert 1763365304.000004330, sequence: 4052 - clear  0.000000000, sequence: 0
source 0 - assert 1763365305.000004213, sequence: 4053 - clear  0.000000000, sequence: 0
source 0 - assert 1763365306.000010581, sequence: 4054 - clear  0.000000000, sequence: 0
source 0 - assert 1763365307.000011238, sequence: 4055 - clear  0.000000000, sequence: 0
source 0 - assert 1763365308.000004947, sequence: 4056 - clear  0.000000000, sequence: 0
Terminated
