trying PPS source "/dev/pps0"
found PPS source "/dev/pps0"
ok, found 1 source(s), now start fetching data...
source 0 - assert 1763361314.000007450, sequence: 62 - clear  0.000000000, sequence: 0
source 0 - assert 1763361315.000005142, sequence: 63 - clear  0.000000000, sequence: 0
source 0 - assert 1763361316.000006954, sequence: 64 - clear  0.000000000, sequence: 0
source 0 - assert 1763361317.000003777, sequence: 65 - clear  0.000000000, sequence: 0
source 0 - assert 1763361318.000006900, sequence: 66 - clear  0.000000000, sequence: 0
source 0 - assert 1763361319.000004784, sequence: 67 - clear  0.000000000, sequence: 0
source 0 - assert 1763361320.000008042, sequence: 68 - clear  0.000000000, sequence: 0
source 0 - assert 1763361321.000006496, sequence: 69 - clear  0.000000000, sequence: 0
source 0 - assert 1763361322.000006297, sequence: 70 - clear  0.000000000, sequence: 0
source 0 - assert 1763361323.000002842, sequence: 71 - clear  0.000000000, sequence: 0
source 0 - assert 1763361324.000002627, sequence: 72 - clear  0.000000000, sequence: 0
source 0 - assert 1763361325.000005656, sequence: 73 - clear  0.000000000, sequence: 0
source 0 - assert 1763361326.000008115, sequence: 74 - clear  0.000000000, sequence: 0
source 0 - assert 1763361327.000009535, sequence: 75 - clear  0.000000000, sequence: 0
source 0 - assert 1763361328.000007334, sequence: 76 - clear  0.000000000, sequence: 0
source 0 - assert 1763361329.000005287, sequence: 77 - clear  0.000000000, sequence: 0
source 0 - assert 1763361330.000009921, sequence: 78 - clear  0.000000000, sequence: 0
source 0 - assert 1763361331.000007901, sequence: 79 - clear  0.000000000, sequence: 0
source 0 - assert 1763361332.000006227, sequence: 80 - clear  0.000000000, sequence: 0
source 0 - assert 1763361333.000008601, sequence: 81 - clear  0.000000000, sequence: 0
source 0 - assert 1763361334.000003479, sequence: 82 - clear  0.000000000, sequence: 0
source 0 - assert 1763361335.000005203, sequence: 83 - clear  0.000000000, sequence: 0
source 0 - assert 1763361336.000007945, sequence: 84 - clear  0.000000000, sequence: 0
source 0 - assert 1763361337.000007574, sequence: 85 - clear  0.000000000, sequence: 0
source 0 - assert 1763361338.000006487, sequence: 86 - clear  0.000000000, sequence: 0
source 0 - assert 1763361339.000004856, sequence: 87 - clear  0.000000000, sequence: 0
source 0 - assert 1763361340.000010986, sequence: 88 - clear  0.000000000, sequence: 0
source 0 - assert 1763361341.000006413, sequence: 89 - clear  0.000000000, sequence: 0
source 0 - assert 1763361342.000007745, sequence: 90 - clear  0.000000000, sequence: 0
source 0 - assert 1763361343.000007996, sequence: 91 - clear  0.000000000, sequence: 0
source 0 - assert 1763361344.000004989, sequence: 92 - clear  0.000000000, sequence: 0
source 0 - assert 1763361345.000011129, sequence: 93 - clear  0.000000000, sequence: 0
source 0 - assert 1763361346.000005624, sequence: 94 - clear  0.000000000, sequence: 0
source 0 - assert 1763361347.000006736, sequence: 95 - clear  0.000000000, sequence: 0
source 0 - assert 1763361348.000005982, sequence: 96 - clear  0.000000000, sequence: 0
source 0 - assert 1763361349.000005583, sequence: 97 - clear  0.000000000, sequence: 0
source 0 - assert 1763361350.000012791, sequence: 98 - clear  0.000000000, sequence: 0
source 0 - assert 1763361351.000009501, sequence: 99 - clear  0.000000000, sequence: 0
source 0 - assert 1763361352.000007170, sequence: 100 - clear  0.000000000, sequence: 0
source 0 - assert 1763361353.000006483, sequence: 101 - clear  0.000000000, sequence: 0
source 0 - assert 1763361354.000003961, sequence: 102 - clear  0.000000000, sequence: 0
source 0 - assert 1763361355.000005850, sequence: 103 - clear  0.000000000, sequence: 0
source 0 - assert 1763361356.000002336, sequence: 104 - clear  0.000000000, sequence: 0
source 0 - assert 1763361357.000003514, sequence: 105 - clear  0.000000000, sequence: 0
source 0 - assert 1763361358.000008853, sequence: 106 - clear  0.000000000, sequence: 0
source 0 - assert 1763361359.000004801, sequence: 107 - clear  0.000000000, sequence: 0
source 0 - assert 1763361360.000005192, sequence: 108 - clear  0.000000000, sequence: 0
source 0 - assert 1763361361.000009275, sequence: 109 - clear  0.000000000, sequence: 0
source 0 - assert 1763361362.000004666, sequence: 110 - clear  0.000000000, sequence: 0
source 0 - assert 1763361363.000011838, sequence: 111 - clear  0.000000000, sequence: 0
source 0 - assert 1763361364.000004011, sequence: 112 - clear  0.000000000, sequence: 0
source 0 - assert 1763361365.000007509, sequence: 113 - clear  0.000000000, sequence: 0
source 0 - assert 1763361366.000006696, sequence: 114 - clear  0.000000000, sequence: 0
source 0 - assert 1763361367.000004436, sequence: 115 - clear  0.000000000, sequence: 0
source 0 - assert 1763361368.000004982, sequence: 116 - clear  0.000000000, sequence: 0
source 0 - assert 1763361369.000007843, sequence: 117 - clear  0.000000000, sequence: 0
source 0 - assert 1763361370.000009265, sequence: 118 - clear  0.000000000, sequence: 0
source 0 - assert 1763361371.000006957, sequence: 119 - clear  0.000000000, sequence: 0
source 0 - assert 1763361372.000000646, sequence: 120 - clear  0.000000000, sequence: 0
source 0 - assert 1763361373.000007914, sequence: 121 - clear  0.000000000, sequence: 0
source 0 - assert 1763361374.000008330, sequence: 122 - clear  0.000000000, sequence: 0
source 0 - assert 1763361375.000011196, sequence: 123 - clear  0.000000000, sequence: 0
source 0 - assert 1763361376.000005872, sequence: 124 - clear  0.000000000, sequence: 0
source 0 - assert 1763361377.000006087, sequence: 125 - clear  0.000000000, sequence: 0
source 0 - assert 1763361378.000005040, sequence: 126 - clear  0.000000000, sequence: 0
source 0 - assert 1763361379.000005872, sequence: 127 - clear  0.000000000, sequence: 0
source 0 - assert 1763361380.000007570, sequence: 128 - clear  0.000000000, sequence: 0
source 0 - assert 1763361381.000007746, sequence: 129 - clear  0.000000000, sequence: 0
source 0 - assert 1763361382.000010117, sequence: 130 - clear  0.000000000, sequence: 0
source 0 - assert 1763361383.000003781, sequence: 131 - clear  0.000000000, sequence: 0
source 0 - assert 1763361384.000004396, sequence: 132 - clear  0.000000000, sequence: 0
source 0 - assert 1763361385.000011440, sequence: 133 - clear  0.000000000, sequence: 0
source 0 - assert 1763361386.000005407, sequence: 134 - clear  0.000000000, sequence: 0
source 0 - assert 1763361387.000004409, sequence: 135 - clear  0.000000000, sequence: 0
source 0 - assert 1763361388.000005487, sequence: 136 - clear  0.000000000, sequence: 0
source 0 - assert 1763361389.000006959, sequence: 137 - clear  0.000000000, sequence: 0
source 0 - assert 1763361390.000002333, sequence: 138 - clear  0.000000000, sequence: 0
source 0 - assert 1763361391.000009989, sequence: 139 - clear  0.000000000, sequence: 0
source 0 - assert 1763361392.000009462, sequence: 140 - clear  0.000000000, sequence: 0
source 0 - assert 1763361393.000005001, sequence: 141 - clear  0.000000000, sequence: 0
source 0 - assert 1763361394.000006158, sequence: 142 - clear  0.000000000, sequence: 0
source 0 - assert 1763361395.000003155, sequence: 143 - clear  0.000000000, sequence: 0
source 0 - assert 1763361396.000008781, sequence: 144 - clear  0.000000000, sequence: 0
source 0 - assert 1763361397.000006745, sequence: 145 - clear  0.000000000, sequence: 0
source 0 - assert 1763361398.000004996, sequence: 146 - clear  0.000000000, sequence: 0
source 0 - assert 1763361399.000010203, sequence: 147 - clear  0.000000000, sequence: 0
source 0 - assert 1763361400.000007624, sequence: 148 - clear  0.000000000, sequence: 0
source 0 - assert 1763361401.000008903, sequence: 149 - clear  0.000000000, sequence: 0
source 0 - assert 1763361402.000004278, sequence: 150 - clear  0.000000000, sequence: 0
source 0 - assert 1763361403.000007791, sequence: 151 - clear  0.000000000, sequence: 0
source 0 - assert 1763361404.000000620, sequence: 152 - clear  0.000000000, sequence: 0
source 0 - assert 1763361405.000012903, sequence: 153 - clear  0.000000000, sequence: 0
source 0 - assert 1763361406.000006651, sequence: 154 - clear  0.000000000, sequence: 0
source 0 - assert 1763361407.000009983, sequence: 155 - clear  0.000000000, sequence: 0
source 0 - assert 1763361408.000006845, sequence: 156 - clear  0.000000000, sequence: 0
source 0 - assert 1763361409.000005856, sequence: 157 - clear  0.000000000, sequence: 0
source 0 - assert 1763361410.000008585, sequence: 158 - clear  0.000000000, sequence: 0
source 0 - assert 1763361411.000008092, sequence: 159 - clear  0.000000000, sequence: 0
source 0 - assert 1763361412.000007806, sequence: 160 - clear  0.000000000, sequence: 0
source 0 - assert 1763361413.000004503, sequence: 161 - clear  0.000000000, sequence: 0
source 0 - assert 1763361414.000006320, sequence: 162 - clear  0.000000000, sequence: 0
source 0 - assert 1763361415.000005230, sequence: 163 - clear  0.000000000, sequence: 0
source 0 - assert 1763361416.000007233, sequence: 164 - clear  0.000000000, sequence: 0
source 0 - assert 1763361417.000006206, sequence: 165 - clear  0.000000000, sequence: 0
source 0 - assert 1763361418.000007295, sequence: 166 - clear  0.000000000, sequence: 0
source 0 - assert 1763361419.000005740, sequence: 167 - clear  0.000000000, sequence: 0
source 0 - assert 1763361420.000010398, sequence: 168 - clear  0.000000000, sequence: 0
source 0 - assert 1763361421.000005816, sequence: 169 - clear  0.000000000, sequence: 0
source 0 - assert 1763361422.000008446, sequence: 170 - clear  0.000000000, sequence: 0
source 0 - assert 1763361423.000010585, sequence: 171 - clear  0.000000000, sequence: 0
source 0 - assert 1763361424.000007470, sequence: 172 - clear  0.000000000, sequence: 0
source 0 - assert 1763361425.000005350, sequence: 173 - clear  0.000000000, sequence: 0
source 0 - assert 1763361426.000009497, sequence: 174 - clear  0.000000000, sequence: 0
source 0 - assert 1763361427.000003863, sequence: 175 - clear  0.000000000, sequence: 0
source 0 - assert 1763361428.000007286, sequence: 176 - clear  0.000000000, sequence: 0
source 0 - assert 1763361429.000012070, sequence: 177 - clear  0.000000000, sequence: 0
source 0 - assert 1763361430.000003349, sequence: 178 - clear  0.000000000, sequence: 0
source 0 - assert 1763361431.000003852, sequence: 179 - clear  0.000000000, sequence: 0
source 0 - assert 1763361432.000004333, sequence: 180 - clear  0.000000000, sequence: 0
source 0 - assert 1763361433.000006450, sequence: 181 - clear  0.000000000, sequence: 0
source 0 - assert 1763361434.000004832, sequence: 182 - clear  0.000000000, sequence: 0
source 0 - assert 1763361435.000012115, sequence: 183 - clear  0.000000000, sequence: 0
source 0 - assert 1763361436.000005910, sequence: 184 - clear  0.000000000, sequence: 0
source 0 - assert 1763361437.000011578, sequence: 185 - clear  0.000000000, sequence: 0
source 0 - assert 1763361438.000010196, sequence: 186 - clear  0.000000000, sequence: 0
source 0 - assert 1763361439.000008502, sequence: 187 - clear  0.000000000, sequence: 0
source 0 - assert 1763361440.000007668, sequence: 188 - clear  0.000000000, sequence: 0
source 0 - assert 1763361441.000006116, sequence: 189 - clear  0.000000000, sequence: 0
source 0 - assert 1763361442.000010727, sequence: 190 - clear  0.000000000, sequence: 0
source 0 - assert 1763361443.000006432, sequence: 191 - clear  0.000000000, sequence: 0
source 0 - assert 1763361444.000005500, sequence: 192 - clear  0.000000000, sequence: 0
source 0 - assert 1763361445.000004497, sequence: 193 - clear  0.000000000, sequence: 0
source 0 - assert 1763361446.000007866, sequence: 194 - clear  0.000000000, sequence: 0
source 0 - assert 1763361447.000008289, sequence: 195 - clear  0.000000000, sequence: 0
source 0 - assert 1763361448.000004337, sequence: 196 - clear  0.000000000, sequence: 0
source 0 - assert 1763361449.000005903, sequence: 197 - clear  0.000000000, sequence: 0
source 0 - assert 1763361450.000004825, sequence: 198 - clear  0.000000000, sequence: 0
source 0 - assert 1763361451.000009549, sequence: 199 - clear  0.000000000, sequence: 0
source 0 - assert 1763361452.000003128, sequence: 200 - clear  0.000000000, sequence: 0
source 0 - assert 1763361453.000005497, sequence: 201 - clear  0.000000000, sequence: 0
source 0 - assert 1763361454.000006666, sequence: 202 - clear  0.000000000, sequence: 0
source 0 - assert 1763361455.000004242, sequence: 203 - clear  0.000000000, sequence: 0
source 0 - assert 1763361456.000004573, sequence: 204 - clear  0.000000000, sequence: 0
source 0 - assert 1763361457.000009277, sequence: 205 - clear  0.000000000, sequence: 0
source 0 - assert 1763361458.000007035, sequence: 206 - clear  0.000000000, sequence: 0
source 0 - assert 1763361459.000008021, sequence: 207 - clear  0.000000000, sequence: 0
source 0 - assert 1763361460.000004436, sequence: 208 - clear  0.000000000, sequence: 0
source 0 - assert 1763361461.000004962, sequence: 209 - clear  0.000000000, sequence: 0
source 0 - assert 1763361462.000008340, sequence: 210 - clear  0.000000000, sequence: 0
source 0 - assert 1763361463.000004823, sequence: 211 - clear  0.000000000, sequence: 0
source 0 - assert 1763361464.000007113, sequence: 212 - clear  0.000000000, sequence: 0
source 0 - assert 1763361465.000005530, sequence: 213 - clear  0.000000000, sequence: 0
source 0 - assert 1763361466.000009709, sequence: 214 - clear  0.000000000, sequence: 0
source 0 - assert 1763361467.000006830, sequence: 215 - clear  0.000000000, sequence: 0
source 0 - assert 1763361468.000006497, sequence: 216 - clear  0.000000000, sequence: 0
source 0 - assert 1763361469.000005324, sequence: 217 - clear  0.000000000, sequence: 0
source 0 - assert 1763361470.000010110, sequence: 218 - clear  0.000000000, sequence: 0
source 0 - assert 1763361471.000007859, sequence: 219 - clear  0.000000000, sequence: 0
source 0 - assert 1763361472.000000486, sequence: 220 - clear  0.000000000, sequence: 0
source 0 - assert 1763361473.000008123, sequence: 221 - clear  0.000000000, sequence: 0
source 0 - assert 1763361474.000008571, sequence: 222 - clear  0.000000000, sequence: 0
source 0 - assert 1763361475.000002727, sequence: 223 - clear  0.000000000, sequence: 0
source 0 - assert 1763361476.000008580, sequence: 224 - clear  0.000000000, sequence: 0
source 0 - assert 1763361477.000007877, sequence: 225 - clear  0.000000000, sequence: 0
source 0 - assert 1763361478.000005833, sequence: 226 - clear  0.000000000, sequence: 0
source 0 - assert 1763361479.000009120, sequence: 227 - clear  0.000000000, sequence: 0
source 0 - assert 1763361480.000006834, sequence: 228 - clear  0.000000000, sequence: 0
source 0 - assert 1763361481.000009829, sequence: 229 - clear  0.000000000, sequence: 0
source 0 - assert 1763361482.000008462, sequence: 230 - clear  0.000000000, sequence: 0
source 0 - assert 1763361483.000006551, sequence: 231 - clear  0.000000000, sequence: 0
source 0 - assert 1763361484.000007451, sequence: 232 - clear  0.000000000, sequence: 0
source 0 - assert 1763361485.000005064, sequence: 233 - clear  0.000000000, sequence: 0
source 0 - assert 1763361486.000006614, sequence: 234 - clear  0.000000000, sequence: 0
source 0 - assert 1763361487.000004445, sequence: 235 - clear  0.000000000, sequence: 0
source 0 - assert 1763361488.000005828, sequence: 236 - clear  0.000000000, sequence: 0
source 0 - assert 1763361489.000004713, sequence: 237 - clear  0.000000000, sequence: 0
source 0 - assert 1763361490.000007592, sequence: 238 - clear  0.000000000, sequence: 0
source 0 - assert 1763361491.000007923, sequence: 239 - clear  0.000000000, sequence: 0
source 0 - assert 1763361492.000002007, sequence: 240 - clear  0.000000000, sequence: 0
source 0 - assert 1763361493.000006365, sequence: 241 - clear  0.000000000, sequence: 0
source 0 - assert 1763361494.000006899, sequence: 242 - clear  0.000000000, sequence: 0
source 0 - assert 1763361495.000008162, sequence: 243 - clear  0.000000000, sequence: 0
source 0 - assert 1763361496.000009352, sequence: 244 - clear  0.000000000, sequence: 0
source 0 - assert 1763361497.000008395, sequence: 245 - clear  0.000000000, sequence: 0
source 0 - assert 1763361498.000008644, sequence: 246 - clear  0.000000000, sequence: 0
source 0 - assert 1763361499.000005731, sequence: 247 - clear  0.000000000, sequence: 0
source 0 - assert 1763361500.000007164, sequence: 248 - clear  0.000000000, sequence: 0
source 0 - assert 1763361501.000007665, sequence: 249 - clear  0.000000000, sequence: 0
source 0 - assert 1763361502.000004838, sequence: 250 - clear  0.000000000, sequence: 0
source 0 - assert 1763361503.000011658, sequence: 251 - clear  0.000000000, sequence: 0
source 0 - assert 1763361504.000007433, sequence: 252 - clear  0.000000000, sequence: 0
source 0 - assert 1763361505.000006243, sequence: 253 - clear  0.000000000, sequence: 0
source 0 - assert 1763361506.000009162, sequence: 254 - clear  0.000000000, sequence: 0
source 0 - assert 1763361507.000009459, sequence: 255 - clear  0.000000000, sequence: 0
source 0 - assert 1763361508.000006575, sequence: 256 - clear  0.000000000, sequence: 0
source 0 - assert 1763361509.000006280, sequence: 257 - clear  0.000000000, sequence: 0
source 0 - assert 1763361510.000009277, sequence: 258 - clear  0.000000000, sequence: 0
source 0 - assert 1763361511.000005433, sequence: 259 - clear  0.000000000, sequence: 0
source 0 - assert 1763361512.000007648, sequence: 260 - clear  0.000000000, sequence: 0
source 0 - assert 1763361513.000006744, sequence: 261 - clear  0.000000000, sequence: 0
source 0 - assert 1763361514.000005022, sequence: 262 - clear  0.000000000, sequence: 0
source 0 - assert 1763361515.000003769, sequence: 263 - clear  0.000000000, sequence: 0
source 0 - assert 1763361516.000011483, sequence: 264 - clear  0.000000000, sequence: 0
source 0 - assert 1763361517.000007416, sequence: 265 - clear  0.000000000, sequence: 0
source 0 - assert 1763361518.000007577, sequence: 266 - clear  0.000000000, sequence: 0
source 0 - assert 1763361519.000004064, sequence: 267 - clear  0.000000000, sequence: 0
source 0 - assert 1763361520.000009938, sequence: 268 - clear  0.000000000, sequence: 0
source 0 - assert 1763361521.000007239, sequence: 269 - clear  0.000000000, sequence: 0
source 0 - assert 1763361522.000004073, sequence: 270 - clear  0.000000000, sequence: 0
source 0 - assert 1763361523.000007699, sequence: 271 - clear  0.000000000, sequence: 0
source 0 - assert 1763361524.000007618, sequence: 272 - clear  0.000000000, sequence: 0
source 0 - assert 1763361525.000007752, sequence: 273 - clear  0.000000000, sequence: 0
source 0 - assert 1763361526.000011090, sequence: 274 - clear  0.000000000, sequence: 0
source 0 - assert 1763361527.000008272, sequence: 275 - clear  0.000000000, sequence: 0
source 0 - assert 1763361528.000011301, sequence: 276 - clear  0.000000000, sequence: 0
source 0 - assert 1763361529.000004569, sequence: 277 - clear  0.000000000, sequence: 0
source 0 - assert 1763361530.000006405, sequence: 278 - clear  0.000000000, sequence: 0
source 0 - assert 1763361531.000006174, sequence: 279 - clear  0.000000000, sequence: 0
source 0 - assert 1763361532.000006088, sequence: 280 - clear  0.000000000, sequence: 0
source 0 - assert 1763361533.000007513, sequence: 281 - clear  0.000000000, sequence: 0
source 0 - assert 1763361534.000007305, sequence: 282 - clear  0.000000000, sequence: 0
source 0 - assert 1763361535.000006822, sequence: 283 - clear  0.000000000, sequence: 0
source 0 - assert 1763361536.000006109, sequence: 284 - clear  0.000000000, sequence: 0
source 0 - assert 1763361537.000005757, sequence: 285 - clear  0.000000000, sequence: 0
source 0 - assert 1763361538.000008217, sequence: 286 - clear  0.000000000, sequence: 0
source 0 - assert 1763361539.000007841, sequence: 287 - clear  0.000000000, sequence: 0
source 0 - assert 1763361540.000007674, sequence: 288 - clear  0.000000000, sequence: 0
source 0 - assert 1763361541.000004784, sequence: 289 - clear  0.000000000, sequence: 0
source 0 - assert 1763361542.000003068, sequence: 290 - clear  0.000000000, sequence: 0
source 0 - assert 1763361543.000005648, sequence: 291 - clear  0.000000000, sequence: 0
source 0 - assert 1763361544.000009234, sequence: 292 - clear  0.000000000, sequence: 0
source 0 - assert 1763361545.000009349, sequence: 293 - clear  0.000000000, sequence: 0
source 0 - assert 1763361546.000006584, sequence: 294 - clear  0.000000000, sequence: 0
source 0 - assert 1763361547.000006383, sequence: 295 - clear  0.000000000, sequence: 0
source 0 - assert 1763361548.000006708, sequence: 296 - clear  0.000000000, sequence: 0
source 0 - assert 1763361549.000005419, sequence: 297 - clear  0.000000000, sequence: 0
source 0 - assert 1763361550.000009654, sequence: 298 - clear  0.000000000, sequence: 0
source 0 - assert 1763361551.000007564, sequence: 299 - clear  0.000000000, sequence: 0
source 0 - assert 1763361552.000003688, sequence: 300 - clear  0.000000000, sequence: 0
source 0 - assert 1763361553.000005320, sequence: 301 - clear  0.000000000, sequence: 0
source 0 - assert 1763361554.000005542, sequence: 302 - clear  0.000000000, sequence: 0
source 0 - assert 1763361555.000009661, sequence: 303 - clear  0.000000000, sequence: 0
source 0 - assert 1763361556.000010717, sequence: 304 - clear  0.000000000, sequence: 0
source 0 - assert 1763361557.000005108, sequence: 305 - clear  0.000000000, sequence: 0
source 0 - assert 1763361558.000008102, sequence: 306 - clear  0.000000000, sequence: 0
source 0 - assert 1763361559.000002082, sequence: 307 - clear  0.000000000, sequence: 0
source 0 - assert 1763361560.000006331, sequence: 308 - clear  0.000000000, sequence: 0
source 0 - assert 1763361561.000004823, sequence: 309 - clear  0.000000000, sequence: 0
source 0 - assert 1763361562.000006617, sequence: 310 - clear  0.000000000, sequence: 0
source 0 - assert 1763361563.000005582, sequence: 311 - clear  0.000000000, sequence: 0
source 0 - assert 1763361564.000003650, sequence: 312 - clear  0.000000000, sequence: 0
source 0 - assert 1763361565.000009402, sequence: 313 - clear  0.000000000, sequence: 0
source 0 - assert 1763361566.000009324, sequence: 314 - clear  0.000000000, sequence: 0
source 0 - assert 1763361567.000011283, sequence: 315 - clear  0.000000000, sequence: 0
source 0 - assert 1763361568.000011755, sequence: 316 - clear  0.000000000, sequence: 0
source 0 - assert 1763361569.000008047, sequence: 317 - clear  0.000000000, sequence: 0
source 0 - assert 1763361570.000004662, sequence: 318 - clear  0.000000000, sequence: 0
source 0 - assert 1763361571.000003878, sequence: 319 - clear  0.000000000, sequence: 0
source 0 - assert 1763361572.000008924, sequence: 320 - clear  0.000000000, sequence: 0
source 0 - assert 1763361573.000003635, sequence: 321 - clear  0.000000000, sequence: 0
source 0 - assert 1763361574.000002909, sequence: 322 - clear  0.000000000, sequence: 0
source 0 - assert 1763361575.000007123, sequence: 323 - clear  0.000000000, sequence: 0
source 0 - assert 1763361576.000007747, sequence: 324 - clear  0.000000000, sequence: 0
source 0 - assert 1763361577.000009077, sequence: 325 - clear  0.000000000, sequence: 0
source 0 - assert 1763361578.000005612, sequence: 326 - clear  0.000000000, sequence: 0
source 0 - assert 1763361579.000005042, sequence: 327 - clear  0.000000000, sequence: 0
source 0 - assert 1763361580.000002505, sequence: 328 - clear  0.000000000, sequence: 0
source 0 - assert 1763361581.000006827, sequence: 329 - clear  0.000000000, sequence: 0
source 0 - assert 1763361582.000002115, sequence: 330 - clear  0.000000000, sequence: 0
source 0 - assert 1763361583.000007414, sequence: 331 - clear  0.000000000, sequence: 0
source 0 - assert 1763361584.000007080, sequence: 332 - clear  0.000000000, sequence: 0
source 0 - assert 1763361585.000007878, sequence: 333 - clear  0.000000000, sequence: 0
source 0 - assert 1763361586.000008382, sequence: 334 - clear  0.000000000, sequence: 0
source 0 - assert 1763361587.000009157, sequence: 335 - clear  0.000000000, sequence: 0
source 0 - assert 1763361588.000004622, sequence: 336 - clear  0.000000000, sequence: 0
source 0 - assert 1763361589.000006422, sequence: 337 - clear  0.000000000, sequence: 0
source 0 - assert 1763361590.000007297, sequence: 338 - clear  0.000000000, sequence: 0
source 0 - assert 1763361591.000006038, sequence: 339 - clear  0.000000000, sequence: 0
source 0 - assert 1763361592.000002529, sequence: 340 - clear  0.000000000, sequence: 0
source 0 - assert 1763361593.000005120, sequence: 341 - clear  0.000000000, sequence: 0
source 0 - assert 1763361594.000007633, sequence: 342 - clear  0.000000000, sequence: 0
source 0 - assert 1763361595.000005070, sequence: 343 - clear  0.000000000, sequence: 0
source 0 - assert 1763361596.000006943, sequence: 344 - clear  0.000000000, sequence: 0
source 0 - assert 1763361597.000006280, sequence: 345 - clear  0.000000000, sequence: 0
source 0 - assert 1763361598.000006351, sequence: 346 - clear  0.000000000, sequence: 0
source 0 - assert 1763361599.000003699, sequence: 347 - clear  0.000000000, sequence: 0
source 0 - assert 1763361600.000007043, sequence: 348 - clear  0.000000000, sequence: 0
source 0 - assert 1763361601.000011181, sequence: 349 - clear  0.000000000, sequence: 0
source 0 - assert 1763361602.000002873, sequence: 350 - clear  0.000000000, sequence: 0
source 0 - assert 1763361603.000006159, sequence: 351 - clear  0.000000000, sequence: 0
source 0 - assert 1763361604.000007656, sequence: 352 - clear  0.000000000, sequence: 0
source 0 - assert 1763361605.000008737, sequence: 353 - clear  0.000000000, sequence: 0
source 0 - assert 1763361606.000007455, sequence: 354 - clear  0.000000000, sequence: 0
source 0 - assert 1763361607.000006787, sequence: 355 - clear  0.000000000, sequence: 0
source 0 - assert 1763361608.000007495, sequence: 356 - clear  0.000000000, sequence: 0
source 0 - assert 1763361609.000007841, sequence: 357 - clear  0.000000000, sequence: 0
source 0 - assert 1763361610.000004006, sequence: 358 - clear  0.000000000, sequence: 0
source 0 - assert 1763361611.000011561, sequence: 359 - clear  0.000000000, sequence: 0
source 0 - assert 1763361612.000002086, sequence: 360 - clear  0.000000000, sequence: 0
source 0 - assert 1763361613.000004235, sequence: 361 - clear  0.000000000, sequence: 0
source 0 - assert 1763361614.000006880, sequence: 362 - clear  0.000000000, sequence: 0
source 0 - assert 1763361615.000002878, sequence: 363 - clear  0.000000000, sequence: 0
source 0 - assert 1763361616.000010927, sequence: 364 - clear  0.000000000, sequence: 0
source 0 - assert 1763361617.000008258, sequence: 365 - clear  0.000000000, sequence: 0
source 0 - assert 1763361618.000006450, sequence: 366 - clear  0.000000000, sequence: 0
source 0 - assert 1763361619.000005479, sequence: 367 - clear  0.000000000, sequence: 0
source 0 - assert 1763361620.000005146, sequence: 368 - clear  0.000000000, sequence: 0
source 0 - assert 1763361621.000003447, sequence: 369 - clear  0.000000000, sequence: 0
source 0 - assert 1763361622.000006458, sequence: 370 - clear  0.000000000, sequence: 0
source 0 - assert 1763361623.000006425, sequence: 371 - clear  0.000000000, sequence: 0
source 0 - assert 1763361624.000004835, sequence: 372 - clear  0.000000000, sequence: 0
source 0 - assert 1763361625.000006992, sequence: 373 - clear  0.000000000, sequence: 0
source 0 - assert 1763361626.000002416, sequence: 374 - clear  0.000000000, sequence: 0
source 0 - assert 1763361627.000007989, sequence: 375 - clear  0.000000000, sequence: 0
source 0 - assert 1763361628.000005242, sequence: 376 - clear  0.000000000, sequence: 0
source 0 - assert 1763361629.000004571, sequence: 377 - clear  0.000000000, sequence: 0
source 0 - assert 1763361630.000012410, sequence: 378 - clear  0.000000000, sequence: 0
Terminated
