trying PPS source "/dev/pps0"
found PPS source "/dev/pps0"
ok, found 1 source(s), now start fetching data...
source 0 - assert 1763404974.000010297, sequence: 7833 - clear  0.000000000, sequence: 0
source 0 - assert 1763404975.000005141, sequence: 7834 - clear  0.000000000, sequence: 0
source 0 - assert 1763404976.000004938, sequence: 7835 - clear  0.000000000, sequence: 0
source 0 - assert 1763404977.000003088, sequence: 7836 - clear  0.000000000, sequence: 0
source 0 - assert 1763404978.000007876, sequence: 7837 - clear  0.000000000, sequence: 0
source 0 - assert 1763404979.000004858, sequence: 7838 - clear  0.000000000, sequence: 0
source 0 - assert 1763404980.000007064, sequence: 7839 - clear  0.000000000, sequence: 0
source 0 - assert 1763404981.000004866, sequence: 7840 - clear  0.000000000, sequence: 0
source 0 - assert 1763404982.000004121, sequence: 7841 - clear  0.000000000, sequence: 0
source 0 - assert 1763404983.000005340, sequence: 7842 - clear  0.000000000, sequence: 0
source 0 - assert 1763404984.000005508, sequence: 7843 - clear  0.000000000, sequence: 0
source 0 - assert 1763404985.000007917, sequence: 7844 - clear  0.000000000, sequence: 0
source 0 - assert 1763404986.000008868, sequence: 7845 - clear  0.000000000, sequence: 0
source 0 - assert 1763404987.000005124, sequence: 7846 - clear  0.000000000, sequence: 0
source 0 - assert 1763404988.000004335, sequence: 7847 - clear  0.000000000, sequence: 0
source 0 - assert 1763404989.000002282, sequence: 7848 - clear  0.000000000, sequence: 0
source 0 - assert 1763404990.000006985, sequence: 7849 - clear  0.000000000, sequence: 0
source 0 - assert 1763404991.000009068, sequence: 7850 - clear  0.000000000, sequence: 0
source 0 - assert 1763404992.000004824, sequence: 7851 - clear  0.000000000, sequence: 0
source 0 - assert 1763404993.000005636, sequence: 7852 - clear  0.000000000, sequence: 0
source 0 - assert 1763404994.000006338, sequence: 7853 - clear  0.000000000, sequence: 0
source 0 - assert 1763404995.000008582, sequence: 7854 - clear  0.000000000, sequence: 0
source 0 - assert 1763404996.000009351, sequence: 7855 - clear  0.000000000, sequence: 0
source 0 - assert 1763404997.000009143, sequence: 7856 - clear  0.000000000, sequence: 0
source 0 - assert 1763404998.000011340, sequence: 7857 - clear  0.000000000, sequence: 0
source 0 - assert 1763404999.000008960, sequence: 7858 - clear  0.000000000, sequence: 0
source 0 - assert 1763405000.000007046, sequence: 7859 - clear  0.000000000, sequence: 0
source 0 - assert 1763405001.000003040, sequence: 7860 - clear  0.000000000, sequence: 0
source 0 - assert 1763405002.000005893, sequence: 7861 - clear  0.000000000, sequence: 0
source 0 - assert 1763405003.000006524, sequence: 7862 - clear  0.000000000, sequence: 0
source 0 - assert 1763405004.000006960, sequence: 7863 - clear  0.000000000, sequence: 0
source 0 - assert 1763405005.000005640, sequence: 7864 - clear  0.000000000, sequence: 0
source 0 - assert 1763405006.000006567, sequence: 7865 - clear  0.000000000, sequence: 0
source 0 - assert 1763405007.000008469, sequence: 7866 - clear  0.000000000, sequence: 0
source 0 - assert 1763405008.000006618, sequence: 7867 - clear  0.000000000, sequence: 0
source 0 - assert 1763405009.000006737, sequence: 7868 - clear  0.000000000, sequence: 0
source 0 - assert 1763405010.000000995, sequence: 7869 - clear  0.000000000, sequence: 0
source 0 - assert 1763405011.000004336, sequence: 7870 - clear  0.000000000, sequence: 0
source 0 - assert 1763405012.000002680, sequence: 7871 - clear  0.000000000, sequence: 0
source 0 - assert 1763405013.000009635, sequence: 7872 - clear  0.000000000, sequence: 0
source 0 - assert 1763405014.000004332, sequence: 7873 - clear  0.000000000, sequence: 0
source 0 - assert 1763405015.000005375, sequence: 7874 - clear  0.000000000, sequence: 0
source 0 - assert 1763405016.000005090, sequence: 7875 - clear  0.000000000, sequence: 0
source 0 - assert 1763405017.000002419, sequence: 7876 - clear  0.000000000, sequence: 0
source 0 - assert 1763405018.000008824, sequence: 7877 - clear  0.000000000, sequence: 0
source 0 - assert 1763405019.000007569, sequence: 7878 - clear  0.000000000, sequence: 0
source 0 - assert 1763405020.000005620, sequence: 7879 - clear  0.000000000, sequence: 0
source 0 - assert 1763405021.000002216, sequence: 7880 - clear  0.000000000, sequence: 0
source 0 - assert 1763405022.000004263, sequence: 7881 - clear  0.000000000, sequence: 0
source 0 - assert 1763405023.000003557, sequence: 7882 - clear  0.000000000, sequence: 0
source 0 - assert 1763405024.000008086, sequence: 7883 - clear  0.000000000, sequence: 0
source 0 - assert 1763405025.000000334, sequence: 7884 - clear  0.000000000, sequence: 0
source 0 - assert 1763405026.000006302, sequence: 7885 - clear  0.000000000, sequence: 0
source 0 - assert 1763405027.000009835, sequence: 7886 - clear  0.000000000, sequence: 0
source 0 - assert 1763405028.000011948, sequence: 7887 - clear  0.000000000, sequence: 0
source 0 - assert 1763405029.000007046, sequence: 7888 - clear  0.000000000, sequence: 0
source 0 - assert 1763405030.000006856, sequence: 7889 - clear  0.000000000, sequence: 0
source 0 - assert 1763405031.000003687, sequence: 7890 - clear  0.000000000, sequence: 0
source 0 - assert 1763405032.000009085, sequence: 7891 - clear  0.000000000, sequence: 0
source 0 - assert 1763405033.000007990, sequence: 7892 - clear  0.000000000, sequence: 0
source 0 - assert 1763405034.000005413, sequence: 7893 - clear  0.000000000, sequence: 0
source 0 - assert 1763405035.000011418, sequence: 7894 - clear  0.000000000, sequence: 0
source 0 - assert 1763405036.000002837, sequence: 7895 - clear  0.000000000, sequence: 0
source 0 - assert 1763405037.000009954, sequence: 7896 - clear  0.000000000, sequence: 0
source 0 - assert 1763405038.000003325, sequence: 7897 - clear  0.000000000, sequence: 0
source 0 - assert 1763405039.000006077, sequence: 7898 - clear  0.000000000, sequence: 0
source 0 - assert 1763405040.000007869, sequence: 7899 - clear  0.000000000, sequence: 0
source 0 - assert 1763405041.000006584, sequence: 7900 - clear  0.000000000, sequence: 0
source 0 - assert 1763405042.000007964, sequence: 7901 - clear  0.000000000, sequence: 0
source 0 - assert 1763405043.000009049, sequence: 7902 - clear  0.000000000, sequence: 0
source 0 - assert 1763405044.000004634, sequence: 7903 - clear  0.000000000, sequence: 0
source 0 - assert 1763405045.000004533, sequence: 7904 - clear  0.000000000, sequence: 0
source 0 - assert 1763405046.000007728, sequence: 7905 - clear  0.000000000, sequence: 0
source 0 - assert 1763405047.000009079, sequence: 7906 - clear  0.000000000, sequence: 0
source 0 - assert 1763405048.000005798, sequence: 7907 - clear  0.000000000, sequence: 0
source 0 - assert 1763405049.000007136, sequence: 7908 - clear  0.000000000, sequence: 0
source 0 - assert 1763405050.000002923, sequence: 7909 - clear  0.000000000, sequence: 0
source 0 - assert 1763405051.000007526, sequence: 7910 - clear  0.000000000, sequence: 0
source 0 - assert 1763405052.000006024, sequence: 7911 - clear  0.000000000, sequence: 0
source 0 - assert 1763405053.000007875, sequence: 7912 - clear  0.000000000, sequence: 0
source 0 - assert 1763405054.000005468, sequence: 7913 - clear  0.000000000, sequence: 0
source 0 - assert 1763405055.000007211, sequence: 7914 - clear  0.000000000, sequence: 0
source 0 - assert 1763405056.000005077, sequence: 7915 - clear  0.000000000, sequence: 0
source 0 - assert 1763405057.000006741, sequence: 7916 - clear  0.000000000, sequence: 0
source 0 - assert 1763405058.000005251, sequence: 7917 - clear  0.000000000, sequence: 0
source 0 - assert 1763405059.000008455, sequence: 7918 - clear  0.000000000, sequence: 0
source 0 - assert 1763405060.000009155, sequence: 7919 - clear  0.000000000, sequence: 0
source 0 - assert 1763405061.000003366, sequence: 7920 - clear  0.000000000, sequence: 0
source 0 - assert 1763405062.000006455, sequence: 7921 - clear  0.000000000, sequence: 0
source 0 - assert 1763405063.000003461, sequence: 7922 - clear  0.000000000, sequence: 0
source 0 - assert 1763405064.000007494, sequence: 7923 - clear  0.000000000, sequence: 0
source 0 - assert 1763405065.000004947, sequence: 7924 - clear  0.000000000, sequence: 0
source 0 - assert 1763405066.000002369, sequence: 7925 - clear  0.000000000, sequence: 0
source 0 - assert 1763405067.000003065, sequence: 7926 - clear  0.000000000, sequence: 0
source 0 - assert 1763405068.000008269, sequence: 7927 - clear  0.000000000, sequence: 0
source 0 - assert 1763405069.000004208, sequence: 7928 - clear  0.000000000, sequence: 0
source 0 - assert 1763405070.000001894, sequence: 7929 - clear  0.000000000, sequence: 0
source 0 - assert 1763405071.000002473, sequence: 7930 - clear  0.000000000, sequence: 0
source 0 - assert 1763405072.000003719, sequence: 7931 - clear  0.000000000, sequence: 0
source 0 - assert 1763405073.000005851, sequence: 7932 - clear  0.000000000, sequence: 0
source 0 - assert 1763405074.000004384, sequence: 7933 - clear  0.000000000, sequence: 0
source 0 - assert 1763405075.000004170, sequence: 7934 - clear  0.000000000, sequence: 0
source 0 - assert 1763405076.000005054, sequence: 7935 - clear  0.000000000, sequence: 0
source 0 - assert 1763405077.000003092, sequence: 7936 - clear  0.000000000, sequence: 0
source 0 - assert 1763405078.000002788, sequence: 7937 - clear  0.000000000, sequence: 0
source 0 - assert 1763405079.000009196, sequence: 7938 - clear  0.000000000, sequence: 0
source 0 - assert 1763405080.000006448, sequence: 7939 - clear  0.000000000, sequence: 0
source 0 - assert 1763405081.000005964, sequence: 7940 - clear  0.000000000, sequence: 0
source 0 - assert 1763405082.000005180, sequence: 7941 - clear  0.000000000, sequence: 0
source 0 - assert 1763405083.000007397, sequence: 7942 - clear  0.000000000, sequence: 0
source 0 - assert 1763405084.000007983, sequence: 7943 - clear  0.000000000, sequence: 0
source 0 - assert 1763405085.000008981, sequence: 7944 - clear  0.000000000, sequence: 0
source 0 - assert 1763405086.000002226, sequence: 7945 - clear  0.000000000, sequence: 0
source 0 - assert 1763405087.000002133, sequence: 7946 - clear  0.000000000, sequence: 0
source 0 - assert 1763405088.000002039, sequence: 7947 - clear  0.000000000, sequence: 0
source 0 - assert 1763405089.000006909, sequence: 7948 - clear  0.000000000, sequence: 0
source 0 - assert 1763405090.000007120, sequence: 7949 - clear  0.000000000, sequence: 0
source 0 - assert 1763405091.000008913, sequence: 7950 - clear  0.000000000, sequence: 0
source 0 - assert 1763405092.000002133, sequence: 7951 - clear  0.000000000, sequence: 0
source 0 - assert 1763405093.000004053, sequence: 7952 - clear  0.000000000, sequence: 0
source 0 - assert 1763405094.000000467, sequence: 7953 - clear  0.000000000, sequence: 0
source 0 - assert 1763405095.000005579, sequence: 7954 - clear  0.000000000, sequence: 0
source 0 - assert 1763405096.000004114, sequence: 7955 - clear  0.000000000, sequence: 0
source 0 - assert 1763405097.000003293, sequence: 7956 - clear  0.000000000, sequence: 0
source 0 - assert 1763405098.000006261, sequence: 7957 - clear  0.000000000, sequence: 0
source 0 - assert 1763405099.000009387, sequence: 7958 - clear  0.000000000, sequence: 0
source 0 - assert 1763405100.000005832, sequence: 7959 - clear  0.000000000, sequence: 0
source 0 - assert 1763405101.000007989, sequence: 7960 - clear  0.000000000, sequence: 0
source 0 - assert 1763405102.000007701, sequence: 7961 - clear  0.000000000, sequence: 0
source 0 - assert 1763405103.000004122, sequence: 7962 - clear  0.000000000, sequence: 0
source 0 - assert 1763405104.000007911, sequence: 7963 - clear  0.000000000, sequence: 0
source 0 - assert 1763405105.000008569, sequence: 7964 - clear  0.000000000, sequence: 0
source 0 - assert 1763405106.000006822, sequence: 7965 - clear  0.000000000, sequence: 0
source 0 - assert 1763405107.000007838, sequence: 7966 - clear  0.000000000, sequence: 0
source 0 - assert 1763405108.000005227, sequence: 7967 - clear  0.000000000, sequence: 0
source 0 - assert 1763405109.000004683, sequence: 7968 - clear  0.000000000, sequence: 0
source 0 - assert 1763405110.000001001, sequence: 7969 - clear  0.000000000, sequence: 0
source 0 - assert 1763405111.000005453, sequence: 7970 - clear  0.000000000, sequence: 0
source 0 - assert 1763405112.000010706, sequence: 7971 - clear  0.000000000, sequence: 0
source 0 - assert 1763405113.000006170, sequence: 7972 - clear  0.000000000, sequence: 0
source 0 - assert 1763405114.000006379, sequence: 7973 - clear  0.000000000, sequence: 0
source 0 - assert 1763405115.000006668, sequence: 7974 - clear  0.000000000, sequence: 0
source 0 - assert 1763405116.000003654, sequence: 7975 - clear  0.000000000, sequence: 0
source 0 - assert 1763405117.000009275, sequence: 7976 - clear  0.000000000, sequence: 0
source 0 - assert 1763405118.000006331, sequence: 7977 - clear  0.000000000, sequence: 0
source 0 - assert 1763405119.000011295, sequence: 7978 - clear  0.000000000, sequence: 0
source 0 - assert 1763405120.000007788, sequence: 7979 - clear  0.000000000, sequence: 0
source 0 - assert 1763405121.000002822, sequence: 7980 - clear  0.000000000, sequence: 0
source 0 - assert 1763405122.000008771, sequence: 7981 - clear  0.000000000, sequence: 0
source 0 - assert 1763405123.000007654, sequence: 7982 - clear  0.000000000, sequence: 0
source 0 - assert 1763405124.000006133, sequence: 7983 - clear  0.000000000, sequence: 0
source 0 - assert 1763405125.000008717, sequence: 7984 - clear  0.000000000, sequence: 0
source 0 - assert 1763405126.000004756, sequence: 7985 - clear  0.000000000, sequence: 0
source 0 - assert 1763405127.000007831, sequence: 7986 - clear  0.000000000, sequence: 0
source 0 - assert 1763405128.000007118, sequence: 7987 - clear  0.000000000, sequence: 0
source 0 - assert 1763405129.000005748, sequence: 7988 - clear  0.000000000, sequence: 0
source 0 - assert 1763405130.000004832, sequence: 7989 - clear  0.000000000, sequence: 0
source 0 - assert 1763405131.000006717, sequence: 7990 - clear  0.000000000, sequence: 0
source 0 - assert 1763405132.000007631, sequence: 7991 - clear  0.000000000, sequence: 0
source 0 - assert 1763405133.000005481, sequence: 7992 - clear  0.000000000, sequence: 0
source 0 - assert 1763405134.000007390, sequence: 7993 - clear  0.000000000, sequence: 0
source 0 - assert 1763405135.000005868, sequence: 7994 - clear  0.000000000, sequence: 0
source 0 - assert 1763405136.000004178, sequence: 7995 - clear  0.000000000, sequence: 0
source 0 - assert 1763405137.000010179, sequence: 7996 - clear  0.000000000, sequence: 0
source 0 - assert 1763405138.000008139, sequence: 7997 - clear  0.000000000, sequence: 0
source 0 - assert 1763405139.000005808, sequence: 7998 - clear  0.000000000, sequence: 0
source 0 - assert 1763405140.000008918, sequence: 7999 - clear  0.000000000, sequence: 0
source 0 - assert 1763405141.000001780, sequence: 8000 - clear  0.000000000, sequence: 0
source 0 - assert 1763405142.000006459, sequence: 8001 - clear  0.000000000, sequence: 0
source 0 - assert 1763405143.000006671, sequence: 8002 - clear  0.000000000, sequence: 0
source 0 - assert 1763405144.000002457, sequence: 8003 - clear  0.000000000, sequence: 0
source 0 - assert 1763405145.000006549, sequence: 8004 - clear  0.000000000, sequence: 0
source 0 - assert 1763405146.000004051, sequence: 8005 - clear  0.000000000, sequence: 0
source 0 - assert 1763405147.000006466, sequence: 8006 - clear  0.000000000, sequence: 0
source 0 - assert 1763405148.000008049, sequence: 8007 - clear  0.000000000, sequence: 0
source 0 - assert 1763405149.000010562, sequence: 8008 - clear  0.000000000, sequence: 0
source 0 - assert 1763405150.000005773, sequence: 8009 - clear  0.000000000, sequence: 0
source 0 - assert 1763405151.000006047, sequence: 8010 - clear  0.000000000, sequence: 0
source 0 - assert 1763405152.000004001, sequence: 8011 - clear  0.000000000, sequence: 0
source 0 - assert 1763405153.000004748, sequence: 8012 - clear  0.000000000, sequence: 0
source 0 - assert 1763405154.000005034, sequence: 8013 - clear  0.000000000, sequence: 0
source 0 - assert 1763405155.000004661, sequence: 8014 - clear  0.000000000, sequence: 0
source 0 - assert 1763405156.000009335, sequence: 8015 - clear  0.000000000, sequence: 0
source 0 - assert 1763405157.000007141, sequence: 8016 - clear  0.000000000, sequence: 0
source 0 - assert 1763405158.000004729, sequence: 8017 - clear  0.000000000, sequence: 0
source 0 - assert 1763405159.000000514, sequence: 8018 - clear  0.000000000, sequence: 0
source 0 - assert 1763405160.000005120, sequence: 8019 - clear  0.000000000, sequence: 0
source 0 - assert 1763405161.000007401, sequence: 8020 - clear  0.000000000, sequence: 0
source 0 - assert 1763405162.000006893, sequence: 8021 - clear  0.000000000, sequence: 0
source 0 - assert 1763405163.000004073, sequence: 8022 - clear  0.000000000, sequence: 0
source 0 - assert 1763405164.000007969, sequence: 8023 - clear  0.000000000, sequence: 0
source 0 - assert 1763405165.000011668, sequence: 8024 - clear  0.000000000, sequence: 0
source 0 - assert 1763405166.000004040, sequence: 8025 - clear  0.000000000, sequence: 0
source 0 - assert 1763405167.000008000, sequence: 8026 - clear  0.000000000, sequence: 0
source 0 - assert 1763405168.000004778, sequence: 8027 - clear  0.000000000, sequence: 0
source 0 - assert 1763405169.000002946, sequence: 8028 - clear  0.000000000, sequence: 0
source 0 - assert 1763405170.000007239, sequence: 8029 - clear  0.000000000, sequence: 0
source 0 - assert 1763405171.000003447, sequence: 8030 - clear  0.000000000, sequence: 0
source 0 - assert 1763405172.000009585, sequence: 8031 - clear  0.000000000, sequence: 0
source 0 - assert 1763405173.000006250, sequence: 8032 - clear  0.000000000, sequence: 0
source 0 - assert 1763405174.000008591, sequence: 8033 - clear  0.000000000, sequence: 0
source 0 - assert 1763405175.000009520, sequence: 8034 - clear  0.000000000, sequence: 0
source 0 - assert 1763405176.000006721, sequence: 8035 - clear  0.000000000, sequence: 0
source 0 - assert 1763405177.000004205, sequence: 8036 - clear  0.000000000, sequence: 0
source 0 - assert 1763405178.000008028, sequence: 8037 - clear  0.000000000, sequence: 0
source 0 - assert 1763405179.000009534, sequence: 8038 - clear  0.000000000, sequence: 0
source 0 - assert 1763405180.000008965, sequence: 8039 - clear  0.000000000, sequence: 0
source 0 - assert 1763405181.000009507, sequence: 8040 - clear  0.000000000, sequence: 0
source 0 - assert 1763405182.000006010, sequence: 8041 - clear  0.000000000, sequence: 0
source 0 - assert 1763405183.000008548, sequence: 8042 - clear  0.000000000, sequence: 0
source 0 - assert 1763405184.000002915, sequence: 8043 - clear  0.000000000, sequence: 0
source 0 - assert 1763405185.000007836, sequence: 8044 - clear  0.000000000, sequence: 0
source 0 - assert 1763405186.000005712, sequence: 8045 - clear  0.000000000, sequence: 0
source 0 - assert 1763405187.000004614, sequence: 8046 - clear  0.000000000, sequence: 0
source 0 - assert 1763405188.000004901, sequence: 8047 - clear  0.000000000, sequence: 0
source 0 - assert 1763405189.000009413, sequence: 8048 - clear  0.000000000, sequence: 0
source 0 - assert 1763405190.000006125, sequence: 8049 - clear  0.000000000, sequence: 0
source 0 - assert 1763405191.000004342, sequence: 8050 - clear  0.000000000, sequence: 0
source 0 - assert 1763405192.000003256, sequence: 8051 - clear  0.000000000, sequence: 0
source 0 - assert 1763405193.000005230, sequence: 8052 - clear  0.000000000, sequence: 0
source 0 - assert 1763405194.000005825, sequence: 8053 - clear  0.000000000, sequence: 0
source 0 - assert 1763405195.000003384, sequence: 8054 - clear  0.000000000, sequence: 0
source 0 - assert 1763405196.000008956, sequence: 8055 - clear  0.000000000, sequence: 0
source 0 - assert 1763405197.000006667, sequence: 8056 - clear  0.000000000, sequence: 0
source 0 - assert 1763405197.999999052, sequence: 8057 - clear  0.000000000, sequence: 0
source 0 - assert 1763405199.000005259, sequence: 8058 - clear  0.000000000, sequence: 0
source 0 - assert 1763405200.000006363, sequence: 8059 - clear  0.000000000, sequence: 0
source 0 - assert 1763405201.000004358, sequence: 8060 - clear  0.000000000, sequence: 0
source 0 - assert 1763405202.000006369, sequence: 8061 - clear  0.000000000, sequence: 0
source 0 - assert 1763405203.000006206, sequence: 8062 - clear  0.000000000, sequence: 0
source 0 - assert 1763405204.000005504, sequence: 8063 - clear  0.000000000, sequence: 0
source 0 - assert 1763405205.000008082, sequence: 8064 - clear  0.000000000, sequence: 0
source 0 - assert 1763405206.000007828, sequence: 8065 - clear  0.000000000, sequence: 0
source 0 - assert 1763405207.000007168, sequence: 8066 - clear  0.000000000, sequence: 0
source 0 - assert 1763405208.000007625, sequence: 8067 - clear  0.000000000, sequence: 0
source 0 - assert 1763405209.000003828, sequence: 8068 - clear  0.000000000, sequence: 0
source 0 - assert 1763405210.000011583, sequence: 8069 - clear  0.000000000, sequence: 0
source 0 - assert 1763405211.000006265, sequence: 8070 - clear  0.000000000, sequence: 0
source 0 - assert 1763405212.000008272, sequence: 8071 - clear  0.000000000, sequence: 0
source 0 - assert 1763405213.000006509, sequence: 8072 - clear  0.000000000, sequence: 0
source 0 - assert 1763405214.000001035, sequence: 8073 - clear  0.000000000, sequence: 0
source 0 - assert 1763405215.000007408, sequence: 8074 - clear  0.000000000, sequence: 0
source 0 - assert 1763405216.000006656, sequence: 8075 - clear  0.000000000, sequence: 0
source 0 - assert 1763405217.000008988, sequence: 8076 - clear  0.000000000, sequence: 0
source 0 - assert 1763405218.000004126, sequence: 8077 - clear  0.000000000, sequence: 0
source 0 - assert 1763405219.000004972, sequence: 8078 - clear  0.000000000, sequence: 0
source 0 - assert 1763405220.000003760, sequence: 8079 - clear  0.000000000, sequence: 0
source 0 - assert 1763405221.000008364, sequence: 8080 - clear  0.000000000, sequence: 0
source 0 - assert 1763405222.000010144, sequence: 8081 - clear  0.000000000, sequence: 0
source 0 - assert 1763405223.000006451, sequence: 8082 - clear  0.000000000, sequence: 0
source 0 - assert 1763405224.000006075, sequence: 8083 - clear  0.000000000, sequence: 0
source 0 - assert 1763405225.000002948, sequence: 8084 - clear  0.000000000, sequence: 0
source 0 - assert 1763405226.000005663, sequence: 8085 - clear  0.000000000, sequence: 0
source 0 - assert 1763405227.000009796, sequence: 8086 - clear  0.000000000, sequence: 0
source 0 - assert 1763405228.000003509, sequence: 8087 - clear  0.000000000, sequence: 0
source 0 - assert 1763405229.000006126, sequence: 8088 - clear  0.000000000, sequence: 0
source 0 - assert 1763405230.000003508, sequence: 8089 - clear  0.000000000, sequence: 0
source 0 - assert 1763405231.000006422, sequence: 8090 - clear  0.000000000, sequence: 0
source 0 - assert 1763405232.000010456, sequence: 8091 - clear  0.000000000, sequence: 0
source 0 - assert 1763405233.000007963, sequence: 8092 - clear  0.000000000, sequence: 0
source 0 - assert 1763405234.000005476, sequence: 8093 - clear  0.000000000, sequence: 0
source 0 - assert 1763405235.000005923, sequence: 8094 - clear  0.000000000, sequence: 0
source 0 - assert 1763405236.000002537, sequence: 8095 - clear  0.000000000, sequence: 0
source 0 - assert 1763405237.000009079, sequence: 8096 - clear  0.000000000, sequence: 0
source 0 - assert 1763405238.000008204, sequence: 8097 - clear  0.000000000, sequence: 0
source 0 - assert 1763405239.000005594, sequence: 8098 - clear  0.000000000, sequence: 0
source 0 - assert 1763405240.000010095, sequence: 8099 - clear  0.000000000, sequence: 0
source 0 - assert 1763405241.000006704, sequence: 8100 - clear  0.000000000, sequence: 0
source 0 - assert 1763405242.000005822, sequence: 8101 - clear  0.000000000, sequence: 0
source 0 - assert 1763405243.000008335, sequence: 8102 - clear  0.000000000, sequence: 0
source 0 - assert 1763405244.000007205, sequence: 8103 - clear  0.000000000, sequence: 0
source 0 - assert 1763405245.000007870, sequence: 8104 - clear  0.000000000, sequence: 0
source 0 - assert 1763405246.000006171, sequence: 8105 - clear  0.000000000, sequence: 0
source 0 - assert 1763405247.000003242, sequence: 8106 - clear  0.000000000, sequence: 0
source 0 - assert 1763405248.000004697, sequence: 8107 - clear  0.000000000, sequence: 0
source 0 - assert 1763405249.000009550, sequence: 8108 - clear  0.000000000, sequence: 0
source 0 - assert 1763405250.000003722, sequence: 8109 - clear  0.000000000, sequence: 0
source 0 - assert 1763405251.000004721, sequence: 8110 - clear  0.000000000, sequence: 0
source 0 - assert 1763405252.000003424, sequence: 8111 - clear  0.000000000, sequence: 0
source 0 - assert 1763405253.000002815, sequence: 8112 - clear  0.000000000, sequence: 0
source 0 - assert 1763405254.000005486, sequence: 8113 - clear  0.000000000, sequence: 0
source 0 - assert 1763405255.000007300, sequence: 8114 - clear  0.000000000, sequence: 0
source 0 - assert 1763405256.000007374, sequence: 8115 - clear  0.000000000, sequence: 0
source 0 - assert 1763405256.999999170, sequence: 8116 - clear  0.000000000, sequence: 0
source 0 - assert 1763405258.000007578, sequence: 8117 - clear  0.000000000, sequence: 0
source 0 - assert 1763405259.000002862, sequence: 8118 - clear  0.000000000, sequence: 0
source 0 - assert 1763405260.000007503, sequence: 8119 - clear  0.000000000, sequence: 0
source 0 - assert 1763405261.000004578, sequence: 8120 - clear  0.000000000, sequence: 0
source 0 - assert 1763405262.000001859, sequence: 8121 - clear  0.000000000, sequence: 0
source 0 - assert 1763405263.000003065, sequence: 8122 - clear  0.000000000, sequence: 0
source 0 - assert 1763405264.000004852, sequence: 8123 - clear  0.000000000, sequence: 0
source 0 - assert 1763405265.000002272, sequence: 8124 - clear  0.000000000, sequence: 0
source 0 - assert 1763405266.000005231, sequence: 8125 - clear  0.000000000, sequence: 0
source 0 - assert 1763405267.000004991, sequence: 8126 - clear  0.000000000, sequence: 0
source 0 - assert 1763405268.000005541, sequence: 8127 - clear  0.000000000, sequence: 0
source 0 - assert 1763405269.000006293, sequence: 8128 - clear  0.000000000, sequence: 0
source 0 - assert 1763405270.000010834, sequence: 8129 - clear  0.000000000, sequence: 0
source 0 - assert 1763405271.000009289, sequence: 8130 - clear  0.000000000, sequence: 0
source 0 - assert 1763405272.000006300, sequence: 8131 - clear  0.000000000, sequence: 0
source 0 - assert 1763405273.000005853, sequence: 8132 - clear  0.000000000, sequence: 0
source 0 - assert 1763405274.000006808, sequence: 8133 - clear  0.000000000, sequence: 0
source 0 - assert 1763405275.000009591, sequence: 8134 - clear  0.000000000, sequence: 0
source 0 - assert 1763405276.000001449, sequence: 8135 - clear  0.000000000, sequence: 0
source 0 - assert 1763405277.000006447, sequence: 8136 - clear  0.000000000, sequence: 0
source 0 - assert 1763405278.000003706, sequence: 8137 - clear  0.000000000, sequence: 0
source 0 - assert 1763405279.000006661, sequence: 8138 - clear  0.000000000, sequence: 0
source 0 - assert 1763405280.000006251, sequence: 8139 - clear  0.000000000, sequence: 0
source 0 - assert 1763405281.000004048, sequence: 8140 - clear  0.000000000, sequence: 0
source 0 - assert 1763405282.000006913, sequence: 8141 - clear  0.000000000, sequence: 0
source 0 - assert 1763405283.000007616, sequence: 8142 - clear  0.000000000, sequence: 0
source 0 - assert 1763405284.000002372, sequence: 8143 - clear  0.000000000, sequence: 0
source 0 - assert 1763405285.000009452, sequence: 8144 - clear  0.000000000, sequence: 0
source 0 - assert 1763405286.000006143, sequence: 8145 - clear  0.000000000, sequence: 0
source 0 - assert 1763405287.000005137, sequence: 8146 - clear  0.000000000, sequence: 0
source 0 - assert 1763405288.000007146, sequence: 8147 - clear  0.000000000, sequence: 0
source 0 - assert 1763405289.000008332, sequence: 8148 - clear  0.000000000, sequence: 0
source 0 - assert 1763405290.000004962, sequence: 8149 - clear  0.000000000, sequence: 0
Terminated
