trying PPS source "/dev/pps0"
found PPS source "/dev/pps0"
ok, found 1 source(s), now start fetching data...
source 0 - assert 1763345620.000009011, sequence: 1581 - clear  0.000000000, sequence: 0
source 0 - assert 1763345621.000005686, sequence: 1582 - clear  0.000000000, sequence: 0
source 0 - assert 1763345622.000004831, sequence: 1583 - clear  0.000000000, sequence: 0
source 0 - assert 1763345623.000006954, sequence: 1584 - clear  0.000000000, sequence: 0
source 0 - assert 1763345624.000004852, sequence: 1585 - clear  0.000000000, sequence: 0
source 0 - assert 1763345625.000007288, sequence: 1586 - clear  0.000000000, sequence: 0
source 0 - assert 1763345626.000007265, sequence: 1587 - clear  0.000000000, sequence: 0
source 0 - assert 1763345627.000006390, sequence: 1588 - clear  0.000000000, sequence: 0
source 0 - assert 1763345628.000005485, sequence: 1589 - clear  0.000000000, sequence: 0
source 0 - assert 1763345629.000005382, sequence: 1590 - clear  0.000000000, sequence: 0
source 0 - assert 1763345630.000009219, sequence: 1591 - clear  0.000000000, sequence: 0
source 0 - assert 1763345631.000005256, sequence: 1592 - clear  0.000000000, sequence: 0
source 0 - assert 1763345632.000007702, sequence: 1593 - clear  0.000000000, sequence: 0
source 0 - assert 1763345633.000007308, sequence: 1594 - clear  0.000000000, sequence: 0
source 0 - assert 1763345634.000001505, sequence: 1595 - clear  0.000000000, sequence: 0
source 0 - assert 1763345635.000008777, sequence: 1596 - clear  0.000000000, sequence: 0
source 0 - assert 1763345636.000006846, sequence: 1597 - clear  0.000000000, sequence: 0
source 0 - assert 1763345637.000003878, sequence: 1598 - clear  0.000000000, sequence: 0
source 0 - assert 1763345638.000008966, sequence: 1599 - clear  0.000000000, sequence: 0
source 0 - assert 1763345639.000002237, sequence: 1600 - clear  0.000000000, sequence: 0
source 0 - assert 1763345640.000008871, sequence: 1601 - clear  0.000000000, sequence: 0
source 0 - assert 1763345641.000007741, sequence: 1602 - clear  0.000000000, sequence: 0
source 0 - assert 1763345642.000007028, sequence: 1603 - clear  0.000000000, sequence: 0
source 0 - assert 1763345643.000001592, sequence: 1604 - clear  0.000000000, sequence: 0
source 0 - assert 1763345644.000005282, sequence: 1605 - clear  0.000000000, sequence: 0
source 0 - assert 1763345645.000009201, sequence: 1606 - clear  0.000000000, sequence: 0
source 0 - assert 1763345646.000008069, sequence: 1607 - clear  0.000000000, sequence: 0
source 0 - assert 1763345647.000005967, sequence: 1608 - clear  0.000000000, sequence: 0
source 0 - assert 1763345648.000006242, sequence: 1609 - clear  0.000000000, sequence: 0
source 0 - assert 1763345649.000007281, sequence: 1610 - clear  0.000000000, sequence: 0
source 0 - assert 1763345650.000007559, sequence: 1611 - clear  0.000000000, sequence: 0
source 0 - assert 1763345651.000006648, sequence: 1612 - clear  0.000000000, sequence: 0
source 0 - assert 1763345652.000008188, sequence: 1613 - clear  0.000000000, sequence: 0
source 0 - assert 1763345653.000004429, sequence: 1614 - clear  0.000000000, sequence: 0
source 0 - assert 1763345654.000007629, sequence: 1615 - clear  0.000000000, sequence: 0
source 0 - assert 1763345655.000006642, sequence: 1616 - clear  0.000000000, sequence: 0
source 0 - assert 1763345656.000006120, sequence: 1617 - clear  0.000000000, sequence: 0
source 0 - assert 1763345657.000004234, sequence: 1618 - clear  0.000000000, sequence: 0
source 0 - assert 1763345658.000006961, sequence: 1619 - clear  0.000000000, sequence: 0
source 0 - assert 1763345659.000007631, sequence: 1620 - clear  0.000000000, sequence: 0
source 0 - assert 1763345660.000008352, sequence: 1621 - clear  0.000000000, sequence: 0
source 0 - assert 1763345661.000006234, sequence: 1622 - clear  0.000000000, sequence: 0
source 0 - assert 1763345662.000005380, sequence: 1623 - clear  0.000000000, sequence: 0
source 0 - assert 1763345663.000009766, sequence: 1624 - clear  0.000000000, sequence: 0
source 0 - assert 1763345664.000007902, sequence: 1625 - clear  0.000000000, sequence: 0
source 0 - assert 1763345665.000007282, sequence: 1626 - clear  0.000000000, sequence: 0
source 0 - assert 1763345666.000006803, sequence: 1627 - clear  0.000000000, sequence: 0
source 0 - assert 1763345667.000001950, sequence: 1628 - clear  0.000000000, sequence: 0
source 0 - assert 1763345668.000007573, sequence: 1629 - clear  0.000000000, sequence: 0
source 0 - assert 1763345669.000008730, sequence: 1630 - clear  0.000000000, sequence: 0
source 0 - assert 1763345670.000006452, sequence: 1631 - clear  0.000000000, sequence: 0
source 0 - assert 1763345671.000004353, sequence: 1632 - clear  0.000000000, sequence: 0
source 0 - assert 1763345672.000007570, sequence: 1633 - clear  0.000000000, sequence: 0
source 0 - assert 1763345673.000007985, sequence: 1634 - clear  0.000000000, sequence: 0
source 0 - assert 1763345674.000008023, sequence: 1635 - clear  0.000000000, sequence: 0
source 0 - assert 1763345675.000009674, sequence: 1636 - clear  0.000000000, sequence: 0
source 0 - assert 1763345676.000005095, sequence: 1637 - clear  0.000000000, sequence: 0
source 0 - assert 1763345677.000004432, sequence: 1638 - clear  0.000000000, sequence: 0
source 0 - assert 1763345678.000006551, sequence: 1639 - clear  0.000000000, sequence: 0
source 0 - assert 1763345679.000005400, sequence: 1640 - clear  0.000000000, sequence: 0
source 0 - assert 1763345680.000006970, sequence: 1641 - clear  0.000000000, sequence: 0
source 0 - assert 1763345681.000007849, sequence: 1642 - clear  0.000000000, sequence: 0
source 0 - assert 1763345682.000007029, sequence: 1643 - clear  0.000000000, sequence: 0
source 0 - assert 1763345683.000010455, sequence: 1644 - clear  0.000000000, sequence: 0
source 0 - assert 1763345684.000007945, sequence: 1645 - clear  0.000000000, sequence: 0
source 0 - assert 1763345685.000005873, sequence: 1646 - clear  0.000000000, sequence: 0
source 0 - assert 1763345686.000006917, sequence: 1647 - clear  0.000000000, sequence: 0
source 0 - assert 1763345687.000006681, sequence: 1648 - clear  0.000000000, sequence: 0
source 0 - assert 1763345688.000007821, sequence: 1649 - clear  0.000000000, sequence: 0
source 0 - assert 1763345689.000005565, sequence: 1650 - clear  0.000000000, sequence: 0
source 0 - assert 1763345690.000009353, sequence: 1651 - clear  0.000000000, sequence: 0
source 0 - assert 1763345691.000006607, sequence: 1652 - clear  0.000000000, sequence: 0
source 0 - assert 1763345692.000006279, sequence: 1653 - clear  0.000000000, sequence: 0
source 0 - assert 1763345693.000003780, sequence: 1654 - clear  0.000000000, sequence: 0
source 0 - assert 1763345694.000005959, sequence: 1655 - clear  0.000000000, sequence: 0
source 0 - assert 1763345695.000006225, sequence: 1656 - clear  0.000000000, sequence: 0
source 0 - assert 1763345696.000002327, sequence: 1657 - clear  0.000000000, sequence: 0
source 0 - assert 1763345697.000002257, sequence: 1658 - clear  0.000000000, sequence: 0
source 0 - assert 1763345698.000008080, sequence: 1659 - clear  0.000000000, sequence: 0
source 0 - assert 1763345699.000008666, sequence: 1660 - clear  0.000000000, sequence: 0
source 0 - assert 1763345700.000006642, sequence: 1661 - clear  0.000000000, sequence: 0
source 0 - assert 1763345701.000005483, sequence: 1662 - clear  0.000000000, sequence: 0
source 0 - assert 1763345702.000007280, sequence: 1663 - clear  0.000000000, sequence: 0
source 0 - assert 1763345703.000006638, sequence: 1664 - clear  0.000000000, sequence: 0
source 0 - assert 1763345704.000003553, sequence: 1665 - clear  0.000000000, sequence: 0
source 0 - assert 1763345705.000008481, sequence: 1666 - clear  0.000000000, sequence: 0
source 0 - assert 1763345706.000006245, sequence: 1667 - clear  0.000000000, sequence: 0
source 0 - assert 1763345707.000001520, sequence: 1668 - clear  0.000000000, sequence: 0
source 0 - assert 1763345708.000007901, sequence: 1669 - clear  0.000000000, sequence: 0
source 0 - assert 1763345709.000006329, sequence: 1670 - clear  0.000000000, sequence: 0
source 0 - assert 1763345710.000008229, sequence: 1671 - clear  0.000000000, sequence: 0
source 0 - assert 1763345711.000008427, sequence: 1672 - clear  0.000000000, sequence: 0
source 0 - assert 1763345712.000005270, sequence: 1673 - clear  0.000000000, sequence: 0
source 0 - assert 1763345713.000009844, sequence: 1674 - clear  0.000000000, sequence: 0
source 0 - assert 1763345714.000008968, sequence: 1675 - clear  0.000000000, sequence: 0
source 0 - assert 1763345715.000007178, sequence: 1676 - clear  0.000000000, sequence: 0
source 0 - assert 1763345716.000004795, sequence: 1677 - clear  0.000000000, sequence: 0
source 0 - assert 1763345717.000003216, sequence: 1678 - clear  0.000000000, sequence: 0
source 0 - assert 1763345718.000005817, sequence: 1679 - clear  0.000000000, sequence: 0
source 0 - assert 1763345719.000007188, sequence: 1680 - clear  0.000000000, sequence: 0
source 0 - assert 1763345720.000007259, sequence: 1681 - clear  0.000000000, sequence: 0
source 0 - assert 1763345721.000005730, sequence: 1682 - clear  0.000000000, sequence: 0
source 0 - assert 1763345722.000004595, sequence: 1683 - clear  0.000000000, sequence: 0
source 0 - assert 1763345723.000007134, sequence: 1684 - clear  0.000000000, sequence: 0
source 0 - assert 1763345724.000004000, sequence: 1685 - clear  0.000000000, sequence: 0
source 0 - assert 1763345725.000010643, sequence: 1686 - clear  0.000000000, sequence: 0
source 0 - assert 1763345726.000004054, sequence: 1687 - clear  0.000000000, sequence: 0
source 0 - assert 1763345727.000005444, sequence: 1688 - clear  0.000000000, sequence: 0
source 0 - assert 1763345728.000005550, sequence: 1689 - clear  0.000000000, sequence: 0
source 0 - assert 1763345729.000004592, sequence: 1690 - clear  0.000000000, sequence: 0
source 0 - assert 1763345730.000009325, sequence: 1691 - clear  0.000000000, sequence: 0
source 0 - assert 1763345731.000008362, sequence: 1692 - clear  0.000000000, sequence: 0
source 0 - assert 1763345732.000004918, sequence: 1693 - clear  0.000000000, sequence: 0
source 0 - assert 1763345733.000006725, sequence: 1694 - clear  0.000000000, sequence: 0
source 0 - assert 1763345734.000005649, sequence: 1695 - clear  0.000000000, sequence: 0
source 0 - assert 1763345735.000007835, sequence: 1696 - clear  0.000000000, sequence: 0
source 0 - assert 1763345736.000010330, sequence: 1697 - clear  0.000000000, sequence: 0
source 0 - assert 1763345737.000004403, sequence: 1698 - clear  0.000000000, sequence: 0
source 0 - assert 1763345738.000004560, sequence: 1699 - clear  0.000000000, sequence: 0
source 0 - assert 1763345739.000003310, sequence: 1700 - clear  0.000000000, sequence: 0
source 0 - assert 1763345740.000001035, sequence: 1701 - clear  0.000000000, sequence: 0
source 0 - assert 1763345741.000004988, sequence: 1702 - clear  0.000000000, sequence: 0
source 0 - assert 1763345742.000005081, sequence: 1703 - clear  0.000000000, sequence: 0
source 0 - assert 1763345743.000005254, sequence: 1704 - clear  0.000000000, sequence: 0
source 0 - assert 1763345744.000006023, sequence: 1705 - clear  0.000000000, sequence: 0
source 0 - assert 1763345745.000007387, sequence: 1706 - clear  0.000000000, sequence: 0
source 0 - assert 1763345746.000004613, sequence: 1707 - clear  0.000000000, sequence: 0
source 0 - assert 1763345747.000003129, sequence: 1708 - clear  0.000000000, sequence: 0
source 0 - assert 1763345748.000008017, sequence: 1709 - clear  0.000000000, sequence: 0
source 0 - assert 1763345749.000007030, sequence: 1710 - clear  0.000000000, sequence: 0
source 0 - assert 1763345750.000007160, sequence: 1711 - clear  0.000000000, sequence: 0
source 0 - assert 1763345751.000004904, sequence: 1712 - clear  0.000000000, sequence: 0
source 0 - assert 1763345752.000010443, sequence: 1713 - clear  0.000000000, sequence: 0
source 0 - assert 1763345753.000007662, sequence: 1714 - clear  0.000000000, sequence: 0
source 0 - assert 1763345754.000007355, sequence: 1715 - clear  0.000000000, sequence: 0
source 0 - assert 1763345755.000008534, sequence: 1716 - clear  0.000000000, sequence: 0
source 0 - assert 1763345756.000007089, sequence: 1717 - clear  0.000000000, sequence: 0
source 0 - assert 1763345757.000005634, sequence: 1718 - clear  0.000000000, sequence: 0
source 0 - assert 1763345758.000005271, sequence: 1719 - clear  0.000000000, sequence: 0
source 0 - assert 1763345759.000009210, sequence: 1720 - clear  0.000000000, sequence: 0
source 0 - assert 1763345760.000008855, sequence: 1721 - clear  0.000000000, sequence: 0
source 0 - assert 1763345761.000007446, sequence: 1722 - clear  0.000000000, sequence: 0
source 0 - assert 1763345762.000006831, sequence: 1723 - clear  0.000000000, sequence: 0
source 0 - assert 1763345763.000008689, sequence: 1724 - clear  0.000000000, sequence: 0
source 0 - assert 1763345764.000008275, sequence: 1725 - clear  0.000000000, sequence: 0
source 0 - assert 1763345765.000008284, sequence: 1726 - clear  0.000000000, sequence: 0
source 0 - assert 1763345766.000010452, sequence: 1727 - clear  0.000000000, sequence: 0
source 0 - assert 1763345767.000006157, sequence: 1728 - clear  0.000000000, sequence: 0
source 0 - assert 1763345768.000007090, sequence: 1729 - clear  0.000000000, sequence: 0
source 0 - assert 1763345769.000005516, sequence: 1730 - clear  0.000000000, sequence: 0
source 0 - assert 1763345770.000009557, sequence: 1731 - clear  0.000000000, sequence: 0
source 0 - assert 1763345771.000003238, sequence: 1732 - clear  0.000000000, sequence: 0
source 0 - assert 1763345772.000005639, sequence: 1733 - clear  0.000000000, sequence: 0
source 0 - assert 1763345773.000010307, sequence: 1734 - clear  0.000000000, sequence: 0
source 0 - assert 1763345774.000007813, sequence: 1735 - clear  0.000000000, sequence: 0
source 0 - assert 1763345775.000007387, sequence: 1736 - clear  0.000000000, sequence: 0
source 0 - assert 1763345776.000008174, sequence: 1737 - clear  0.000000000, sequence: 0
source 0 - assert 1763345777.000004902, sequence: 1738 - clear  0.000000000, sequence: 0
source 0 - assert 1763345778.000006047, sequence: 1739 - clear  0.000000000, sequence: 0
source 0 - assert 1763345779.000004398, sequence: 1740 - clear  0.000000000, sequence: 0
source 0 - assert 1763345780.000006880, sequence: 1741 - clear  0.000000000, sequence: 0
source 0 - assert 1763345781.000003091, sequence: 1742 - clear  0.000000000, sequence: 0
source 0 - assert 1763345782.000006430, sequence: 1743 - clear  0.000000000, sequence: 0
source 0 - assert 1763345783.000006458, sequence: 1744 - clear  0.000000000, sequence: 0
source 0 - assert 1763345784.000003654, sequence: 1745 - clear  0.000000000, sequence: 0
source 0 - assert 1763345785.000006415, sequence: 1746 - clear  0.000000000, sequence: 0
source 0 - assert 1763345786.000007457, sequence: 1747 - clear  0.000000000, sequence: 0
source 0 - assert 1763345787.000004257, sequence: 1748 - clear  0.000000000, sequence: 0
source 0 - assert 1763345788.000006755, sequence: 1749 - clear  0.000000000, sequence: 0
source 0 - assert 1763345789.000008096, sequence: 1750 - clear  0.000000000, sequence: 0
source 0 - assert 1763345790.000007540, sequence: 1751 - clear  0.000000000, sequence: 0
source 0 - assert 1763345791.000002743, sequence: 1752 - clear  0.000000000, sequence: 0
source 0 - assert 1763345792.000006558, sequence: 1753 - clear  0.000000000, sequence: 0
source 0 - assert 1763345793.000002862, sequence: 1754 - clear  0.000000000, sequence: 0
source 0 - assert 1763345794.000004683, sequence: 1755 - clear  0.000000000, sequence: 0
source 0 - assert 1763345795.000006662, sequence: 1756 - clear  0.000000000, sequence: 0
source 0 - assert 1763345796.000009104, sequence: 1757 - clear  0.000000000, sequence: 0
source 0 - assert 1763345797.000007908, sequence: 1758 - clear  0.000000000, sequence: 0
source 0 - assert 1763345798.000006785, sequence: 1759 - clear  0.000000000, sequence: 0
source 0 - assert 1763345799.000006642, sequence: 1760 - clear  0.000000000, sequence: 0
source 0 - assert 1763345800.000010258, sequence: 1761 - clear  0.000000000, sequence: 0
source 0 - assert 1763345801.000003645, sequence: 1762 - clear  0.000000000, sequence: 0
source 0 - assert 1763345802.000008227, sequence: 1763 - clear  0.000000000, sequence: 0
source 0 - assert 1763345803.000006370, sequence: 1764 - clear  0.000000000, sequence: 0
source 0 - assert 1763345804.000006466, sequence: 1765 - clear  0.000000000, sequence: 0
source 0 - assert 1763345805.000010183, sequence: 1766 - clear  0.000000000, sequence: 0
source 0 - assert 1763345806.000007944, sequence: 1767 - clear  0.000000000, sequence: 0
source 0 - assert 1763345807.000010876, sequence: 1768 - clear  0.000000000, sequence: 0
source 0 - assert 1763345808.000006013, sequence: 1769 - clear  0.000000000, sequence: 0
source 0 - assert 1763345809.000004770, sequence: 1770 - clear  0.000000000, sequence: 0
source 0 - assert 1763345810.000008587, sequence: 1771 - clear  0.000000000, sequence: 0
source 0 - assert 1763345811.000007130, sequence: 1772 - clear  0.000000000, sequence: 0
source 0 - assert 1763345812.000008547, sequence: 1773 - clear  0.000000000, sequence: 0
source 0 - assert 1763345813.000007997, sequence: 1774 - clear  0.000000000, sequence: 0
source 0 - assert 1763345814.000004761, sequence: 1775 - clear  0.000000000, sequence: 0
source 0 - assert 1763345815.000009613, sequence: 1776 - clear  0.000000000, sequence: 0
source 0 - assert 1763345816.000008185, sequence: 1777 - clear  0.000000000, sequence: 0
source 0 - assert 1763345817.000004990, sequence: 1778 - clear  0.000000000, sequence: 0
source 0 - assert 1763345818.000007665, sequence: 1779 - clear  0.000000000, sequence: 0
source 0 - assert 1763345819.000006222, sequence: 1780 - clear  0.000000000, sequence: 0
source 0 - assert 1763345820.000009450, sequence: 1781 - clear  0.000000000, sequence: 0
source 0 - assert 1763345821.000008755, sequence: 1782 - clear  0.000000000, sequence: 0
source 0 - assert 1763345822.000011164, sequence: 1783 - clear  0.000000000, sequence: 0
source 0 - assert 1763345823.000006277, sequence: 1784 - clear  0.000000000, sequence: 0
source 0 - assert 1763345824.000006134, sequence: 1785 - clear  0.000000000, sequence: 0
source 0 - assert 1763345825.000008196, sequence: 1786 - clear  0.000000000, sequence: 0
source 0 - assert 1763345826.000012845, sequence: 1787 - clear  0.000000000, sequence: 0
source 0 - assert 1763345827.000009243, sequence: 1788 - clear  0.000000000, sequence: 0
source 0 - assert 1763345828.000008241, sequence: 1789 - clear  0.000000000, sequence: 0
source 0 - assert 1763345829.000010338, sequence: 1790 - clear  0.000000000, sequence: 0
source 0 - assert 1763345830.000007903, sequence: 1791 - clear  0.000000000, sequence: 0
source 0 - assert 1763345831.000007571, sequence: 1792 - clear  0.000000000, sequence: 0
source 0 - assert 1763345832.000005161, sequence: 1793 - clear  0.000000000, sequence: 0
source 0 - assert 1763345833.000006002, sequence: 1794 - clear  0.000000000, sequence: 0
source 0 - assert 1763345834.000007515, sequence: 1795 - clear  0.000000000, sequence: 0
source 0 - assert 1763345835.000008839, sequence: 1796 - clear  0.000000000, sequence: 0
source 0 - assert 1763345836.000011095, sequence: 1797 - clear  0.000000000, sequence: 0
source 0 - assert 1763345837.000008223, sequence: 1798 - clear  0.000000000, sequence: 0
source 0 - assert 1763345838.000009434, sequence: 1799 - clear  0.000000000, sequence: 0
source 0 - assert 1763345839.000011315, sequence: 1800 - clear  0.000000000, sequence: 0
source 0 - assert 1763345840.000008997, sequence: 1801 - clear  0.000000000, sequence: 0
source 0 - assert 1763345841.000006215, sequence: 1802 - clear  0.000000000, sequence: 0
source 0 - assert 1763345842.000008540, sequence: 1803 - clear  0.000000000, sequence: 0
source 0 - assert 1763345843.000008888, sequence: 1804 - clear  0.000000000, sequence: 0
source 0 - assert 1763345844.000008724, sequence: 1805 - clear  0.000000000, sequence: 0
source 0 - assert 1763345845.000008816, sequence: 1806 - clear  0.000000000, sequence: 0
source 0 - assert 1763345846.000006761, sequence: 1807 - clear  0.000000000, sequence: 0
source 0 - assert 1763345847.000005144, sequence: 1808 - clear  0.000000000, sequence: 0
source 0 - assert 1763345848.000009410, sequence: 1809 - clear  0.000000000, sequence: 0
source 0 - assert 1763345849.000007658, sequence: 1810 - clear  0.000000000, sequence: 0
source 0 - assert 1763345850.000010471, sequence: 1811 - clear  0.000000000, sequence: 0
source 0 - assert 1763345851.000009852, sequence: 1812 - clear  0.000000000, sequence: 0
source 0 - assert 1763345852.000011811, sequence: 1813 - clear  0.000000000, sequence: 0
source 0 - assert 1763345853.000012505, sequence: 1814 - clear  0.000000000, sequence: 0
source 0 - assert 1763345854.000010144, sequence: 1815 - clear  0.000000000, sequence: 0
source 0 - assert 1763345855.000009298, sequence: 1816 - clear  0.000000000, sequence: 0
source 0 - assert 1763345856.000006459, sequence: 1817 - clear  0.000000000, sequence: 0
source 0 - assert 1763345857.000012018, sequence: 1818 - clear  0.000000000, sequence: 0
source 0 - assert 1763345858.000009542, sequence: 1819 - clear  0.000000000, sequence: 0
source 0 - assert 1763345859.000006394, sequence: 1820 - clear  0.000000000, sequence: 0
source 0 - assert 1763345860.000011981, sequence: 1821 - clear  0.000000000, sequence: 0
source 0 - assert 1763345861.000007051, sequence: 1822 - clear  0.000000000, sequence: 0
source 0 - assert 1763345862.000009856, sequence: 1823 - clear  0.000000000, sequence: 0
source 0 - assert 1763345863.000010283, sequence: 1824 - clear  0.000000000, sequence: 0
source 0 - assert 1763345864.000007399, sequence: 1825 - clear  0.000000000, sequence: 0
source 0 - assert 1763345865.000010487, sequence: 1826 - clear  0.000000000, sequence: 0
source 0 - assert 1763345866.000008266, sequence: 1827 - clear  0.000000000, sequence: 0
source 0 - assert 1763345867.000006220, sequence: 1828 - clear  0.000000000, sequence: 0
source 0 - assert 1763345868.000002175, sequence: 1829 - clear  0.000000000, sequence: 0
source 0 - assert 1763345869.000011859, sequence: 1830 - clear  0.000000000, sequence: 0
source 0 - assert 1763345870.000009473, sequence: 1831 - clear  0.000000000, sequence: 0
source 0 - assert 1763345871.000006189, sequence: 1832 - clear  0.000000000, sequence: 0
source 0 - assert 1763345872.000010789, sequence: 1833 - clear  0.000000000, sequence: 0
source 0 - assert 1763345873.000005017, sequence: 1834 - clear  0.000000000, sequence: 0
source 0 - assert 1763345874.000010717, sequence: 1835 - clear  0.000000000, sequence: 0
source 0 - assert 1763345875.000010570, sequence: 1836 - clear  0.000000000, sequence: 0
source 0 - assert 1763345876.000008435, sequence: 1837 - clear  0.000000000, sequence: 0
source 0 - assert 1763345877.000007909, sequence: 1838 - clear  0.000000000, sequence: 0
source 0 - assert 1763345878.000006628, sequence: 1839 - clear  0.000000000, sequence: 0
source 0 - assert 1763345879.000007108, sequence: 1840 - clear  0.000000000, sequence: 0
source 0 - assert 1763345880.000009016, sequence: 1841 - clear  0.000000000, sequence: 0
source 0 - assert 1763345881.000003779, sequence: 1842 - clear  0.000000000, sequence: 0
source 0 - assert 1763345882.000010383, sequence: 1843 - clear  0.000000000, sequence: 0
source 0 - assert 1763345883.000008436, sequence: 1844 - clear  0.000000000, sequence: 0
source 0 - assert 1763345884.000009981, sequence: 1845 - clear  0.000000000, sequence: 0
source 0 - assert 1763345885.000007591, sequence: 1846 - clear  0.000000000, sequence: 0
source 0 - assert 1763345886.000006648, sequence: 1847 - clear  0.000000000, sequence: 0
source 0 - assert 1763345887.000011573, sequence: 1848 - clear  0.000000000, sequence: 0
source 0 - assert 1763345888.000010552, sequence: 1849 - clear  0.000000000, sequence: 0
source 0 - assert 1763345889.000007073, sequence: 1850 - clear  0.000000000, sequence: 0
source 0 - assert 1763345890.000009731, sequence: 1851 - clear  0.000000000, sequence: 0
source 0 - assert 1763345891.000007548, sequence: 1852 - clear  0.000000000, sequence: 0
source 0 - assert 1763345892.000007438, sequence: 1853 - clear  0.000000000, sequence: 0
source 0 - assert 1763345893.000006278, sequence: 1854 - clear  0.000000000, sequence: 0
source 0 - assert 1763345894.000007274, sequence: 1855 - clear  0.000000000, sequence: 0
source 0 - assert 1763345895.000011029, sequence: 1856 - clear  0.000000000, sequence: 0
source 0 - assert 1763345896.000007811, sequence: 1857 - clear  0.000000000, sequence: 0
source 0 - assert 1763345897.000007133, sequence: 1858 - clear  0.000000000, sequence: 0
source 0 - assert 1763345898.000008430, sequence: 1859 - clear  0.000000000, sequence: 0
source 0 - assert 1763345899.000004287, sequence: 1860 - clear  0.000000000, sequence: 0
source 0 - assert 1763345900.000009810, sequence: 1861 - clear  0.000000000, sequence: 0
source 0 - assert 1763345901.000009551, sequence: 1862 - clear  0.000000000, sequence: 0
source 0 - assert 1763345902.000006977, sequence: 1863 - clear  0.000000000, sequence: 0
source 0 - assert 1763345903.000009000, sequence: 1864 - clear  0.000000000, sequence: 0
source 0 - assert 1763345904.000009064, sequence: 1865 - clear  0.000000000, sequence: 0
source 0 - assert 1763345905.000007189, sequence: 1866 - clear  0.000000000, sequence: 0
source 0 - assert 1763345906.000007749, sequence: 1867 - clear  0.000000000, sequence: 0
source 0 - assert 1763345907.000005948, sequence: 1868 - clear  0.000000000, sequence: 0
source 0 - assert 1763345908.000007826, sequence: 1869 - clear  0.000000000, sequence: 0
source 0 - assert 1763345909.000006934, sequence: 1870 - clear  0.000000000, sequence: 0
source 0 - assert 1763345910.000009135, sequence: 1871 - clear  0.000000000, sequence: 0
source 0 - assert 1763345911.000005556, sequence: 1872 - clear  0.000000000, sequence: 0
source 0 - assert 1763345912.000007699, sequence: 1873 - clear  0.000000000, sequence: 0
source 0 - assert 1763345913.000009835, sequence: 1874 - clear  0.000000000, sequence: 0
source 0 - assert 1763345914.000004364, sequence: 1875 - clear  0.000000000, sequence: 0
source 0 - assert 1763345915.000012492, sequence: 1876 - clear  0.000000000, sequence: 0
source 0 - assert 1763345916.000006884, sequence: 1877 - clear  0.000000000, sequence: 0
source 0 - assert 1763345917.000010231, sequence: 1878 - clear  0.000000000, sequence: 0
source 0 - assert 1763345918.000006374, sequence: 1879 - clear  0.000000000, sequence: 0
source 0 - assert 1763345919.000007205, sequence: 1880 - clear  0.000000000, sequence: 0
source 0 - assert 1763345920.000011215, sequence: 1881 - clear  0.000000000, sequence: 0
source 0 - assert 1763345921.000005485, sequence: 1882 - clear  0.000000000, sequence: 0
source 0 - assert 1763345922.000009099, sequence: 1883 - clear  0.000000000, sequence: 0
source 0 - assert 1763345923.000006235, sequence: 1884 - clear  0.000000000, sequence: 0
source 0 - assert 1763345924.000007117, sequence: 1885 - clear  0.000000000, sequence: 0
source 0 - assert 1763345925.000009062, sequence: 1886 - clear  0.000000000, sequence: 0
source 0 - assert 1763345926.000007006, sequence: 1887 - clear  0.000000000, sequence: 0
source 0 - assert 1763345927.000008525, sequence: 1888 - clear  0.000000000, sequence: 0
source 0 - assert 1763345928.000011524, sequence: 1889 - clear  0.000000000, sequence: 0
source 0 - assert 1763345929.000007117, sequence: 1890 - clear  0.000000000, sequence: 0
source 0 - assert 1763345930.000009020, sequence: 1891 - clear  0.000000000, sequence: 0
source 0 - assert 1763345931.000009575, sequence: 1892 - clear  0.000000000, sequence: 0
source 0 - assert 1763345932.000010047, sequence: 1893 - clear  0.000000000, sequence: 0
source 0 - assert 1763345933.000008867, sequence: 1894 - clear  0.000000000, sequence: 0
source 0 - assert 1763345934.000010808, sequence: 1895 - clear  0.000000000, sequence: 0
source 0 - assert 1763345935.000011728, sequence: 1896 - clear  0.000000000, sequence: 0
Terminated
