trying PPS source "/dev/pps0"
found PPS source "/dev/pps0"
ok, found 1 source(s), now start fetching data...
source 0 - assert 1763346380.000004608, sequence: 2341 - clear  0.000000000, sequence: 0
source 0 - assert 1763346381.000007205, sequence: 2342 - clear  0.000000000, sequence: 0
source 0 - assert 1763346382.000008292, sequence: 2343 - clear  0.000000000, sequence: 0
source 0 - assert 1763346383.000007235, sequence: 2344 - clear  0.000000000, sequence: 0
source 0 - assert 1763346384.000011097, sequence: 2345 - clear  0.000000000, sequence: 0
source 0 - assert 1763346385.000009823, sequence: 2346 - clear  0.000000000, sequence: 0
source 0 - assert 1763346386.000007657, sequence: 2347 - clear  0.000000000, sequence: 0
source 0 - assert 1763346387.000008054, sequence: 2348 - clear  0.000000000, sequence: 0
source 0 - assert 1763346388.000006972, sequence: 2349 - clear  0.000000000, sequence: 0
source 0 - assert 1763346389.000007840, sequence: 2350 - clear  0.000000000, sequence: 0
source 0 - assert 1763346390.000010728, sequence: 2351 - clear  0.000000000, sequence: 0
source 0 - assert 1763346391.000007818, sequence: 2352 - clear  0.000000000, sequence: 0
source 0 - assert 1763346392.000006254, sequence: 2353 - clear  0.000000000, sequence: 0
source 0 - assert 1763346393.000010679, sequence: 2354 - clear  0.000000000, sequence: 0
source 0 - assert 1763346394.000005764, sequence: 2355 - clear  0.000000000, sequence: 0
source 0 - assert 1763346395.000007719, sequence: 2356 - clear  0.000000000, sequence: 0
source 0 - assert 1763346396.000007762, sequence: 2357 - clear  0.000000000, sequence: 0
source 0 - assert 1763346397.000005889, sequence: 2358 - clear  0.000000000, sequence: 0
source 0 - assert 1763346398.000009597, sequence: 2359 - clear  0.000000000, sequence: 0
source 0 - assert 1763346399.000006028, sequence: 2360 - clear  0.000000000, sequence: 0
source 0 - assert 1763346400.000006446, sequence: 2361 - clear  0.000000000, sequence: 0
source 0 - assert 1763346401.000012794, sequence: 2362 - clear  0.000000000, sequence: 0
source 0 - assert 1763346402.000006295, sequence: 2363 - clear  0.000000000, sequence: 0
source 0 - assert 1763346403.000008435, sequence: 2364 - clear  0.000000000, sequence: 0
source 0 - assert 1763346404.000007002, sequence: 2365 - clear  0.000000000, sequence: 0
source 0 - assert 1763346405.000010689, sequence: 2366 - clear  0.000000000, sequence: 0
source 0 - assert 1763346406.000008525, sequence: 2367 - clear  0.000000000, sequence: 0
source 0 - assert 1763346407.000006031, sequence: 2368 - clear  0.000000000, sequence: 0
source 0 - assert 1763346408.000006570, sequence: 2369 - clear  0.000000000, sequence: 0
source 0 - assert 1763346409.000007220, sequence: 2370 - clear  0.000000000, sequence: 0
source 0 - assert 1763346410.000008587, sequence: 2371 - clear  0.000000000, sequence: 0
source 0 - assert 1763346411.000010478, sequence: 2372 - clear  0.000000000, sequence: 0
source 0 - assert 1763346412.000005019, sequence: 2373 - clear  0.000000000, sequence: 0
source 0 - assert 1763346413.000004595, sequence: 2374 - clear  0.000000000, sequence: 0
source 0 - assert 1763346414.000007213, sequence: 2375 - clear  0.000000000, sequence: 0
source 0 - assert 1763346415.000009591, sequence: 2376 - clear  0.000000000, sequence: 0
source 0 - assert 1763346416.000008981, sequence: 2377 - clear  0.000000000, sequence: 0
source 0 - assert 1763346417.000006066, sequence: 2378 - clear  0.000000000, sequence: 0
source 0 - assert 1763346418.000007306, sequence: 2379 - clear  0.000000000, sequence: 0
source 0 - assert 1763346419.000007602, sequence: 2380 - clear  0.000000000, sequence: 0
source 0 - assert 1763346420.000008717, sequence: 2381 - clear  0.000000000, sequence: 0
source 0 - assert 1763346421.000008757, sequence: 2382 - clear  0.000000000, sequence: 0
source 0 - assert 1763346422.000011177, sequence: 2383 - clear  0.000000000, sequence: 0
source 0 - assert 1763346423.000005424, sequence: 2384 - clear  0.000000000, sequence: 0
source 0 - assert 1763346424.000005540, sequence: 2385 - clear  0.000000000, sequence: 0
source 0 - assert 1763346425.000008563, sequence: 2386 - clear  0.000000000, sequence: 0
source 0 - assert 1763346426.000008790, sequence: 2387 - clear  0.000000000, sequence: 0
source 0 - assert 1763346427.000007335, sequence: 2388 - clear  0.000000000, sequence: 0
source 0 - assert 1763346428.000009649, sequence: 2389 - clear  0.000000000, sequence: 0
source 0 - assert 1763346429.000002639, sequence: 2390 - clear  0.000000000, sequence: 0
source 0 - assert 1763346430.000007471, sequence: 2391 - clear  0.000000000, sequence: 0
source 0 - assert 1763346431.000012091, sequence: 2392 - clear  0.000000000, sequence: 0
source 0 - assert 1763346432.000008308, sequence: 2393 - clear  0.000000000, sequence: 0
source 0 - assert 1763346433.000006746, sequence: 2394 - clear  0.000000000, sequence: 0
source 0 - assert 1763346434.000007167, sequence: 2395 - clear  0.000000000, sequence: 0
source 0 - assert 1763346435.000007336, sequence: 2396 - clear  0.000000000, sequence: 0
source 0 - assert 1763346436.000008577, sequence: 2397 - clear  0.000000000, sequence: 0
source 0 - assert 1763346437.000004442, sequence: 2398 - clear  0.000000000, sequence: 0
source 0 - assert 1763346438.000006231, sequence: 2399 - clear  0.000000000, sequence: 0
source 0 - assert 1763346439.000009958, sequence: 2400 - clear  0.000000000, sequence: 0
source 0 - assert 1763346440.000003094, sequence: 2401 - clear  0.000000000, sequence: 0
source 0 - assert 1763346441.000009261, sequence: 2402 - clear  0.000000000, sequence: 0
source 0 - assert 1763346442.000006102, sequence: 2403 - clear  0.000000000, sequence: 0
source 0 - assert 1763346443.000004511, sequence: 2404 - clear  0.000000000, sequence: 0
source 0 - assert 1763346444.000004708, sequence: 2405 - clear  0.000000000, sequence: 0
source 0 - assert 1763346445.000009149, sequence: 2406 - clear  0.000000000, sequence: 0
source 0 - assert 1763346446.000011027, sequence: 2407 - clear  0.000000000, sequence: 0
source 0 - assert 1763346447.000006567, sequence: 2408 - clear  0.000000000, sequence: 0
source 0 - assert 1763346448.000005497, sequence: 2409 - clear  0.000000000, sequence: 0
source 0 - assert 1763346449.000006265, sequence: 2410 - clear  0.000000000, sequence: 0
source 0 - assert 1763346450.000008084, sequence: 2411 - clear  0.000000000, sequence: 0
source 0 - assert 1763346451.000010496, sequence: 2412 - clear  0.000000000, sequence: 0
source 0 - assert 1763346452.000008044, sequence: 2413 - clear  0.000000000, sequence: 0
source 0 - assert 1763346453.000007763, sequence: 2414 - clear  0.000000000, sequence: 0
source 0 - assert 1763346454.000007170, sequence: 2415 - clear  0.000000000, sequence: 0
source 0 - assert 1763346455.000011208, sequence: 2416 - clear  0.000000000, sequence: 0
source 0 - assert 1763346456.000012680, sequence: 2417 - clear  0.000000000, sequence: 0
source 0 - assert 1763346457.000008113, sequence: 2418 - clear  0.000000000, sequence: 0
source 0 - assert 1763346458.000005777, sequence: 2419 - clear  0.000000000, sequence: 0
source 0 - assert 1763346459.000008867, sequence: 2420 - clear  0.000000000, sequence: 0
source 0 - assert 1763346460.000005026, sequence: 2421 - clear  0.000000000, sequence: 0
source 0 - assert 1763346461.000009170, sequence: 2422 - clear  0.000000000, sequence: 0
source 0 - assert 1763346462.000010000, sequence: 2423 - clear  0.000000000, sequence: 0
source 0 - assert 1763346463.000005405, sequence: 2424 - clear  0.000000000, sequence: 0
source 0 - assert 1763346464.000005742, sequence: 2425 - clear  0.000000000, sequence: 0
source 0 - assert 1763346465.000005784, sequence: 2426 - clear  0.000000000, sequence: 0
source 0 - assert 1763346466.000008104, sequence: 2427 - clear  0.000000000, sequence: 0
source 0 - assert 1763346467.000008385, sequence: 2428 - clear  0.000000000, sequence: 0
source 0 - assert 1763346468.000009593, sequence: 2429 - clear  0.000000000, sequence: 0
source 0 - assert 1763346469.000008730, sequence: 2430 - clear  0.000000000, sequence: 0
source 0 - assert 1763346470.000005481, sequence: 2431 - clear  0.000000000, sequence: 0
source 0 - assert 1763346471.000011592, sequence: 2432 - clear  0.000000000, sequence: 0
source 0 - assert 1763346472.000012502, sequence: 2433 - clear  0.000000000, sequence: 0
source 0 - assert 1763346473.000008726, sequence: 2434 - clear  0.000000000, sequence: 0
source 0 - assert 1763346474.000006645, sequence: 2435 - clear  0.000000000, sequence: 0
source 0 - assert 1763346475.000004562, sequence: 2436 - clear  0.000000000, sequence: 0
source 0 - assert 1763346476.000009309, sequence: 2437 - clear  0.000000000, sequence: 0
source 0 - assert 1763346477.000011219, sequence: 2438 - clear  0.000000000, sequence: 0
source 0 - assert 1763346478.000008646, sequence: 2439 - clear  0.000000000, sequence: 0
source 0 - assert 1763346479.000008769, sequence: 2440 - clear  0.000000000, sequence: 0
source 0 - assert 1763346480.000005351, sequence: 2441 - clear  0.000000000, sequence: 0
source 0 - assert 1763346481.000009234, sequence: 2442 - clear  0.000000000, sequence: 0
source 0 - assert 1763346482.000011028, sequence: 2443 - clear  0.000000000, sequence: 0
source 0 - assert 1763346483.000010490, sequence: 2444 - clear  0.000000000, sequence: 0
source 0 - assert 1763346484.000006827, sequence: 2445 - clear  0.000000000, sequence: 0
source 0 - assert 1763346485.000008273, sequence: 2446 - clear  0.000000000, sequence: 0
source 0 - assert 1763346486.000010655, sequence: 2447 - clear  0.000000000, sequence: 0
source 0 - assert 1763346487.000005660, sequence: 2448 - clear  0.000000000, sequence: 0
source 0 - assert 1763346488.000010317, sequence: 2449 - clear  0.000000000, sequence: 0
source 0 - assert 1763346489.000004556, sequence: 2450 - clear  0.000000000, sequence: 0
source 0 - assert 1763346490.000008667, sequence: 2451 - clear  0.000000000, sequence: 0
source 0 - assert 1763346491.000011560, sequence: 2452 - clear  0.000000000, sequence: 0
source 0 - assert 1763346492.000011738, sequence: 2453 - clear  0.000000000, sequence: 0
source 0 - assert 1763346493.000009740, sequence: 2454 - clear  0.000000000, sequence: 0
source 0 - assert 1763346494.000006926, sequence: 2455 - clear  0.000000000, sequence: 0
source 0 - assert 1763346495.000008706, sequence: 2456 - clear  0.000000000, sequence: 0
source 0 - assert 1763346496.000007057, sequence: 2457 - clear  0.000000000, sequence: 0
source 0 - assert 1763346497.000006183, sequence: 2458 - clear  0.000000000, sequence: 0
source 0 - assert 1763346498.000007882, sequence: 2459 - clear  0.000000000, sequence: 0
source 0 - assert 1763346499.000008508, sequence: 2460 - clear  0.000000000, sequence: 0
source 0 - assert 1763346500.000006213, sequence: 2461 - clear  0.000000000, sequence: 0
source 0 - assert 1763346501.000010694, sequence: 2462 - clear  0.000000000, sequence: 0
source 0 - assert 1763346502.000005528, sequence: 2463 - clear  0.000000000, sequence: 0
source 0 - assert 1763346503.000007738, sequence: 2464 - clear  0.000000000, sequence: 0
source 0 - assert 1763346504.000008704, sequence: 2465 - clear  0.000000000, sequence: 0
source 0 - assert 1763346505.000006038, sequence: 2466 - clear  0.000000000, sequence: 0
source 0 - assert 1763346506.000007560, sequence: 2467 - clear  0.000000000, sequence: 0
source 0 - assert 1763346507.000007667, sequence: 2468 - clear  0.000000000, sequence: 0
source 0 - assert 1763346508.000004180, sequence: 2469 - clear  0.000000000, sequence: 0
source 0 - assert 1763346509.000007687, sequence: 2470 - clear  0.000000000, sequence: 0
source 0 - assert 1763346510.000010433, sequence: 2471 - clear  0.000000000, sequence: 0
source 0 - assert 1763346511.000012024, sequence: 2472 - clear  0.000000000, sequence: 0
source 0 - assert 1763346512.000007831, sequence: 2473 - clear  0.000000000, sequence: 0
source 0 - assert 1763346513.000009003, sequence: 2474 - clear  0.000000000, sequence: 0
source 0 - assert 1763346514.000006697, sequence: 2475 - clear  0.000000000, sequence: 0
source 0 - assert 1763346515.000009068, sequence: 2476 - clear  0.000000000, sequence: 0
source 0 - assert 1763346516.000011487, sequence: 2477 - clear  0.000000000, sequence: 0
source 0 - assert 1763346517.000007604, sequence: 2478 - clear  0.000000000, sequence: 0
source 0 - assert 1763346518.000005685, sequence: 2479 - clear  0.000000000, sequence: 0
source 0 - assert 1763346519.000009980, sequence: 2480 - clear  0.000000000, sequence: 0
source 0 - assert 1763346520.000006062, sequence: 2481 - clear  0.000000000, sequence: 0
source 0 - assert 1763346521.000008257, sequence: 2482 - clear  0.000000000, sequence: 0
source 0 - assert 1763346522.000011720, sequence: 2483 - clear  0.000000000, sequence: 0
source 0 - assert 1763346523.000008222, sequence: 2484 - clear  0.000000000, sequence: 0
source 0 - assert 1763346524.000004637, sequence: 2485 - clear  0.000000000, sequence: 0
source 0 - assert 1763346525.000005141, sequence: 2486 - clear  0.000000000, sequence: 0
source 0 - assert 1763346526.000008387, sequence: 2487 - clear  0.000000000, sequence: 0
source 0 - assert 1763346527.000004769, sequence: 2488 - clear  0.000000000, sequence: 0
source 0 - assert 1763346528.000007989, sequence: 2489 - clear  0.000000000, sequence: 0
source 0 - assert 1763346529.000009695, sequence: 2490 - clear  0.000000000, sequence: 0
source 0 - assert 1763346530.000005141, sequence: 2491 - clear  0.000000000, sequence: 0
source 0 - assert 1763346531.000008803, sequence: 2492 - clear  0.000000000, sequence: 0
source 0 - assert 1763346532.000007757, sequence: 2493 - clear  0.000000000, sequence: 0
source 0 - assert 1763346533.000005046, sequence: 2494 - clear  0.000000000, sequence: 0
source 0 - assert 1763346534.000005189, sequence: 2495 - clear  0.000000000, sequence: 0
source 0 - assert 1763346535.000005740, sequence: 2496 - clear  0.000000000, sequence: 0
source 0 - assert 1763346536.000011664, sequence: 2497 - clear  0.000000000, sequence: 0
source 0 - assert 1763346537.000006532, sequence: 2498 - clear  0.000000000, sequence: 0
source 0 - assert 1763346538.000004449, sequence: 2499 - clear  0.000000000, sequence: 0
source 0 - assert 1763346539.000009535, sequence: 2500 - clear  0.000000000, sequence: 0
source 0 - assert 1763346540.000008676, sequence: 2501 - clear  0.000000000, sequence: 0
source 0 - assert 1763346541.000010491, sequence: 2502 - clear  0.000000000, sequence: 0
source 0 - assert 1763346542.000008914, sequence: 2503 - clear  0.000000000, sequence: 0
source 0 - assert 1763346543.000006674, sequence: 2504 - clear  0.000000000, sequence: 0
source 0 - assert 1763346544.000003696, sequence: 2505 - clear  0.000000000, sequence: 0
source 0 - assert 1763346545.000006235, sequence: 2506 - clear  0.000000000, sequence: 0
source 0 - assert 1763346546.000007523, sequence: 2507 - clear  0.000000000, sequence: 0
source 0 - assert 1763346547.000006986, sequence: 2508 - clear  0.000000000, sequence: 0
source 0 - assert 1763346548.000004847, sequence: 2509 - clear  0.000000000, sequence: 0
source 0 - assert 1763346549.000007799, sequence: 2510 - clear  0.000000000, sequence: 0
source 0 - assert 1763346550.000007556, sequence: 2511 - clear  0.000000000, sequence: 0
source 0 - assert 1763346551.000009358, sequence: 2512 - clear  0.000000000, sequence: 0
source 0 - assert 1763346552.000012453, sequence: 2513 - clear  0.000000000, sequence: 0
source 0 - assert 1763346553.000008503, sequence: 2514 - clear  0.000000000, sequence: 0
source 0 - assert 1763346554.000009527, sequence: 2515 - clear  0.000000000, sequence: 0
source 0 - assert 1763346555.000004047, sequence: 2516 - clear  0.000000000, sequence: 0
source 0 - assert 1763346556.000009748, sequence: 2517 - clear  0.000000000, sequence: 0
source 0 - assert 1763346557.000004706, sequence: 2518 - clear  0.000000000, sequence: 0
source 0 - assert 1763346558.000011270, sequence: 2519 - clear  0.000000000, sequence: 0
source 0 - assert 1763346559.000010021, sequence: 2520 - clear  0.000000000, sequence: 0
source 0 - assert 1763346560.000009142, sequence: 2521 - clear  0.000000000, sequence: 0
source 0 - assert 1763346561.000010314, sequence: 2522 - clear  0.000000000, sequence: 0
source 0 - assert 1763346562.000007778, sequence: 2523 - clear  0.000000000, sequence: 0
source 0 - assert 1763346563.000007861, sequence: 2524 - clear  0.000000000, sequence: 0
source 0 - assert 1763346564.000011403, sequence: 2525 - clear  0.000000000, sequence: 0
source 0 - assert 1763346565.000007603, sequence: 2526 - clear  0.000000000, sequence: 0
source 0 - assert 1763346566.000011436, sequence: 2527 - clear  0.000000000, sequence: 0
source 0 - assert 1763346567.000007705, sequence: 2528 - clear  0.000000000, sequence: 0
source 0 - assert 1763346568.000007568, sequence: 2529 - clear  0.000000000, sequence: 0
source 0 - assert 1763346569.000010508, sequence: 2530 - clear  0.000000000, sequence: 0
source 0 - assert 1763346570.000010476, sequence: 2531 - clear  0.000000000, sequence: 0
source 0 - assert 1763346571.000010032, sequence: 2532 - clear  0.000000000, sequence: 0
source 0 - assert 1763346572.000006651, sequence: 2533 - clear  0.000000000, sequence: 0
source 0 - assert 1763346573.000006197, sequence: 2534 - clear  0.000000000, sequence: 0
source 0 - assert 1763346574.000006785, sequence: 2535 - clear  0.000000000, sequence: 0
source 0 - assert 1763346575.000011067, sequence: 2536 - clear  0.000000000, sequence: 0
source 0 - assert 1763346576.000008731, sequence: 2537 - clear  0.000000000, sequence: 0
source 0 - assert 1763346577.000008779, sequence: 2538 - clear  0.000000000, sequence: 0
source 0 - assert 1763346578.000010474, sequence: 2539 - clear  0.000000000, sequence: 0
source 0 - assert 1763346579.000006687, sequence: 2540 - clear  0.000000000, sequence: 0
source 0 - assert 1763346580.000006901, sequence: 2541 - clear  0.000000000, sequence: 0
source 0 - assert 1763346581.000009807, sequence: 2542 - clear  0.000000000, sequence: 0
source 0 - assert 1763346582.000011596, sequence: 2543 - clear  0.000000000, sequence: 0
source 0 - assert 1763346583.000011099, sequence: 2544 - clear  0.000000000, sequence: 0
source 0 - assert 1763346584.000007181, sequence: 2545 - clear  0.000000000, sequence: 0
source 0 - assert 1763346585.000006758, sequence: 2546 - clear  0.000000000, sequence: 0
source 0 - assert 1763346586.000009188, sequence: 2547 - clear  0.000000000, sequence: 0
source 0 - assert 1763346587.000007309, sequence: 2548 - clear  0.000000000, sequence: 0
source 0 - assert 1763346588.000007591, sequence: 2549 - clear  0.000000000, sequence: 0
source 0 - assert 1763346589.000006634, sequence: 2550 - clear  0.000000000, sequence: 0
source 0 - assert 1763346590.000004945, sequence: 2551 - clear  0.000000000, sequence: 0
source 0 - assert 1763346591.000008908, sequence: 2552 - clear  0.000000000, sequence: 0
source 0 - assert 1763346592.000011099, sequence: 2553 - clear  0.000000000, sequence: 0
source 0 - assert 1763346593.000007012, sequence: 2554 - clear  0.000000000, sequence: 0
source 0 - assert 1763346594.000010047, sequence: 2555 - clear  0.000000000, sequence: 0
source 0 - assert 1763346595.000004921, sequence: 2556 - clear  0.000000000, sequence: 0
source 0 - assert 1763346596.000011272, sequence: 2557 - clear  0.000000000, sequence: 0
source 0 - assert 1763346597.000010434, sequence: 2558 - clear  0.000000000, sequence: 0
source 0 - assert 1763346598.000007516, sequence: 2559 - clear  0.000000000, sequence: 0
source 0 - assert 1763346599.000004650, sequence: 2560 - clear  0.000000000, sequence: 0
source 0 - assert 1763346600.000003984, sequence: 2561 - clear  0.000000000, sequence: 0
source 0 - assert 1763346601.000010447, sequence: 2562 - clear  0.000000000, sequence: 0
source 0 - assert 1763346602.000008511, sequence: 2563 - clear  0.000000000, sequence: 0
source 0 - assert 1763346603.000008427, sequence: 2564 - clear  0.000000000, sequence: 0
source 0 - assert 1763346604.000008142, sequence: 2565 - clear  0.000000000, sequence: 0
source 0 - assert 1763346605.000003380, sequence: 2566 - clear  0.000000000, sequence: 0
source 0 - assert 1763346606.000009335, sequence: 2567 - clear  0.000000000, sequence: 0
source 0 - assert 1763346607.000007331, sequence: 2568 - clear  0.000000000, sequence: 0
source 0 - assert 1763346608.000011553, sequence: 2569 - clear  0.000000000, sequence: 0
source 0 - assert 1763346609.000006985, sequence: 2570 - clear  0.000000000, sequence: 0
source 0 - assert 1763346610.000008525, sequence: 2571 - clear  0.000000000, sequence: 0
source 0 - assert 1763346611.000010276, sequence: 2572 - clear  0.000000000, sequence: 0
source 0 - assert 1763346612.000008488, sequence: 2573 - clear  0.000000000, sequence: 0
source 0 - assert 1763346613.000011412, sequence: 2574 - clear  0.000000000, sequence: 0
source 0 - assert 1763346614.000008833, sequence: 2575 - clear  0.000000000, sequence: 0
source 0 - assert 1763346615.000010285, sequence: 2576 - clear  0.000000000, sequence: 0
source 0 - assert 1763346616.000010659, sequence: 2577 - clear  0.000000000, sequence: 0
source 0 - assert 1763346617.000008145, sequence: 2578 - clear  0.000000000, sequence: 0
source 0 - assert 1763346618.000006679, sequence: 2579 - clear  0.000000000, sequence: 0
source 0 - assert 1763346619.000007181, sequence: 2580 - clear  0.000000000, sequence: 0
source 0 - assert 1763346620.000007718, sequence: 2581 - clear  0.000000000, sequence: 0
source 0 - assert 1763346621.000010341, sequence: 2582 - clear  0.000000000, sequence: 0
source 0 - assert 1763346622.000004634, sequence: 2583 - clear  0.000000000, sequence: 0
source 0 - assert 1763346623.000009954, sequence: 2584 - clear  0.000000000, sequence: 0
source 0 - assert 1763346624.000006675, sequence: 2585 - clear  0.000000000, sequence: 0
source 0 - assert 1763346625.000006394, sequence: 2586 - clear  0.000000000, sequence: 0
source 0 - assert 1763346626.000009251, sequence: 2587 - clear  0.000000000, sequence: 0
source 0 - assert 1763346627.000008750, sequence: 2588 - clear  0.000000000, sequence: 0
source 0 - assert 1763346628.000009177, sequence: 2589 - clear  0.000000000, sequence: 0
source 0 - assert 1763346629.000006879, sequence: 2590 - clear  0.000000000, sequence: 0
source 0 - assert 1763346630.000007085, sequence: 2591 - clear  0.000000000, sequence: 0
source 0 - assert 1763346631.000008885, sequence: 2592 - clear  0.000000000, sequence: 0
source 0 - assert 1763346632.000009679, sequence: 2593 - clear  0.000000000, sequence: 0
source 0 - assert 1763346633.000008928, sequence: 2594 - clear  0.000000000, sequence: 0
source 0 - assert 1763346634.000010273, sequence: 2595 - clear  0.000000000, sequence: 0
source 0 - assert 1763346635.000006395, sequence: 2596 - clear  0.000000000, sequence: 0
source 0 - assert 1763346636.000003792, sequence: 2597 - clear  0.000000000, sequence: 0
source 0 - assert 1763346637.000009166, sequence: 2598 - clear  0.000000000, sequence: 0
source 0 - assert 1763346638.000005092, sequence: 2599 - clear  0.000000000, sequence: 0
source 0 - assert 1763346639.000008592, sequence: 2600 - clear  0.000000000, sequence: 0
source 0 - assert 1763346640.000009516, sequence: 2601 - clear  0.000000000, sequence: 0
source 0 - assert 1763346641.000010305, sequence: 2602 - clear  0.000000000, sequence: 0
source 0 - assert 1763346642.000006097, sequence: 2603 - clear  0.000000000, sequence: 0
source 0 - assert 1763346643.000013015, sequence: 2604 - clear  0.000000000, sequence: 0
source 0 - assert 1763346644.000006482, sequence: 2605 - clear  0.000000000, sequence: 0
source 0 - assert 1763346645.000004983, sequence: 2606 - clear  0.000000000, sequence: 0
source 0 - assert 1763346646.000011901, sequence: 2607 - clear  0.000000000, sequence: 0
source 0 - assert 1763346647.000003559, sequence: 2608 - clear  0.000000000, sequence: 0
source 0 - assert 1763346648.000008523, sequence: 2609 - clear  0.000000000, sequence: 0
source 0 - assert 1763346649.000009046, sequence: 2610 - clear  0.000000000, sequence: 0
source 0 - assert 1763346650.000009072, sequence: 2611 - clear  0.000000000, sequence: 0
source 0 - assert 1763346651.000012602, sequence: 2612 - clear  0.000000000, sequence: 0
source 0 - assert 1763346652.000009575, sequence: 2613 - clear  0.000000000, sequence: 0
source 0 - assert 1763346653.000009448, sequence: 2614 - clear  0.000000000, sequence: 0
source 0 - assert 1763346654.000009937, sequence: 2615 - clear  0.000000000, sequence: 0
source 0 - assert 1763346655.000005545, sequence: 2616 - clear  0.000000000, sequence: 0
source 0 - assert 1763346656.000008804, sequence: 2617 - clear  0.000000000, sequence: 0
source 0 - assert 1763346657.000003684, sequence: 2618 - clear  0.000000000, sequence: 0
source 0 - assert 1763346658.000009799, sequence: 2619 - clear  0.000000000, sequence: 0
source 0 - assert 1763346659.000009047, sequence: 2620 - clear  0.000000000, sequence: 0
source 0 - assert 1763346660.000004767, sequence: 2621 - clear  0.000000000, sequence: 0
source 0 - assert 1763346661.000011533, sequence: 2622 - clear  0.000000000, sequence: 0
source 0 - assert 1763346662.000007564, sequence: 2623 - clear  0.000000000, sequence: 0
source 0 - assert 1763346663.000009343, sequence: 2624 - clear  0.000000000, sequence: 0
source 0 - assert 1763346664.000009480, sequence: 2625 - clear  0.000000000, sequence: 0
source 0 - assert 1763346665.000008992, sequence: 2626 - clear  0.000000000, sequence: 0
source 0 - assert 1763346666.000009285, sequence: 2627 - clear  0.000000000, sequence: 0
source 0 - assert 1763346667.000005310, sequence: 2628 - clear  0.000000000, sequence: 0
source 0 - assert 1763346668.000008786, sequence: 2629 - clear  0.000000000, sequence: 0
source 0 - assert 1763346669.000006510, sequence: 2630 - clear  0.000000000, sequence: 0
source 0 - assert 1763346670.000006024, sequence: 2631 - clear  0.000000000, sequence: 0
source 0 - assert 1763346671.000010260, sequence: 2632 - clear  0.000000000, sequence: 0
source 0 - assert 1763346672.000005422, sequence: 2633 - clear  0.000000000, sequence: 0
source 0 - assert 1763346673.000013263, sequence: 2634 - clear  0.000000000, sequence: 0
source 0 - assert 1763346674.000005928, sequence: 2635 - clear  0.000000000, sequence: 0
source 0 - assert 1763346675.000007621, sequence: 2636 - clear  0.000000000, sequence: 0
source 0 - assert 1763346676.000007503, sequence: 2637 - clear  0.000000000, sequence: 0
source 0 - assert 1763346677.000006968, sequence: 2638 - clear  0.000000000, sequence: 0
source 0 - assert 1763346678.000009231, sequence: 2639 - clear  0.000000000, sequence: 0
source 0 - assert 1763346679.000007525, sequence: 2640 - clear  0.000000000, sequence: 0
source 0 - assert 1763346680.000007563, sequence: 2641 - clear  0.000000000, sequence: 0
source 0 - assert 1763346681.000008899, sequence: 2642 - clear  0.000000000, sequence: 0
source 0 - assert 1763346682.000007208, sequence: 2643 - clear  0.000000000, sequence: 0
source 0 - assert 1763346683.000007211, sequence: 2644 - clear  0.000000000, sequence: 0
source 0 - assert 1763346684.000006043, sequence: 2645 - clear  0.000000000, sequence: 0
source 0 - assert 1763346685.000009987, sequence: 2646 - clear  0.000000000, sequence: 0
source 0 - assert 1763346686.000012897, sequence: 2647 - clear  0.000000000, sequence: 0
source 0 - assert 1763346687.000007472, sequence: 2648 - clear  0.000000000, sequence: 0
source 0 - assert 1763346688.000009519, sequence: 2649 - clear  0.000000000, sequence: 0
source 0 - assert 1763346689.000006228, sequence: 2650 - clear  0.000000000, sequence: 0
source 0 - assert 1763346690.000006805, sequence: 2651 - clear  0.000000000, sequence: 0
source 0 - assert 1763346691.000010015, sequence: 2652 - clear  0.000000000, sequence: 0
source 0 - assert 1763346692.000005719, sequence: 2653 - clear  0.000000000, sequence: 0
source 0 - assert 1763346693.000007807, sequence: 2654 - clear  0.000000000, sequence: 0
source 0 - assert 1763346694.000009575, sequence: 2655 - clear  0.000000000, sequence: 0
source 0 - assert 1763346695.000007320, sequence: 2656 - clear  0.000000000, sequence: 0
source 0 - assert 1763346696.000009395, sequence: 2657 - clear  0.000000000, sequence: 0
source 0 - assert 1763346697.000008899, sequence: 2658 - clear  0.000000000, sequence: 0
Terminated
