trying PPS source "/dev/pps0"
found PPS source "/dev/pps0"
ok, found 1 source(s), now start fetching data...
source 0 - assert 1763344152.000007976, sequence: 113 - clear  0.000000000, sequence: 0
source 0 - assert 1763344153.000010718, sequence: 114 - clear  0.000000000, sequence: 0
source 0 - assert 1763344154.000008239, sequence: 115 - clear  0.000000000, sequence: 0
source 0 - assert 1763344155.000006183, sequence: 116 - clear  0.000000000, sequence: 0
source 0 - assert 1763344156.000006534, sequence: 117 - clear  0.000000000, sequence: 0
source 0 - assert 1763344157.000010191, sequence: 118 - clear  0.000000000, sequence: 0
source 0 - assert 1763344158.000012386, sequence: 119 - clear  0.000000000, sequence: 0
source 0 - assert 1763344159.000005425, sequence: 120 - clear  0.000000000, sequence: 0
source 0 - assert 1763344160.000007211, sequence: 121 - clear  0.000000000, sequence: 0
source 0 - assert 1763344161.000010147, sequence: 122 - clear  0.000000000, sequence: 0
source 0 - assert 1763344162.000009152, sequence: 123 - clear  0.000000000, sequence: 0
source 0 - assert 1763344163.000011532, sequence: 124 - clear  0.000000000, sequence: 0
source 0 - assert 1763344164.000007054, sequence: 125 - clear  0.000000000, sequence: 0
source 0 - assert 1763344165.000010326, sequence: 126 - clear  0.000000000, sequence: 0
source 0 - assert 1763344166.000006507, sequence: 127 - clear  0.000000000, sequence: 0
source 0 - assert 1763344167.000006853, sequence: 128 - clear  0.000000000, sequence: 0
source 0 - assert 1763344168.000008567, sequence: 129 - clear  0.000000000, sequence: 0
source 0 - assert 1763344169.000005122, sequence: 130 - clear  0.000000000, sequence: 0
source 0 - assert 1763344170.000009836, sequence: 131 - clear  0.000000000, sequence: 0
source 0 - assert 1763344171.000009559, sequence: 132 - clear  0.000000000, sequence: 0
source 0 - assert 1763344172.000010975, sequence: 133 - clear  0.000000000, sequence: 0
source 0 - assert 1763344173.000010608, sequence: 134 - clear  0.000000000, sequence: 0
source 0 - assert 1763344174.000008971, sequence: 135 - clear  0.000000000, sequence: 0
source 0 - assert 1763344175.000008936, sequence: 136 - clear  0.000000000, sequence: 0
source 0 - assert 1763344176.000005736, sequence: 137 - clear  0.000000000, sequence: 0
source 0 - assert 1763344177.000007024, sequence: 138 - clear  0.000000000, sequence: 0
source 0 - assert 1763344178.000011643, sequence: 139 - clear  0.000000000, sequence: 0
source 0 - assert 1763344179.000006432, sequence: 140 - clear  0.000000000, sequence: 0
source 0 - assert 1763344180.000007979, sequence: 141 - clear  0.000000000, sequence: 0
source 0 - assert 1763344181.000010499, sequence: 142 - clear  0.000000000, sequence: 0
source 0 - assert 1763344182.000006075, sequence: 143 - clear  0.000000000, sequence: 0
source 0 - assert 1763344183.000010600, sequence: 144 - clear  0.000000000, sequence: 0
source 0 - assert 1763344184.000007712, sequence: 145 - clear  0.000000000, sequence: 0
source 0 - assert 1763344185.000004569, sequence: 146 - clear  0.000000000, sequence: 0
source 0 - assert 1763344186.000009444, sequence: 147 - clear  0.000000000, sequence: 0
source 0 - assert 1763344187.000006058, sequence: 148 - clear  0.000000000, sequence: 0
source 0 - assert 1763344188.000010382, sequence: 149 - clear  0.000000000, sequence: 0
source 0 - assert 1763344189.000005835, sequence: 150 - clear  0.000000000, sequence: 0
source 0 - assert 1763344190.000009467, sequence: 151 - clear  0.000000000, sequence: 0
source 0 - assert 1763344191.000005385, sequence: 152 - clear  0.000000000, sequence: 0
source 0 - assert 1763344192.000009171, sequence: 153 - clear  0.000000000, sequence: 0
source 0 - assert 1763344193.000011330, sequence: 154 - clear  0.000000000, sequence: 0
source 0 - assert 1763344194.000003984, sequence: 155 - clear  0.000000000, sequence: 0
source 0 - assert 1763344195.000007482, sequence: 156 - clear  0.000000000, sequence: 0
source 0 - assert 1763344196.000007953, sequence: 157 - clear  0.000000000, sequence: 0
source 0 - assert 1763344197.000006282, sequence: 158 - clear  0.000000000, sequence: 0
source 0 - assert 1763344198.000011385, sequence: 159 - clear  0.000000000, sequence: 0
source 0 - assert 1763344199.000008646, sequence: 160 - clear  0.000000000, sequence: 0
source 0 - assert 1763344200.000004028, sequence: 161 - clear  0.000000000, sequence: 0
source 0 - assert 1763344201.000009343, sequence: 162 - clear  0.000000000, sequence: 0
source 0 - assert 1763344202.000006459, sequence: 163 - clear  0.000000000, sequence: 0
source 0 - assert 1763344203.000008754, sequence: 164 - clear  0.000000000, sequence: 0
source 0 - assert 1763344204.000002606, sequence: 165 - clear  0.000000000, sequence: 0
source 0 - assert 1763344205.000007058, sequence: 166 - clear  0.000000000, sequence: 0
source 0 - assert 1763344206.000009366, sequence: 167 - clear  0.000000000, sequence: 0
source 0 - assert 1763344207.000006791, sequence: 168 - clear  0.000000000, sequence: 0
source 0 - assert 1763344208.000010334, sequence: 169 - clear  0.000000000, sequence: 0
source 0 - assert 1763344209.000007499, sequence: 170 - clear  0.000000000, sequence: 0
source 0 - assert 1763344210.000010886, sequence: 171 - clear  0.000000000, sequence: 0
source 0 - assert 1763344211.000008636, sequence: 172 - clear  0.000000000, sequence: 0
source 0 - assert 1763344212.000007172, sequence: 173 - clear  0.000000000, sequence: 0
source 0 - assert 1763344213.000011258, sequence: 174 - clear  0.000000000, sequence: 0
source 0 - assert 1763344214.000009882, sequence: 175 - clear  0.000000000, sequence: 0
source 0 - assert 1763344215.000010847, sequence: 176 - clear  0.000000000, sequence: 0
source 0 - assert 1763344216.000008266, sequence: 177 - clear  0.000000000, sequence: 0
source 0 - assert 1763344217.000010249, sequence: 178 - clear  0.000000000, sequence: 0
source 0 - assert 1763344218.000011581, sequence: 179 - clear  0.000000000, sequence: 0
source 0 - assert 1763344219.000009062, sequence: 180 - clear  0.000000000, sequence: 0
source 0 - assert 1763344220.000010787, sequence: 181 - clear  0.000000000, sequence: 0
source 0 - assert 1763344221.000007526, sequence: 182 - clear  0.000000000, sequence: 0
source 0 - assert 1763344222.000011775, sequence: 183 - clear  0.000000000, sequence: 0
source 0 - assert 1763344223.000011217, sequence: 184 - clear  0.000000000, sequence: 0
source 0 - assert 1763344224.000007786, sequence: 185 - clear  0.000000000, sequence: 0
source 0 - assert 1763344225.000005681, sequence: 186 - clear  0.000000000, sequence: 0
source 0 - assert 1763344226.000010157, sequence: 187 - clear  0.000000000, sequence: 0
source 0 - assert 1763344227.000006576, sequence: 188 - clear  0.000000000, sequence: 0
source 0 - assert 1763344228.000011031, sequence: 189 - clear  0.000000000, sequence: 0
source 0 - assert 1763344229.000006462, sequence: 190 - clear  0.000000000, sequence: 0
source 0 - assert 1763344230.000008066, sequence: 191 - clear  0.000000000, sequence: 0
source 0 - assert 1763344231.000010093, sequence: 192 - clear  0.000000000, sequence: 0
source 0 - assert 1763344232.000006567, sequence: 193 - clear  0.000000000, sequence: 0
source 0 - assert 1763344233.000012794, sequence: 194 - clear  0.000000000, sequence: 0
source 0 - assert 1763344234.000008670, sequence: 195 - clear  0.000000000, sequence: 0
source 0 - assert 1763344235.000007092, sequence: 196 - clear  0.000000000, sequence: 0
source 0 - assert 1763344236.000007767, sequence: 197 - clear  0.000000000, sequence: 0
source 0 - assert 1763344237.000009552, sequence: 198 - clear  0.000000000, sequence: 0
source 0 - assert 1763344238.000011317, sequence: 199 - clear  0.000000000, sequence: 0
source 0 - assert 1763344239.000010448, sequence: 200 - clear  0.000000000, sequence: 0
source 0 - assert 1763344240.000004975, sequence: 201 - clear  0.000000000, sequence: 0
source 0 - assert 1763344241.000007111, sequence: 202 - clear  0.000000000, sequence: 0
source 0 - assert 1763344242.000010138, sequence: 203 - clear  0.000000000, sequence: 0
source 0 - assert 1763344243.000011440, sequence: 204 - clear  0.000000000, sequence: 0
source 0 - assert 1763344244.000005487, sequence: 205 - clear  0.000000000, sequence: 0
source 0 - assert 1763344245.000007237, sequence: 206 - clear  0.000000000, sequence: 0
source 0 - assert 1763344246.000008888, sequence: 207 - clear  0.000000000, sequence: 0
source 0 - assert 1763344247.000004815, sequence: 208 - clear  0.000000000, sequence: 0
source 0 - assert 1763344248.000012008, sequence: 209 - clear  0.000000000, sequence: 0
source 0 - assert 1763344249.000004722, sequence: 210 - clear  0.000000000, sequence: 0
source 0 - assert 1763344250.000010922, sequence: 211 - clear  0.000000000, sequence: 0
source 0 - assert 1763344251.000007952, sequence: 212 - clear  0.000000000, sequence: 0
source 0 - assert 1763344252.000008437, sequence: 213 - clear  0.000000000, sequence: 0
source 0 - assert 1763344253.000012349, sequence: 214 - clear  0.000000000, sequence: 0
source 0 - assert 1763344254.000008574, sequence: 215 - clear  0.000000000, sequence: 0
source 0 - assert 1763344255.000004410, sequence: 216 - clear  0.000000000, sequence: 0
source 0 - assert 1763344256.000007340, sequence: 217 - clear  0.000000000, sequence: 0
source 0 - assert 1763344257.000007727, sequence: 218 - clear  0.000000000, sequence: 0
source 0 - assert 1763344258.000009853, sequence: 219 - clear  0.000000000, sequence: 0
source 0 - assert 1763344259.000008133, sequence: 220 - clear  0.000000000, sequence: 0
source 0 - assert 1763344260.000006420, sequence: 221 - clear  0.000000000, sequence: 0
source 0 - assert 1763344261.000007339, sequence: 222 - clear  0.000000000, sequence: 0
source 0 - assert 1763344262.000009890, sequence: 223 - clear  0.000000000, sequence: 0
source 0 - assert 1763344263.000009556, sequence: 224 - clear  0.000000000, sequence: 0
source 0 - assert 1763344264.000008859, sequence: 225 - clear  0.000000000, sequence: 0
source 0 - assert 1763344265.000008848, sequence: 226 - clear  0.000000000, sequence: 0
source 0 - assert 1763344266.000006645, sequence: 227 - clear  0.000000000, sequence: 0
source 0 - assert 1763344267.000006033, sequence: 228 - clear  0.000000000, sequence: 0
source 0 - assert 1763344268.000009860, sequence: 229 - clear  0.000000000, sequence: 0
source 0 - assert 1763344269.000005797, sequence: 230 - clear  0.000000000, sequence: 0
source 0 - assert 1763344270.000009260, sequence: 231 - clear  0.000000000, sequence: 0
source 0 - assert 1763344271.000008528, sequence: 232 - clear  0.000000000, sequence: 0
source 0 - assert 1763344272.000006948, sequence: 233 - clear  0.000000000, sequence: 0
source 0 - assert 1763344273.000010622, sequence: 234 - clear  0.000000000, sequence: 0
source 0 - assert 1763344274.000003475, sequence: 235 - clear  0.000000000, sequence: 0
source 0 - assert 1763344275.000008276, sequence: 236 - clear  0.000000000, sequence: 0
source 0 - assert 1763344276.000010444, sequence: 237 - clear  0.000000000, sequence: 0
source 0 - assert 1763344277.000009602, sequence: 238 - clear  0.000000000, sequence: 0
source 0 - assert 1763344278.000009969, sequence: 239 - clear  0.000000000, sequence: 0
source 0 - assert 1763344279.000009178, sequence: 240 - clear  0.000000000, sequence: 0
source 0 - assert 1763344280.000007279, sequence: 241 - clear  0.000000000, sequence: 0
source 0 - assert 1763344281.000009019, sequence: 242 - clear  0.000000000, sequence: 0
source 0 - assert 1763344282.000009403, sequence: 243 - clear  0.000000000, sequence: 0
source 0 - assert 1763344283.000011054, sequence: 244 - clear  0.000000000, sequence: 0
source 0 - assert 1763344284.000010653, sequence: 245 - clear  0.000000000, sequence: 0
source 0 - assert 1763344285.000007707, sequence: 246 - clear  0.000000000, sequence: 0
source 0 - assert 1763344286.000004436, sequence: 247 - clear  0.000000000, sequence: 0
source 0 - assert 1763344287.000008228, sequence: 248 - clear  0.000000000, sequence: 0
source 0 - assert 1763344288.000009141, sequence: 249 - clear  0.000000000, sequence: 0
source 0 - assert 1763344289.000006281, sequence: 250 - clear  0.000000000, sequence: 0
source 0 - assert 1763344290.000009848, sequence: 251 - clear  0.000000000, sequence: 0
source 0 - assert 1763344291.000008490, sequence: 252 - clear  0.000000000, sequence: 0
source 0 - assert 1763344292.000007337, sequence: 253 - clear  0.000000000, sequence: 0
source 0 - assert 1763344293.000011132, sequence: 254 - clear  0.000000000, sequence: 0
source 0 - assert 1763344294.000007551, sequence: 255 - clear  0.000000000, sequence: 0
source 0 - assert 1763344295.000010093, sequence: 256 - clear  0.000000000, sequence: 0
source 0 - assert 1763344296.000004890, sequence: 257 - clear  0.000000000, sequence: 0
source 0 - assert 1763344297.000007070, sequence: 258 - clear  0.000000000, sequence: 0
source 0 - assert 1763344298.000008061, sequence: 259 - clear  0.000000000, sequence: 0
source 0 - assert 1763344299.000012452, sequence: 260 - clear  0.000000000, sequence: 0
source 0 - assert 1763344300.000009656, sequence: 261 - clear  0.000000000, sequence: 0
source 0 - assert 1763344301.000008707, sequence: 262 - clear  0.000000000, sequence: 0
source 0 - assert 1763344302.000009476, sequence: 263 - clear  0.000000000, sequence: 0
source 0 - assert 1763344303.000007980, sequence: 264 - clear  0.000000000, sequence: 0
source 0 - assert 1763344304.000010073, sequence: 265 - clear  0.000000000, sequence: 0
source 0 - assert 1763344305.000008001, sequence: 266 - clear  0.000000000, sequence: 0
source 0 - assert 1763344306.000006271, sequence: 267 - clear  0.000000000, sequence: 0
source 0 - assert 1763344307.000007966, sequence: 268 - clear  0.000000000, sequence: 0
source 0 - assert 1763344308.000010758, sequence: 269 - clear  0.000000000, sequence: 0
source 0 - assert 1763344309.000008867, sequence: 270 - clear  0.000000000, sequence: 0
source 0 - assert 1763344310.000011266, sequence: 271 - clear  0.000000000, sequence: 0
source 0 - assert 1763344311.000007536, sequence: 272 - clear  0.000000000, sequence: 0
source 0 - assert 1763344312.000010956, sequence: 273 - clear  0.000000000, sequence: 0
source 0 - assert 1763344313.000011399, sequence: 274 - clear  0.000000000, sequence: 0
source 0 - assert 1763344314.000011702, sequence: 275 - clear  0.000000000, sequence: 0
source 0 - assert 1763344315.000009697, sequence: 276 - clear  0.000000000, sequence: 0
source 0 - assert 1763344316.000010332, sequence: 277 - clear  0.000000000, sequence: 0
source 0 - assert 1763344317.000008965, sequence: 278 - clear  0.000000000, sequence: 0
source 0 - assert 1763344318.000012905, sequence: 279 - clear  0.000000000, sequence: 0
source 0 - assert 1763344319.000011451, sequence: 280 - clear  0.000000000, sequence: 0
source 0 - assert 1763344320.000009440, sequence: 281 - clear  0.000000000, sequence: 0
source 0 - assert 1763344321.000007316, sequence: 282 - clear  0.000000000, sequence: 0
source 0 - assert 1763344322.000007573, sequence: 283 - clear  0.000000000, sequence: 0
source 0 - assert 1763344323.000010847, sequence: 284 - clear  0.000000000, sequence: 0
source 0 - assert 1763344324.000011129, sequence: 285 - clear  0.000000000, sequence: 0
source 0 - assert 1763344325.000007089, sequence: 286 - clear  0.000000000, sequence: 0
source 0 - assert 1763344326.000009049, sequence: 287 - clear  0.000000000, sequence: 0
source 0 - assert 1763344327.000004161, sequence: 288 - clear  0.000000000, sequence: 0
source 0 - assert 1763344328.000009339, sequence: 289 - clear  0.000000000, sequence: 0
source 0 - assert 1763344329.000009004, sequence: 290 - clear  0.000000000, sequence: 0
source 0 - assert 1763344330.000006362, sequence: 291 - clear  0.000000000, sequence: 0
source 0 - assert 1763344331.000009504, sequence: 292 - clear  0.000000000, sequence: 0
source 0 - assert 1763344332.000008188, sequence: 293 - clear  0.000000000, sequence: 0
source 0 - assert 1763344333.000012436, sequence: 294 - clear  0.000000000, sequence: 0
source 0 - assert 1763344334.000011574, sequence: 295 - clear  0.000000000, sequence: 0
source 0 - assert 1763344335.000009508, sequence: 296 - clear  0.000000000, sequence: 0
source 0 - assert 1763344336.000007844, sequence: 297 - clear  0.000000000, sequence: 0
source 0 - assert 1763344337.000011435, sequence: 298 - clear  0.000000000, sequence: 0
source 0 - assert 1763344338.000008988, sequence: 299 - clear  0.000000000, sequence: 0
source 0 - assert 1763344339.000008472, sequence: 300 - clear  0.000000000, sequence: 0
source 0 - assert 1763344340.000010131, sequence: 301 - clear  0.000000000, sequence: 0
source 0 - assert 1763344341.000010519, sequence: 302 - clear  0.000000000, sequence: 0
source 0 - assert 1763344342.000010057, sequence: 303 - clear  0.000000000, sequence: 0
source 0 - assert 1763344343.000012491, sequence: 304 - clear  0.000000000, sequence: 0
source 0 - assert 1763344344.000012739, sequence: 305 - clear  0.000000000, sequence: 0
source 0 - assert 1763344345.000008805, sequence: 306 - clear  0.000000000, sequence: 0
source 0 - assert 1763344346.000007203, sequence: 307 - clear  0.000000000, sequence: 0
source 0 - assert 1763344347.000009254, sequence: 308 - clear  0.000000000, sequence: 0
source 0 - assert 1763344348.000010976, sequence: 309 - clear  0.000000000, sequence: 0
source 0 - assert 1763344349.000005519, sequence: 310 - clear  0.000000000, sequence: 0
source 0 - assert 1763344350.000005261, sequence: 311 - clear  0.000000000, sequence: 0
source 0 - assert 1763344351.000008273, sequence: 312 - clear  0.000000000, sequence: 0
source 0 - assert 1763344352.000008283, sequence: 313 - clear  0.000000000, sequence: 0
source 0 - assert 1763344353.000009338, sequence: 314 - clear  0.000000000, sequence: 0
source 0 - assert 1763344354.000007460, sequence: 315 - clear  0.000000000, sequence: 0
source 0 - assert 1763344355.000009256, sequence: 316 - clear  0.000000000, sequence: 0
source 0 - assert 1763344356.000007578, sequence: 317 - clear  0.000000000, sequence: 0
source 0 - assert 1763344357.000008853, sequence: 318 - clear  0.000000000, sequence: 0
source 0 - assert 1763344358.000009600, sequence: 319 - clear  0.000000000, sequence: 0
source 0 - assert 1763344359.000010240, sequence: 320 - clear  0.000000000, sequence: 0
source 0 - assert 1763344360.000003771, sequence: 321 - clear  0.000000000, sequence: 0
source 0 - assert 1763344361.000008467, sequence: 322 - clear  0.000000000, sequence: 0
source 0 - assert 1763344362.000005980, sequence: 323 - clear  0.000000000, sequence: 0
source 0 - assert 1763344363.000011357, sequence: 324 - clear  0.000000000, sequence: 0
source 0 - assert 1763344364.000007786, sequence: 325 - clear  0.000000000, sequence: 0
source 0 - assert 1763344365.000010227, sequence: 326 - clear  0.000000000, sequence: 0
source 0 - assert 1763344366.000004281, sequence: 327 - clear  0.000000000, sequence: 0
source 0 - assert 1763344367.000009373, sequence: 328 - clear  0.000000000, sequence: 0
source 0 - assert 1763344368.000011539, sequence: 329 - clear  0.000000000, sequence: 0
source 0 - assert 1763344369.000005772, sequence: 330 - clear  0.000000000, sequence: 0
source 0 - assert 1763344370.000009154, sequence: 331 - clear  0.000000000, sequence: 0
source 0 - assert 1763344371.000005391, sequence: 332 - clear  0.000000000, sequence: 0
source 0 - assert 1763344372.000008762, sequence: 333 - clear  0.000000000, sequence: 0
source 0 - assert 1763344373.000010469, sequence: 334 - clear  0.000000000, sequence: 0
source 0 - assert 1763344374.000012843, sequence: 335 - clear  0.000000000, sequence: 0
source 0 - assert 1763344375.000008738, sequence: 336 - clear  0.000000000, sequence: 0
source 0 - assert 1763344376.000003101, sequence: 337 - clear  0.000000000, sequence: 0
source 0 - assert 1763344377.000007964, sequence: 338 - clear  0.000000000, sequence: 0
source 0 - assert 1763344378.000010475, sequence: 339 - clear  0.000000000, sequence: 0
source 0 - assert 1763344379.000003784, sequence: 340 - clear  0.000000000, sequence: 0
source 0 - assert 1763344380.000008779, sequence: 341 - clear  0.000000000, sequence: 0
source 0 - assert 1763344381.000009638, sequence: 342 - clear  0.000000000, sequence: 0
source 0 - assert 1763344382.000005274, sequence: 343 - clear  0.000000000, sequence: 0
source 0 - assert 1763344383.000012673, sequence: 344 - clear  0.000000000, sequence: 0
source 0 - assert 1763344384.000008532, sequence: 345 - clear  0.000000000, sequence: 0
source 0 - assert 1763344385.000008294, sequence: 346 - clear  0.000000000, sequence: 0
source 0 - assert 1763344386.000009182, sequence: 347 - clear  0.000000000, sequence: 0
source 0 - assert 1763344387.000007677, sequence: 348 - clear  0.000000000, sequence: 0
source 0 - assert 1763344388.000010354, sequence: 349 - clear  0.000000000, sequence: 0
source 0 - assert 1763344389.000008598, sequence: 350 - clear  0.000000000, sequence: 0
source 0 - assert 1763344390.000006746, sequence: 351 - clear  0.000000000, sequence: 0
source 0 - assert 1763344391.000008114, sequence: 352 - clear  0.000000000, sequence: 0
source 0 - assert 1763344392.000008464, sequence: 353 - clear  0.000000000, sequence: 0
source 0 - assert 1763344393.000013260, sequence: 354 - clear  0.000000000, sequence: 0
source 0 - assert 1763344394.000008321, sequence: 355 - clear  0.000000000, sequence: 0
source 0 - assert 1763344395.000007690, sequence: 356 - clear  0.000000000, sequence: 0
source 0 - assert 1763344396.000006828, sequence: 357 - clear  0.000000000, sequence: 0
source 0 - assert 1763344397.000008926, sequence: 358 - clear  0.000000000, sequence: 0
source 0 - assert 1763344398.000010736, sequence: 359 - clear  0.000000000, sequence: 0
source 0 - assert 1763344399.000009072, sequence: 360 - clear  0.000000000, sequence: 0
source 0 - assert 1763344400.000011087, sequence: 361 - clear  0.000000000, sequence: 0
source 0 - assert 1763344401.000006936, sequence: 362 - clear  0.000000000, sequence: 0
source 0 - assert 1763344402.000010979, sequence: 363 - clear  0.000000000, sequence: 0
source 0 - assert 1763344403.000011945, sequence: 364 - clear  0.000000000, sequence: 0
source 0 - assert 1763344404.000009723, sequence: 365 - clear  0.000000000, sequence: 0
source 0 - assert 1763344405.000010836, sequence: 366 - clear  0.000000000, sequence: 0
source 0 - assert 1763344406.000007991, sequence: 367 - clear  0.000000000, sequence: 0
source 0 - assert 1763344407.000008086, sequence: 368 - clear  0.000000000, sequence: 0
source 0 - assert 1763344408.000011534, sequence: 369 - clear  0.000000000, sequence: 0
source 0 - assert 1763344409.000009675, sequence: 370 - clear  0.000000000, sequence: 0
source 0 - assert 1763344410.000009737, sequence: 371 - clear  0.000000000, sequence: 0
source 0 - assert 1763344411.000006779, sequence: 372 - clear  0.000000000, sequence: 0
source 0 - assert 1763344412.000004735, sequence: 373 - clear  0.000000000, sequence: 0
source 0 - assert 1763344413.000011019, sequence: 374 - clear  0.000000000, sequence: 0
source 0 - assert 1763344414.000007597, sequence: 375 - clear  0.000000000, sequence: 0
source 0 - assert 1763344415.000008279, sequence: 376 - clear  0.000000000, sequence: 0
source 0 - assert 1763344416.000008882, sequence: 377 - clear  0.000000000, sequence: 0
source 0 - assert 1763344417.000006444, sequence: 378 - clear  0.000000000, sequence: 0
source 0 - assert 1763344418.000011859, sequence: 379 - clear  0.000000000, sequence: 0
source 0 - assert 1763344419.000002763, sequence: 380 - clear  0.000000000, sequence: 0
source 0 - assert 1763344420.000007269, sequence: 381 - clear  0.000000000, sequence: 0
source 0 - assert 1763344421.000009185, sequence: 382 - clear  0.000000000, sequence: 0
source 0 - assert 1763344422.000010257, sequence: 383 - clear  0.000000000, sequence: 0
source 0 - assert 1763344423.000012306, sequence: 384 - clear  0.000000000, sequence: 0
source 0 - assert 1763344424.000004825, sequence: 385 - clear  0.000000000, sequence: 0
source 0 - assert 1763344425.000005062, sequence: 386 - clear  0.000000000, sequence: 0
source 0 - assert 1763344426.000008448, sequence: 387 - clear  0.000000000, sequence: 0
source 0 - assert 1763344427.000006916, sequence: 388 - clear  0.000000000, sequence: 0
source 0 - assert 1763344428.000009620, sequence: 389 - clear  0.000000000, sequence: 0
source 0 - assert 1763344429.000007748, sequence: 390 - clear  0.000000000, sequence: 0
source 0 - assert 1763344430.000008913, sequence: 391 - clear  0.000000000, sequence: 0
source 0 - assert 1763344431.000009170, sequence: 392 - clear  0.000000000, sequence: 0
source 0 - assert 1763344432.000011446, sequence: 393 - clear  0.000000000, sequence: 0
source 0 - assert 1763344433.000010765, sequence: 394 - clear  0.000000000, sequence: 0
source 0 - assert 1763344434.000010931, sequence: 395 - clear  0.000000000, sequence: 0
source 0 - assert 1763344435.000009490, sequence: 396 - clear  0.000000000, sequence: 0
source 0 - assert 1763344436.000004902, sequence: 397 - clear  0.000000000, sequence: 0
source 0 - assert 1763344437.000007660, sequence: 398 - clear  0.000000000, sequence: 0
source 0 - assert 1763344438.000008822, sequence: 399 - clear  0.000000000, sequence: 0
source 0 - assert 1763344439.000008469, sequence: 400 - clear  0.000000000, sequence: 0
source 0 - assert 1763344440.000010048, sequence: 401 - clear  0.000000000, sequence: 0
source 0 - assert 1763344441.000008657, sequence: 402 - clear  0.000000000, sequence: 0
source 0 - assert 1763344442.000007955, sequence: 403 - clear  0.000000000, sequence: 0
source 0 - assert 1763344443.000010144, sequence: 404 - clear  0.000000000, sequence: 0
source 0 - assert 1763344444.000008653, sequence: 405 - clear  0.000000000, sequence: 0
source 0 - assert 1763344445.000008781, sequence: 406 - clear  0.000000000, sequence: 0
source 0 - assert 1763344446.000008598, sequence: 407 - clear  0.000000000, sequence: 0
source 0 - assert 1763344447.000008193, sequence: 408 - clear  0.000000000, sequence: 0
source 0 - assert 1763344448.000013366, sequence: 409 - clear  0.000000000, sequence: 0
source 0 - assert 1763344449.000007482, sequence: 410 - clear  0.000000000, sequence: 0
source 0 - assert 1763344450.000005342, sequence: 411 - clear  0.000000000, sequence: 0
source 0 - assert 1763344451.000009514, sequence: 412 - clear  0.000000000, sequence: 0
source 0 - assert 1763344452.000009658, sequence: 413 - clear  0.000000000, sequence: 0
source 0 - assert 1763344453.000008072, sequence: 414 - clear  0.000000000, sequence: 0
source 0 - assert 1763344454.000008484, sequence: 415 - clear  0.000000000, sequence: 0
source 0 - assert 1763344455.000007082, sequence: 416 - clear  0.000000000, sequence: 0
source 0 - assert 1763344456.000004761, sequence: 417 - clear  0.000000000, sequence: 0
source 0 - assert 1763344457.000007627, sequence: 418 - clear  0.000000000, sequence: 0
source 0 - assert 1763344458.000009482, sequence: 419 - clear  0.000000000, sequence: 0
source 0 - assert 1763344459.000008113, sequence: 420 - clear  0.000000000, sequence: 0
source 0 - assert 1763344460.000002435, sequence: 421 - clear  0.000000000, sequence: 0
source 0 - assert 1763344461.000006555, sequence: 422 - clear  0.000000000, sequence: 0
source 0 - assert 1763344462.000007193, sequence: 423 - clear  0.000000000, sequence: 0
source 0 - assert 1763344463.000009490, sequence: 424 - clear  0.000000000, sequence: 0
source 0 - assert 1763344464.000009456, sequence: 425 - clear  0.000000000, sequence: 0
source 0 - assert 1763344465.000010210, sequence: 426 - clear  0.000000000, sequence: 0
source 0 - assert 1763344466.000007680, sequence: 427 - clear  0.000000000, sequence: 0
source 0 - assert 1763344467.000008469, sequence: 428 - clear  0.000000000, sequence: 0
source 0 - assert 1763344468.000014312, sequence: 429 - clear  0.000000000, sequence: 0
Terminated
