trying PPS source "/dev/pps0"
found PPS source "/dev/pps0"
ok, found 1 source(s), now start fetching data...
source 0 - assert 1763400228.000010059, sequence: 3087 - clear  0.000000000, sequence: 0
source 0 - assert 1763400229.000003606, sequence: 3088 - clear  0.000000000, sequence: 0
source 0 - assert 1763400230.000002909, sequence: 3089 - clear  0.000000000, sequence: 0
source 0 - assert 1763400231.000006163, sequence: 3090 - clear  0.000000000, sequence: 0
source 0 - assert 1763400232.000006159, sequence: 3091 - clear  0.000000000, sequence: 0
source 0 - assert 1763400233.000004598, sequence: 3092 - clear  0.000000000, sequence: 0
source 0 - assert 1763400234.000005752, sequence: 3093 - clear  0.000000000, sequence: 0
source 0 - assert 1763400235.000002278, sequence: 3094 - clear  0.000000000, sequence: 0
source 0 - assert 1763400236.000002077, sequence: 3095 - clear  0.000000000, sequence: 0
source 0 - assert 1763400237.000005127, sequence: 3096 - clear  0.000000000, sequence: 0
source 0 - assert 1763400238.000004500, sequence: 3097 - clear  0.000000000, sequence: 0
source 0 - assert 1763400239.000005434, sequence: 3098 - clear  0.000000000, sequence: 0
source 0 - assert 1763400240.000003596, sequence: 3099 - clear  0.000000000, sequence: 0
source 0 - assert 1763400241.000003306, sequence: 3100 - clear  0.000000000, sequence: 0
source 0 - assert 1763400242.000003453, sequence: 3101 - clear  0.000000000, sequence: 0
source 0 - assert 1763400243.000003252, sequence: 3102 - clear  0.000000000, sequence: 0
source 0 - assert 1763400244.000001837, sequence: 3103 - clear  0.000000000, sequence: 0
source 0 - assert 1763400245.000008383, sequence: 3104 - clear  0.000000000, sequence: 0
source 0 - assert 1763400246.000005366, sequence: 3105 - clear  0.000000000, sequence: 0
source 0 - assert 1763400247.000001771, sequence: 3106 - clear  0.000000000, sequence: 0
source 0 - assert 1763400248.000005662, sequence: 3107 - clear  0.000000000, sequence: 0
source 0 - assert 1763400249.000008616, sequence: 3108 - clear  0.000000000, sequence: 0
source 0 - assert 1763400250.000006470, sequence: 3109 - clear  0.000000000, sequence: 0
source 0 - assert 1763400251.000004624, sequence: 3110 - clear  0.000000000, sequence: 0
source 0 - assert 1763400252.000006458, sequence: 3111 - clear  0.000000000, sequence: 0
source 0 - assert 1763400253.000003445, sequence: 3112 - clear  0.000000000, sequence: 0
source 0 - assert 1763400254.000005578, sequence: 3113 - clear  0.000000000, sequence: 0
source 0 - assert 1763400255.000006951, sequence: 3114 - clear  0.000000000, sequence: 0
source 0 - assert 1763400256.000006573, sequence: 3115 - clear  0.000000000, sequence: 0
source 0 - assert 1763400257.000007413, sequence: 3116 - clear  0.000000000, sequence: 0
source 0 - assert 1763400258.000004744, sequence: 3117 - clear  0.000000000, sequence: 0
source 0 - assert 1763400259.000003366, sequence: 3118 - clear  0.000000000, sequence: 0
source 0 - assert 1763400260.000004690, sequence: 3119 - clear  0.000000000, sequence: 0
source 0 - assert 1763400261.000006024, sequence: 3120 - clear  0.000000000, sequence: 0
source 0 - assert 1763400262.000007692, sequence: 3121 - clear  0.000000000, sequence: 0
source 0 - assert 1763400263.000002863, sequence: 3122 - clear  0.000000000, sequence: 0
source 0 - assert 1763400264.000003682, sequence: 3123 - clear  0.000000000, sequence: 0
source 0 - assert 1763400265.000005452, sequence: 3124 - clear  0.000000000, sequence: 0
source 0 - assert 1763400266.000004681, sequence: 3125 - clear  0.000000000, sequence: 0
source 0 - assert 1763400267.000008008, sequence: 3126 - clear  0.000000000, sequence: 0
source 0 - assert 1763400268.000006121, sequence: 3127 - clear  0.000000000, sequence: 0
source 0 - assert 1763400269.000003664, sequence: 3128 - clear  0.000000000, sequence: 0
source 0 - assert 1763400270.000003306, sequence: 3129 - clear  0.000000000, sequence: 0
source 0 - assert 1763400271.000004261, sequence: 3130 - clear  0.000000000, sequence: 0
source 0 - assert 1763400272.000006093, sequence: 3131 - clear  0.000000000, sequence: 0
source 0 - assert 1763400273.000004331, sequence: 3132 - clear  0.000000000, sequence: 0
source 0 - assert 1763400274.000004099, sequence: 3133 - clear  0.000000000, sequence: 0
source 0 - assert 1763400275.000003790, sequence: 3134 - clear  0.000000000, sequence: 0
source 0 - assert 1763400276.000001258, sequence: 3135 - clear  0.000000000, sequence: 0
source 0 - assert 1763400277.000007265, sequence: 3136 - clear  0.000000000, sequence: 0
source 0 - assert 1763400278.000006496, sequence: 3137 - clear  0.000000000, sequence: 0
source 0 - assert 1763400279.000007267, sequence: 3138 - clear  0.000000000, sequence: 0
source 0 - assert 1763400280.000004679, sequence: 3139 - clear  0.000000000, sequence: 0
source 0 - assert 1763400281.000005945, sequence: 3140 - clear  0.000000000, sequence: 0
source 0 - assert 1763400282.000004787, sequence: 3141 - clear  0.000000000, sequence: 0
source 0 - assert 1763400283.000007148, sequence: 3142 - clear  0.000000000, sequence: 0
source 0 - assert 1763400284.000005325, sequence: 3143 - clear  0.000000000, sequence: 0
source 0 - assert 1763400285.000000085, sequence: 3144 - clear  0.000000000, sequence: 0
source 0 - assert 1763400286.000003796, sequence: 3145 - clear  0.000000000, sequence: 0
source 0 - assert 1763400287.000004508, sequence: 3146 - clear  0.000000000, sequence: 0
source 0 - assert 1763400288.000004669, sequence: 3147 - clear  0.000000000, sequence: 0
source 0 - assert 1763400289.000006294, sequence: 3148 - clear  0.000000000, sequence: 0
source 0 - assert 1763400290.000003659, sequence: 3149 - clear  0.000000000, sequence: 0
source 0 - assert 1763400291.000004435, sequence: 3150 - clear  0.000000000, sequence: 0
source 0 - assert 1763400292.000008543, sequence: 3151 - clear  0.000000000, sequence: 0
source 0 - assert 1763400293.000010421, sequence: 3152 - clear  0.000000000, sequence: 0
source 0 - assert 1763400294.000005152, sequence: 3153 - clear  0.000000000, sequence: 0
source 0 - assert 1763400295.000006084, sequence: 3154 - clear  0.000000000, sequence: 0
source 0 - assert 1763400296.000003610, sequence: 3155 - clear  0.000000000, sequence: 0
source 0 - assert 1763400297.000004081, sequence: 3156 - clear  0.000000000, sequence: 0
source 0 - assert 1763400298.000001118, sequence: 3157 - clear  0.000000000, sequence: 0
source 0 - assert 1763400299.000006244, sequence: 3158 - clear  0.000000000, sequence: 0
source 0 - assert 1763400300.000006465, sequence: 3159 - clear  0.000000000, sequence: 0
source 0 - assert 1763400301.000003133, sequence: 3160 - clear  0.000000000, sequence: 0
source 0 - assert 1763400302.000005127, sequence: 3161 - clear  0.000000000, sequence: 0
source 0 - assert 1763400303.000005164, sequence: 3162 - clear  0.000000000, sequence: 0
source 0 - assert 1763400304.000006589, sequence: 3163 - clear  0.000000000, sequence: 0
source 0 - assert 1763400305.000005866, sequence: 3164 - clear  0.000000000, sequence: 0
source 0 - assert 1763400306.000002338, sequence: 3165 - clear  0.000000000, sequence: 0
source 0 - assert 1763400307.000000534, sequence: 3166 - clear  0.000000000, sequence: 0
source 0 - assert 1763400308.000006492, sequence: 3167 - clear  0.000000000, sequence: 0
source 0 - assert 1763400309.000008668, sequence: 3168 - clear  0.000000000, sequence: 0
source 0 - assert 1763400310.000007082, sequence: 3169 - clear  0.000000000, sequence: 0
source 0 - assert 1763400311.000006950, sequence: 3170 - clear  0.000000000, sequence: 0
source 0 - assert 1763400312.000004293, sequence: 3171 - clear  0.000000000, sequence: 0
source 0 - assert 1763400313.000006167, sequence: 3172 - clear  0.000000000, sequence: 0
source 0 - assert 1763400314.000003706, sequence: 3173 - clear  0.000000000, sequence: 0
source 0 - assert 1763400315.000001934, sequence: 3174 - clear  0.000000000, sequence: 0
source 0 - assert 1763400316.000006710, sequence: 3175 - clear  0.000000000, sequence: 0
source 0 - assert 1763400317.000003744, sequence: 3176 - clear  0.000000000, sequence: 0
source 0 - assert 1763400318.000001510, sequence: 3177 - clear  0.000000000, sequence: 0
source 0 - assert 1763400319.000003482, sequence: 3178 - clear  0.000000000, sequence: 0
source 0 - assert 1763400320.000005371, sequence: 3179 - clear  0.000000000, sequence: 0
source 0 - assert 1763400321.000004871, sequence: 3180 - clear  0.000000000, sequence: 0
source 0 - assert 1763400322.000005474, sequence: 3181 - clear  0.000000000, sequence: 0
source 0 - assert 1763400323.000005681, sequence: 3182 - clear  0.000000000, sequence: 0
source 0 - assert 1763400324.000004259, sequence: 3183 - clear  0.000000000, sequence: 0
source 0 - assert 1763400325.000003261, sequence: 3184 - clear  0.000000000, sequence: 0
source 0 - assert 1763400326.000002939, sequence: 3185 - clear  0.000000000, sequence: 0
source 0 - assert 1763400327.000006029, sequence: 3186 - clear  0.000000000, sequence: 0
source 0 - assert 1763400327.999999254, sequence: 3187 - clear  0.000000000, sequence: 0
source 0 - assert 1763400329.000003699, sequence: 3188 - clear  0.000000000, sequence: 0
source 0 - assert 1763400330.000004595, sequence: 3189 - clear  0.000000000, sequence: 0
source 0 - assert 1763400331.000006293, sequence: 3190 - clear  0.000000000, sequence: 0
source 0 - assert 1763400332.000007995, sequence: 3191 - clear  0.000000000, sequence: 0
source 0 - assert 1763400333.000007137, sequence: 3192 - clear  0.000000000, sequence: 0
source 0 - assert 1763400334.000002457, sequence: 3193 - clear  0.000000000, sequence: 0
source 0 - assert 1763400335.000005589, sequence: 3194 - clear  0.000000000, sequence: 0
source 0 - assert 1763400336.000003708, sequence: 3195 - clear  0.000000000, sequence: 0
source 0 - assert 1763400337.000005278, sequence: 3196 - clear  0.000000000, sequence: 0
source 0 - assert 1763400338.000006383, sequence: 3197 - clear  0.000000000, sequence: 0
source 0 - assert 1763400339.000006624, sequence: 3198 - clear  0.000000000, sequence: 0
source 0 - assert 1763400340.000007250, sequence: 3199 - clear  0.000000000, sequence: 0
source 0 - assert 1763400341.000006827, sequence: 3200 - clear  0.000000000, sequence: 0
source 0 - assert 1763400342.000004018, sequence: 3201 - clear  0.000000000, sequence: 0
source 0 - assert 1763400343.000006140, sequence: 3202 - clear  0.000000000, sequence: 0
source 0 - assert 1763400344.000008558, sequence: 3203 - clear  0.000000000, sequence: 0
source 0 - assert 1763400345.000005652, sequence: 3204 - clear  0.000000000, sequence: 0
source 0 - assert 1763400346.000002820, sequence: 3205 - clear  0.000000000, sequence: 0
source 0 - assert 1763400347.000006965, sequence: 3206 - clear  0.000000000, sequence: 0
source 0 - assert 1763400348.000005799, sequence: 3207 - clear  0.000000000, sequence: 0
source 0 - assert 1763400349.000008119, sequence: 3208 - clear  0.000000000, sequence: 0
source 0 - assert 1763400350.000005532, sequence: 3209 - clear  0.000000000, sequence: 0
source 0 - assert 1763400351.000004494, sequence: 3210 - clear  0.000000000, sequence: 0
source 0 - assert 1763400352.000009757, sequence: 3211 - clear  0.000000000, sequence: 0
source 0 - assert 1763400353.000003864, sequence: 3212 - clear  0.000000000, sequence: 0
source 0 - assert 1763400354.000002259, sequence: 3213 - clear  0.000000000, sequence: 0
source 0 - assert 1763400355.000006585, sequence: 3214 - clear  0.000000000, sequence: 0
source 0 - assert 1763400356.000003331, sequence: 3215 - clear  0.000000000, sequence: 0
source 0 - assert 1763400357.000006199, sequence: 3216 - clear  0.000000000, sequence: 0
source 0 - assert 1763400358.000003216, sequence: 3217 - clear  0.000000000, sequence: 0
source 0 - assert 1763400359.000002059, sequence: 3218 - clear  0.000000000, sequence: 0
source 0 - assert 1763400360.000006365, sequence: 3219 - clear  0.000000000, sequence: 0
source 0 - assert 1763400361.000003629, sequence: 3220 - clear  0.000000000, sequence: 0
source 0 - assert 1763400362.000008062, sequence: 3221 - clear  0.000000000, sequence: 0
source 0 - assert 1763400363.000004159, sequence: 3222 - clear  0.000000000, sequence: 0
source 0 - assert 1763400364.000005151, sequence: 3223 - clear  0.000000000, sequence: 0
source 0 - assert 1763400365.000003366, sequence: 3224 - clear  0.000000000, sequence: 0
source 0 - assert 1763400366.000006617, sequence: 3225 - clear  0.000000000, sequence: 0
source 0 - assert 1763400367.000005936, sequence: 3226 - clear  0.000000000, sequence: 0
source 0 - assert 1763400368.000003547, sequence: 3227 - clear  0.000000000, sequence: 0
source 0 - assert 1763400369.000005383, sequence: 3228 - clear  0.000000000, sequence: 0
source 0 - assert 1763400370.000007540, sequence: 3229 - clear  0.000000000, sequence: 0
source 0 - assert 1763400371.000007338, sequence: 3230 - clear  0.000000000, sequence: 0
source 0 - assert 1763400372.000003285, sequence: 3231 - clear  0.000000000, sequence: 0
source 0 - assert 1763400373.000004062, sequence: 3232 - clear  0.000000000, sequence: 0
source 0 - assert 1763400374.000002039, sequence: 3233 - clear  0.000000000, sequence: 0
source 0 - assert 1763400375.000004123, sequence: 3234 - clear  0.000000000, sequence: 0
source 0 - assert 1763400376.000003122, sequence: 3235 - clear  0.000000000, sequence: 0
source 0 - assert 1763400377.000006561, sequence: 3236 - clear  0.000000000, sequence: 0
source 0 - assert 1763400378.000002613, sequence: 3237 - clear  0.000000000, sequence: 0
source 0 - assert 1763400379.000005005, sequence: 3238 - clear  0.000000000, sequence: 0
source 0 - assert 1763400380.000006392, sequence: 3239 - clear  0.000000000, sequence: 0
source 0 - assert 1763400381.000005098, sequence: 3240 - clear  0.000000000, sequence: 0
source 0 - assert 1763400382.000005423, sequence: 3241 - clear  0.000000000, sequence: 0
source 0 - assert 1763400383.000008597, sequence: 3242 - clear  0.000000000, sequence: 0
source 0 - assert 1763400384.000003465, sequence: 3243 - clear  0.000000000, sequence: 0
source 0 - assert 1763400385.000004203, sequence: 3244 - clear  0.000000000, sequence: 0
source 0 - assert 1763400386.000003324, sequence: 3245 - clear  0.000000000, sequence: 0
source 0 - assert 1763400387.000003590, sequence: 3246 - clear  0.000000000, sequence: 0
source 0 - assert 1763400388.000008839, sequence: 3247 - clear  0.000000000, sequence: 0
source 0 - assert 1763400389.000007580, sequence: 3248 - clear  0.000000000, sequence: 0
source 0 - assert 1763400390.000007287, sequence: 3249 - clear  0.000000000, sequence: 0
source 0 - assert 1763400391.000007813, sequence: 3250 - clear  0.000000000, sequence: 0
source 0 - assert 1763400392.000008088, sequence: 3251 - clear  0.000000000, sequence: 0
source 0 - assert 1763400393.000007740, sequence: 3252 - clear  0.000000000, sequence: 0
source 0 - assert 1763400394.000006909, sequence: 3253 - clear  0.000000000, sequence: 0
source 0 - assert 1763400395.000008914, sequence: 3254 - clear  0.000000000, sequence: 0
source 0 - assert 1763400396.000006720, sequence: 3255 - clear  0.000000000, sequence: 0
source 0 - assert 1763400397.000007807, sequence: 3256 - clear  0.000000000, sequence: 0
source 0 - assert 1763400398.000006838, sequence: 3257 - clear  0.000000000, sequence: 0
source 0 - assert 1763400399.000007374, sequence: 3258 - clear  0.000000000, sequence: 0
source 0 - assert 1763400400.000013127, sequence: 3259 - clear  0.000000000, sequence: 0
source 0 - assert 1763400401.000008732, sequence: 3260 - clear  0.000000000, sequence: 0
source 0 - assert 1763400402.000005828, sequence: 3261 - clear  0.000000000, sequence: 0
source 0 - assert 1763400403.000005484, sequence: 3262 - clear  0.000000000, sequence: 0
source 0 - assert 1763400404.000011417, sequence: 3263 - clear  0.000000000, sequence: 0
source 0 - assert 1763400405.000004677, sequence: 3264 - clear  0.000000000, sequence: 0
source 0 - assert 1763400406.000004950, sequence: 3265 - clear  0.000000000, sequence: 0
source 0 - assert 1763400407.000006597, sequence: 3266 - clear  0.000000000, sequence: 0
source 0 - assert 1763400408.000006690, sequence: 3267 - clear  0.000000000, sequence: 0
source 0 - assert 1763400409.000006460, sequence: 3268 - clear  0.000000000, sequence: 0
source 0 - assert 1763400410.000008582, sequence: 3269 - clear  0.000000000, sequence: 0
source 0 - assert 1763400411.000009296, sequence: 3270 - clear  0.000000000, sequence: 0
source 0 - assert 1763400412.000007952, sequence: 3271 - clear  0.000000000, sequence: 0
source 0 - assert 1763400413.000010050, sequence: 3272 - clear  0.000000000, sequence: 0
source 0 - assert 1763400414.000009130, sequence: 3273 - clear  0.000000000, sequence: 0
source 0 - assert 1763400415.000009879, sequence: 3274 - clear  0.000000000, sequence: 0
source 0 - assert 1763400416.000011579, sequence: 3275 - clear  0.000000000, sequence: 0
source 0 - assert 1763400417.000004755, sequence: 3276 - clear  0.000000000, sequence: 0
source 0 - assert 1763400418.000005965, sequence: 3277 - clear  0.000000000, sequence: 0
source 0 - assert 1763400419.000008763, sequence: 3278 - clear  0.000000000, sequence: 0
source 0 - assert 1763400420.000009805, sequence: 3279 - clear  0.000000000, sequence: 0
source 0 - assert 1763400421.000008832, sequence: 3280 - clear  0.000000000, sequence: 0
source 0 - assert 1763400422.000007253, sequence: 3281 - clear  0.000000000, sequence: 0
source 0 - assert 1763400423.000007118, sequence: 3282 - clear  0.000000000, sequence: 0
source 0 - assert 1763400424.000006460, sequence: 3283 - clear  0.000000000, sequence: 0
source 0 - assert 1763400425.000006046, sequence: 3284 - clear  0.000000000, sequence: 0
source 0 - assert 1763400426.000008494, sequence: 3285 - clear  0.000000000, sequence: 0
source 0 - assert 1763400427.000008425, sequence: 3286 - clear  0.000000000, sequence: 0
source 0 - assert 1763400428.000005137, sequence: 3287 - clear  0.000000000, sequence: 0
source 0 - assert 1763400429.000006040, sequence: 3288 - clear  0.000000000, sequence: 0
source 0 - assert 1763400430.000011805, sequence: 3289 - clear  0.000000000, sequence: 0
source 0 - assert 1763400431.000007827, sequence: 3290 - clear  0.000000000, sequence: 0
source 0 - assert 1763400432.000009574, sequence: 3291 - clear  0.000000000, sequence: 0
source 0 - assert 1763400433.000005234, sequence: 3292 - clear  0.000000000, sequence: 0
source 0 - assert 1763400434.000006866, sequence: 3293 - clear  0.000000000, sequence: 0
source 0 - assert 1763400435.000007009, sequence: 3294 - clear  0.000000000, sequence: 0
source 0 - assert 1763400436.000003584, sequence: 3295 - clear  0.000000000, sequence: 0
source 0 - assert 1763400437.000007594, sequence: 3296 - clear  0.000000000, sequence: 0
source 0 - assert 1763400438.000007803, sequence: 3297 - clear  0.000000000, sequence: 0
source 0 - assert 1763400439.000010847, sequence: 3298 - clear  0.000000000, sequence: 0
source 0 - assert 1763400440.000011167, sequence: 3299 - clear  0.000000000, sequence: 0
source 0 - assert 1763400441.000008408, sequence: 3300 - clear  0.000000000, sequence: 0
source 0 - assert 1763400442.000010041, sequence: 3301 - clear  0.000000000, sequence: 0
source 0 - assert 1763400443.000007874, sequence: 3302 - clear  0.000000000, sequence: 0
source 0 - assert 1763400444.000006676, sequence: 3303 - clear  0.000000000, sequence: 0
source 0 - assert 1763400445.000004346, sequence: 3304 - clear  0.000000000, sequence: 0
source 0 - assert 1763400446.000005480, sequence: 3305 - clear  0.000000000, sequence: 0
source 0 - assert 1763400447.000009694, sequence: 3306 - clear  0.000000000, sequence: 0
source 0 - assert 1763400448.000006904, sequence: 3307 - clear  0.000000000, sequence: 0
source 0 - assert 1763400449.000009545, sequence: 3308 - clear  0.000000000, sequence: 0
source 0 - assert 1763400450.000008471, sequence: 3309 - clear  0.000000000, sequence: 0
source 0 - assert 1763400451.000010745, sequence: 3310 - clear  0.000000000, sequence: 0
source 0 - assert 1763400452.000008123, sequence: 3311 - clear  0.000000000, sequence: 0
source 0 - assert 1763400453.000006308, sequence: 3312 - clear  0.000000000, sequence: 0
source 0 - assert 1763400454.000008498, sequence: 3313 - clear  0.000000000, sequence: 0
source 0 - assert 1763400455.000003701, sequence: 3314 - clear  0.000000000, sequence: 0
source 0 - assert 1763400456.000006697, sequence: 3315 - clear  0.000000000, sequence: 0
source 0 - assert 1763400457.000009960, sequence: 3316 - clear  0.000000000, sequence: 0
source 0 - assert 1763400458.000005883, sequence: 3317 - clear  0.000000000, sequence: 0
source 0 - assert 1763400459.000004967, sequence: 3318 - clear  0.000000000, sequence: 0
source 0 - assert 1763400460.000008267, sequence: 3319 - clear  0.000000000, sequence: 0
source 0 - assert 1763400461.000009898, sequence: 3320 - clear  0.000000000, sequence: 0
source 0 - assert 1763400462.000009084, sequence: 3321 - clear  0.000000000, sequence: 0
source 0 - assert 1763400463.000008334, sequence: 3322 - clear  0.000000000, sequence: 0
source 0 - assert 1763400464.000003370, sequence: 3323 - clear  0.000000000, sequence: 0
source 0 - assert 1763400465.000008911, sequence: 3324 - clear  0.000000000, sequence: 0
source 0 - assert 1763400466.000006428, sequence: 3325 - clear  0.000000000, sequence: 0
source 0 - assert 1763400467.000007211, sequence: 3326 - clear  0.000000000, sequence: 0
source 0 - assert 1763400468.000009639, sequence: 3327 - clear  0.000000000, sequence: 0
source 0 - assert 1763400469.000006810, sequence: 3328 - clear  0.000000000, sequence: 0
source 0 - assert 1763400470.000006226, sequence: 3329 - clear  0.000000000, sequence: 0
source 0 - assert 1763400471.000009208, sequence: 3330 - clear  0.000000000, sequence: 0
source 0 - assert 1763400472.000003737, sequence: 3331 - clear  0.000000000, sequence: 0
source 0 - assert 1763400473.000008075, sequence: 3332 - clear  0.000000000, sequence: 0
source 0 - assert 1763400474.000007568, sequence: 3333 - clear  0.000000000, sequence: 0
source 0 - assert 1763400475.000006488, sequence: 3334 - clear  0.000000000, sequence: 0
source 0 - assert 1763400476.000007820, sequence: 3335 - clear  0.000000000, sequence: 0
source 0 - assert 1763400477.000006823, sequence: 3336 - clear  0.000000000, sequence: 0
source 0 - assert 1763400478.000004509, sequence: 3337 - clear  0.000000000, sequence: 0
source 0 - assert 1763400479.000006148, sequence: 3338 - clear  0.000000000, sequence: 0
source 0 - assert 1763400480.000005864, sequence: 3339 - clear  0.000000000, sequence: 0
source 0 - assert 1763400481.000007045, sequence: 3340 - clear  0.000000000, sequence: 0
source 0 - assert 1763400482.000008831, sequence: 3341 - clear  0.000000000, sequence: 0
source 0 - assert 1763400483.000006198, sequence: 3342 - clear  0.000000000, sequence: 0
source 0 - assert 1763400484.000002497, sequence: 3343 - clear  0.000000000, sequence: 0
source 0 - assert 1763400485.000007158, sequence: 3344 - clear  0.000000000, sequence: 0
source 0 - assert 1763400486.000007782, sequence: 3345 - clear  0.000000000, sequence: 0
source 0 - assert 1763400487.000009516, sequence: 3346 - clear  0.000000000, sequence: 0
source 0 - assert 1763400488.000007488, sequence: 3347 - clear  0.000000000, sequence: 0
source 0 - assert 1763400489.000004460, sequence: 3348 - clear  0.000000000, sequence: 0
source 0 - assert 1763400490.000010307, sequence: 3349 - clear  0.000000000, sequence: 0
source 0 - assert 1763400491.000012301, sequence: 3350 - clear  0.000000000, sequence: 0
source 0 - assert 1763400492.000010795, sequence: 3351 - clear  0.000000000, sequence: 0
source 0 - assert 1763400493.000009041, sequence: 3352 - clear  0.000000000, sequence: 0
source 0 - assert 1763400494.000008082, sequence: 3353 - clear  0.000000000, sequence: 0
source 0 - assert 1763400495.000004253, sequence: 3354 - clear  0.000000000, sequence: 0
source 0 - assert 1763400496.000006835, sequence: 3355 - clear  0.000000000, sequence: 0
source 0 - assert 1763400497.000002368, sequence: 3356 - clear  0.000000000, sequence: 0
source 0 - assert 1763400498.000007906, sequence: 3357 - clear  0.000000000, sequence: 0
source 0 - assert 1763400499.000008336, sequence: 3358 - clear  0.000000000, sequence: 0
source 0 - assert 1763400500.000004071, sequence: 3359 - clear  0.000000000, sequence: 0
source 0 - assert 1763400501.000008252, sequence: 3360 - clear  0.000000000, sequence: 0
source 0 - assert 1763400502.000005588, sequence: 3361 - clear  0.000000000, sequence: 0
source 0 - assert 1763400503.000005052, sequence: 3362 - clear  0.000000000, sequence: 0
source 0 - assert 1763400504.000010859, sequence: 3363 - clear  0.000000000, sequence: 0
source 0 - assert 1763400505.000005186, sequence: 3364 - clear  0.000000000, sequence: 0
source 0 - assert 1763400506.000003847, sequence: 3365 - clear  0.000000000, sequence: 0
source 0 - assert 1763400507.000007149, sequence: 3366 - clear  0.000000000, sequence: 0
source 0 - assert 1763400508.000004730, sequence: 3367 - clear  0.000000000, sequence: 0
source 0 - assert 1763400509.000003994, sequence: 3368 - clear  0.000000000, sequence: 0
source 0 - assert 1763400510.000011132, sequence: 3369 - clear  0.000000000, sequence: 0
source 0 - assert 1763400511.000007422, sequence: 3370 - clear  0.000000000, sequence: 0
source 0 - assert 1763400512.000007298, sequence: 3371 - clear  0.000000000, sequence: 0
source 0 - assert 1763400513.000003370, sequence: 3372 - clear  0.000000000, sequence: 0
source 0 - assert 1763400514.000007765, sequence: 3373 - clear  0.000000000, sequence: 0
source 0 - assert 1763400515.000005036, sequence: 3374 - clear  0.000000000, sequence: 0
source 0 - assert 1763400516.000008857, sequence: 3375 - clear  0.000000000, sequence: 0
source 0 - assert 1763400517.000004501, sequence: 3376 - clear  0.000000000, sequence: 0
source 0 - assert 1763400518.000006985, sequence: 3377 - clear  0.000000000, sequence: 0
source 0 - assert 1763400519.000010575, sequence: 3378 - clear  0.000000000, sequence: 0
source 0 - assert 1763400520.000006009, sequence: 3379 - clear  0.000000000, sequence: 0
source 0 - assert 1763400521.000010871, sequence: 3380 - clear  0.000000000, sequence: 0
source 0 - assert 1763400522.000009423, sequence: 3381 - clear  0.000000000, sequence: 0
source 0 - assert 1763400523.000005952, sequence: 3382 - clear  0.000000000, sequence: 0
source 0 - assert 1763400524.000009920, sequence: 3383 - clear  0.000000000, sequence: 0
source 0 - assert 1763400525.000007075, sequence: 3384 - clear  0.000000000, sequence: 0
source 0 - assert 1763400526.000007741, sequence: 3385 - clear  0.000000000, sequence: 0
source 0 - assert 1763400527.000009700, sequence: 3386 - clear  0.000000000, sequence: 0
source 0 - assert 1763400528.000007114, sequence: 3387 - clear  0.000000000, sequence: 0
source 0 - assert 1763400529.000009153, sequence: 3388 - clear  0.000000000, sequence: 0
source 0 - assert 1763400530.000008422, sequence: 3389 - clear  0.000000000, sequence: 0
source 0 - assert 1763400531.000006569, sequence: 3390 - clear  0.000000000, sequence: 0
source 0 - assert 1763400532.000008425, sequence: 3391 - clear  0.000000000, sequence: 0
source 0 - assert 1763400533.000005419, sequence: 3392 - clear  0.000000000, sequence: 0
source 0 - assert 1763400534.000006346, sequence: 3393 - clear  0.000000000, sequence: 0
source 0 - assert 1763400535.000009458, sequence: 3394 - clear  0.000000000, sequence: 0
source 0 - assert 1763400536.000007088, sequence: 3395 - clear  0.000000000, sequence: 0
source 0 - assert 1763400537.000008172, sequence: 3396 - clear  0.000000000, sequence: 0
source 0 - assert 1763400538.000007411, sequence: 3397 - clear  0.000000000, sequence: 0
source 0 - assert 1763400539.000005968, sequence: 3398 - clear  0.000000000, sequence: 0
source 0 - assert 1763400540.000007222, sequence: 3399 - clear  0.000000000, sequence: 0
source 0 - assert 1763400541.000004998, sequence: 3400 - clear  0.000000000, sequence: 0
source 0 - assert 1763400542.000009411, sequence: 3401 - clear  0.000000000, sequence: 0
source 0 - assert 1763400543.000008948, sequence: 3402 - clear  0.000000000, sequence: 0
source 0 - assert 1763400544.000003070, sequence: 3403 - clear  0.000000000, sequence: 0
source 0 - assert 1763400545.000015587, sequence: 3404 - clear  0.000000000, sequence: 0
Terminated
