trying PPS source "/dev/pps0"
found PPS source "/dev/pps0"
ok, found 1 source(s), now start fetching data...
source 0 - assert 1763401159.000008088, sequence: 4018 - clear  0.000000000, sequence: 0
source 0 - assert 1763401160.000010207, sequence: 4019 - clear  0.000000000, sequence: 0
source 0 - assert 1763401161.000006083, sequence: 4020 - clear  0.000000000, sequence: 0
source 0 - assert 1763401162.000007734, sequence: 4021 - clear  0.000000000, sequence: 0
source 0 - assert 1763401163.000007983, sequence: 4022 - clear  0.000000000, sequence: 0
source 0 - assert 1763401164.000005904, sequence: 4023 - clear  0.000000000, sequence: 0
source 0 - assert 1763401165.000009129, sequence: 4024 - clear  0.000000000, sequence: 0
source 0 - assert 1763401166.000006047, sequence: 4025 - clear  0.000000000, sequence: 0
source 0 - assert 1763401167.000008216, sequence: 4026 - clear  0.000000000, sequence: 0
source 0 - assert 1763401168.000006012, sequence: 4027 - clear  0.000000000, sequence: 0
source 0 - assert 1763401169.000006081, sequence: 4028 - clear  0.000000000, sequence: 0
source 0 - assert 1763401170.000011542, sequence: 4029 - clear  0.000000000, sequence: 0
source 0 - assert 1763401171.000004700, sequence: 4030 - clear  0.000000000, sequence: 0
source 0 - assert 1763401172.000010567, sequence: 4031 - clear  0.000000000, sequence: 0
source 0 - assert 1763401173.000006812, sequence: 4032 - clear  0.000000000, sequence: 0
source 0 - assert 1763401174.000008159, sequence: 4033 - clear  0.000000000, sequence: 0
source 0 - assert 1763401175.000007297, sequence: 4034 - clear  0.000000000, sequence: 0
source 0 - assert 1763401176.000010144, sequence: 4035 - clear  0.000000000, sequence: 0
source 0 - assert 1763401177.000008569, sequence: 4036 - clear  0.000000000, sequence: 0
source 0 - assert 1763401178.000003251, sequence: 4037 - clear  0.000000000, sequence: 0
source 0 - assert 1763401179.000004032, sequence: 4038 - clear  0.000000000, sequence: 0
source 0 - assert 1763401180.000009573, sequence: 4039 - clear  0.000000000, sequence: 0
source 0 - assert 1763401181.000008286, sequence: 4040 - clear  0.000000000, sequence: 0
source 0 - assert 1763401182.000007846, sequence: 4041 - clear  0.000000000, sequence: 0
source 0 - assert 1763401183.000003379, sequence: 4042 - clear  0.000000000, sequence: 0
source 0 - assert 1763401184.000002413, sequence: 4043 - clear  0.000000000, sequence: 0
source 0 - assert 1763401185.000006535, sequence: 4044 - clear  0.000000000, sequence: 0
source 0 - assert 1763401186.000006574, sequence: 4045 - clear  0.000000000, sequence: 0
source 0 - assert 1763401187.000011461, sequence: 4046 - clear  0.000000000, sequence: 0
source 0 - assert 1763401188.000006649, sequence: 4047 - clear  0.000000000, sequence: 0
source 0 - assert 1763401189.000005004, sequence: 4048 - clear  0.000000000, sequence: 0
source 0 - assert 1763401190.000006541, sequence: 4049 - clear  0.000000000, sequence: 0
source 0 - assert 1763401191.000007715, sequence: 4050 - clear  0.000000000, sequence: 0
source 0 - assert 1763401192.000008378, sequence: 4051 - clear  0.000000000, sequence: 0
source 0 - assert 1763401193.000010663, sequence: 4052 - clear  0.000000000, sequence: 0
source 0 - assert 1763401194.000007125, sequence: 4053 - clear  0.000000000, sequence: 0
source 0 - assert 1763401195.000005325, sequence: 4054 - clear  0.000000000, sequence: 0
source 0 - assert 1763401196.000010112, sequence: 4055 - clear  0.000000000, sequence: 0
source 0 - assert 1763401197.000004052, sequence: 4056 - clear  0.000000000, sequence: 0
source 0 - assert 1763401198.000008663, sequence: 4057 - clear  0.000000000, sequence: 0
source 0 - assert 1763401199.000008838, sequence: 4058 - clear  0.000000000, sequence: 0
source 0 - assert 1763401200.000004432, sequence: 4059 - clear  0.000000000, sequence: 0
source 0 - assert 1763401201.000008829, sequence: 4060 - clear  0.000000000, sequence: 0
source 0 - assert 1763401202.000008091, sequence: 4061 - clear  0.000000000, sequence: 0
source 0 - assert 1763401203.000009715, sequence: 4062 - clear  0.000000000, sequence: 0
source 0 - assert 1763401204.000006586, sequence: 4063 - clear  0.000000000, sequence: 0
source 0 - assert 1763401205.000005048, sequence: 4064 - clear  0.000000000, sequence: 0
source 0 - assert 1763401206.000011006, sequence: 4065 - clear  0.000000000, sequence: 0
source 0 - assert 1763401207.000008585, sequence: 4066 - clear  0.000000000, sequence: 0
source 0 - assert 1763401208.000005390, sequence: 4067 - clear  0.000000000, sequence: 0
source 0 - assert 1763401209.000010378, sequence: 4068 - clear  0.000000000, sequence: 0
source 0 - assert 1763401210.000010779, sequence: 4069 - clear  0.000000000, sequence: 0
source 0 - assert 1763401211.000004039, sequence: 4070 - clear  0.000000000, sequence: 0
source 0 - assert 1763401212.000007514, sequence: 4071 - clear  0.000000000, sequence: 0
source 0 - assert 1763401213.000003953, sequence: 4072 - clear  0.000000000, sequence: 0
source 0 - assert 1763401214.000008061, sequence: 4073 - clear  0.000000000, sequence: 0
source 0 - assert 1763401215.000005813, sequence: 4074 - clear  0.000000000, sequence: 0
source 0 - assert 1763401216.000009575, sequence: 4075 - clear  0.000000000, sequence: 0
source 0 - assert 1763401217.000010338, sequence: 4076 - clear  0.000000000, sequence: 0
source 0 - assert 1763401218.000007382, sequence: 4077 - clear  0.000000000, sequence: 0
source 0 - assert 1763401219.000006513, sequence: 4078 - clear  0.000000000, sequence: 0
source 0 - assert 1763401220.000009927, sequence: 4079 - clear  0.000000000, sequence: 0
source 0 - assert 1763401221.000009087, sequence: 4080 - clear  0.000000000, sequence: 0
source 0 - assert 1763401222.000004169, sequence: 4081 - clear  0.000000000, sequence: 0
source 0 - assert 1763401223.000004701, sequence: 4082 - clear  0.000000000, sequence: 0
source 0 - assert 1763401224.000005414, sequence: 4083 - clear  0.000000000, sequence: 0
source 0 - assert 1763401225.000007618, sequence: 4084 - clear  0.000000000, sequence: 0
source 0 - assert 1763401226.000007461, sequence: 4085 - clear  0.000000000, sequence: 0
source 0 - assert 1763401227.000002247, sequence: 4086 - clear  0.000000000, sequence: 0
source 0 - assert 1763401228.000005618, sequence: 4087 - clear  0.000000000, sequence: 0
source 0 - assert 1763401229.000007827, sequence: 4088 - clear  0.000000000, sequence: 0
source 0 - assert 1763401230.000006300, sequence: 4089 - clear  0.000000000, sequence: 0
source 0 - assert 1763401231.000009414, sequence: 4090 - clear  0.000000000, sequence: 0
source 0 - assert 1763401232.000006326, sequence: 4091 - clear  0.000000000, sequence: 0
source 0 - assert 1763401233.000006414, sequence: 4092 - clear  0.000000000, sequence: 0
source 0 - assert 1763401234.000004846, sequence: 4093 - clear  0.000000000, sequence: 0
source 0 - assert 1763401235.000005525, sequence: 4094 - clear  0.000000000, sequence: 0
source 0 - assert 1763401236.000010360, sequence: 4095 - clear  0.000000000, sequence: 0
source 0 - assert 1763401237.000009603, sequence: 4096 - clear  0.000000000, sequence: 0
source 0 - assert 1763401238.000007086, sequence: 4097 - clear  0.000000000, sequence: 0
source 0 - assert 1763401239.000006154, sequence: 4098 - clear  0.000000000, sequence: 0
source 0 - assert 1763401240.000007562, sequence: 4099 - clear  0.000000000, sequence: 0
source 0 - assert 1763401241.000009296, sequence: 4100 - clear  0.000000000, sequence: 0
source 0 - assert 1763401242.000012454, sequence: 4101 - clear  0.000000000, sequence: 0
source 0 - assert 1763401243.000008393, sequence: 4102 - clear  0.000000000, sequence: 0
source 0 - assert 1763401244.000006012, sequence: 4103 - clear  0.000000000, sequence: 0
source 0 - assert 1763401245.000004955, sequence: 4104 - clear  0.000000000, sequence: 0
source 0 - assert 1763401246.000006293, sequence: 4105 - clear  0.000000000, sequence: 0
source 0 - assert 1763401247.000010123, sequence: 4106 - clear  0.000000000, sequence: 0
source 0 - assert 1763401248.000007139, sequence: 4107 - clear  0.000000000, sequence: 0
source 0 - assert 1763401249.000004387, sequence: 4108 - clear  0.000000000, sequence: 0
source 0 - assert 1763401250.000006685, sequence: 4109 - clear  0.000000000, sequence: 0
source 0 - assert 1763401251.000008634, sequence: 4110 - clear  0.000000000, sequence: 0
source 0 - assert 1763401252.000009303, sequence: 4111 - clear  0.000000000, sequence: 0
source 0 - assert 1763401253.000009311, sequence: 4112 - clear  0.000000000, sequence: 0
source 0 - assert 1763401254.000008677, sequence: 4113 - clear  0.000000000, sequence: 0
source 0 - assert 1763401255.000006510, sequence: 4114 - clear  0.000000000, sequence: 0
source 0 - assert 1763401256.000006558, sequence: 4115 - clear  0.000000000, sequence: 0
source 0 - assert 1763401257.000008871, sequence: 4116 - clear  0.000000000, sequence: 0
source 0 - assert 1763401258.000010202, sequence: 4117 - clear  0.000000000, sequence: 0
source 0 - assert 1763401259.000008919, sequence: 4118 - clear  0.000000000, sequence: 0
source 0 - assert 1763401260.000005705, sequence: 4119 - clear  0.000000000, sequence: 0
source 0 - assert 1763401261.000116635, sequence: 4120 - clear  0.000000000, sequence: 0
source 0 - assert 1763401262.000008715, sequence: 4121 - clear  0.000000000, sequence: 0
source 0 - assert 1763401263.000004498, sequence: 4122 - clear  0.000000000, sequence: 0
source 0 - assert 1763401264.000007461, sequence: 4123 - clear  0.000000000, sequence: 0
source 0 - assert 1763401265.000009172, sequence: 4124 - clear  0.000000000, sequence: 0
source 0 - assert 1763401266.000005329, sequence: 4125 - clear  0.000000000, sequence: 0
source 0 - assert 1763401267.000008244, sequence: 4126 - clear  0.000000000, sequence: 0
source 0 - assert 1763401268.000009284, sequence: 4127 - clear  0.000000000, sequence: 0
source 0 - assert 1763401269.000007100, sequence: 4128 - clear  0.000000000, sequence: 0
source 0 - assert 1763401270.000006115, sequence: 4129 - clear  0.000000000, sequence: 0
source 0 - assert 1763401271.000007743, sequence: 4130 - clear  0.000000000, sequence: 0
source 0 - assert 1763401272.000010127, sequence: 4131 - clear  0.000000000, sequence: 0
source 0 - assert 1763401273.000009544, sequence: 4132 - clear  0.000000000, sequence: 0
source 0 - assert 1763401274.000009542, sequence: 4133 - clear  0.000000000, sequence: 0
source 0 - assert 1763401275.000008501, sequence: 4134 - clear  0.000000000, sequence: 0
source 0 - assert 1763401276.000005339, sequence: 4135 - clear  0.000000000, sequence: 0
source 0 - assert 1763401277.000013009, sequence: 4136 - clear  0.000000000, sequence: 0
source 0 - assert 1763401278.000012512, sequence: 4137 - clear  0.000000000, sequence: 0
source 0 - assert 1763401279.000008504, sequence: 4138 - clear  0.000000000, sequence: 0
source 0 - assert 1763401280.000008988, sequence: 4139 - clear  0.000000000, sequence: 0
source 0 - assert 1763401281.000006034, sequence: 4140 - clear  0.000000000, sequence: 0
source 0 - assert 1763401282.000008157, sequence: 4141 - clear  0.000000000, sequence: 0
source 0 - assert 1763401283.000008001, sequence: 4142 - clear  0.000000000, sequence: 0
source 0 - assert 1763401284.000005385, sequence: 4143 - clear  0.000000000, sequence: 0
source 0 - assert 1763401285.000004561, sequence: 4144 - clear  0.000000000, sequence: 0
source 0 - assert 1763401286.000009801, sequence: 4145 - clear  0.000000000, sequence: 0
source 0 - assert 1763401287.000006050, sequence: 4146 - clear  0.000000000, sequence: 0
source 0 - assert 1763401288.000004035, sequence: 4147 - clear  0.000000000, sequence: 0
source 0 - assert 1763401289.000008277, sequence: 4148 - clear  0.000000000, sequence: 0
source 0 - assert 1763401290.000007459, sequence: 4149 - clear  0.000000000, sequence: 0
source 0 - assert 1763401291.000009361, sequence: 4150 - clear  0.000000000, sequence: 0
source 0 - assert 1763401292.000007987, sequence: 4151 - clear  0.000000000, sequence: 0
source 0 - assert 1763401293.000003575, sequence: 4152 - clear  0.000000000, sequence: 0
source 0 - assert 1763401294.000006287, sequence: 4153 - clear  0.000000000, sequence: 0
source 0 - assert 1763401295.000001838, sequence: 4154 - clear  0.000000000, sequence: 0
source 0 - assert 1763401296.000008926, sequence: 4155 - clear  0.000000000, sequence: 0
source 0 - assert 1763401297.000009083, sequence: 4156 - clear  0.000000000, sequence: 0
source 0 - assert 1763401298.000007333, sequence: 4157 - clear  0.000000000, sequence: 0
source 0 - assert 1763401299.000007832, sequence: 4158 - clear  0.000000000, sequence: 0
source 0 - assert 1763401300.000005345, sequence: 4159 - clear  0.000000000, sequence: 0
source 0 - assert 1763401301.000007415, sequence: 4160 - clear  0.000000000, sequence: 0
source 0 - assert 1763401302.000009250, sequence: 4161 - clear  0.000000000, sequence: 0
source 0 - assert 1763401303.000009590, sequence: 4162 - clear  0.000000000, sequence: 0
source 0 - assert 1763401304.000004884, sequence: 4163 - clear  0.000000000, sequence: 0
source 0 - assert 1763401305.000003868, sequence: 4164 - clear  0.000000000, sequence: 0
source 0 - assert 1763401306.000008738, sequence: 4165 - clear  0.000000000, sequence: 0
source 0 - assert 1763401307.000004256, sequence: 4166 - clear  0.000000000, sequence: 0
source 0 - assert 1763401308.000010410, sequence: 4167 - clear  0.000000000, sequence: 0
source 0 - assert 1763401309.000002674, sequence: 4168 - clear  0.000000000, sequence: 0
source 0 - assert 1763401310.000006016, sequence: 4169 - clear  0.000000000, sequence: 0
source 0 - assert 1763401311.000007128, sequence: 4170 - clear  0.000000000, sequence: 0
source 0 - assert 1763401312.000006536, sequence: 4171 - clear  0.000000000, sequence: 0
source 0 - assert 1763401313.000010417, sequence: 4172 - clear  0.000000000, sequence: 0
source 0 - assert 1763401314.000010402, sequence: 4173 - clear  0.000000000, sequence: 0
source 0 - assert 1763401315.000005728, sequence: 4174 - clear  0.000000000, sequence: 0
source 0 - assert 1763401316.000004659, sequence: 4175 - clear  0.000000000, sequence: 0
source 0 - assert 1763401317.000009936, sequence: 4176 - clear  0.000000000, sequence: 0
source 0 - assert 1763401318.000009819, sequence: 4177 - clear  0.000000000, sequence: 0
source 0 - assert 1763401319.000011406, sequence: 4178 - clear  0.000000000, sequence: 0
source 0 - assert 1763401320.000006829, sequence: 4179 - clear  0.000000000, sequence: 0
source 0 - assert 1763401321.000006397, sequence: 4180 - clear  0.000000000, sequence: 0
source 0 - assert 1763401322.000005101, sequence: 4181 - clear  0.000000000, sequence: 0
source 0 - assert 1763401323.000006859, sequence: 4182 - clear  0.000000000, sequence: 0
source 0 - assert 1763401324.000004430, sequence: 4183 - clear  0.000000000, sequence: 0
source 0 - assert 1763401325.000006914, sequence: 4184 - clear  0.000000000, sequence: 0
source 0 - assert 1763401326.000004077, sequence: 4185 - clear  0.000000000, sequence: 0
source 0 - assert 1763401327.000003561, sequence: 4186 - clear  0.000000000, sequence: 0
source 0 - assert 1763401328.000006909, sequence: 4187 - clear  0.000000000, sequence: 0
source 0 - assert 1763401329.000006616, sequence: 4188 - clear  0.000000000, sequence: 0
source 0 - assert 1763401330.000003603, sequence: 4189 - clear  0.000000000, sequence: 0
source 0 - assert 1763401331.000008989, sequence: 4190 - clear  0.000000000, sequence: 0
source 0 - assert 1763401332.000007094, sequence: 4191 - clear  0.000000000, sequence: 0
source 0 - assert 1763401333.000008626, sequence: 4192 - clear  0.000000000, sequence: 0
source 0 - assert 1763401334.000006169, sequence: 4193 - clear  0.000000000, sequence: 0
source 0 - assert 1763401335.000008540, sequence: 4194 - clear  0.000000000, sequence: 0
source 0 - assert 1763401336.000008745, sequence: 4195 - clear  0.000000000, sequence: 0
source 0 - assert 1763401337.000011928, sequence: 4196 - clear  0.000000000, sequence: 0
source 0 - assert 1763401338.000008152, sequence: 4197 - clear  0.000000000, sequence: 0
source 0 - assert 1763401339.000007247, sequence: 4198 - clear  0.000000000, sequence: 0
source 0 - assert 1763401340.000006714, sequence: 4199 - clear  0.000000000, sequence: 0
source 0 - assert 1763401341.000009063, sequence: 4200 - clear  0.000000000, sequence: 0
source 0 - assert 1763401342.000009358, sequence: 4201 - clear  0.000000000, sequence: 0
source 0 - assert 1763401343.000007550, sequence: 4202 - clear  0.000000000, sequence: 0
source 0 - assert 1763401344.000007073, sequence: 4203 - clear  0.000000000, sequence: 0
source 0 - assert 1763401345.000010824, sequence: 4204 - clear  0.000000000, sequence: 0
source 0 - assert 1763401346.000004153, sequence: 4205 - clear  0.000000000, sequence: 0
source 0 - assert 1763401347.000008789, sequence: 4206 - clear  0.000000000, sequence: 0
source 0 - assert 1763401348.000006464, sequence: 4207 - clear  0.000000000, sequence: 0
source 0 - assert 1763401349.000006045, sequence: 4208 - clear  0.000000000, sequence: 0
source 0 - assert 1763401350.000006160, sequence: 4209 - clear  0.000000000, sequence: 0
source 0 - assert 1763401351.000008237, sequence: 4210 - clear  0.000000000, sequence: 0
source 0 - assert 1763401352.000009886, sequence: 4211 - clear  0.000000000, sequence: 0
source 0 - assert 1763401353.000008568, sequence: 4212 - clear  0.000000000, sequence: 0
source 0 - assert 1763401354.000006359, sequence: 4213 - clear  0.000000000, sequence: 0
source 0 - assert 1763401355.000008875, sequence: 4214 - clear  0.000000000, sequence: 0
source 0 - assert 1763401356.000004752, sequence: 4215 - clear  0.000000000, sequence: 0
source 0 - assert 1763401357.000010710, sequence: 4216 - clear  0.000000000, sequence: 0
source 0 - assert 1763401358.000007343, sequence: 4217 - clear  0.000000000, sequence: 0
source 0 - assert 1763401359.000008259, sequence: 4218 - clear  0.000000000, sequence: 0
source 0 - assert 1763401360.000005264, sequence: 4219 - clear  0.000000000, sequence: 0
source 0 - assert 1763401361.000009334, sequence: 4220 - clear  0.000000000, sequence: 0
source 0 - assert 1763401362.000008352, sequence: 4221 - clear  0.000000000, sequence: 0
source 0 - assert 1763401363.000011270, sequence: 4222 - clear  0.000000000, sequence: 0
source 0 - assert 1763401364.000005299, sequence: 4223 - clear  0.000000000, sequence: 0
source 0 - assert 1763401365.000010962, sequence: 4224 - clear  0.000000000, sequence: 0
source 0 - assert 1763401366.000004952, sequence: 4225 - clear  0.000000000, sequence: 0
source 0 - assert 1763401367.000008206, sequence: 4226 - clear  0.000000000, sequence: 0
source 0 - assert 1763401368.000009422, sequence: 4227 - clear  0.000000000, sequence: 0
source 0 - assert 1763401369.000012998, sequence: 4228 - clear  0.000000000, sequence: 0
source 0 - assert 1763401370.000002128, sequence: 4229 - clear  0.000000000, sequence: 0
source 0 - assert 1763401371.000005699, sequence: 4230 - clear  0.000000000, sequence: 0
source 0 - assert 1763401372.000009342, sequence: 4231 - clear  0.000000000, sequence: 0
source 0 - assert 1763401373.000007581, sequence: 4232 - clear  0.000000000, sequence: 0
source 0 - assert 1763401374.000005838, sequence: 4233 - clear  0.000000000, sequence: 0
source 0 - assert 1763401375.000011243, sequence: 4234 - clear  0.000000000, sequence: 0
source 0 - assert 1763401376.000008029, sequence: 4235 - clear  0.000000000, sequence: 0
source 0 - assert 1763401377.000005648, sequence: 4236 - clear  0.000000000, sequence: 0
source 0 - assert 1763401378.000006785, sequence: 4237 - clear  0.000000000, sequence: 0
source 0 - assert 1763401379.000004550, sequence: 4238 - clear  0.000000000, sequence: 0
source 0 - assert 1763401380.000009080, sequence: 4239 - clear  0.000000000, sequence: 0
source 0 - assert 1763401381.000009006, sequence: 4240 - clear  0.000000000, sequence: 0
source 0 - assert 1763401382.000006637, sequence: 4241 - clear  0.000000000, sequence: 0
source 0 - assert 1763401383.000006750, sequence: 4242 - clear  0.000000000, sequence: 0
source 0 - assert 1763401384.000004715, sequence: 4243 - clear  0.000000000, sequence: 0
source 0 - assert 1763401385.000008834, sequence: 4244 - clear  0.000000000, sequence: 0
source 0 - assert 1763401386.000006952, sequence: 4245 - clear  0.000000000, sequence: 0
source 0 - assert 1763401387.000009894, sequence: 4246 - clear  0.000000000, sequence: 0
source 0 - assert 1763401388.000004224, sequence: 4247 - clear  0.000000000, sequence: 0
source 0 - assert 1763401389.000004485, sequence: 4248 - clear  0.000000000, sequence: 0
source 0 - assert 1763401390.000006207, sequence: 4249 - clear  0.000000000, sequence: 0
source 0 - assert 1763401391.000009982, sequence: 4250 - clear  0.000000000, sequence: 0
source 0 - assert 1763401392.000005022, sequence: 4251 - clear  0.000000000, sequence: 0
source 0 - assert 1763401393.000004171, sequence: 4252 - clear  0.000000000, sequence: 0
source 0 - assert 1763401394.000003294, sequence: 4253 - clear  0.000000000, sequence: 0
source 0 - assert 1763401395.000007118, sequence: 4254 - clear  0.000000000, sequence: 0
source 0 - assert 1763401396.000009037, sequence: 4255 - clear  0.000000000, sequence: 0
source 0 - assert 1763401397.000007212, sequence: 4256 - clear  0.000000000, sequence: 0
source 0 - assert 1763401398.000008522, sequence: 4257 - clear  0.000000000, sequence: 0
source 0 - assert 1763401399.000010369, sequence: 4258 - clear  0.000000000, sequence: 0
source 0 - assert 1763401400.000010464, sequence: 4259 - clear  0.000000000, sequence: 0
source 0 - assert 1763401401.000004464, sequence: 4260 - clear  0.000000000, sequence: 0
source 0 - assert 1763401402.000008139, sequence: 4261 - clear  0.000000000, sequence: 0
source 0 - assert 1763401403.000007507, sequence: 4262 - clear  0.000000000, sequence: 0
source 0 - assert 1763401404.000004047, sequence: 4263 - clear  0.000000000, sequence: 0
source 0 - assert 1763401405.000007749, sequence: 4264 - clear  0.000000000, sequence: 0
source 0 - assert 1763401406.000003959, sequence: 4265 - clear  0.000000000, sequence: 0
source 0 - assert 1763401407.000005639, sequence: 4266 - clear  0.000000000, sequence: 0
source 0 - assert 1763401408.000007666, sequence: 4267 - clear  0.000000000, sequence: 0
source 0 - assert 1763401409.000007455, sequence: 4268 - clear  0.000000000, sequence: 0
source 0 - assert 1763401410.000005762, sequence: 4269 - clear  0.000000000, sequence: 0
source 0 - assert 1763401411.000004347, sequence: 4270 - clear  0.000000000, sequence: 0
source 0 - assert 1763401412.000009848, sequence: 4271 - clear  0.000000000, sequence: 0
source 0 - assert 1763401413.000010641, sequence: 4272 - clear  0.000000000, sequence: 0
source 0 - assert 1763401414.000004669, sequence: 4273 - clear  0.000000000, sequence: 0
source 0 - assert 1763401415.000005424, sequence: 4274 - clear  0.000000000, sequence: 0
source 0 - assert 1763401416.000007382, sequence: 4275 - clear  0.000000000, sequence: 0
source 0 - assert 1763401417.000005597, sequence: 4276 - clear  0.000000000, sequence: 0
source 0 - assert 1763401418.000004173, sequence: 4277 - clear  0.000000000, sequence: 0
source 0 - assert 1763401419.000007445, sequence: 4278 - clear  0.000000000, sequence: 0
source 0 - assert 1763401420.000007331, sequence: 4279 - clear  0.000000000, sequence: 0
source 0 - assert 1763401421.000006164, sequence: 4280 - clear  0.000000000, sequence: 0
source 0 - assert 1763401422.000008791, sequence: 4281 - clear  0.000000000, sequence: 0
source 0 - assert 1763401423.000005656, sequence: 4282 - clear  0.000000000, sequence: 0
source 0 - assert 1763401424.000011468, sequence: 4283 - clear  0.000000000, sequence: 0
source 0 - assert 1763401425.000007582, sequence: 4284 - clear  0.000000000, sequence: 0
source 0 - assert 1763401426.000006864, sequence: 4285 - clear  0.000000000, sequence: 0
source 0 - assert 1763401427.000009089, sequence: 4286 - clear  0.000000000, sequence: 0
source 0 - assert 1763401428.000010960, sequence: 4287 - clear  0.000000000, sequence: 0
source 0 - assert 1763401429.000008462, sequence: 4288 - clear  0.000000000, sequence: 0
source 0 - assert 1763401430.000009086, sequence: 4289 - clear  0.000000000, sequence: 0
source 0 - assert 1763401431.000004502, sequence: 4290 - clear  0.000000000, sequence: 0
source 0 - assert 1763401432.000008634, sequence: 4291 - clear  0.000000000, sequence: 0
source 0 - assert 1763401433.000007245, sequence: 4292 - clear  0.000000000, sequence: 0
source 0 - assert 1763401434.000006300, sequence: 4293 - clear  0.000000000, sequence: 0
source 0 - assert 1763401435.000008181, sequence: 4294 - clear  0.000000000, sequence: 0
source 0 - assert 1763401436.000009401, sequence: 4295 - clear  0.000000000, sequence: 0
source 0 - assert 1763401437.000008689, sequence: 4296 - clear  0.000000000, sequence: 0
source 0 - assert 1763401438.000007052, sequence: 4297 - clear  0.000000000, sequence: 0
source 0 - assert 1763401439.000006261, sequence: 4298 - clear  0.000000000, sequence: 0
source 0 - assert 1763401440.000004472, sequence: 4299 - clear  0.000000000, sequence: 0
source 0 - assert 1763401441.000010752, sequence: 4300 - clear  0.000000000, sequence: 0
source 0 - assert 1763401442.000010017, sequence: 4301 - clear  0.000000000, sequence: 0
source 0 - assert 1763401443.000006592, sequence: 4302 - clear  0.000000000, sequence: 0
source 0 - assert 1763401444.000006200, sequence: 4303 - clear  0.000000000, sequence: 0
source 0 - assert 1763401445.000005733, sequence: 4304 - clear  0.000000000, sequence: 0
source 0 - assert 1763401446.000006339, sequence: 4305 - clear  0.000000000, sequence: 0
source 0 - assert 1763401447.000008939, sequence: 4306 - clear  0.000000000, sequence: 0
source 0 - assert 1763401448.000005847, sequence: 4307 - clear  0.000000000, sequence: 0
source 0 - assert 1763401449.000004805, sequence: 4308 - clear  0.000000000, sequence: 0
source 0 - assert 1763401450.000006353, sequence: 4309 - clear  0.000000000, sequence: 0
source 0 - assert 1763401451.000003604, sequence: 4310 - clear  0.000000000, sequence: 0
source 0 - assert 1763401452.000010858, sequence: 4311 - clear  0.000000000, sequence: 0
source 0 - assert 1763401453.000006290, sequence: 4312 - clear  0.000000000, sequence: 0
source 0 - assert 1763401454.000005198, sequence: 4313 - clear  0.000000000, sequence: 0
source 0 - assert 1763401455.000004086, sequence: 4314 - clear  0.000000000, sequence: 0
source 0 - assert 1763401456.000003049, sequence: 4315 - clear  0.000000000, sequence: 0
source 0 - assert 1763401457.000010287, sequence: 4316 - clear  0.000000000, sequence: 0
source 0 - assert 1763401458.000010306, sequence: 4317 - clear  0.000000000, sequence: 0
source 0 - assert 1763401459.000012679, sequence: 4318 - clear  0.000000000, sequence: 0
source 0 - assert 1763401460.000010394, sequence: 4319 - clear  0.000000000, sequence: 0
source 0 - assert 1763401461.000009317, sequence: 4320 - clear  0.000000000, sequence: 0
source 0 - assert 1763401462.000008820, sequence: 4321 - clear  0.000000000, sequence: 0
source 0 - assert 1763401463.000007779, sequence: 4322 - clear  0.000000000, sequence: 0
source 0 - assert 1763401464.000006571, sequence: 4323 - clear  0.000000000, sequence: 0
source 0 - assert 1763401465.000006527, sequence: 4324 - clear  0.000000000, sequence: 0
source 0 - assert 1763401466.000005803, sequence: 4325 - clear  0.000000000, sequence: 0
source 0 - assert 1763401467.000008987, sequence: 4326 - clear  0.000000000, sequence: 0
source 0 - assert 1763401468.000008814, sequence: 4327 - clear  0.000000000, sequence: 0
source 0 - assert 1763401469.000004641, sequence: 4328 - clear  0.000000000, sequence: 0
source 0 - assert 1763401470.000006579, sequence: 4329 - clear  0.000000000, sequence: 0
source 0 - assert 1763401471.000006082, sequence: 4330 - clear  0.000000000, sequence: 0
source 0 - assert 1763401472.000006901, sequence: 4331 - clear  0.000000000, sequence: 0
source 0 - assert 1763401473.000003574, sequence: 4332 - clear  0.000000000, sequence: 0
source 0 - assert 1763401474.000009297, sequence: 4333 - clear  0.000000000, sequence: 0
source 0 - assert 1763401475.000007599, sequence: 4334 - clear  0.000000000, sequence: 0
source 0 - assert 1763401476.000013090, sequence: 4335 - clear  0.000000000, sequence: 0
Terminated
