trying PPS source "/dev/pps0"
found PPS source "/dev/pps0"
ok, found 1 source(s), now start fetching data...
source 0 - assert 1763399509.000008244, sequence: 2368 - clear  0.000000000, sequence: 0
source 0 - assert 1763399510.000007481, sequence: 2369 - clear  0.000000000, sequence: 0
source 0 - assert 1763399511.000006213, sequence: 2370 - clear  0.000000000, sequence: 0
source 0 - assert 1763399512.000007170, sequence: 2371 - clear  0.000000000, sequence: 0
source 0 - assert 1763399513.000005012, sequence: 2372 - clear  0.000000000, sequence: 0
source 0 - assert 1763399514.000007680, sequence: 2373 - clear  0.000000000, sequence: 0
source 0 - assert 1763399515.000008294, sequence: 2374 - clear  0.000000000, sequence: 0
source 0 - assert 1763399516.000005240, sequence: 2375 - clear  0.000000000, sequence: 0
source 0 - assert 1763399517.000007092, sequence: 2376 - clear  0.000000000, sequence: 0
source 0 - assert 1763399518.000005131, sequence: 2377 - clear  0.000000000, sequence: 0
source 0 - assert 1763399519.000006207, sequence: 2378 - clear  0.000000000, sequence: 0
source 0 - assert 1763399520.000009091, sequence: 2379 - clear  0.000000000, sequence: 0
source 0 - assert 1763399521.000007563, sequence: 2380 - clear  0.000000000, sequence: 0
source 0 - assert 1763399522.000006405, sequence: 2381 - clear  0.000000000, sequence: 0
source 0 - assert 1763399523.000012326, sequence: 2382 - clear  0.000000000, sequence: 0
source 0 - assert 1763399524.000004280, sequence: 2383 - clear  0.000000000, sequence: 0
source 0 - assert 1763399525.000005469, sequence: 2384 - clear  0.000000000, sequence: 0
source 0 - assert 1763399526.000009789, sequence: 2385 - clear  0.000000000, sequence: 0
source 0 - assert 1763399527.000006614, sequence: 2386 - clear  0.000000000, sequence: 0
source 0 - assert 1763399528.000005503, sequence: 2387 - clear  0.000000000, sequence: 0
source 0 - assert 1763399529.000006594, sequence: 2388 - clear  0.000000000, sequence: 0
source 0 - assert 1763399530.000007026, sequence: 2389 - clear  0.000000000, sequence: 0
source 0 - assert 1763399531.000007666, sequence: 2390 - clear  0.000000000, sequence: 0
source 0 - assert 1763399532.000005630, sequence: 2391 - clear  0.000000000, sequence: 0
source 0 - assert 1763399533.000003724, sequence: 2392 - clear  0.000000000, sequence: 0
source 0 - assert 1763399534.000005150, sequence: 2393 - clear  0.000000000, sequence: 0
source 0 - assert 1763399535.000007954, sequence: 2394 - clear  0.000000000, sequence: 0
source 0 - assert 1763399536.000006415, sequence: 2395 - clear  0.000000000, sequence: 0
source 0 - assert 1763399537.000009147, sequence: 2396 - clear  0.000000000, sequence: 0
source 0 - assert 1763399538.000005638, sequence: 2397 - clear  0.000000000, sequence: 0
source 0 - assert 1763399539.000003511, sequence: 2398 - clear  0.000000000, sequence: 0
source 0 - assert 1763399540.000009316, sequence: 2399 - clear  0.000000000, sequence: 0
source 0 - assert 1763399541.000008441, sequence: 2400 - clear  0.000000000, sequence: 0
source 0 - assert 1763399542.000008735, sequence: 2401 - clear  0.000000000, sequence: 0
source 0 - assert 1763399543.000008071, sequence: 2402 - clear  0.000000000, sequence: 0
source 0 - assert 1763399544.000009241, sequence: 2403 - clear  0.000000000, sequence: 0
source 0 - assert 1763399545.000006876, sequence: 2404 - clear  0.000000000, sequence: 0
source 0 - assert 1763399546.000006634, sequence: 2405 - clear  0.000000000, sequence: 0
source 0 - assert 1763399547.000007162, sequence: 2406 - clear  0.000000000, sequence: 0
source 0 - assert 1763399548.000007756, sequence: 2407 - clear  0.000000000, sequence: 0
source 0 - assert 1763399549.000007714, sequence: 2408 - clear  0.000000000, sequence: 0
source 0 - assert 1763399550.000004081, sequence: 2409 - clear  0.000000000, sequence: 0
source 0 - assert 1763399551.000007077, sequence: 2410 - clear  0.000000000, sequence: 0
source 0 - assert 1763399552.000009082, sequence: 2411 - clear  0.000000000, sequence: 0
source 0 - assert 1763399553.000009464, sequence: 2412 - clear  0.000000000, sequence: 0
source 0 - assert 1763399554.000007460, sequence: 2413 - clear  0.000000000, sequence: 0
source 0 - assert 1763399555.000005294, sequence: 2414 - clear  0.000000000, sequence: 0
source 0 - assert 1763399556.000006066, sequence: 2415 - clear  0.000000000, sequence: 0
source 0 - assert 1763399557.000008904, sequence: 2416 - clear  0.000000000, sequence: 0
source 0 - assert 1763399558.000006246, sequence: 2417 - clear  0.000000000, sequence: 0
source 0 - assert 1763399559.000007221, sequence: 2418 - clear  0.000000000, sequence: 0
source 0 - assert 1763399560.000007462, sequence: 2419 - clear  0.000000000, sequence: 0
source 0 - assert 1763399561.000007498, sequence: 2420 - clear  0.000000000, sequence: 0
source 0 - assert 1763399562.000007244, sequence: 2421 - clear  0.000000000, sequence: 0
source 0 - assert 1763399563.000006911, sequence: 2422 - clear  0.000000000, sequence: 0
source 0 - assert 1763399564.000008793, sequence: 2423 - clear  0.000000000, sequence: 0
source 0 - assert 1763399565.000004661, sequence: 2424 - clear  0.000000000, sequence: 0
source 0 - assert 1763399566.000004718, sequence: 2425 - clear  0.000000000, sequence: 0
source 0 - assert 1763399567.000006768, sequence: 2426 - clear  0.000000000, sequence: 0
source 0 - assert 1763399568.000008510, sequence: 2427 - clear  0.000000000, sequence: 0
source 0 - assert 1763399569.000003752, sequence: 2428 - clear  0.000000000, sequence: 0
source 0 - assert 1763399570.000007844, sequence: 2429 - clear  0.000000000, sequence: 0
source 0 - assert 1763399571.000005433, sequence: 2430 - clear  0.000000000, sequence: 0
source 0 - assert 1763399572.000010602, sequence: 2431 - clear  0.000000000, sequence: 0
source 0 - assert 1763399573.000005961, sequence: 2432 - clear  0.000000000, sequence: 0
source 0 - assert 1763399574.000007039, sequence: 2433 - clear  0.000000000, sequence: 0
source 0 - assert 1763399575.000006794, sequence: 2434 - clear  0.000000000, sequence: 0
source 0 - assert 1763399576.000005966, sequence: 2435 - clear  0.000000000, sequence: 0
source 0 - assert 1763399577.000008069, sequence: 2436 - clear  0.000000000, sequence: 0
source 0 - assert 1763399578.000005563, sequence: 2437 - clear  0.000000000, sequence: 0
source 0 - assert 1763399579.000006872, sequence: 2438 - clear  0.000000000, sequence: 0
source 0 - assert 1763399580.000007369, sequence: 2439 - clear  0.000000000, sequence: 0
source 0 - assert 1763399581.000006869, sequence: 2440 - clear  0.000000000, sequence: 0
source 0 - assert 1763399582.000008748, sequence: 2441 - clear  0.000000000, sequence: 0
source 0 - assert 1763399583.000010728, sequence: 2442 - clear  0.000000000, sequence: 0
source 0 - assert 1763399584.000004358, sequence: 2443 - clear  0.000000000, sequence: 0
source 0 - assert 1763399585.000009337, sequence: 2444 - clear  0.000000000, sequence: 0
source 0 - assert 1763399586.000009954, sequence: 2445 - clear  0.000000000, sequence: 0
source 0 - assert 1763399587.000006183, sequence: 2446 - clear  0.000000000, sequence: 0
source 0 - assert 1763399588.000007233, sequence: 2447 - clear  0.000000000, sequence: 0
source 0 - assert 1763399589.000009016, sequence: 2448 - clear  0.000000000, sequence: 0
source 0 - assert 1763399590.000010295, sequence: 2449 - clear  0.000000000, sequence: 0
source 0 - assert 1763399591.000007339, sequence: 2450 - clear  0.000000000, sequence: 0
source 0 - assert 1763399592.000009107, sequence: 2451 - clear  0.000000000, sequence: 0
source 0 - assert 1763399593.000003704, sequence: 2452 - clear  0.000000000, sequence: 0
source 0 - assert 1763399594.000004273, sequence: 2453 - clear  0.000000000, sequence: 0
source 0 - assert 1763399595.000004213, sequence: 2454 - clear  0.000000000, sequence: 0
source 0 - assert 1763399596.000006175, sequence: 2455 - clear  0.000000000, sequence: 0
source 0 - assert 1763399597.000007043, sequence: 2456 - clear  0.000000000, sequence: 0
source 0 - assert 1763399598.000002949, sequence: 2457 - clear  0.000000000, sequence: 0
source 0 - assert 1763399599.000006181, sequence: 2458 - clear  0.000000000, sequence: 0
source 0 - assert 1763399600.000009503, sequence: 2459 - clear  0.000000000, sequence: 0
source 0 - assert 1763399601.000005786, sequence: 2460 - clear  0.000000000, sequence: 0
source 0 - assert 1763399602.000007145, sequence: 2461 - clear  0.000000000, sequence: 0
source 0 - assert 1763399603.000010052, sequence: 2462 - clear  0.000000000, sequence: 0
source 0 - assert 1763399604.000003377, sequence: 2463 - clear  0.000000000, sequence: 0
source 0 - assert 1763399605.000007228, sequence: 2464 - clear  0.000000000, sequence: 0
source 0 - assert 1763399606.000002781, sequence: 2465 - clear  0.000000000, sequence: 0
source 0 - assert 1763399607.000002344, sequence: 2466 - clear  0.000000000, sequence: 0
source 0 - assert 1763399608.000007329, sequence: 2467 - clear  0.000000000, sequence: 0
source 0 - assert 1763399609.000006476, sequence: 2468 - clear  0.000000000, sequence: 0
source 0 - assert 1763399610.000008305, sequence: 2469 - clear  0.000000000, sequence: 0
source 0 - assert 1763399611.000004509, sequence: 2470 - clear  0.000000000, sequence: 0
source 0 - assert 1763399612.000007257, sequence: 2471 - clear  0.000000000, sequence: 0
source 0 - assert 1763399613.000006742, sequence: 2472 - clear  0.000000000, sequence: 0
source 0 - assert 1763399614.000010362, sequence: 2473 - clear  0.000000000, sequence: 0
source 0 - assert 1763399615.000005900, sequence: 2474 - clear  0.000000000, sequence: 0
source 0 - assert 1763399616.000004627, sequence: 2475 - clear  0.000000000, sequence: 0
source 0 - assert 1763399617.000007915, sequence: 2476 - clear  0.000000000, sequence: 0
source 0 - assert 1763399618.000008477, sequence: 2477 - clear  0.000000000, sequence: 0
source 0 - assert 1763399619.000009860, sequence: 2478 - clear  0.000000000, sequence: 0
source 0 - assert 1763399620.000008544, sequence: 2479 - clear  0.000000000, sequence: 0
source 0 - assert 1763399621.000007584, sequence: 2480 - clear  0.000000000, sequence: 0
source 0 - assert 1763399622.000007093, sequence: 2481 - clear  0.000000000, sequence: 0
source 0 - assert 1763399623.000005601, sequence: 2482 - clear  0.000000000, sequence: 0
source 0 - assert 1763399624.000008429, sequence: 2483 - clear  0.000000000, sequence: 0
source 0 - assert 1763399625.000011579, sequence: 2484 - clear  0.000000000, sequence: 0
source 0 - assert 1763399626.000005997, sequence: 2485 - clear  0.000000000, sequence: 0
source 0 - assert 1763399627.000008585, sequence: 2486 - clear  0.000000000, sequence: 0
source 0 - assert 1763399628.000011056, sequence: 2487 - clear  0.000000000, sequence: 0
source 0 - assert 1763399629.000009006, sequence: 2488 - clear  0.000000000, sequence: 0
source 0 - assert 1763399630.000008057, sequence: 2489 - clear  0.000000000, sequence: 0
source 0 - assert 1763399631.000007209, sequence: 2490 - clear  0.000000000, sequence: 0
source 0 - assert 1763399632.000010247, sequence: 2491 - clear  0.000000000, sequence: 0
source 0 - assert 1763399633.000004743, sequence: 2492 - clear  0.000000000, sequence: 0
source 0 - assert 1763399634.000009158, sequence: 2493 - clear  0.000000000, sequence: 0
source 0 - assert 1763399635.000003194, sequence: 2494 - clear  0.000000000, sequence: 0
source 0 - assert 1763399636.000008497, sequence: 2495 - clear  0.000000000, sequence: 0
source 0 - assert 1763399637.000009253, sequence: 2496 - clear  0.000000000, sequence: 0
source 0 - assert 1763399638.000004305, sequence: 2497 - clear  0.000000000, sequence: 0
source 0 - assert 1763399639.000004527, sequence: 2498 - clear  0.000000000, sequence: 0
source 0 - assert 1763399640.000004488, sequence: 2499 - clear  0.000000000, sequence: 0
source 0 - assert 1763399641.000010473, sequence: 2500 - clear  0.000000000, sequence: 0
source 0 - assert 1763399642.000010543, sequence: 2501 - clear  0.000000000, sequence: 0
source 0 - assert 1763399643.000003983, sequence: 2502 - clear  0.000000000, sequence: 0
source 0 - assert 1763399644.000013341, sequence: 2503 - clear  0.000000000, sequence: 0
source 0 - assert 1763399645.000003191, sequence: 2504 - clear  0.000000000, sequence: 0
source 0 - assert 1763399646.000006754, sequence: 2505 - clear  0.000000000, sequence: 0
source 0 - assert 1763399647.000009051, sequence: 2506 - clear  0.000000000, sequence: 0
source 0 - assert 1763399648.000005483, sequence: 2507 - clear  0.000000000, sequence: 0
source 0 - assert 1763399649.000008695, sequence: 2508 - clear  0.000000000, sequence: 0
source 0 - assert 1763399650.000007449, sequence: 2509 - clear  0.000000000, sequence: 0
source 0 - assert 1763399651.000005742, sequence: 2510 - clear  0.000000000, sequence: 0
source 0 - assert 1763399652.000012543, sequence: 2511 - clear  0.000000000, sequence: 0
source 0 - assert 1763399653.000006985, sequence: 2512 - clear  0.000000000, sequence: 0
source 0 - assert 1763399654.000010533, sequence: 2513 - clear  0.000000000, sequence: 0
source 0 - assert 1763399655.000005896, sequence: 2514 - clear  0.000000000, sequence: 0
source 0 - assert 1763399656.000008818, sequence: 2515 - clear  0.000000000, sequence: 0
source 0 - assert 1763399657.000004964, sequence: 2516 - clear  0.000000000, sequence: 0
source 0 - assert 1763399658.000009015, sequence: 2517 - clear  0.000000000, sequence: 0
source 0 - assert 1763399659.000006665, sequence: 2518 - clear  0.000000000, sequence: 0
source 0 - assert 1763399660.000007585, sequence: 2519 - clear  0.000000000, sequence: 0
source 0 - assert 1763399661.000006237, sequence: 2520 - clear  0.000000000, sequence: 0
source 0 - assert 1763399662.000004445, sequence: 2521 - clear  0.000000000, sequence: 0
source 0 - assert 1763399663.000009744, sequence: 2522 - clear  0.000000000, sequence: 0
source 0 - assert 1763399664.000005771, sequence: 2523 - clear  0.000000000, sequence: 0
source 0 - assert 1763399665.000009908, sequence: 2524 - clear  0.000000000, sequence: 0
source 0 - assert 1763399666.000007235, sequence: 2525 - clear  0.000000000, sequence: 0
source 0 - assert 1763399667.000005989, sequence: 2526 - clear  0.000000000, sequence: 0
source 0 - assert 1763399668.000006570, sequence: 2527 - clear  0.000000000, sequence: 0
source 0 - assert 1763399669.000010315, sequence: 2528 - clear  0.000000000, sequence: 0
source 0 - assert 1763399670.000009414, sequence: 2529 - clear  0.000000000, sequence: 0
source 0 - assert 1763399671.000004289, sequence: 2530 - clear  0.000000000, sequence: 0
source 0 - assert 1763399672.000007298, sequence: 2531 - clear  0.000000000, sequence: 0
source 0 - assert 1763399673.000008779, sequence: 2532 - clear  0.000000000, sequence: 0
source 0 - assert 1763399674.000010488, sequence: 2533 - clear  0.000000000, sequence: 0
source 0 - assert 1763399675.000007714, sequence: 2534 - clear  0.000000000, sequence: 0
source 0 - assert 1763399676.000006931, sequence: 2535 - clear  0.000000000, sequence: 0
source 0 - assert 1763399677.000005506, sequence: 2536 - clear  0.000000000, sequence: 0
source 0 - assert 1763399678.000005690, sequence: 2537 - clear  0.000000000, sequence: 0
source 0 - assert 1763399679.000008825, sequence: 2538 - clear  0.000000000, sequence: 0
source 0 - assert 1763399680.000009199, sequence: 2539 - clear  0.000000000, sequence: 0
source 0 - assert 1763399681.000003964, sequence: 2540 - clear  0.000000000, sequence: 0
source 0 - assert 1763399682.000007960, sequence: 2541 - clear  0.000000000, sequence: 0
source 0 - assert 1763399683.000008830, sequence: 2542 - clear  0.000000000, sequence: 0
source 0 - assert 1763399684.000007419, sequence: 2543 - clear  0.000000000, sequence: 0
source 0 - assert 1763399685.000009267, sequence: 2544 - clear  0.000000000, sequence: 0
source 0 - assert 1763399686.000006939, sequence: 2545 - clear  0.000000000, sequence: 0
source 0 - assert 1763399687.000006253, sequence: 2546 - clear  0.000000000, sequence: 0
source 0 - assert 1763399688.000009706, sequence: 2547 - clear  0.000000000, sequence: 0
source 0 - assert 1763399689.000009825, sequence: 2548 - clear  0.000000000, sequence: 0
source 0 - assert 1763399690.000010143, sequence: 2549 - clear  0.000000000, sequence: 0
source 0 - assert 1763399691.000010081, sequence: 2550 - clear  0.000000000, sequence: 0
source 0 - assert 1763399692.000005973, sequence: 2551 - clear  0.000000000, sequence: 0
source 0 - assert 1763399693.000003887, sequence: 2552 - clear  0.000000000, sequence: 0
source 0 - assert 1763399694.000005713, sequence: 2553 - clear  0.000000000, sequence: 0
source 0 - assert 1763399695.000003678, sequence: 2554 - clear  0.000000000, sequence: 0
source 0 - assert 1763399696.000009377, sequence: 2555 - clear  0.000000000, sequence: 0
source 0 - assert 1763399697.000005837, sequence: 2556 - clear  0.000000000, sequence: 0
source 0 - assert 1763399698.000001212, sequence: 2557 - clear  0.000000000, sequence: 0
source 0 - assert 1763399699.000005974, sequence: 2558 - clear  0.000000000, sequence: 0
source 0 - assert 1763399700.000007455, sequence: 2559 - clear  0.000000000, sequence: 0
source 0 - assert 1763399701.000008152, sequence: 2560 - clear  0.000000000, sequence: 0
source 0 - assert 1763399702.000008804, sequence: 2561 - clear  0.000000000, sequence: 0
source 0 - assert 1763399703.000007862, sequence: 2562 - clear  0.000000000, sequence: 0
source 0 - assert 1763399704.000012715, sequence: 2563 - clear  0.000000000, sequence: 0
source 0 - assert 1763399705.000008456, sequence: 2564 - clear  0.000000000, sequence: 0
source 0 - assert 1763399706.000008131, sequence: 2565 - clear  0.000000000, sequence: 0
source 0 - assert 1763399707.000008595, sequence: 2566 - clear  0.000000000, sequence: 0
source 0 - assert 1763399708.000004302, sequence: 2567 - clear  0.000000000, sequence: 0
source 0 - assert 1763399709.000005427, sequence: 2568 - clear  0.000000000, sequence: 0
source 0 - assert 1763399710.000006533, sequence: 2569 - clear  0.000000000, sequence: 0
source 0 - assert 1763399711.000006010, sequence: 2570 - clear  0.000000000, sequence: 0
source 0 - assert 1763399712.000007159, sequence: 2571 - clear  0.000000000, sequence: 0
source 0 - assert 1763399713.000008867, sequence: 2572 - clear  0.000000000, sequence: 0
source 0 - assert 1763399714.000007839, sequence: 2573 - clear  0.000000000, sequence: 0
source 0 - assert 1763399715.000006834, sequence: 2574 - clear  0.000000000, sequence: 0
source 0 - assert 1763399716.000005998, sequence: 2575 - clear  0.000000000, sequence: 0
source 0 - assert 1763399717.000010096, sequence: 2576 - clear  0.000000000, sequence: 0
source 0 - assert 1763399718.000008968, sequence: 2577 - clear  0.000000000, sequence: 0
source 0 - assert 1763399719.000004625, sequence: 2578 - clear  0.000000000, sequence: 0
source 0 - assert 1763399720.000007258, sequence: 2579 - clear  0.000000000, sequence: 0
source 0 - assert 1763399721.000005251, sequence: 2580 - clear  0.000000000, sequence: 0
source 0 - assert 1763399722.000010096, sequence: 2581 - clear  0.000000000, sequence: 0
source 0 - assert 1763399723.000004626, sequence: 2582 - clear  0.000000000, sequence: 0
source 0 - assert 1763399724.000007030, sequence: 2583 - clear  0.000000000, sequence: 0
source 0 - assert 1763399725.000004652, sequence: 2584 - clear  0.000000000, sequence: 0
source 0 - assert 1763399726.000007681, sequence: 2585 - clear  0.000000000, sequence: 0
source 0 - assert 1763399727.000008201, sequence: 2586 - clear  0.000000000, sequence: 0
source 0 - assert 1763399728.000003871, sequence: 2587 - clear  0.000000000, sequence: 0
source 0 - assert 1763399729.000009377, sequence: 2588 - clear  0.000000000, sequence: 0
source 0 - assert 1763399730.000006919, sequence: 2589 - clear  0.000000000, sequence: 0
source 0 - assert 1763399731.000005693, sequence: 2590 - clear  0.000000000, sequence: 0
source 0 - assert 1763399732.000008249, sequence: 2591 - clear  0.000000000, sequence: 0
source 0 - assert 1763399733.000005169, sequence: 2592 - clear  0.000000000, sequence: 0
source 0 - assert 1763399734.000007371, sequence: 2593 - clear  0.000000000, sequence: 0
source 0 - assert 1763399735.000010322, sequence: 2594 - clear  0.000000000, sequence: 0
source 0 - assert 1763399736.000009723, sequence: 2595 - clear  0.000000000, sequence: 0
source 0 - assert 1763399737.000007346, sequence: 2596 - clear  0.000000000, sequence: 0
source 0 - assert 1763399738.000007286, sequence: 2597 - clear  0.000000000, sequence: 0
source 0 - assert 1763399739.000006827, sequence: 2598 - clear  0.000000000, sequence: 0
source 0 - assert 1763399740.000008250, sequence: 2599 - clear  0.000000000, sequence: 0
source 0 - assert 1763399741.000008231, sequence: 2600 - clear  0.000000000, sequence: 0
source 0 - assert 1763399742.000009824, sequence: 2601 - clear  0.000000000, sequence: 0
source 0 - assert 1763399743.000005908, sequence: 2602 - clear  0.000000000, sequence: 0
source 0 - assert 1763399744.000009591, sequence: 2603 - clear  0.000000000, sequence: 0
source 0 - assert 1763399745.000008307, sequence: 2604 - clear  0.000000000, sequence: 0
source 0 - assert 1763399746.000009417, sequence: 2605 - clear  0.000000000, sequence: 0
source 0 - assert 1763399747.000008593, sequence: 2606 - clear  0.000000000, sequence: 0
source 0 - assert 1763399748.000005951, sequence: 2607 - clear  0.000000000, sequence: 0
source 0 - assert 1763399749.000004884, sequence: 2608 - clear  0.000000000, sequence: 0
source 0 - assert 1763399750.000007088, sequence: 2609 - clear  0.000000000, sequence: 0
source 0 - assert 1763399751.000009215, sequence: 2610 - clear  0.000000000, sequence: 0
source 0 - assert 1763399752.000007715, sequence: 2611 - clear  0.000000000, sequence: 0
source 0 - assert 1763399753.000003580, sequence: 2612 - clear  0.000000000, sequence: 0
source 0 - assert 1763399754.000008735, sequence: 2613 - clear  0.000000000, sequence: 0
source 0 - assert 1763399755.000001108, sequence: 2614 - clear  0.000000000, sequence: 0
source 0 - assert 1763399756.000006675, sequence: 2615 - clear  0.000000000, sequence: 0
source 0 - assert 1763399757.000006995, sequence: 2616 - clear  0.000000000, sequence: 0
source 0 - assert 1763399758.000007961, sequence: 2617 - clear  0.000000000, sequence: 0
source 0 - assert 1763399759.000003796, sequence: 2618 - clear  0.000000000, sequence: 0
source 0 - assert 1763399760.000005352, sequence: 2619 - clear  0.000000000, sequence: 0
source 0 - assert 1763399761.000007194, sequence: 2620 - clear  0.000000000, sequence: 0
source 0 - assert 1763399762.000011802, sequence: 2621 - clear  0.000000000, sequence: 0
source 0 - assert 1763399763.000003899, sequence: 2622 - clear  0.000000000, sequence: 0
source 0 - assert 1763399764.000005002, sequence: 2623 - clear  0.000000000, sequence: 0
source 0 - assert 1763399765.000008751, sequence: 2624 - clear  0.000000000, sequence: 0
source 0 - assert 1763399766.000008580, sequence: 2625 - clear  0.000000000, sequence: 0
source 0 - assert 1763399767.000009042, sequence: 2626 - clear  0.000000000, sequence: 0
source 0 - assert 1763399768.000007324, sequence: 2627 - clear  0.000000000, sequence: 0
source 0 - assert 1763399769.000007920, sequence: 2628 - clear  0.000000000, sequence: 0
source 0 - assert 1763399770.000010008, sequence: 2629 - clear  0.000000000, sequence: 0
source 0 - assert 1763399771.000004829, sequence: 2630 - clear  0.000000000, sequence: 0
source 0 - assert 1763399772.000009670, sequence: 2631 - clear  0.000000000, sequence: 0
source 0 - assert 1763399773.000006458, sequence: 2632 - clear  0.000000000, sequence: 0
source 0 - assert 1763399774.000004201, sequence: 2633 - clear  0.000000000, sequence: 0
source 0 - assert 1763399775.000006542, sequence: 2634 - clear  0.000000000, sequence: 0
source 0 - assert 1763399776.000004705, sequence: 2635 - clear  0.000000000, sequence: 0
source 0 - assert 1763399777.000005953, sequence: 2636 - clear  0.000000000, sequence: 0
source 0 - assert 1763399778.000006291, sequence: 2637 - clear  0.000000000, sequence: 0
source 0 - assert 1763399779.000007294, sequence: 2638 - clear  0.000000000, sequence: 0
source 0 - assert 1763399780.000006613, sequence: 2639 - clear  0.000000000, sequence: 0
source 0 - assert 1763399781.000005875, sequence: 2640 - clear  0.000000000, sequence: 0
source 0 - assert 1763399782.000008215, sequence: 2641 - clear  0.000000000, sequence: 0
source 0 - assert 1763399783.000003711, sequence: 2642 - clear  0.000000000, sequence: 0
source 0 - assert 1763399784.000007470, sequence: 2643 - clear  0.000000000, sequence: 0
source 0 - assert 1763399785.000006373, sequence: 2644 - clear  0.000000000, sequence: 0
source 0 - assert 1763399786.000002582, sequence: 2645 - clear  0.000000000, sequence: 0
source 0 - assert 1763399787.000010165, sequence: 2646 - clear  0.000000000, sequence: 0
source 0 - assert 1763399788.000007574, sequence: 2647 - clear  0.000000000, sequence: 0
source 0 - assert 1763399789.000004322, sequence: 2648 - clear  0.000000000, sequence: 0
source 0 - assert 1763399790.000010084, sequence: 2649 - clear  0.000000000, sequence: 0
source 0 - assert 1763399791.000007269, sequence: 2650 - clear  0.000000000, sequence: 0
source 0 - assert 1763399792.000009478, sequence: 2651 - clear  0.000000000, sequence: 0
source 0 - assert 1763399793.000006354, sequence: 2652 - clear  0.000000000, sequence: 0
source 0 - assert 1763399794.000010041, sequence: 2653 - clear  0.000000000, sequence: 0
source 0 - assert 1763399795.000008263, sequence: 2654 - clear  0.000000000, sequence: 0
source 0 - assert 1763399796.000006676, sequence: 2655 - clear  0.000000000, sequence: 0
source 0 - assert 1763399797.000006825, sequence: 2656 - clear  0.000000000, sequence: 0
source 0 - assert 1763399798.000008066, sequence: 2657 - clear  0.000000000, sequence: 0
source 0 - assert 1763399799.000003844, sequence: 2658 - clear  0.000000000, sequence: 0
source 0 - assert 1763399800.000006232, sequence: 2659 - clear  0.000000000, sequence: 0
source 0 - assert 1763399801.000008796, sequence: 2660 - clear  0.000000000, sequence: 0
source 0 - assert 1763399802.000004875, sequence: 2661 - clear  0.000000000, sequence: 0
source 0 - assert 1763399803.000004846, sequence: 2662 - clear  0.000000000, sequence: 0
source 0 - assert 1763399804.000007788, sequence: 2663 - clear  0.000000000, sequence: 0
source 0 - assert 1763399805.000005237, sequence: 2664 - clear  0.000000000, sequence: 0
source 0 - assert 1763399806.000009087, sequence: 2665 - clear  0.000000000, sequence: 0
source 0 - assert 1763399807.000010973, sequence: 2666 - clear  0.000000000, sequence: 0
source 0 - assert 1763399808.000001799, sequence: 2667 - clear  0.000000000, sequence: 0
source 0 - assert 1763399809.000008118, sequence: 2668 - clear  0.000000000, sequence: 0
source 0 - assert 1763399810.000009328, sequence: 2669 - clear  0.000000000, sequence: 0
source 0 - assert 1763399811.000008777, sequence: 2670 - clear  0.000000000, sequence: 0
source 0 - assert 1763399812.000009901, sequence: 2671 - clear  0.000000000, sequence: 0
source 0 - assert 1763399813.000008457, sequence: 2672 - clear  0.000000000, sequence: 0
source 0 - assert 1763399814.000009959, sequence: 2673 - clear  0.000000000, sequence: 0
source 0 - assert 1763399815.000010582, sequence: 2674 - clear  0.000000000, sequence: 0
source 0 - assert 1763399816.000009688, sequence: 2675 - clear  0.000000000, sequence: 0
source 0 - assert 1763399817.000009073, sequence: 2676 - clear  0.000000000, sequence: 0
source 0 - assert 1763399818.000006410, sequence: 2677 - clear  0.000000000, sequence: 0
source 0 - assert 1763399819.000006884, sequence: 2678 - clear  0.000000000, sequence: 0
source 0 - assert 1763399820.000006384, sequence: 2679 - clear  0.000000000, sequence: 0
source 0 - assert 1763399821.000004422, sequence: 2680 - clear  0.000000000, sequence: 0
source 0 - assert 1763399822.000012678, sequence: 2681 - clear  0.000000000, sequence: 0
source 0 - assert 1763399823.000008047, sequence: 2682 - clear  0.000000000, sequence: 0
source 0 - assert 1763399824.000008116, sequence: 2683 - clear  0.000000000, sequence: 0
source 0 - assert 1763399825.000012858, sequence: 2684 - clear  0.000000000, sequence: 0
source 0 - assert 1763399826.000016633, sequence: 2685 - clear  0.000000000, sequence: 0
Terminated
