ptp4l[6712.463]: selected /dev/ptp0 as PTP clock
ptp4l[6712.471]: port 1 (eth0): INITIALIZING to LISTENING on INIT_COMPLETE
ptp4l[6712.475]: port 0 (/var/run/ptp4l): INITIALIZING to LISTENING on INIT_COMPLETE
ptp4l[6712.478]: port 0 (/var/run/ptp4lro): INITIALIZING to LISTENING on INIT_COMPLETE
ptp4l[6712.527]: timeguard: registered, proxy_id=0x3b3fb14947fa231c

ptp4l[6712.528]: TG_CMD_SET_TIME InvokeCommand result: 0x0

ptp4l[6718.875]: port 1 (eth0): new foreign master 641c10.fffe.f12579-1
ptp4l[6720.134]: selected local clock 000000.fffe.049f06 as best master
ptp4l[6720.135]: TEE: InvokeCommand returned 0x0

ptp4l[6720.137]: TEE: InvokeCommand returned 0x0

ptp4l[6720.137]: TEE: DECIDE OK -> decided_state=4 (ps_out=4)

ptp4l[6722.886]: selected best master clock 641c10.fffe.f12579
ptp4l[6722.887]: TEE: InvokeCommand returned 0x0

ptp4l[6722.889]: TEE: InvokeCommand returned 0x0

ptp4l[6722.890]: TEE: DECIDE OK -> decided_state=9 (ps_out=9)

ptp4l[6722.892]: port 1 (eth0): LISTENING to UNCALIBRATED on RS_SLAVE
ptp4l[6724.878]: master offset        357 s0 freq  -80957 path delay       906
ptp4l[6725.878]: master offset        372 s2 freq  -80942 path delay       906
ptp4l[6725.881]: port 1 (eth0): UNCALIBRATED to SLAVE on MASTER_CLOCK_SELECTED
ptp4l[6726.878]: master offset        386 s2 freq  -80556 path delay       906
ptp4l[6727.881]: master offset         33 s2 freq  -80793 path delay       906
ptp4l[6728.879]: master offset       -111 s2 freq  -80927 path delay       907
ptp4l[6729.879]: master offset       -106 s2 freq  -80955 path delay       909
ptp4l[6730.881]: master offset        -91 s2 freq  -80972 path delay       909
ptp4l[6731.881]: master offset        -27 s2 freq  -80935 path delay       911
ptp4l[6732.880]: master offset        -20 s2 freq  -80936 path delay       910
ptp4l[6733.879]: master offset         -1 s2 freq  -80923 path delay       909
ptp4l[6734.880]: master offset          4 s2 freq  -80919 path delay       910
ptp4l[6735.882]: master offset         18 s2 freq  -80904 path delay       910
ptp4l[6736.876]: master offset        -26 s2 freq  -80942 path delay       911
ptp4l[6737.881]: master offset        -14 s2 freq  -80938 path delay       911
ptp4l[6738.876]: master offset          8 s2 freq  -80920 path delay       910
ptp4l[6739.882]: master offset         11 s2 freq  -80915 path delay       910
ptp4l[6740.881]: master offset         25 s2 freq  -80897 path delay       909
ptp4l[6741.881]: master offset        -19 s2 freq  -80934 path delay       909
ptp4l[6742.883]: master offset         -4 s2 freq  -80925 path delay       909
ptp4l[6743.882]: master offset          9 s2 freq  -80913 path delay       909
ptp4l[6744.882]: master offset         20 s2 freq  -80899 path delay       909
ptp4l[6745.882]: master offset        -28 s2 freq  -80941 path delay       909
ptp4l[6746.883]: master offset        -14 s2 freq  -80936 path delay       909
ptp4l[6747.882]: master offset         -9 s2 freq  -80935 path delay       909
ptp4l[6748.882]: master offset         -3 s2 freq  -80931 path delay       910
ptp4l[6749.884]: master offset          2 s2 freq  -80927 path delay       910
ptp4l[6750.878]: master offset          9 s2 freq  -80920 path delay       910
ptp4l[6751.884]: master offset         22 s2 freq  -80904 path delay       910
ptp4l[6752.883]: master offset        -32 s2 freq  -80951 path delay       911
ptp4l[6753.883]: master offset        -19 s2 freq  -80948 path delay       911
ptp4l[6754.883]: master offset        -18 s2 freq  -80953 path delay       912
ptp4l[6755.883]: master offset         -9 s2 freq  -80949 path delay       911
ptp4l[6756.884]: master offset          0 s2 freq  -80943 path delay       911
ptp4l[6757.886]: master offset         10 s2 freq  -80933 path delay       911
ptp4l[6758.884]: master offset         10 s2 freq  -80930 path delay       911
ptp4l[6759.884]: master offset         19 s2 freq  -80918 path delay       911
ptp4l[6760.884]: master offset         26 s2 freq  -80905 path delay       911
ptp4l[6761.884]: master offset        -18 s2 freq  -80941 path delay       912
ptp4l[6762.879]: master offset        -11 s2 freq  -80940 path delay       912
ptp4l[6763.886]: master offset         -4 s2 freq  -80936 path delay       912
ptp4l[6764.885]: master offset          0 s2 freq  -80933 path delay       912
ptp4l[6765.885]: master offset         13 s2 freq  -80920 path delay       912
ptp4l[6766.886]: master offset         16 s2 freq  -80913 path delay       912
ptp4l[6767.885]: master offset         18 s2 freq  -80907 path delay       912
ptp4l[6768.885]: master offset        -22 s2 freq  -80941 path delay       912
ptp4l[6769.885]: master offset        -16 s2 freq  -80942 path delay       912
ptp4l[6770.885]: master offset        -15 s2 freq  -80946 path delay       912
ptp4l[6771.887]: master offset        -10 s2 freq  -80945 path delay       912
ptp4l[6772.886]: master offset          0 s2 freq  -80938 path delay       912
ptp4l[6773.886]: master offset          6 s2 freq  -80932 path delay       912
ptp4l[6774.886]: master offset         11 s2 freq  -80925 path delay       912
ptp4l[6775.886]: master offset         13 s2 freq  -80920 path delay       912
ptp4l[6776.888]: master offset         28 s2 freq  -80901 path delay       912
ptp4l[6777.887]: master offset        -20 s2 freq  -80941 path delay       912
ptp4l[6778.887]: master offset        -12 s2 freq  -80939 path delay       912
ptp4l[6779.888]: master offset        -13 s2 freq  -80943 path delay       912
ptp4l[6780.887]: master offset         -2 s2 freq  -80936 path delay       912
ptp4l[6781.887]: master offset          7 s2 freq  -80928 path delay       912
ptp4l[6782.887]: master offset         16 s2 freq  -80917 path delay       912
ptp4l[6783.889]: master offset         22 s2 freq  -80906 path delay       912
ptp4l[6784.887]: master offset        -33 s2 freq  -80954 path delay       912
ptp4l[6785.885]: master offset        -27 s2 freq  -80958 path delay       911
ptp4l[6786.893]: master offset        -16 s2 freq  -80955 path delay       911
ptp4l[6787.889]: master offset        -14 s2 freq  -80958 path delay       911
ptp4l[6788.886]: master offset         -7 s2 freq  -80955 path delay       911
ptp4l[6789.891]: master offset          2 s2 freq  -80948 path delay       911
ptp4l[6790.893]: master offset          0 s2 freq  -80950 path delay       911
ptp4l[6791.889]: master offset          6 s2 freq  -80944 path delay       911
ptp4l[6792.892]: master offset         15 s2 freq  -80933 path delay       911
ptp4l[6793.889]: master offset         26 s2 freq  -80917 path delay       911
ptp4l[6794.893]: master offset         28 s2 freq  -80908 path delay       912
ptp4l[6795.892]: master offset         39 s2 freq  -80888 path delay       912
ptp4l[6796.893]: master offset         -5 s2 freq  -80921 path delay       912
ptp4l[6797.891]: master offset         -5 s2 freq  -80922 path delay       912
ptp4l[6798.894]: master offset          4 s2 freq  -80915 path delay       912
ptp4l[6799.890]: master offset         12 s2 freq  -80905 path delay       912
ptp4l[6800.894]: master offset        -36 s2 freq  -80950 path delay       913
ptp4l[6801.886]: master offset        -27 s2 freq  -80952 path delay       914
ptp4l[6802.895]: master offset        -24 s2 freq  -80957 path delay       914
ptp4l[6803.891]: master offset        -16 s2 freq  -80956 path delay       912
ptp4l[6804.894]: master offset         -4 s2 freq  -80949 path delay       910
ptp4l[6805.891]: master offset          7 s2 freq  -80939 path delay       909
ptp4l[6806.894]: master offset         15 s2 freq  -80929 path delay       908
ptp4l[6807.891]: master offset         23 s2 freq  -80916 path delay       908
ptp4l[6808.896]: master offset         35 s2 freq  -80897 path delay       908
ptp4l[6809.892]: master offset        -10 s2 freq  -80932 path delay       908
ptp4l[6810.896]: master offset         -5 s2 freq  -80930 path delay       908
ptp4l[6811.892]: master offset          0 s2 freq  -80926 path delay       909
ptp4l[6812.894]: master offset         10 s2 freq  -80916 path delay       909
ptp4l[6813.892]: master offset         15 s2 freq  -80908 path delay       910
ptp4l[6814.888]: master offset         23 s2 freq  -80896 path delay       910
ptp4l[6815.888]: master offset        -29 s2 freq  -80941 path delay       911
ptp4l[6816.897]: master offset        -22 s2 freq  -80943 path delay       911
ptp4l[6817.893]: master offset        -24 s2 freq  -80951 path delay       911
ptp4l[6818.896]: master offset        -17 s2 freq  -80951 path delay       911
ptp4l[6819.893]: master offset        -13 s2 freq  -80953 path delay       912
ptp4l[6820.896]: master offset        -12 s2 freq  -80955 path delay       912
ptp4l[6821.891]: master offset         -3 s2 freq  -80950 path delay       912
ptp4l[6822.895]: master offset          1 s2 freq  -80947 path delay       912
ptp4l[6823.893]: master offset         -3 s2 freq  -80951 path delay       913
ptp4l[6824.897]: master offset          6 s2 freq  -80943 path delay       913
ptp4l[6825.893]: master offset          6 s2 freq  -80941 path delay       912
ptp4l[6826.896]: master offset         12 s2 freq  -80933 path delay       912
ptp4l[6827.895]: master offset         12 s2 freq  -80929 path delay       912
ptp4l[6828.896]: master offset         20 s2 freq  -80918 path delay       912
ptp4l[6829.894]: master offset         26 s2 freq  -80906 path delay       912
ptp4l[6830.897]: master offset        -22 s2 freq  -80946 path delay       912
ptp4l[6831.894]: master offset        -21 s2 freq  -80952 path delay       912
ptp4l[6832.896]: master offset        -19 s2 freq  -80956 path delay       912
ptp4l[6833.895]: master offset         -5 s2 freq  -80948 path delay       912
ptp4l[6834.898]: master offset          0 s2 freq  -80944 path delay       912
ptp4l[6835.895]: master offset          9 s2 freq  -80935 path delay       911
ptp4l[6836.896]: master offset         11 s2 freq  -80930 path delay       911
ptp4l[6837.897]: master offset         14 s2 freq  -80924 path delay       911
ptp4l[6838.896]: master offset         21 s2 freq  -80913 path delay       911
ptp4l[6839.897]: master offset         33 s2 freq  -80895 path delay       911
ptp4l[6840.891]: master offset        -14 s2 freq  -80932 path delay       912
ptp4l[6841.897]: master offset        -12 s2 freq  -80934 path delay       912
ptp4l[6842.897]: master offset         -4 s2 freq  -80929 path delay       910
ptp4l[6843.898]: master offset          1 s2 freq  -80926 path delay       910
ptp4l[6844.897]: master offset         13 s2 freq  -80913 path delay       911
ptp4l[6845.898]: master offset         13 s2 freq  -80909 path delay       911
ptp4l[6846.896]: master offset         15 s2 freq  -80904 path delay       912
ptp4l[6847.898]: master offset        -41 s2 freq  -80955 path delay       912
ptp4l[6848.897]: master offset        -39 s2 freq  -80965 path delay       913
ptp4l[6849.897]: master offset         14 s2 freq  -80924 path delay       912
ptp4l[6850.897]: master offset         23 s2 freq  -80911 path delay       911
ptp4l[6851.898]: master offset         29 s2 freq  -80898 path delay       911
ptp4l[6852.898]: master offset        -16 s2 freq  -80934 path delay       912
ptp4l[6853.897]: master offset        -16 s2 freq  -80939 path delay       912
ptp4l[6854.899]: master offset         -5 s2 freq  -80933 path delay       912
ptp4l[6855.897]: master offset         -3 s2 freq  -80932 path delay       913
ptp4l[6856.897]: master offset          9 s2 freq  -80921 path delay       912
ptp4l[6857.899]: master offset         12 s2 freq  -80916 path delay       912
ptp4l[6858.898]: master offset         22 s2 freq  -80902 path delay       912
ptp4l[6859.898]: master offset        -20 s2 freq  -80937 path delay       913
ptp4l[6860.895]: master offset         -8 s2 freq  -80931 path delay       912
ptp4l[6861.898]: master offset         -4 s2 freq  -80930 path delay       912
ptp4l[6862.899]: master offset          2 s2 freq  -80925 path delay       912
ptp4l[6863.900]: master offset          8 s2 freq  -80918 path delay       912
ptp4l[6864.899]: master offset         18 s2 freq  -80906 path delay       912
ptp4l[6865.900]: master offset        -30 s2 freq  -80949 path delay       912
ptp4l[6866.894]: master offset        -21 s2 freq  -80949 path delay       912
ptp4l[6867.899]: master offset        -15 s2 freq  -80949 path delay       911
ptp4l[6868.898]: master offset          2 s2 freq  -80936 path delay       910
ptp4l[6869.899]: master offset          4 s2 freq  -80934 path delay       910
ptp4l[6870.898]: master offset         10 s2 freq  -80927 path delay       910
ptp4l[6871.898]: master offset         24 s2 freq  -80910 path delay       909
ptp4l[6872.901]: master offset         26 s2 freq  -80900 path delay       909
ptp4l[6873.895]: master offset        -24 s2 freq  -80943 path delay       912
ptp4l[6874.899]: master offset        -12 s2 freq  -80938 path delay       911
ptp4l[6875.902]: master offset        -10 s2 freq  -80939 path delay       911
ptp4l[6876.899]: master offset         -8 s2 freq  -80940 path delay       911
ptp4l[6877.899]: master offset          4 s2 freq  -80931 path delay       910
ptp4l[6878.900]: master offset          6 s2 freq  -80928 path delay       911
ptp4l[6879.900]: master offset         16 s2 freq  -80916 path delay       911
ptp4l[6880.898]: master offset         18 s2 freq  -80909 path delay       911
ptp4l[6881.901]: master offset         26 s2 freq  -80896 path delay       913
ptp4l[6882.900]: master offset        -19 s2 freq  -80933 path delay       913
ptp4l[6883.902]: master offset         -9 s2 freq  -80928 path delay       912
ptp4l[6884.901]: master offset         -5 s2 freq  -80927 path delay       911
ptp4l[6885.901]: master offset          5 s2 freq  -80919 path delay       911
ptp4l[6886.901]: master offset          8 s2 freq  -80914 path delay       911
ptp4l[6887.901]: master offset         16 s2 freq  -80904 path delay       912
ptp4l[6888.902]: master offset        -33 s2 freq  -80948 path delay       912
ptp4l[6889.902]: master offset        -27 s2 freq  -80952 path delay       912
ptp4l[6890.901]: master offset        -20 s2 freq  -80953 path delay       911
ptp4l[6891.897]: master offset         -7 s2 freq  -80946 path delay       911
ptp4l[6892.897]: master offset        -10 s2 freq  -80951 path delay       911
ptp4l[6893.904]: master offset         -4 s2 freq  -80948 path delay       911
ptp4l[6894.902]: master offset          5 s2 freq  -80940 path delay       911
ptp4l[6895.902]: master offset         10 s2 freq  -80934 path delay       911
ptp4l[6896.901]: master offset         17 s2 freq  -80924 path delay       911
ptp4l[6897.902]: master offset         22 s2 freq  -80914 path delay       911
ptp4l[6898.902]: master offset         28 s2 freq  -80901 path delay       911
ptp4l[6899.903]: master offset        -12 s2 freq  -80933 path delay       911
ptp4l[6900.903]: master offset         -5 s2 freq  -80929 path delay       911
ptp4l[6901.903]: master offset          8 s2 freq  -80918 path delay       911
ptp4l[6902.903]: master offset         10 s2 freq  -80913 path delay       912
ptp4l[6903.903]: master offset         28 s2 freq  -80892 path delay       911
ptp4l[6904.903]: master offset        -11 s2 freq  -80923 path delay       911
ptp4l[6905.904]: master offset          0 s2 freq  -80915 path delay       911
ptp4l[6906.902]: master offset          8 s2 freq  -80907 path delay       911
ptp4l[6907.905]: master offset         21 s2 freq  -80892 path delay       911
ptp4l[6908.904]: master offset        -26 s2 freq  -80933 path delay       912
ptp4l[6909.904]: master offset        -16 s2 freq  -80930 path delay       912
ptp4l[6910.904]: master offset         -3 s2 freq  -80922 path delay       911
ptp4l[6911.904]: master offset         11 s2 freq  -80909 path delay       912
ptp4l[6912.904]: master offset         14 s2 freq  -80903 path delay       912
ptp4l[6913.904]: master offset        -24 s2 freq  -80937 path delay       913
ptp4l[6914.904]: master offset        -15 s2 freq  -80935 path delay       913
ptp4l[6915.905]: master offset         -1 s2 freq  -80925 path delay       912
ptp4l[6916.904]: master offset         17 s2 freq  -80908 path delay       909
ptp4l[6917.905]: master offset         32 s2 freq  -80887 path delay       910
ptp4l[6918.900]: master offset         -5 s2 freq  -80915 path delay       911
ptp4l[6919.905]: master offset          5 s2 freq  -80906 path delay       911
ptp4l[6920.905]: master offset        -38 s2 freq  -80948 path delay       911
ptp4l[6921.905]: master offset        -23 s2 freq  -80944 path delay       910
ptp4l[6922.905]: master offset         -3 s2 freq  -80931 path delay       910
ptp4l[6923.906]: master offset          3 s2 freq  -80926 path delay       910
ptp4l[6924.906]: master offset         21 s2 freq  -80907 path delay       910
ptp4l[6925.907]: master offset         30 s2 freq  -80892 path delay       911
ptp4l[6926.907]: master offset        -13 s2 freq  -80926 path delay       912
ptp4l[6927.906]: master offset         -9 s2 freq  -80926 path delay       912
ptp4l[6928.906]: master offset         -5 s2 freq  -80924 path delay       911
ptp4l[6929.906]: master offset          6 s2 freq  -80915 path delay       911
ptp4l[6930.904]: master offset         10 s2 freq  -80909 path delay       911
ptp4l[6931.906]: master offset         17 s2 freq  -80899 path delay       911
ptp4l[6932.906]: master offset        -27 s2 freq  -80938 path delay       911
ptp4l[6933.907]: master offset        -26 s2 freq  -80945 path delay       911
ptp4l[6934.907]: master offset        -19 s2 freq  -80946 path delay       911
ptp4l[6935.906]: master offset         -9 s2 freq  -80942 path delay       911
ptp4l[6936.907]: master offset         -6 s2 freq  -80941 path delay       911
ptp4l[6937.907]: master offset          0 s2 freq  -80937 path delay       911
ptp4l[6938.907]: master offset          4 s2 freq  -80933 path delay       911
ptp4l[6939.907]: master offset         13 s2 freq  -80923 path delay       911
ptp4l[6940.905]: master offset         16 s2 freq  -80916 path delay       911
ptp4l[6941.907]: master offset         25 s2 freq  -80902 path delay       911
ptp4l[6942.908]: master offset        -26 s2 freq  -80946 path delay       911
ptp4l[6943.908]: master offset        -17 s2 freq  -80945 path delay       910
ptp4l[6944.903]: master offset         -6 s2 freq  -80939 path delay       910
ptp4l[6945.910]: master offset         -4 s2 freq  -80938 path delay       910
ptp4l[6946.908]: master offset          1 s2 freq  -80935 path delay       910
ptp4l[6947.909]: master offset          9 s2 freq  -80926 path delay       910
ptp4l[6948.908]: master offset         16 s2 freq  -80917 path delay       910
ptp4l[6949.909]: master offset         19 s2 freq  -80909 path delay       911
ptp4l[6950.905]: master offset         22 s2 freq  -80900 path delay       911
ptp4l[6951.909]: master offset        -22 s2 freq  -80938 path delay       911
ptp4l[6952.909]: master offset        -14 s2 freq  -80936 path delay       911
ptp4l[6953.909]: master offset         -8 s2 freq  -80934 path delay       911
ptp4l[6954.905]: master offset         -4 s2 freq  -80933 path delay       911
ptp4l[6955.911]: master offset          2 s2 freq  -80928 path delay       910
ptp4l[6956.909]: master offset         16 s2 freq  -80913 path delay       910
ptp4l[6957.912]: master offset         17 s2 freq  -80908 path delay       910
ptp4l[6958.909]: master offset         24 s2 freq  -80895 path delay       910
ptp4l[6959.909]: master offset        -23 s2 freq  -80935 path delay       910
ptp4l[6960.908]: master offset        -17 s2 freq  -80936 path delay       910
ptp4l[6961.910]: master offset         -6 s2 freq  -80930 path delay       910
ptp4l[6962.910]: master offset         -5 s2 freq  -80931 path delay       910
ptp4l[6963.911]: master offset          3 s2 freq  -80925 path delay       910
ptp4l[6964.910]: master offset          8 s2 freq  -80919 path delay       910
ptp4l[6965.911]: master offset          5 s2 freq  -80919 path delay       911
ptp4l[6966.910]: master offset         18 s2 freq  -80905 path delay       911
ptp4l[6967.911]: master offset        -37 s2 freq  -80954 path delay       911
ptp4l[6968.910]: master offset        -38 s2 freq  -80966 path delay       911
ptp4l[6969.911]: master offset         15 s2 freq  -80925 path delay       911
ptp4l[6970.907]: master offset         25 s2 freq  -80910 path delay       911
ptp4l[6971.913]: master offset         22 s2 freq  -80906 path delay       911
ptp4l[6972.911]: master offset        -32 s2 freq  -80953 path delay       912
ptp4l[6973.913]: master offset        -32 s2 freq  -80963 path delay       912
ptp4l[6974.911]: master offset         31 s2 freq  -80909 path delay       912
ptp4l[6975.912]: master offset         26 s2 freq  -80905 path delay       913
ptp4l[6976.912]: master offset        -22 s2 freq  -80945 path delay       913
ptp4l[6977.912]: master offset        -23 s2 freq  -80953 path delay       914
ptp4l[6978.912]: master offset        -23 s2 freq  -80960 path delay       914
ptp4l[6979.914]: master offset         29 s2 freq  -80915 path delay       914
ptp4l[6980.912]: master offset         19 s2 freq  -80916 path delay       915
ptp4l[6981.914]: master offset         15 s2 freq  -80914 path delay       915
ptp4l[6982.913]: master offset         14 s2 freq  -80911 path delay       915
ptp4l[6983.915]: master offset         13 s2 freq  -80908 path delay       915
ptp4l[6984.911]: master offset          5 s2 freq  -80912 path delay       915
ptp4l[6985.915]: master offset          5 s2 freq  -80910 path delay       915
ptp4l[6986.913]: master offset         -1 s2 freq  -80915 path delay       915
ptp4l[6987.914]: master offset          0 s2 freq  -80914 path delay       915
ptp4l[6988.913]: master offset          1 s2 freq  -80913 path delay       915
ptp4l[6989.915]: master offset          0 s2 freq  -80914 path delay       915
ptp4l[6990.913]: master offset         -4 s2 freq  -80918 path delay       915
ptp4l[6991.914]: master offset         -8 s2 freq  -80923 path delay       915
ptp4l[6992.914]: master offset        -12 s2 freq  -80929 path delay       915
ptp4l[6993.914]: master offset        -10 s2 freq  -80931 path delay       914
ptp4l[6994.913]: master offset         -5 s2 freq  -80929 path delay       914
ptp4l[6995.915]: master offset         -1 s2 freq  -80926 path delay       914
ptp4l[6996.910]: master offset         -2 s2 freq  -80928 path delay       914
ptp4l[6997.916]: master offset         -7 s2 freq  -80933 path delay       914
ptp4l[6998.915]: master offset         -7 s2 freq  -80935 path delay       914
ptp4l[6999.915]: master offset        -11 s2 freq  -80942 path delay       914
ptp4l[7000.915]: master offset        -15 s2 freq  -80949 path delay       914
ptp4l[7001.915]: master offset        -17 s2 freq  -80955 path delay       913
ptp4l[7002.911]: master offset        -15 s2 freq  -80958 path delay       913
ptp4l[7003.915]: master offset        -17 s2 freq  -80965 path delay       913
ptp4l[7004.913]: master offset         26 s2 freq  -80927 path delay       913
ptp4l[7005.916]: master offset         28 s2 freq  -80917 path delay       912
ptp4l[7006.915]: master offset         29 s2 freq  -80908 path delay       912
ptp4l[7007.916]: master offset         26 s2 freq  -80902 path delay       912
ptp4l[7008.916]: master offset        -30 s2 freq  -80950 path delay       913
ptp4l[7009.918]: master offset        -36 s2 freq  -80965 path delay       913
ptp4l[7010.916]: master offset         12 s2 freq  -80928 path delay       912
ptp4l[7011.922]: master offset         10 s2 freq  -80927 path delay       913
ptp4l[7012.912]: master offset         10 s2 freq  -80924 path delay       913
ptp4l[7013.916]: master offset          6 s2 freq  -80925 path delay       913
ptp4l[7014.914]: master offset          2 s2 freq  -80927 path delay       913
ptp4l[7015.917]: master offset         10 s2 freq  -80918 path delay       913
ptp4l[7016.917]: master offset          0 s2 freq  -80925 path delay       913
ptp4l[7017.917]: master offset          5 s2 freq  -80920 path delay       913
ptp4l[7018.913]: master offset          6 s2 freq  -80918 path delay       913
ptp4l[7019.919]: master offset          2 s2 freq  -80920 path delay       913
ptp4l[7020.917]: master offset         -3 s2 freq  -80924 path delay       913
ptp4l[7021.917]: master offset          2 s2 freq  -80920 path delay       912
ptp4l[7022.913]: master offset          0 s2 freq  -80922 path delay       913
ptp4l[7023.918]: master offset         -1 s2 freq  -80923 path delay       913
ptp4l[7024.916]: master offset         -6 s2 freq  -80928 path delay       913
ptp4l[7025.919]: master offset         -1 s2 freq  -80925 path delay       913
ptp4l[7026.918]: master offset         -9 s2 freq  -80933 path delay       913
ptp4l[7027.918]: master offset         -1 s2 freq  -80928 path delay       912
ptp4l[7028.915]: master offset         -2 s2 freq  -80929 path delay       912
ptp4l[7029.919]: master offset         -8 s2 freq  -80936 path delay       913
ptp4l[7030.919]: master offset        -13 s2 freq  -80943 path delay       913
ptp4l[7031.919]: master offset        -15 s2 freq  -80949 path delay       913
ptp4l[7032.919]: master offset        -18 s2 freq  -80956 path delay       913
ptp4l[7033.915]: master offset        -23 s2 freq  -80967 path delay       913
ptp4l[7034.917]: master offset         22 s2 freq  -80929 path delay       913
ptp4l[7035.921]: master offset         18 s2 freq  -80926 path delay       914
ptp4l[7036.920]: master offset         13 s2 freq  -80926 path delay       914
ptp4l[7044.632]: port 1 (eth0): SLAVE to LISTENING on ANNOUNCE_RECEIPT_TIMEOUT_EXPIRES
ptp4l[7044.633]: selected local clock 000000.fffe.049f06 as best master
ptp4l[7044.634]: TEE: InvokeCommand returned 0x0

ptp4l[7044.636]: TEE: InvokeCommand returned 0x0

ptp4l[7044.636]: TEE: DECIDE OK -> decided_state=4 (ps_out=4)

