trying PPS source "/dev/pps0"
found PPS source "/dev/pps0"
ok, found 1 source(s), now start fetching data...
source 0 - assert 1763328415.000007640, sequence: 7624 - clear  0.000000000, sequence: 0
source 0 - assert 1763328416.000001116, sequence: 7625 - clear  0.000000000, sequence: 0
source 0 - assert 1763328416.999999157, sequence: 7626 - clear  0.000000000, sequence: 0
source 0 - assert 1763328418.000001292, sequence: 7627 - clear  0.000000000, sequence: 0
source 0 - assert 1763328419.000001371, sequence: 7628 - clear  0.000000000, sequence: 0
source 0 - assert 1763328420.000002542, sequence: 7629 - clear  0.000000000, sequence: 0
source 0 - assert 1763328421.000004243, sequence: 7630 - clear  0.000000000, sequence: 0
source 0 - assert 1763328422.000002359, sequence: 7631 - clear  0.000000000, sequence: 0
source 0 - assert 1763328422.999997981, sequence: 7632 - clear  0.000000000, sequence: 0
source 0 - assert 1763328424.000003738, sequence: 7633 - clear  0.000000000, sequence: 0
source 0 - assert 1763328425.000001628, sequence: 7634 - clear  0.000000000, sequence: 0
source 0 - assert 1763328426.000004043, sequence: 7635 - clear  0.000000000, sequence: 0
source 0 - assert 1763328426.999999375, sequence: 7636 - clear  0.000000000, sequence: 0
source 0 - assert 1763328428.000004449, sequence: 7637 - clear  0.000000000, sequence: 0
source 0 - assert 1763328428.999999121, sequence: 7638 - clear  0.000000000, sequence: 0
source 0 - assert 1763328430.000008875, sequence: 7639 - clear  0.000000000, sequence: 0
source 0 - assert 1763328431.000004116, sequence: 7640 - clear  0.000000000, sequence: 0
source 0 - assert 1763328432.000000527, sequence: 7641 - clear  0.000000000, sequence: 0
source 0 - assert 1763328433.000000453, sequence: 7642 - clear  0.000000000, sequence: 0
source 0 - assert 1763328434.000000134, sequence: 7643 - clear  0.000000000, sequence: 0
source 0 - assert 1763328435.000001503, sequence: 7644 - clear  0.000000000, sequence: 0
source 0 - assert 1763328436.000003536, sequence: 7645 - clear  0.000000000, sequence: 0
source 0 - assert 1763328437.000002406, sequence: 7646 - clear  0.000000000, sequence: 0
source 0 - assert 1763328438.000000119, sequence: 7647 - clear  0.000000000, sequence: 0
source 0 - assert 1763328439.000004422, sequence: 7648 - clear  0.000000000, sequence: 0
source 0 - assert 1763328440.000001455, sequence: 7649 - clear  0.000000000, sequence: 0
source 0 - assert 1763328441.000005691, sequence: 7650 - clear  0.000000000, sequence: 0
source 0 - assert 1763328442.000004322, sequence: 7651 - clear  0.000000000, sequence: 0
source 0 - assert 1763328443.000000911, sequence: 7652 - clear  0.000000000, sequence: 0
source 0 - assert 1763328444.000004821, sequence: 7653 - clear  0.000000000, sequence: 0
source 0 - assert 1763328445.000001155, sequence: 7654 - clear  0.000000000, sequence: 0
source 0 - assert 1763328446.000002995, sequence: 7655 - clear  0.000000000, sequence: 0
source 0 - assert 1763328447.000000345, sequence: 7656 - clear  0.000000000, sequence: 0
source 0 - assert 1763328448.000004221, sequence: 7657 - clear  0.000000000, sequence: 0
source 0 - assert 1763328449.000000336, sequence: 7658 - clear  0.000000000, sequence: 0
source 0 - assert 1763328450.000006822, sequence: 7659 - clear  0.000000000, sequence: 0
source 0 - assert 1763328451.000005155, sequence: 7660 - clear  0.000000000, sequence: 0
source 0 - assert 1763328452.000004577, sequence: 7661 - clear  0.000000000, sequence: 0
source 0 - assert 1763328453.000000039, sequence: 7662 - clear  0.000000000, sequence: 0
source 0 - assert 1763328454.000000004, sequence: 7663 - clear  0.000000000, sequence: 0
source 0 - assert 1763328455.000003640, sequence: 7664 - clear  0.000000000, sequence: 0
source 0 - assert 1763328456.000004716, sequence: 7665 - clear  0.000000000, sequence: 0
source 0 - assert 1763328457.000001586, sequence: 7666 - clear  0.000000000, sequence: 0
source 0 - assert 1763328458.000004159, sequence: 7667 - clear  0.000000000, sequence: 0
source 0 - assert 1763328459.000000515, sequence: 7668 - clear  0.000000000, sequence: 0
source 0 - assert 1763328460.000007898, sequence: 7669 - clear  0.000000000, sequence: 0
source 0 - assert 1763328461.000005239, sequence: 7670 - clear  0.000000000, sequence: 0
source 0 - assert 1763328462.000002875, sequence: 7671 - clear  0.000000000, sequence: 0
source 0 - assert 1763328463.000003918, sequence: 7672 - clear  0.000000000, sequence: 0
source 0 - assert 1763328464.000003169, sequence: 7673 - clear  0.000000000, sequence: 0
source 0 - assert 1763328465.000004678, sequence: 7674 - clear  0.000000000, sequence: 0
source 0 - assert 1763328466.000006015, sequence: 7675 - clear  0.000000000, sequence: 0
source 0 - assert 1763328467.000004755, sequence: 7676 - clear  0.000000000, sequence: 0
source 0 - assert 1763328468.000006382, sequence: 7677 - clear  0.000000000, sequence: 0
source 0 - assert 1763328469.000003413, sequence: 7678 - clear  0.000000000, sequence: 0
source 0 - assert 1763328470.000004454, sequence: 7679 - clear  0.000000000, sequence: 0
source 0 - assert 1763328471.000003452, sequence: 7680 - clear  0.000000000, sequence: 0
source 0 - assert 1763328472.000005161, sequence: 7681 - clear  0.000000000, sequence: 0
source 0 - assert 1763328473.000002472, sequence: 7682 - clear  0.000000000, sequence: 0
source 0 - assert 1763328474.000002597, sequence: 7683 - clear  0.000000000, sequence: 0
source 0 - assert 1763328475.000004417, sequence: 7684 - clear  0.000000000, sequence: 0
source 0 - assert 1763328476.000009129, sequence: 7685 - clear  0.000000000, sequence: 0
source 0 - assert 1763328477.000002038, sequence: 7686 - clear  0.000000000, sequence: 0
source 0 - assert 1763328478.000002824, sequence: 7687 - clear  0.000000000, sequence: 0
source 0 - assert 1763328479.000000860, sequence: 7688 - clear  0.000000000, sequence: 0
source 0 - assert 1763328480.000005144, sequence: 7689 - clear  0.000000000, sequence: 0
source 0 - assert 1763328481.000006576, sequence: 7690 - clear  0.000000000, sequence: 0
source 0 - assert 1763328482.000000465, sequence: 7691 - clear  0.000000000, sequence: 0
source 0 - assert 1763328483.000005425, sequence: 7692 - clear  0.000000000, sequence: 0
source 0 - assert 1763328484.000004246, sequence: 7693 - clear  0.000000000, sequence: 0
source 0 - assert 1763328485.000000540, sequence: 7694 - clear  0.000000000, sequence: 0
source 0 - assert 1763328486.000006305, sequence: 7695 - clear  0.000000000, sequence: 0
source 0 - assert 1763328487.000001596, sequence: 7696 - clear  0.000000000, sequence: 0
source 0 - assert 1763328488.000000829, sequence: 7697 - clear  0.000000000, sequence: 0
source 0 - assert 1763328489.000004369, sequence: 7698 - clear  0.000000000, sequence: 0
source 0 - assert 1763328490.000005793, sequence: 7699 - clear  0.000000000, sequence: 0
source 0 - assert 1763328491.000004412, sequence: 7700 - clear  0.000000000, sequence: 0
source 0 - assert 1763328492.000005575, sequence: 7701 - clear  0.000000000, sequence: 0
source 0 - assert 1763328492.999999371, sequence: 7702 - clear  0.000000000, sequence: 0
source 0 - assert 1763328494.000003278, sequence: 7703 - clear  0.000000000, sequence: 0
source 0 - assert 1763328495.000002108, sequence: 7704 - clear  0.000000000, sequence: 0
source 0 - assert 1763328496.000001780, sequence: 7705 - clear  0.000000000, sequence: 0
source 0 - assert 1763328497.000002992, sequence: 7706 - clear  0.000000000, sequence: 0
source 0 - assert 1763328498.000004324, sequence: 7707 - clear  0.000000000, sequence: 0
source 0 - assert 1763328499.000000777, sequence: 7708 - clear  0.000000000, sequence: 0
source 0 - assert 1763328500.000000866, sequence: 7709 - clear  0.000000000, sequence: 0
source 0 - assert 1763328501.000001663, sequence: 7710 - clear  0.000000000, sequence: 0
source 0 - assert 1763328502.000004459, sequence: 7711 - clear  0.000000000, sequence: 0
source 0 - assert 1763328502.999999519, sequence: 7712 - clear  0.000000000, sequence: 0
source 0 - assert 1763328504.000000223, sequence: 7713 - clear  0.000000000, sequence: 0
source 0 - assert 1763328505.000003706, sequence: 7714 - clear  0.000000000, sequence: 0
source 0 - assert 1763328506.000001462, sequence: 7715 - clear  0.000000000, sequence: 0
source 0 - assert 1763328507.000003707, sequence: 7716 - clear  0.000000000, sequence: 0
source 0 - assert 1763328508.000003535, sequence: 7717 - clear  0.000000000, sequence: 0
source 0 - assert 1763328509.000003657, sequence: 7718 - clear  0.000000000, sequence: 0
source 0 - assert 1763328510.000004327, sequence: 7719 - clear  0.000000000, sequence: 0
source 0 - assert 1763328511.000000002, sequence: 7720 - clear  0.000000000, sequence: 0
source 0 - assert 1763328512.000004882, sequence: 7721 - clear  0.000000000, sequence: 0
source 0 - assert 1763328513.000001496, sequence: 7722 - clear  0.000000000, sequence: 0
source 0 - assert 1763328514.000001963, sequence: 7723 - clear  0.000000000, sequence: 0
source 0 - assert 1763328515.000001838, sequence: 7724 - clear  0.000000000, sequence: 0
source 0 - assert 1763328515.999999129, sequence: 7725 - clear  0.000000000, sequence: 0
source 0 - assert 1763328517.000005766, sequence: 7726 - clear  0.000000000, sequence: 0
source 0 - assert 1763328518.000002139, sequence: 7727 - clear  0.000000000, sequence: 0
source 0 - assert 1763328519.000003915, sequence: 7728 - clear  0.000000000, sequence: 0
source 0 - assert 1763328520.000002916, sequence: 7729 - clear  0.000000000, sequence: 0
source 0 - assert 1763328521.000004921, sequence: 7730 - clear  0.000000000, sequence: 0
source 0 - assert 1763328522.000007372, sequence: 7731 - clear  0.000000000, sequence: 0
source 0 - assert 1763328523.000002684, sequence: 7732 - clear  0.000000000, sequence: 0
source 0 - assert 1763328524.000002473, sequence: 7733 - clear  0.000000000, sequence: 0
source 0 - assert 1763328525.000003324, sequence: 7734 - clear  0.000000000, sequence: 0
source 0 - assert 1763328526.000000245, sequence: 7735 - clear  0.000000000, sequence: 0
source 0 - assert 1763328527.000006389, sequence: 7736 - clear  0.000000000, sequence: 0
source 0 - assert 1763328528.000002970, sequence: 7737 - clear  0.000000000, sequence: 0
source 0 - assert 1763328529.000002336, sequence: 7738 - clear  0.000000000, sequence: 0
source 0 - assert 1763328530.000001612, sequence: 7739 - clear  0.000000000, sequence: 0
source 0 - assert 1763328531.000003191, sequence: 7740 - clear  0.000000000, sequence: 0
source 0 - assert 1763328532.000000811, sequence: 7741 - clear  0.000000000, sequence: 0
source 0 - assert 1763328533.000003821, sequence: 7742 - clear  0.000000000, sequence: 0
source 0 - assert 1763328534.000002213, sequence: 7743 - clear  0.000000000, sequence: 0
source 0 - assert 1763328535.000000480, sequence: 7744 - clear  0.000000000, sequence: 0
source 0 - assert 1763328536.000002816, sequence: 7745 - clear  0.000000000, sequence: 0
source 0 - assert 1763328536.999998882, sequence: 7746 - clear  0.000000000, sequence: 0
source 0 - assert 1763328538.000002705, sequence: 7747 - clear  0.000000000, sequence: 0
source 0 - assert 1763328539.000000416, sequence: 7748 - clear  0.000000000, sequence: 0
source 0 - assert 1763328540.000003120, sequence: 7749 - clear  0.000000000, sequence: 0
source 0 - assert 1763328541.000002785, sequence: 7750 - clear  0.000000000, sequence: 0
source 0 - assert 1763328542.000002284, sequence: 7751 - clear  0.000000000, sequence: 0
source 0 - assert 1763328543.000004488, sequence: 7752 - clear  0.000000000, sequence: 0
source 0 - assert 1763328544.000002572, sequence: 7753 - clear  0.000000000, sequence: 0
source 0 - assert 1763328545.000003335, sequence: 7754 - clear  0.000000000, sequence: 0
source 0 - assert 1763328546.000002880, sequence: 7755 - clear  0.000000000, sequence: 0
source 0 - assert 1763328547.000003027, sequence: 7756 - clear  0.000000000, sequence: 0
source 0 - assert 1763328548.000003888, sequence: 7757 - clear  0.000000000, sequence: 0
source 0 - assert 1763328549.000004125, sequence: 7758 - clear  0.000000000, sequence: 0
source 0 - assert 1763328550.000006771, sequence: 7759 - clear  0.000000000, sequence: 0
source 0 - assert 1763328551.000006589, sequence: 7760 - clear  0.000000000, sequence: 0
source 0 - assert 1763328552.000004329, sequence: 7761 - clear  0.000000000, sequence: 0
source 0 - assert 1763328553.000002119, sequence: 7762 - clear  0.000000000, sequence: 0
source 0 - assert 1763328554.000003118, sequence: 7763 - clear  0.000000000, sequence: 0
source 0 - assert 1763328555.000004465, sequence: 7764 - clear  0.000000000, sequence: 0
source 0 - assert 1763328556.000001302, sequence: 7765 - clear  0.000000000, sequence: 0
source 0 - assert 1763328557.000000835, sequence: 7766 - clear  0.000000000, sequence: 0
source 0 - assert 1763328558.000004597, sequence: 7767 - clear  0.000000000, sequence: 0
source 0 - assert 1763328559.000005647, sequence: 7768 - clear  0.000000000, sequence: 0
source 0 - assert 1763328560.000004561, sequence: 7769 - clear  0.000000000, sequence: 0
source 0 - assert 1763328561.000000752, sequence: 7770 - clear  0.000000000, sequence: 0
source 0 - assert 1763328562.000003359, sequence: 7771 - clear  0.000000000, sequence: 0
source 0 - assert 1763328563.000005649, sequence: 7772 - clear  0.000000000, sequence: 0
source 0 - assert 1763328564.000004289, sequence: 7773 - clear  0.000000000, sequence: 0
source 0 - assert 1763328565.000006298, sequence: 7774 - clear  0.000000000, sequence: 0
source 0 - assert 1763328566.000006369, sequence: 7775 - clear  0.000000000, sequence: 0
source 0 - assert 1763328567.000002982, sequence: 7776 - clear  0.000000000, sequence: 0
source 0 - assert 1763328568.000009085, sequence: 7777 - clear  0.000000000, sequence: 0
source 0 - assert 1763328569.000001874, sequence: 7778 - clear  0.000000000, sequence: 0
source 0 - assert 1763328570.000002542, sequence: 7779 - clear  0.000000000, sequence: 0
source 0 - assert 1763328571.000003550, sequence: 7780 - clear  0.000000000, sequence: 0
source 0 - assert 1763328572.000003171, sequence: 7781 - clear  0.000000000, sequence: 0
source 0 - assert 1763328573.000005751, sequence: 7782 - clear  0.000000000, sequence: 0
source 0 - assert 1763328574.000004759, sequence: 7783 - clear  0.000000000, sequence: 0
source 0 - assert 1763328575.000000077, sequence: 7784 - clear  0.000000000, sequence: 0
source 0 - assert 1763328576.000002942, sequence: 7785 - clear  0.000000000, sequence: 0
source 0 - assert 1763328577.000001413, sequence: 7786 - clear  0.000000000, sequence: 0
source 0 - assert 1763328578.000005053, sequence: 7787 - clear  0.000000000, sequence: 0
source 0 - assert 1763328579.000004584, sequence: 7788 - clear  0.000000000, sequence: 0
source 0 - assert 1763328580.000001287, sequence: 7789 - clear  0.000000000, sequence: 0
source 0 - assert 1763328581.000008996, sequence: 7790 - clear  0.000000000, sequence: 0
source 0 - assert 1763328582.000003030, sequence: 7791 - clear  0.000000000, sequence: 0
source 0 - assert 1763328583.000006126, sequence: 7792 - clear  0.000000000, sequence: 0
source 0 - assert 1763328584.000001510, sequence: 7793 - clear  0.000000000, sequence: 0
source 0 - assert 1763328585.000002213, sequence: 7794 - clear  0.000000000, sequence: 0
source 0 - assert 1763328585.999999883, sequence: 7795 - clear  0.000000000, sequence: 0
source 0 - assert 1763328587.000005380, sequence: 7796 - clear  0.000000000, sequence: 0
source 0 - assert 1763328588.000005126, sequence: 7797 - clear  0.000000000, sequence: 0
source 0 - assert 1763328588.999999501, sequence: 7798 - clear  0.000000000, sequence: 0
source 0 - assert 1763328590.000005210, sequence: 7799 - clear  0.000000000, sequence: 0
source 0 - assert 1763328590.999998794, sequence: 7800 - clear  0.000000000, sequence: 0
source 0 - assert 1763328592.000000006, sequence: 7801 - clear  0.000000000, sequence: 0
source 0 - assert 1763328593.000003044, sequence: 7802 - clear  0.000000000, sequence: 0
source 0 - assert 1763328594.000004013, sequence: 7803 - clear  0.000000000, sequence: 0
source 0 - assert 1763328594.999998756, sequence: 7804 - clear  0.000000000, sequence: 0
source 0 - assert 1763328596.000001665, sequence: 7805 - clear  0.000000000, sequence: 0
source 0 - assert 1763328597.000003659, sequence: 7806 - clear  0.000000000, sequence: 0
source 0 - assert 1763328598.000005503, sequence: 7807 - clear  0.000000000, sequence: 0
source 0 - assert 1763328599.000000846, sequence: 7808 - clear  0.000000000, sequence: 0
source 0 - assert 1763328600.000002933, sequence: 7809 - clear  0.000000000, sequence: 0
source 0 - assert 1763328600.999998178, sequence: 7810 - clear  0.000000000, sequence: 0
source 0 - assert 1763328602.000003641, sequence: 7811 - clear  0.000000000, sequence: 0
source 0 - assert 1763328603.000003915, sequence: 7812 - clear  0.000000000, sequence: 0
source 0 - assert 1763328604.000003445, sequence: 7813 - clear  0.000000000, sequence: 0
source 0 - assert 1763328605.000005474, sequence: 7814 - clear  0.000000000, sequence: 0
source 0 - assert 1763328606.000001095, sequence: 7815 - clear  0.000000000, sequence: 0
source 0 - assert 1763328606.999999312, sequence: 7816 - clear  0.000000000, sequence: 0
source 0 - assert 1763328608.000001735, sequence: 7817 - clear  0.000000000, sequence: 0
source 0 - assert 1763328609.000000739, sequence: 7818 - clear  0.000000000, sequence: 0
source 0 - assert 1763328610.000007753, sequence: 7819 - clear  0.000000000, sequence: 0
source 0 - assert 1763328611.000006295, sequence: 7820 - clear  0.000000000, sequence: 0
source 0 - assert 1763328612.000003198, sequence: 7821 - clear  0.000000000, sequence: 0
source 0 - assert 1763328613.000006284, sequence: 7822 - clear  0.000000000, sequence: 0
source 0 - assert 1763328614.000000789, sequence: 7823 - clear  0.000000000, sequence: 0
source 0 - assert 1763328615.000002349, sequence: 7824 - clear  0.000000000, sequence: 0
source 0 - assert 1763328616.000003021, sequence: 7825 - clear  0.000000000, sequence: 0
source 0 - assert 1763328617.000001126, sequence: 7826 - clear  0.000000000, sequence: 0
source 0 - assert 1763328618.000004362, sequence: 7827 - clear  0.000000000, sequence: 0
source 0 - assert 1763328619.000002281, sequence: 7828 - clear  0.000000000, sequence: 0
source 0 - assert 1763328620.000000294, sequence: 7829 - clear  0.000000000, sequence: 0
source 0 - assert 1763328620.999999085, sequence: 7830 - clear  0.000000000, sequence: 0
source 0 - assert 1763328622.000005165, sequence: 7831 - clear  0.000000000, sequence: 0
source 0 - assert 1763328623.000004094, sequence: 7832 - clear  0.000000000, sequence: 0
source 0 - assert 1763328624.000001351, sequence: 7833 - clear  0.000000000, sequence: 0
source 0 - assert 1763328624.999999848, sequence: 7834 - clear  0.000000000, sequence: 0
source 0 - assert 1763328626.000001323, sequence: 7835 - clear  0.000000000, sequence: 0
source 0 - assert 1763328627.000003361, sequence: 7836 - clear  0.000000000, sequence: 0
source 0 - assert 1763328628.000004620, sequence: 7837 - clear  0.000000000, sequence: 0
source 0 - assert 1763328628.999999749, sequence: 7838 - clear  0.000000000, sequence: 0
source 0 - assert 1763328630.000005962, sequence: 7839 - clear  0.000000000, sequence: 0
source 0 - assert 1763328631.000001702, sequence: 7840 - clear  0.000000000, sequence: 0
source 0 - assert 1763328632.000001999, sequence: 7841 - clear  0.000000000, sequence: 0
source 0 - assert 1763328633.000003421, sequence: 7842 - clear  0.000000000, sequence: 0
source 0 - assert 1763328634.000003136, sequence: 7843 - clear  0.000000000, sequence: 0
source 0 - assert 1763328635.000003082, sequence: 7844 - clear  0.000000000, sequence: 0
source 0 - assert 1763328636.000004104, sequence: 7845 - clear  0.000000000, sequence: 0
source 0 - assert 1763328637.000002113, sequence: 7846 - clear  0.000000000, sequence: 0
source 0 - assert 1763328638.000004169, sequence: 7847 - clear  0.000000000, sequence: 0
source 0 - assert 1763328639.000003306, sequence: 7848 - clear  0.000000000, sequence: 0
source 0 - assert 1763328640.000003511, sequence: 7849 - clear  0.000000000, sequence: 0
source 0 - assert 1763328641.000004334, sequence: 7850 - clear  0.000000000, sequence: 0
source 0 - assert 1763328642.000004327, sequence: 7851 - clear  0.000000000, sequence: 0
source 0 - assert 1763328643.000008487, sequence: 7852 - clear  0.000000000, sequence: 0
source 0 - assert 1763328644.000005023, sequence: 7853 - clear  0.000000000, sequence: 0
source 0 - assert 1763328645.000004030, sequence: 7854 - clear  0.000000000, sequence: 0
source 0 - assert 1763328645.999999840, sequence: 7855 - clear  0.000000000, sequence: 0
source 0 - assert 1763328647.000006832, sequence: 7856 - clear  0.000000000, sequence: 0
source 0 - assert 1763328648.000005126, sequence: 7857 - clear  0.000000000, sequence: 0
source 0 - assert 1763328649.000001422, sequence: 7858 - clear  0.000000000, sequence: 0
source 0 - assert 1763328650.000005532, sequence: 7859 - clear  0.000000000, sequence: 0
source 0 - assert 1763328651.000000623, sequence: 7860 - clear  0.000000000, sequence: 0
source 0 - assert 1763328651.999999726, sequence: 7861 - clear  0.000000000, sequence: 0
source 0 - assert 1763328653.000005932, sequence: 7862 - clear  0.000000000, sequence: 0
source 0 - assert 1763328654.000006423, sequence: 7863 - clear  0.000000000, sequence: 0
source 0 - assert 1763328655.000000088, sequence: 7864 - clear  0.000000000, sequence: 0
source 0 - assert 1763328656.000004136, sequence: 7865 - clear  0.000000000, sequence: 0
source 0 - assert 1763328657.000004251, sequence: 7866 - clear  0.000000000, sequence: 0
source 0 - assert 1763328658.000005882, sequence: 7867 - clear  0.000000000, sequence: 0
source 0 - assert 1763328659.000004512, sequence: 7868 - clear  0.000000000, sequence: 0
source 0 - assert 1763328660.000001472, sequence: 7869 - clear  0.000000000, sequence: 0
source 0 - assert 1763328661.000000923, sequence: 7870 - clear  0.000000000, sequence: 0
source 0 - assert 1763328662.000002988, sequence: 7871 - clear  0.000000000, sequence: 0
source 0 - assert 1763328663.000006036, sequence: 7872 - clear  0.000000000, sequence: 0
source 0 - assert 1763328664.000004210, sequence: 7873 - clear  0.000000000, sequence: 0
source 0 - assert 1763328665.000004276, sequence: 7874 - clear  0.000000000, sequence: 0
source 0 - assert 1763328665.999996858, sequence: 7875 - clear  0.000000000, sequence: 0
source 0 - assert 1763328667.000007754, sequence: 7876 - clear  0.000000000, sequence: 0
source 0 - assert 1763328668.000004059, sequence: 7877 - clear  0.000000000, sequence: 0
source 0 - assert 1763328669.000002802, sequence: 7878 - clear  0.000000000, sequence: 0
source 0 - assert 1763328670.000000627, sequence: 7879 - clear  0.000000000, sequence: 0
source 0 - assert 1763328671.000002746, sequence: 7880 - clear  0.000000000, sequence: 0
source 0 - assert 1763328672.000003170, sequence: 7881 - clear  0.000000000, sequence: 0
source 0 - assert 1763328673.000005633, sequence: 7882 - clear  0.000000000, sequence: 0
source 0 - assert 1763328674.000005672, sequence: 7883 - clear  0.000000000, sequence: 0
source 0 - assert 1763328675.000001821, sequence: 7884 - clear  0.000000000, sequence: 0
source 0 - assert 1763328676.000003699, sequence: 7885 - clear  0.000000000, sequence: 0
source 0 - assert 1763328677.000000799, sequence: 7886 - clear  0.000000000, sequence: 0
source 0 - assert 1763328678.000000941, sequence: 7887 - clear  0.000000000, sequence: 0
source 0 - assert 1763328679.000001770, sequence: 7888 - clear  0.000000000, sequence: 0
source 0 - assert 1763328680.000003095, sequence: 7889 - clear  0.000000000, sequence: 0
source 0 - assert 1763328681.000000433, sequence: 7890 - clear  0.000000000, sequence: 0
source 0 - assert 1763328682.000001390, sequence: 7891 - clear  0.000000000, sequence: 0
source 0 - assert 1763328683.000005462, sequence: 7892 - clear  0.000000000, sequence: 0
source 0 - assert 1763328683.999998248, sequence: 7893 - clear  0.000000000, sequence: 0
source 0 - assert 1763328685.000002993, sequence: 7894 - clear  0.000000000, sequence: 0
source 0 - assert 1763328686.000004325, sequence: 7895 - clear  0.000000000, sequence: 0
source 0 - assert 1763328687.000002495, sequence: 7896 - clear  0.000000000, sequence: 0
source 0 - assert 1763328688.000004333, sequence: 7897 - clear  0.000000000, sequence: 0
source 0 - assert 1763328689.000002224, sequence: 7898 - clear  0.000000000, sequence: 0
source 0 - assert 1763328689.999999719, sequence: 7899 - clear  0.000000000, sequence: 0
source 0 - assert 1763328691.000000966, sequence: 7900 - clear  0.000000000, sequence: 0
source 0 - assert 1763328692.000003425, sequence: 7901 - clear  0.000000000, sequence: 0
source 0 - assert 1763328693.000003339, sequence: 7902 - clear  0.000000000, sequence: 0
source 0 - assert 1763328694.000001708, sequence: 7903 - clear  0.000000000, sequence: 0
source 0 - assert 1763328695.000000292, sequence: 7904 - clear  0.000000000, sequence: 0
source 0 - assert 1763328696.000003427, sequence: 7905 - clear  0.000000000, sequence: 0
source 0 - assert 1763328697.000002098, sequence: 7906 - clear  0.000000000, sequence: 0
source 0 - assert 1763328698.000007632, sequence: 7907 - clear  0.000000000, sequence: 0
source 0 - assert 1763328698.999998943, sequence: 7908 - clear  0.000000000, sequence: 0
source 0 - assert 1763328699.999998694, sequence: 7909 - clear  0.000000000, sequence: 0
source 0 - assert 1763328701.000003993, sequence: 7910 - clear  0.000000000, sequence: 0
source 0 - assert 1763328702.000007084, sequence: 7911 - clear  0.000000000, sequence: 0
source 0 - assert 1763328703.000005298, sequence: 7912 - clear  0.000000000, sequence: 0
source 0 - assert 1763328704.000007118, sequence: 7913 - clear  0.000000000, sequence: 0
source 0 - assert 1763328705.000004731, sequence: 7914 - clear  0.000000000, sequence: 0
source 0 - assert 1763328706.000001821, sequence: 7915 - clear  0.000000000, sequence: 0
source 0 - assert 1763328707.000005300, sequence: 7916 - clear  0.000000000, sequence: 0
source 0 - assert 1763328708.000004436, sequence: 7917 - clear  0.000000000, sequence: 0
source 0 - assert 1763328708.999999688, sequence: 7918 - clear  0.000000000, sequence: 0
source 0 - assert 1763328710.000002764, sequence: 7919 - clear  0.000000000, sequence: 0
source 0 - assert 1763328711.000001832, sequence: 7920 - clear  0.000000000, sequence: 0
source 0 - assert 1763328712.000001807, sequence: 7921 - clear  0.000000000, sequence: 0
source 0 - assert 1763328713.000005265, sequence: 7922 - clear  0.000000000, sequence: 0
source 0 - assert 1763328714.000001127, sequence: 7923 - clear  0.000000000, sequence: 0
source 0 - assert 1763328715.000001171, sequence: 7924 - clear  0.000000000, sequence: 0
source 0 - assert 1763328716.000001635, sequence: 7925 - clear  0.000000000, sequence: 0
source 0 - assert 1763328716.999999127, sequence: 7926 - clear  0.000000000, sequence: 0
source 0 - assert 1763328718.000007610, sequence: 7927 - clear  0.000000000, sequence: 0
source 0 - assert 1763328719.000001076, sequence: 7928 - clear  0.000000000, sequence: 0
source 0 - assert 1763328720.000004921, sequence: 7929 - clear  0.000000000, sequence: 0
source 0 - assert 1763328721.000003535, sequence: 7930 - clear  0.000000000, sequence: 0
source 0 - assert 1763328722.000005157, sequence: 7931 - clear  0.000000000, sequence: 0
source 0 - assert 1763328723.000005574, sequence: 7932 - clear  0.000000000, sequence: 0
source 0 - assert 1763328723.999998738, sequence: 7933 - clear  0.000000000, sequence: 0
source 0 - assert 1763328725.000002329, sequence: 7934 - clear  0.000000000, sequence: 0
source 0 - assert 1763328726.000000894, sequence: 7935 - clear  0.000000000, sequence: 0
source 0 - assert 1763328726.999997510, sequence: 7936 - clear  0.000000000, sequence: 0
source 0 - assert 1763328728.000003587, sequence: 7937 - clear  0.000000000, sequence: 0
source 0 - assert 1763328729.000004759, sequence: 7938 - clear  0.000000000, sequence: 0
source 0 - assert 1763328730.000005580, sequence: 7939 - clear  0.000000000, sequence: 0
source 0 - assert 1763328731.000003581, sequence: 7940 - clear  0.000000000, sequence: 0
source 0 - assert 1763328732.000009283, sequence: 7941 - clear  0.000000000, sequence: 0
Terminated
