trying PPS source "/dev/pps0"
found PPS source "/dev/pps0"
ok, found 1 source(s), now start fetching data...
source 0 - assert 1763327093.000006347, sequence: 6302 - clear  0.000000000, sequence: 0
source 0 - assert 1763327094.000000519, sequence: 6303 - clear  0.000000000, sequence: 0
source 0 - assert 1763327095.000001690, sequence: 6304 - clear  0.000000000, sequence: 0
source 0 - assert 1763327096.000000362, sequence: 6305 - clear  0.000000000, sequence: 0
source 0 - assert 1763327097.000003704, sequence: 6306 - clear  0.000000000, sequence: 0
source 0 - assert 1763327098.000005458, sequence: 6307 - clear  0.000000000, sequence: 0
source 0 - assert 1763327099.000005454, sequence: 6308 - clear  0.000000000, sequence: 0
source 0 - assert 1763327100.000004907, sequence: 6309 - clear  0.000000000, sequence: 0
source 0 - assert 1763327101.000003331, sequence: 6310 - clear  0.000000000, sequence: 0
source 0 - assert 1763327102.000004566, sequence: 6311 - clear  0.000000000, sequence: 0
source 0 - assert 1763327103.000002251, sequence: 6312 - clear  0.000000000, sequence: 0
source 0 - assert 1763327104.000006710, sequence: 6313 - clear  0.000000000, sequence: 0
source 0 - assert 1763327105.000005652, sequence: 6314 - clear  0.000000000, sequence: 0
source 0 - assert 1763327106.000002708, sequence: 6315 - clear  0.000000000, sequence: 0
source 0 - assert 1763327107.000004634, sequence: 6316 - clear  0.000000000, sequence: 0
source 0 - assert 1763327108.000001231, sequence: 6317 - clear  0.000000000, sequence: 0
source 0 - assert 1763327109.000008329, sequence: 6318 - clear  0.000000000, sequence: 0
source 0 - assert 1763327110.000004735, sequence: 6319 - clear  0.000000000, sequence: 0
source 0 - assert 1763327111.000000284, sequence: 6320 - clear  0.000000000, sequence: 0
source 0 - assert 1763327112.000004359, sequence: 6321 - clear  0.000000000, sequence: 0
source 0 - assert 1763327113.000000141, sequence: 6322 - clear  0.000000000, sequence: 0
source 0 - assert 1763327114.000002548, sequence: 6323 - clear  0.000000000, sequence: 0
source 0 - assert 1763327115.000003623, sequence: 6324 - clear  0.000000000, sequence: 0
source 0 - assert 1763327116.000001458, sequence: 6325 - clear  0.000000000, sequence: 0
source 0 - assert 1763327117.000001886, sequence: 6326 - clear  0.000000000, sequence: 0
source 0 - assert 1763327117.999997351, sequence: 6327 - clear  0.000000000, sequence: 0
source 0 - assert 1763327119.000002335, sequence: 6328 - clear  0.000000000, sequence: 0
source 0 - assert 1763327120.000004945, sequence: 6329 - clear  0.000000000, sequence: 0
source 0 - assert 1763327121.000004446, sequence: 6330 - clear  0.000000000, sequence: 0
source 0 - assert 1763327122.000003038, sequence: 6331 - clear  0.000000000, sequence: 0
source 0 - assert 1763327123.000002870, sequence: 6332 - clear  0.000000000, sequence: 0
source 0 - assert 1763327124.000004617, sequence: 6333 - clear  0.000000000, sequence: 0
source 0 - assert 1763327125.000002683, sequence: 6334 - clear  0.000000000, sequence: 0
source 0 - assert 1763327126.000001726, sequence: 6335 - clear  0.000000000, sequence: 0
source 0 - assert 1763327127.000005826, sequence: 6336 - clear  0.000000000, sequence: 0
source 0 - assert 1763327128.000002794, sequence: 6337 - clear  0.000000000, sequence: 0
source 0 - assert 1763327129.000005265, sequence: 6338 - clear  0.000000000, sequence: 0
source 0 - assert 1763327130.000004349, sequence: 6339 - clear  0.000000000, sequence: 0
source 0 - assert 1763327131.000002076, sequence: 6340 - clear  0.000000000, sequence: 0
source 0 - assert 1763327132.000002355, sequence: 6341 - clear  0.000000000, sequence: 0
source 0 - assert 1763327133.000001321, sequence: 6342 - clear  0.000000000, sequence: 0
source 0 - assert 1763327134.000007627, sequence: 6343 - clear  0.000000000, sequence: 0
source 0 - assert 1763327134.999998775, sequence: 6344 - clear  0.000000000, sequence: 0
source 0 - assert 1763327136.000004655, sequence: 6345 - clear  0.000000000, sequence: 0
source 0 - assert 1763327137.000000297, sequence: 6346 - clear  0.000000000, sequence: 0
source 0 - assert 1763327138.000000077, sequence: 6347 - clear  0.000000000, sequence: 0
source 0 - assert 1763327139.000002279, sequence: 6348 - clear  0.000000000, sequence: 0
source 0 - assert 1763327140.000002237, sequence: 6349 - clear  0.000000000, sequence: 0
source 0 - assert 1763327141.000000418, sequence: 6350 - clear  0.000000000, sequence: 0
source 0 - assert 1763327142.000001136, sequence: 6351 - clear  0.000000000, sequence: 0
source 0 - assert 1763327142.999997594, sequence: 6352 - clear  0.000000000, sequence: 0
source 0 - assert 1763327144.000002638, sequence: 6353 - clear  0.000000000, sequence: 0
source 0 - assert 1763327145.000001169, sequence: 6354 - clear  0.000000000, sequence: 0
source 0 - assert 1763327146.000004364, sequence: 6355 - clear  0.000000000, sequence: 0
source 0 - assert 1763327147.000004493, sequence: 6356 - clear  0.000000000, sequence: 0
source 0 - assert 1763327148.000002559, sequence: 6357 - clear  0.000000000, sequence: 0
source 0 - assert 1763327149.000003736, sequence: 6358 - clear  0.000000000, sequence: 0
source 0 - assert 1763327149.999999724, sequence: 6359 - clear  0.000000000, sequence: 0
source 0 - assert 1763327150.999999303, sequence: 6360 - clear  0.000000000, sequence: 0
source 0 - assert 1763327151.999996103, sequence: 6361 - clear  0.000000000, sequence: 0
source 0 - assert 1763327153.000003203, sequence: 6362 - clear  0.000000000, sequence: 0
source 0 - assert 1763327154.000003734, sequence: 6363 - clear  0.000000000, sequence: 0
source 0 - assert 1763327155.000002091, sequence: 6364 - clear  0.000000000, sequence: 0
source 0 - assert 1763327156.000003039, sequence: 6365 - clear  0.000000000, sequence: 0
source 0 - assert 1763327157.000000822, sequence: 6366 - clear  0.000000000, sequence: 0
source 0 - assert 1763327158.000002995, sequence: 6367 - clear  0.000000000, sequence: 0
source 0 - assert 1763327159.000005559, sequence: 6368 - clear  0.000000000, sequence: 0
source 0 - assert 1763327160.000003921, sequence: 6369 - clear  0.000000000, sequence: 0
source 0 - assert 1763327160.999997400, sequence: 6370 - clear  0.000000000, sequence: 0
source 0 - assert 1763327162.000002722, sequence: 6371 - clear  0.000000000, sequence: 0
source 0 - assert 1763327163.000006800, sequence: 6372 - clear  0.000000000, sequence: 0
source 0 - assert 1763327164.000004093, sequence: 6373 - clear  0.000000000, sequence: 0
source 0 - assert 1763327165.000001698, sequence: 6374 - clear  0.000000000, sequence: 0
source 0 - assert 1763327166.000001126, sequence: 6375 - clear  0.000000000, sequence: 0
source 0 - assert 1763327166.999999418, sequence: 6376 - clear  0.000000000, sequence: 0
source 0 - assert 1763327168.000000418, sequence: 6377 - clear  0.000000000, sequence: 0
source 0 - assert 1763327169.000005217, sequence: 6378 - clear  0.000000000, sequence: 0
source 0 - assert 1763327170.000001297, sequence: 6379 - clear  0.000000000, sequence: 0
source 0 - assert 1763327171.000002933, sequence: 6380 - clear  0.000000000, sequence: 0
source 0 - assert 1763327172.000002885, sequence: 6381 - clear  0.000000000, sequence: 0
source 0 - assert 1763327172.999998673, sequence: 6382 - clear  0.000000000, sequence: 0
source 0 - assert 1763327174.000003421, sequence: 6383 - clear  0.000000000, sequence: 0
source 0 - assert 1763327175.000000459, sequence: 6384 - clear  0.000000000, sequence: 0
source 0 - assert 1763327176.000001245, sequence: 6385 - clear  0.000000000, sequence: 0
source 0 - assert 1763327177.000001127, sequence: 6386 - clear  0.000000000, sequence: 0
source 0 - assert 1763327178.000000496, sequence: 6387 - clear  0.000000000, sequence: 0
source 0 - assert 1763327179.000004478, sequence: 6388 - clear  0.000000000, sequence: 0
source 0 - assert 1763327179.999998903, sequence: 6389 - clear  0.000000000, sequence: 0
source 0 - assert 1763327181.000003148, sequence: 6390 - clear  0.000000000, sequence: 0
source 0 - assert 1763327182.000000074, sequence: 6391 - clear  0.000000000, sequence: 0
source 0 - assert 1763327183.000004312, sequence: 6392 - clear  0.000000000, sequence: 0
source 0 - assert 1763327184.000006981, sequence: 6393 - clear  0.000000000, sequence: 0
source 0 - assert 1763327184.999999877, sequence: 6394 - clear  0.000000000, sequence: 0
source 0 - assert 1763327186.000002785, sequence: 6395 - clear  0.000000000, sequence: 0
source 0 - assert 1763327187.000000842, sequence: 6396 - clear  0.000000000, sequence: 0
source 0 - assert 1763327188.000001553, sequence: 6397 - clear  0.000000000, sequence: 0
source 0 - assert 1763327189.000005275, sequence: 6398 - clear  0.000000000, sequence: 0
source 0 - assert 1763327190.000005844, sequence: 6399 - clear  0.000000000, sequence: 0
source 0 - assert 1763327191.000000305, sequence: 6400 - clear  0.000000000, sequence: 0
source 0 - assert 1763327192.000003753, sequence: 6401 - clear  0.000000000, sequence: 0
source 0 - assert 1763327192.999999873, sequence: 6402 - clear  0.000000000, sequence: 0
source 0 - assert 1763327194.000004166, sequence: 6403 - clear  0.000000000, sequence: 0
source 0 - assert 1763327195.000005318, sequence: 6404 - clear  0.000000000, sequence: 0
source 0 - assert 1763327196.000004281, sequence: 6405 - clear  0.000000000, sequence: 0
source 0 - assert 1763327196.999999634, sequence: 6406 - clear  0.000000000, sequence: 0
source 0 - assert 1763327198.000001723, sequence: 6407 - clear  0.000000000, sequence: 0
source 0 - assert 1763327199.000004214, sequence: 6408 - clear  0.000000000, sequence: 0
source 0 - assert 1763327200.000004761, sequence: 6409 - clear  0.000000000, sequence: 0
source 0 - assert 1763327201.000001680, sequence: 6410 - clear  0.000000000, sequence: 0
source 0 - assert 1763327202.000001456, sequence: 6411 - clear  0.000000000, sequence: 0
source 0 - assert 1763327203.000000632, sequence: 6412 - clear  0.000000000, sequence: 0
source 0 - assert 1763327204.000004921, sequence: 6413 - clear  0.000000000, sequence: 0
source 0 - assert 1763327205.000002952, sequence: 6414 - clear  0.000000000, sequence: 0
source 0 - assert 1763327206.000000207, sequence: 6415 - clear  0.000000000, sequence: 0
source 0 - assert 1763327207.000006673, sequence: 6416 - clear  0.000000000, sequence: 0
source 0 - assert 1763327208.000003001, sequence: 6417 - clear  0.000000000, sequence: 0
source 0 - assert 1763327209.000005383, sequence: 6418 - clear  0.000000000, sequence: 0
source 0 - assert 1763327210.000005541, sequence: 6419 - clear  0.000000000, sequence: 0
source 0 - assert 1763327211.000001842, sequence: 6420 - clear  0.000000000, sequence: 0
source 0 - assert 1763327211.999999957, sequence: 6421 - clear  0.000000000, sequence: 0
source 0 - assert 1763327213.000000132, sequence: 6422 - clear  0.000000000, sequence: 0
source 0 - assert 1763327214.000005502, sequence: 6423 - clear  0.000000000, sequence: 0
source 0 - assert 1763327215.000006083, sequence: 6424 - clear  0.000000000, sequence: 0
source 0 - assert 1763327216.000002284, sequence: 6425 - clear  0.000000000, sequence: 0
source 0 - assert 1763327217.000001379, sequence: 6426 - clear  0.000000000, sequence: 0
source 0 - assert 1763327218.000001388, sequence: 6427 - clear  0.000000000, sequence: 0
source 0 - assert 1763327219.000002784, sequence: 6428 - clear  0.000000000, sequence: 0
source 0 - assert 1763327220.000009772, sequence: 6429 - clear  0.000000000, sequence: 0
source 0 - assert 1763327221.000001960, sequence: 6430 - clear  0.000000000, sequence: 0
source 0 - assert 1763327222.000002892, sequence: 6431 - clear  0.000000000, sequence: 0
source 0 - assert 1763327223.000001903, sequence: 6432 - clear  0.000000000, sequence: 0
source 0 - assert 1763327224.000006933, sequence: 6433 - clear  0.000000000, sequence: 0
source 0 - assert 1763327225.000005750, sequence: 6434 - clear  0.000000000, sequence: 0
source 0 - assert 1763327226.000003782, sequence: 6435 - clear  0.000000000, sequence: 0
source 0 - assert 1763327226.999999626, sequence: 6436 - clear  0.000000000, sequence: 0
source 0 - assert 1763327228.000004300, sequence: 6437 - clear  0.000000000, sequence: 0
source 0 - assert 1763327229.000004228, sequence: 6438 - clear  0.000000000, sequence: 0
source 0 - assert 1763327229.999999959, sequence: 6439 - clear  0.000000000, sequence: 0
source 0 - assert 1763327230.999999655, sequence: 6440 - clear  0.000000000, sequence: 0
source 0 - assert 1763327232.000001706, sequence: 6441 - clear  0.000000000, sequence: 0
source 0 - assert 1763327233.000001248, sequence: 6442 - clear  0.000000000, sequence: 0
source 0 - assert 1763327234.000006420, sequence: 6443 - clear  0.000000000, sequence: 0
source 0 - assert 1763327235.000001213, sequence: 6444 - clear  0.000000000, sequence: 0
source 0 - assert 1763327236.000004209, sequence: 6445 - clear  0.000000000, sequence: 0
source 0 - assert 1763327237.000000901, sequence: 6446 - clear  0.000000000, sequence: 0
source 0 - assert 1763327238.000002878, sequence: 6447 - clear  0.000000000, sequence: 0
source 0 - assert 1763327239.000006329, sequence: 6448 - clear  0.000000000, sequence: 0
source 0 - assert 1763327240.000002876, sequence: 6449 - clear  0.000000000, sequence: 0
source 0 - assert 1763327240.999999691, sequence: 6450 - clear  0.000000000, sequence: 0
source 0 - assert 1763327242.000000050, sequence: 6451 - clear  0.000000000, sequence: 0
source 0 - assert 1763327243.000000128, sequence: 6452 - clear  0.000000000, sequence: 0
source 0 - assert 1763327244.000005980, sequence: 6453 - clear  0.000000000, sequence: 0
source 0 - assert 1763327245.000003189, sequence: 6454 - clear  0.000000000, sequence: 0
source 0 - assert 1763327246.000000876, sequence: 6455 - clear  0.000000000, sequence: 0
source 0 - assert 1763327247.000001333, sequence: 6456 - clear  0.000000000, sequence: 0
source 0 - assert 1763327248.000002217, sequence: 6457 - clear  0.000000000, sequence: 0
source 0 - assert 1763327249.000006241, sequence: 6458 - clear  0.000000000, sequence: 0
source 0 - assert 1763327250.000005858, sequence: 6459 - clear  0.000000000, sequence: 0
source 0 - assert 1763327251.000003373, sequence: 6460 - clear  0.000000000, sequence: 0
source 0 - assert 1763327252.000003629, sequence: 6461 - clear  0.000000000, sequence: 0
source 0 - assert 1763327253.000001251, sequence: 6462 - clear  0.000000000, sequence: 0
source 0 - assert 1763327254.000004955, sequence: 6463 - clear  0.000000000, sequence: 0
source 0 - assert 1763327255.000004544, sequence: 6464 - clear  0.000000000, sequence: 0
source 0 - assert 1763327256.000001164, sequence: 6465 - clear  0.000000000, sequence: 0
source 0 - assert 1763327257.000001510, sequence: 6466 - clear  0.000000000, sequence: 0
source 0 - assert 1763327257.999999622, sequence: 6467 - clear  0.000000000, sequence: 0
source 0 - assert 1763327259.000005083, sequence: 6468 - clear  0.000000000, sequence: 0
source 0 - assert 1763327260.000001617, sequence: 6469 - clear  0.000000000, sequence: 0
source 0 - assert 1763327261.000002318, sequence: 6470 - clear  0.000000000, sequence: 0
source 0 - assert 1763327262.000001456, sequence: 6471 - clear  0.000000000, sequence: 0
source 0 - assert 1763327263.000004051, sequence: 6472 - clear  0.000000000, sequence: 0
source 0 - assert 1763327264.000004507, sequence: 6473 - clear  0.000000000, sequence: 0
source 0 - assert 1763327264.999999757, sequence: 6474 - clear  0.000000000, sequence: 0
source 0 - assert 1763327266.000001424, sequence: 6475 - clear  0.000000000, sequence: 0
source 0 - assert 1763327267.000004635, sequence: 6476 - clear  0.000000000, sequence: 0
source 0 - assert 1763327267.999999614, sequence: 6477 - clear  0.000000000, sequence: 0
source 0 - assert 1763327269.000004173, sequence: 6478 - clear  0.000000000, sequence: 0
source 0 - assert 1763327270.000004866, sequence: 6479 - clear  0.000000000, sequence: 0
source 0 - assert 1763327271.000000039, sequence: 6480 - clear  0.000000000, sequence: 0
source 0 - assert 1763327272.000003143, sequence: 6481 - clear  0.000000000, sequence: 0
source 0 - assert 1763327273.000001606, sequence: 6482 - clear  0.000000000, sequence: 0
source 0 - assert 1763327274.000003399, sequence: 6483 - clear  0.000000000, sequence: 0
source 0 - assert 1763327274.999999545, sequence: 6484 - clear  0.000000000, sequence: 0
source 0 - assert 1763327276.000001464, sequence: 6485 - clear  0.000000000, sequence: 0
source 0 - assert 1763327277.000002092, sequence: 6486 - clear  0.000000000, sequence: 0
source 0 - assert 1763327278.000000815, sequence: 6487 - clear  0.000000000, sequence: 0
source 0 - assert 1763327279.000005892, sequence: 6488 - clear  0.000000000, sequence: 0
source 0 - assert 1763327280.000008522, sequence: 6489 - clear  0.000000000, sequence: 0
source 0 - assert 1763327280.999998897, sequence: 6490 - clear  0.000000000, sequence: 0
source 0 - assert 1763327282.000006485, sequence: 6491 - clear  0.000000000, sequence: 0
source 0 - assert 1763327283.000002555, sequence: 6492 - clear  0.000000000, sequence: 0
source 0 - assert 1763327284.000004617, sequence: 6493 - clear  0.000000000, sequence: 0
source 0 - assert 1763327285.000002046, sequence: 6494 - clear  0.000000000, sequence: 0
source 0 - assert 1763327286.000001542, sequence: 6495 - clear  0.000000000, sequence: 0
source 0 - assert 1763327287.000003198, sequence: 6496 - clear  0.000000000, sequence: 0
source 0 - assert 1763327287.999999698, sequence: 6497 - clear  0.000000000, sequence: 0
source 0 - assert 1763327289.000005344, sequence: 6498 - clear  0.000000000, sequence: 0
source 0 - assert 1763327290.000002173, sequence: 6499 - clear  0.000000000, sequence: 0
source 0 - assert 1763327290.999999673, sequence: 6500 - clear  0.000000000, sequence: 0
source 0 - assert 1763327292.000003343, sequence: 6501 - clear  0.000000000, sequence: 0
source 0 - assert 1763327293.000003021, sequence: 6502 - clear  0.000000000, sequence: 0
source 0 - assert 1763327294.000002747, sequence: 6503 - clear  0.000000000, sequence: 0
source 0 - assert 1763327295.000003266, sequence: 6504 - clear  0.000000000, sequence: 0
source 0 - assert 1763327296.000000477, sequence: 6505 - clear  0.000000000, sequence: 0
source 0 - assert 1763327297.000000212, sequence: 6506 - clear  0.000000000, sequence: 0
source 0 - assert 1763327298.000005107, sequence: 6507 - clear  0.000000000, sequence: 0
source 0 - assert 1763327299.000004485, sequence: 6508 - clear  0.000000000, sequence: 0
source 0 - assert 1763327300.000004108, sequence: 6509 - clear  0.000000000, sequence: 0
source 0 - assert 1763327301.000001378, sequence: 6510 - clear  0.000000000, sequence: 0
source 0 - assert 1763327302.000001724, sequence: 6511 - clear  0.000000000, sequence: 0
source 0 - assert 1763327303.000004118, sequence: 6512 - clear  0.000000000, sequence: 0
source 0 - assert 1763327304.000003422, sequence: 6513 - clear  0.000000000, sequence: 0
source 0 - assert 1763327305.000002806, sequence: 6514 - clear  0.000000000, sequence: 0
source 0 - assert 1763327306.000000511, sequence: 6515 - clear  0.000000000, sequence: 0
source 0 - assert 1763327307.000003345, sequence: 6516 - clear  0.000000000, sequence: 0
source 0 - assert 1763327308.000001963, sequence: 6517 - clear  0.000000000, sequence: 0
source 0 - assert 1763327309.000006592, sequence: 6518 - clear  0.000000000, sequence: 0
source 0 - assert 1763327310.000001825, sequence: 6519 - clear  0.000000000, sequence: 0
source 0 - assert 1763327311.000005715, sequence: 6520 - clear  0.000000000, sequence: 0
source 0 - assert 1763327312.000002074, sequence: 6521 - clear  0.000000000, sequence: 0
source 0 - assert 1763327313.000004950, sequence: 6522 - clear  0.000000000, sequence: 0
source 0 - assert 1763327314.000005588, sequence: 6523 - clear  0.000000000, sequence: 0
source 0 - assert 1763327315.000002367, sequence: 6524 - clear  0.000000000, sequence: 0
source 0 - assert 1763327316.000001418, sequence: 6525 - clear  0.000000000, sequence: 0
source 0 - assert 1763327317.000001130, sequence: 6526 - clear  0.000000000, sequence: 0
source 0 - assert 1763327317.999999497, sequence: 6527 - clear  0.000000000, sequence: 0
source 0 - assert 1763327319.000007226, sequence: 6528 - clear  0.000000000, sequence: 0
source 0 - assert 1763327320.000003396, sequence: 6529 - clear  0.000000000, sequence: 0
source 0 - assert 1763327320.999999969, sequence: 6530 - clear  0.000000000, sequence: 0
source 0 - assert 1763327322.000000282, sequence: 6531 - clear  0.000000000, sequence: 0
source 0 - assert 1763327323.000003552, sequence: 6532 - clear  0.000000000, sequence: 0
source 0 - assert 1763327324.000003295, sequence: 6533 - clear  0.000000000, sequence: 0
source 0 - assert 1763327325.000000708, sequence: 6534 - clear  0.000000000, sequence: 0
source 0 - assert 1763327325.999999996, sequence: 6535 - clear  0.000000000, sequence: 0
source 0 - assert 1763327327.000005353, sequence: 6536 - clear  0.000000000, sequence: 0
source 0 - assert 1763327328.000003329, sequence: 6537 - clear  0.000000000, sequence: 0
source 0 - assert 1763327329.000002642, sequence: 6538 - clear  0.000000000, sequence: 0
source 0 - assert 1763327330.000002872, sequence: 6539 - clear  0.000000000, sequence: 0
source 0 - assert 1763327331.000002578, sequence: 6540 - clear  0.000000000, sequence: 0
source 0 - assert 1763327332.000002575, sequence: 6541 - clear  0.000000000, sequence: 0
source 0 - assert 1763327333.000002828, sequence: 6542 - clear  0.000000000, sequence: 0
source 0 - assert 1763327334.000005081, sequence: 6543 - clear  0.000000000, sequence: 0
source 0 - assert 1763327335.000000669, sequence: 6544 - clear  0.000000000, sequence: 0
source 0 - assert 1763327336.000001608, sequence: 6545 - clear  0.000000000, sequence: 0
source 0 - assert 1763327337.000000090, sequence: 6546 - clear  0.000000000, sequence: 0
source 0 - assert 1763327338.000003194, sequence: 6547 - clear  0.000000000, sequence: 0
source 0 - assert 1763327339.000003382, sequence: 6548 - clear  0.000000000, sequence: 0
source 0 - assert 1763327339.999999569, sequence: 6549 - clear  0.000000000, sequence: 0
source 0 - assert 1763327341.000005705, sequence: 6550 - clear  0.000000000, sequence: 0
source 0 - assert 1763327342.000004447, sequence: 6551 - clear  0.000000000, sequence: 0
source 0 - assert 1763327343.000000703, sequence: 6552 - clear  0.000000000, sequence: 0
source 0 - assert 1763327344.000007300, sequence: 6553 - clear  0.000000000, sequence: 0
source 0 - assert 1763327345.000003556, sequence: 6554 - clear  0.000000000, sequence: 0
source 0 - assert 1763327346.000003484, sequence: 6555 - clear  0.000000000, sequence: 0
source 0 - assert 1763327346.999999819, sequence: 6556 - clear  0.000000000, sequence: 0
source 0 - assert 1763327348.000000872, sequence: 6557 - clear  0.000000000, sequence: 0
source 0 - assert 1763327349.000003695, sequence: 6558 - clear  0.000000000, sequence: 0
source 0 - assert 1763327350.000000307, sequence: 6559 - clear  0.000000000, sequence: 0
source 0 - assert 1763327351.000003128, sequence: 6560 - clear  0.000000000, sequence: 0
source 0 - assert 1763327351.999999270, sequence: 6561 - clear  0.000000000, sequence: 0
source 0 - assert 1763327353.000002980, sequence: 6562 - clear  0.000000000, sequence: 0
source 0 - assert 1763327354.000005404, sequence: 6563 - clear  0.000000000, sequence: 0
source 0 - assert 1763327355.000001755, sequence: 6564 - clear  0.000000000, sequence: 0
source 0 - assert 1763327355.999998178, sequence: 6565 - clear  0.000000000, sequence: 0
source 0 - assert 1763327357.000000840, sequence: 6566 - clear  0.000000000, sequence: 0
source 0 - assert 1763327358.000003027, sequence: 6567 - clear  0.000000000, sequence: 0
source 0 - assert 1763327359.000003882, sequence: 6568 - clear  0.000000000, sequence: 0
source 0 - assert 1763327360.000001288, sequence: 6569 - clear  0.000000000, sequence: 0
source 0 - assert 1763327360.999999960, sequence: 6570 - clear  0.000000000, sequence: 0
source 0 - assert 1763327361.999999004, sequence: 6571 - clear  0.000000000, sequence: 0
source 0 - assert 1763327363.000003264, sequence: 6572 - clear  0.000000000, sequence: 0
source 0 - assert 1763327364.000006670, sequence: 6573 - clear  0.000000000, sequence: 0
source 0 - assert 1763327365.000005097, sequence: 6574 - clear  0.000000000, sequence: 0
source 0 - assert 1763327366.000004176, sequence: 6575 - clear  0.000000000, sequence: 0
source 0 - assert 1763327367.000000577, sequence: 6576 - clear  0.000000000, sequence: 0
source 0 - assert 1763327368.000002312, sequence: 6577 - clear  0.000000000, sequence: 0
source 0 - assert 1763327369.000004651, sequence: 6578 - clear  0.000000000, sequence: 0
source 0 - assert 1763327370.000004575, sequence: 6579 - clear  0.000000000, sequence: 0
source 0 - assert 1763327371.000007875, sequence: 6580 - clear  0.000000000, sequence: 0
source 0 - assert 1763327372.000002793, sequence: 6581 - clear  0.000000000, sequence: 0
source 0 - assert 1763327373.000002294, sequence: 6582 - clear  0.000000000, sequence: 0
source 0 - assert 1763327374.000005686, sequence: 6583 - clear  0.000000000, sequence: 0
source 0 - assert 1763327375.000004107, sequence: 6584 - clear  0.000000000, sequence: 0
source 0 - assert 1763327376.000005688, sequence: 6585 - clear  0.000000000, sequence: 0
source 0 - assert 1763327376.999998820, sequence: 6586 - clear  0.000000000, sequence: 0
source 0 - assert 1763327378.000002635, sequence: 6587 - clear  0.000000000, sequence: 0
source 0 - assert 1763327379.000004105, sequence: 6588 - clear  0.000000000, sequence: 0
source 0 - assert 1763327380.000004916, sequence: 6589 - clear  0.000000000, sequence: 0
source 0 - assert 1763327381.000004721, sequence: 6590 - clear  0.000000000, sequence: 0
source 0 - assert 1763327382.000001467, sequence: 6591 - clear  0.000000000, sequence: 0
source 0 - assert 1763327383.000002092, sequence: 6592 - clear  0.000000000, sequence: 0
source 0 - assert 1763327384.000004337, sequence: 6593 - clear  0.000000000, sequence: 0
source 0 - assert 1763327385.000006505, sequence: 6594 - clear  0.000000000, sequence: 0
source 0 - assert 1763327385.999998120, sequence: 6595 - clear  0.000000000, sequence: 0
source 0 - assert 1763327387.000004654, sequence: 6596 - clear  0.000000000, sequence: 0
source 0 - assert 1763327388.000002441, sequence: 6597 - clear  0.000000000, sequence: 0
source 0 - assert 1763327389.000004361, sequence: 6598 - clear  0.000000000, sequence: 0
source 0 - assert 1763327390.000003567, sequence: 6599 - clear  0.000000000, sequence: 0
source 0 - assert 1763327391.000001426, sequence: 6600 - clear  0.000000000, sequence: 0
source 0 - assert 1763327392.000003373, sequence: 6601 - clear  0.000000000, sequence: 0
source 0 - assert 1763327393.000004108, sequence: 6602 - clear  0.000000000, sequence: 0
source 0 - assert 1763327394.000004355, sequence: 6603 - clear  0.000000000, sequence: 0
source 0 - assert 1763327395.000002399, sequence: 6604 - clear  0.000000000, sequence: 0
source 0 - assert 1763327396.000000834, sequence: 6605 - clear  0.000000000, sequence: 0
source 0 - assert 1763327397.000000934, sequence: 6606 - clear  0.000000000, sequence: 0
source 0 - assert 1763327397.999999813, sequence: 6607 - clear  0.000000000, sequence: 0
source 0 - assert 1763327399.000003412, sequence: 6608 - clear  0.000000000, sequence: 0
source 0 - assert 1763327400.000002900, sequence: 6609 - clear  0.000000000, sequence: 0
source 0 - assert 1763327401.000004234, sequence: 6610 - clear  0.000000000, sequence: 0
source 0 - assert 1763327402.000005986, sequence: 6611 - clear  0.000000000, sequence: 0
source 0 - assert 1763327403.000003868, sequence: 6612 - clear  0.000000000, sequence: 0
source 0 - assert 1763327404.000004955, sequence: 6613 - clear  0.000000000, sequence: 0
source 0 - assert 1763327404.999998874, sequence: 6614 - clear  0.000000000, sequence: 0
source 0 - assert 1763327406.000002089, sequence: 6615 - clear  0.000000000, sequence: 0
source 0 - assert 1763327407.000000564, sequence: 6616 - clear  0.000000000, sequence: 0
source 0 - assert 1763327408.000001361, sequence: 6617 - clear  0.000000000, sequence: 0
source 0 - assert 1763327409.000015029, sequence: 6618 - clear  0.000000000, sequence: 0
Terminated
