ptp4l[462464.532]: selected /dev/ptp0 as PTP clock
ptp4l[462464.534]: port 1 (eth0): INITIALIZING to LISTENING on INIT_COMPLETE
ptp4l[462464.535]: port 0 (/var/run/ptp/ptp4l): INITIALIZING to LISTENING on INIT_COMPLETE
ptp4l[462464.536]: port 0 (/var/run/ptp/ptp4lro): INITIALIZING to LISTENING on INIT_COMPLETE
ptp4l[462471.222]: selected local clock 000000.fffe.049f06 as best master
ptp4l[462472.016]: port 1 (eth0): new foreign master 641c10.fffe.f12579-1
ptp4l[462476.021]: selected best master clock 641c10.fffe.f12579
ptp4l[462476.022]: port 1 (eth0): LISTENING to UNCALIBRATED on RS_SLAVE
ptp4l[462478.026]: master offset   11001290 s0 freq  -81028 path delay   -999064
ptp4l[462479.028]: master offset   13001287 s1 freq +1914937 path delay   -999064
ptp4l[462480.024]: master offset      -2954 s2 freq +1911983 path delay   -999064
ptp4l[462480.024]: port 1 (eth0): UNCALIBRATED to SLAVE on MASTER_CLOCK_SELECTED
ptp4l[462481.015]: master offset      -7062 s2 freq +1906989 path delay   -999064
ptp4l[462482.013]: master offset    -480286 s2 freq +1431646 path delay   -529969
ptp4l[462483.014]: master offset       1393 s2 freq +1769240 path delay   -529969
ptp4l[462484.015]: master offset     351583 s2 freq +2119848 path delay   -746805
ptp4l[462485.016]: master offset    -227197 s2 freq +1646542 path delay   -403839
ptp4l[462486.016]: master offset      24736 s2 freq +1830316 path delay   -403839
ptp4l[462487.017]: master offset     305043 s2 freq +2118044 path delay   -603318
ptp4l[462488.017]: master offset     -38230 s2 freq +1866284 path delay   -459832
ptp4l[462489.017]: master offset     -13488 s2 freq +1879557 path delay   -459832
ptp4l[462490.017]: master offset     155041 s2 freq +2044040 path delay   -603318
ptp4l[462491.017]: master offset      24843 s2 freq +1960354 path delay   -603318
ptp4l[462492.017]: master offset     -40450 s2 freq +1902514 path delay   -603318
ptp4l[462493.017]: master offset      51535 s2 freq +1982364 path delay   -699351
ptp4l[462494.017]: master offset    -157226 s2 freq +1789063 path delay   -555864
ptp4l[462495.017]: master offset     -49971 s2 freq +1849151 path delay   -555864
ptp4l[462496.018]: master offset     -84802 s2 freq +1799328 path delay   -468085
ptp4l[462497.018]: master offset      93958 s2 freq +1952648 path delay   -539443
ptp4l[462498.018]: master offset      59551 s2 freq +1946428 path delay   -539443
ptp4l[462499.018]: master offset      25455 s2 freq +1930197 path delay   -539443
ptp4l[462500.018]: master offset    -170155 s2 freq +1742224 path delay   -378008
ptp4l[462501.018]: master offset     -12082 s2 freq +1849250 path delay   -378008
ptp4l[462502.018]: master offset      41269 s2 freq +1898977 path delay   -378008
ptp4l[462503.019]: master offset      37048 s2 freq +1907136 path delay   -378008
ptp4l[462504.019]: master offset      32721 s2 freq +1913924 path delay   -378008
ptp4l[462505.019]: master offset      28598 s2 freq +1919617 path delay   -378008
ptp4l[462506.019]: master offset     185808 s2 freq +2085407 path delay   -539443
ptp4l[462507.019]: master offset     -13688 s2 freq +1941653 path delay   -539443
ptp4l[462508.019]: master offset     -88973 s2 freq +1862262 path delay   -498510
ptp4l[462509.019]: master offset     -36000 s2 freq +1888543 path delay   -498510
ptp4l[462510.019]: master offset      -7148 s2 freq +1906595 path delay   -502351
ptp4l[462511.019]: master offset     -11374 s2 freq +1900224 path delay   -502351
ptp4l[462512.019]: master offset    1984613 s2 freq +3892799 path delay   -502351
ptp4l[462513.019]: master offset   -2001699 s2 freq +501871 path delay   -502351
ptp4l[462514.018]: master offset    -549253 s2 freq +1353807 path delay   -539644
ptp4l[462515.019]: master offset      11291 s2 freq +1749575 path delay   -539644
ptp4l[462516.020]: master offset     169819 s2 freq +1911491 path delay   -539644
ptp4l[462517.020]: master offset     338777 s2 freq +2131394 path delay   -712570
ptp4l[462518.020]: master offset     102666 s2 freq +1996916 path delay   -712570
ptp4l[462519.020]: master offset       5123 s2 freq +1930173 path delay   -712570
ptp4l[462520.020]: master offset     -23216 s2 freq +1903371 path delay   -718451
ptp4l[462521.020]: master offset     -40936 s2 freq +1878686 path delay   -704930
ptp4l[462522.020]: master offset     -15876 s2 freq +1891466 path delay   -704930
ptp4l[462523.020]: master offset      22434 s2 freq +1925013 path delay   -718451
ptp4l[462524.021]: master offset     -11904 s2 freq +1897405 path delay   -718451
ptp4l[462525.021]: master offset     -29494 s2 freq +1876244 path delay   -704930
ptp4l[462526.021]: master offset      -4663 s2 freq +1892227 path delay   -704930
ptp4l[462527.021]: master offset    -276414 s2 freq +1619077 path delay   -408061
ptp4l[462528.021]: master offset     -65907 s2 freq +1746659 path delay   -323205
ptp4l[462529.021]: master offset      92261 s2 freq +1885055 path delay   -323205
ptp4l[462530.022]: master offset     183353 s2 freq +2003826 path delay   -389207
ptp4l[462531.022]: master offset      86052 s2 freq +1961531 path delay   -389207
ptp4l[462532.022]: master offset      80011 s2 freq +1981305 path delay   -448242
ptp4l[462533.022]: master offset      -4063 s2 freq +1921234 path delay   -429388
ptp4l[462534.022]: master offset    1968143 s2 freq +3892222 path delay   -405859
ptp4l[462535.021]: master offset   -2018320 s2 freq +496201 path delay   -405859
ptp4l[462536.021]: master offset    -575561 s2 freq +1333464 path delay   -429388
ptp4l[462537.021]: master offset       -318 s2 freq +1736039 path delay   -429388
ptp4l[462538.022]: master offset     210805 s2 freq +1947067 path delay   -457446
ptp4l[462539.022]: master offset     176674 s2 freq +1976177 path delay   -457446
ptp4l[462540.023]: master offset    2088027 s2 freq +3940532 path delay   -433917
ptp4l[462541.022]: master offset   -2024451 s2 freq +454463 path delay   -433917
ptp4l[462542.021]: master offset    -561988 s2 freq +1309590 path delay   -433917
ptp4l[462543.021]: master offset    2002218 s2 freq +3705200 path delay   -394608
ptp4l[462544.022]: master offset   -1866342 s2 freq +437305 path delay   -394608
ptp4l[462545.022]: master offset    -269543 s2 freq +1474202 path delay   -512792
ptp4l[462546.022]: master offset     161544 s2 freq +1824426 path delay   -512792
ptp4l[462547.023]: master offset     335091 s2 freq +2046436 path delay   -605401
ptp4l[462548.023]: master offset     204829 s2 freq +2016701 path delay   -605401
ptp4l[462549.023]: master offset     209547 s2 freq +2082868 path delay   -740435
ptp4l[462550.023]: master offset     -96780 s2 freq +1839405 path delay   -598417
ptp4l[462551.023]: master offset     -43652 s2 freq +1863499 path delay   -598417
ptp4l[462552.023]: master offset       9396 s2 freq +1903451 path delay   -598417
ptp4l[462553.023]: master offset       5373 s2 freq +1902247 path delay   -598417
ptp4l[462554.023]: master offset    1921791 s2 freq +3820277 path delay   -519013
ptp4l[462555.023]: master offset   -2064607 s2 freq +410416 path delay   -519013
ptp4l[462556.022]: master offset    -558695 s2 freq +1296946 path delay   -519013
ptp4l[462557.023]: master offset      58578 s2 freq +1746611 path delay   -519013
ptp4l[462558.024]: master offset      26429 s2 freq +1732035 path delay   -328180
ptp4l[462559.025]: master offset     208972 s2 freq +1922507 path delay   -328180
ptp4l[462560.025]: master offset     204874 s2 freq +1981101 path delay   -328180
ptp4l[462561.025]: master offset     179095 s2 freq +2016784 path delay   -367433
ptp4l[462562.025]: master offset      48572 s2 freq +1939989 path delay   -367433
ptp4l[462563.025]: master offset     205303 s2 freq +2111292 path delay   -558353
ptp4l[462564.025]: master offset       5464 s2 freq +1973044 path delay   -558353
ptp4l[462565.025]: master offset      84795 s2 freq +2054014 path delay   -702981
ptp4l[462566.025]: master offset     -70248 s2 freq +1924409 path delay   -712341
ptp4l[462567.025]: master offset    -104598 s2 freq +1868985 path delay   -712341
ptp4l[462568.025]: master offset    -170556 s2 freq +1771648 path delay   -621324
ptp4l[462569.025]: master offset     -37534 s2 freq +1853503 path delay   -621324
ptp4l[462570.025]: master offset      15601 s2 freq +1895378 path delay   -621324
ptp4l[462571.025]: master offset     -73173 s2 freq +1811284 path delay   -536610
ptp4l[462572.026]: master offset      34000 s2 freq +1896505 path delay   -536610
ptp4l[462573.026]: master offset      29932 s2 freq +1902637 path delay   -536610
ptp4l[462574.026]: master offset      25478 s2 freq +1907163 path delay   -536610
ptp4l[462575.026]: master offset     106051 s2 freq +1995379 path delay   -621324
ptp4l[462576.026]: master offset      50061 s2 freq +1971204 path delay   -662543
ptp4l[462577.026]: master offset    -131741 s2 freq +1804421 path delay   -545970
ptp4l[462578.026]: master offset     -24641 s2 freq +1871998 path delay   -545970
ptp4l[462579.026]: master offset     -19611 s2 freq +1869636 path delay   -526009
ptp4l[462580.026]: master offset     -63659 s2 freq +1819705 path delay   -456920
ptp4l[462581.026]: master offset      85931 s2 freq +1950197 path delay   -526009
ptp4l[462582.027]: master offset     168417 s2 freq +2058462 path delay   -642581
ptp4l[462583.027]: master offset       3849 s2 freq +1944419 path delay   -642581
ptp4l[462584.027]: master offset    -103039 s2 freq +1838686 path delay   -569893
ptp4l[462585.027]: master offset     -50009 s2 freq +1860804 path delay   -569893
ptp4l[462586.027]: master offset     -87933 s2 freq +1807878 path delay   -478731
ptp4l[462587.027]: master offset      19207 s2 freq +1888638 path delay   -478731
ptp4l[462588.027]: master offset     129795 s2 freq +2004988 path delay   -564402
ptp4l[462589.027]: master offset      32698 s2 freq +1946829 path delay   -564402
ptp4l[462590.028]: master offset      -1696 s2 freq +1922245 path delay   -564402
ptp4l[462591.028]: master offset      -5900 s2 freq +1917532 path delay   -564402
ptp4l[462592.028]: master offset     -30072 s2 freq +1891590 path delay   -544447
ptp4l[462593.028]: master offset      -5068 s2 freq +1907572 path delay   -544447
ptp4l[462594.028]: master offset      -9465 s2 freq +1901655 path delay   -544447
ptp4l[462595.028]: master offset     -67798 s2 freq +1840483 path delay   -490225
ptp4l[462596.028]: master offset      54914 s2 freq +1942855 path delay   -559824
ptp4l[462597.028]: master offset      20663 s2 freq +1925078 path delay   -559824
ptp4l[462598.028]: master offset      -9990 s2 freq +1900624 path delay   -563434
ptp4l[462599.028]: master offset     -14320 s2 freq +1893297 path delay   -563434
ptp4l[462600.028]: master offset      14685 s2 freq +1918006 path delay   -567445
ptp4l[462601.028]: master offset      10394 s2 freq +1918121 path delay   -567445
ptp4l[462602.029]: master offset       7849 s2 freq +1918694 path delay   -569133
ptp4l[462603.029]: master offset       3656 s2 freq +1916856 path delay   -569133
ptp4l[462604.029]: master offset       -801 s2 freq +1913495 path delay   -569133
ptp4l[462605.029]: master offset     -30125 s2 freq +1883931 path delay   -543880
ptp4l[462606.029]: master offset      18176 s2 freq +1923195 path delay   -567323
ptp4l[462607.029]: master offset     -16088 s2 freq +1894383 path delay   -567323
ptp4l[462608.029]: master offset     -20174 s2 freq +1885471 path delay   -567323
ptp4l[462609.029]: master offset    -109760 s2 freq +1789833 path delay   -452878
ptp4l[462610.030]: master offset    -108407 s2 freq +1758258 path delay   -347023
ptp4l[462611.030]: master offset      33876 s2 freq +1868019 path delay   -331168
ptp4l[462612.030]: master offset      58920 s2 freq +1903226 path delay   -331168
ptp4l[462613.030]: master offset      54945 s2 freq +1916927 path delay   -331168
ptp4l[462614.030]: master offset      50475 s2 freq +1928940 path delay   -331168
ptp4l[462615.030]: master offset      16274 s2 freq +1909882 path delay   -331168
ptp4l[462616.030]: master offset      -7401 s2 freq +1891089 path delay   -311677
ptp4l[462617.030]: master offset      22579 s2 freq +1918848 path delay   -316689
ptp4l[462618.031]: master offset      18231 s2 freq +1921274 path delay   -316689
ptp4l[462619.031]: master offset      42623 s2 freq +1951135 path delay   -345230
ptp4l[462620.031]: master offset       8244 s2 freq +1929543 path delay   -345230
ptp4l[462621.031]: master offset     -26037 s2 freq +1897736 path delay   -345230
ptp4l[462622.031]: master offset     155601 s2 freq +2071562 path delay   -531208
ptp4l[462623.031]: master offset     144865 s2 freq +2107507 path delay   -684803
ptp4l[462624.031]: master offset     -19670 s2 freq +1986431 path delay   -720151
ptp4l[462625.031]: master offset    -116925 s2 freq +1883275 path delay   -720151
ptp4l[462626.031]: master offset     -91962 s2 freq +1873161 path delay   -720151
ptp4l[462627.031]: master offset     -67169 s2 freq +1870365 path delay   -720151
ptp4l[462628.031]: master offset     -57753 s2 freq +1859630 path delay   -704502
ptp4l[462629.031]: master offset      44147 s2 freq +1944205 path delay   -753456
ptp4l[462630.031]: master offset      10136 s2 freq +1923438 path delay   -753456
ptp4l[462631.032]: master offset     -24176 s2 freq +1892166 path delay   -753456
ptp4l[462632.032]: master offset        563 s2 freq +1909653 path delay   -753456
ptp4l[462633.032]: master offset     -50575 s2 freq +1858684 path delay   -706379
ptp4l[462634.032]: master offset      -1001 s2 freq +1893085 path delay   -702859
ptp4l[462635.032]: master offset     -64977 s2 freq +1828809 path delay   -613823
ptp4l[462636.032]: master offset      15517 s2 freq +1889810 path delay   -613823
ptp4l[462637.032]: master offset      40431 s2 freq +1919379 path delay   -613823
ptp4l[462638.032]: master offset     -44799 s2 freq +1846278 path delay   -532881
ptp4l[462639.033]: master offset      68241 s2 freq +1945878 path delay   -592707
ptp4l[462640.033]: master offset      33955 s2 freq +1932065 path delay   -592707
ptp4l[462641.033]: master offset       -171 s2 freq +1908125 path delay   -592707
ptp4l[462642.033]: master offset      -4547 s2 freq +1903698 path delay   -592707
ptp4l[462643.033]: master offset     -30473 s2 freq +1876408 path delay   -570851
ptp4l[462644.033]: master offset      -5680 s2 freq +1892059 path delay   -570851
ptp4l[462645.033]: master offset      21761 s2 freq +1917796 path delay   -573311
ptp4l[462646.033]: master offset      17484 s2 freq +1920047 path delay   -573311
ptp4l[462647.033]: master offset      13321 s2 freq +1921129 path delay   -573311
ptp4l[462648.034]: master offset       9208 s2 freq +1921013 path delay   -573311
ptp4l[462649.034]: master offset       4691 s2 freq +1919258 path delay   -573311
ptp4l[462650.034]: master offset      30566 s2 freq +1946540 path delay   -603197
ptp4l[462651.034]: master offset      -3732 s2 freq +1921412 path delay   -603197
ptp4l[462652.034]: master offset     -12420 s2 freq +1911605 path delay   -598885
ptp4l[462653.034]: master offset     -16594 s2 freq +1903705 path delay   -598885
ptp4l[462654.034]: master offset      66358 s2 freq +1981678 path delay   -686138
ptp4l[462655.034]: master offset       1151 s2 freq +1936379 path delay   -686138
ptp4l[462656.034]: master offset    -120357 s2 freq +1815216 path delay   -598885
ptp4l[462657.034]: master offset     -39842 s2 freq +1859624 path delay   -598885
ptp4l[462658.035]: master offset       2708 s2 freq +1890221 path delay   -588139
ptp4l[462659.035]: master offset      27458 s2 freq +1915784 path delay   -588139
ptp4l[462660.035]: master offset     -48563 s2 freq +1848000 path delay   -516194
ptp4l[462661.035]: master offset      98234 s2 freq +1980228 path delay   -609882
ptp4l[462662.035]: master offset      -4263 s2 freq +1907201 path delay   -572530
ptp4l[462663.035]: master offset      76856 s2 freq +1987042 path delay   -658062
ptp4l[462664.035]: master offset    -105717 s2 freq +1827525 path delay   -572530
ptp4l[462665.035]: master offset      95935 s2 freq +1997462 path delay   -693701
ptp4l[462666.035]: master offset     -52145 s2 freq +1878163 path delay   -642762
ptp4l[462667.035]: master offset     -27229 s2 freq +1887435 path delay   -642762
ptp4l[462668.035]: master offset      -2286 s2 freq +1904210 path delay   -642762
ptp4l[462669.036]: master offset      -6796 s2 freq +1899014 path delay   -642762
ptp4l[462670.036]: master offset    -155171 s2 freq +1748600 path delay   -498443
ptp4l[462671.036]: master offset       2949 s2 freq +1860169 path delay   -498443
ptp4l[462672.036]: master offset    -193438 s2 freq +1664666 path delay   -248616
ptp4l[462673.036]: master offset      58485 s2 freq +1858558 path delay   -248616
ptp4l[462674.037]: master offset     111843 s2 freq +1929461 path delay   -248616
ptp4l[462675.037]: master offset      77661 s2 freq +1928832 path delay   -248616
ptp4l[462676.037]: master offset      43304 s2 freq +1917774 path delay   -248616
ptp4l[462677.037]: master offset      39094 s2 freq +1926555 path delay   -248616
ptp4l[462678.037]: master offset      93904 s2 freq +1993093 path delay   -337752
ptp4l[462679.037]: master offset    1996862 s2 freq +3924222 path delay   -337752
ptp4l[462680.037]: master offset   -2116303 s2 freq +410116 path delay   -337752
ptp4l[462681.036]: master offset    -446395 s2 freq +1445133 path delay   -502725
ptp4l[462682.036]: master offset      19625 s2 freq +1777234 path delay   -502725
ptp4l[462683.037]: master offset     153115 s2 freq +1916612 path delay   -502725
ptp4l[462684.038]: master offset     148740 s2 freq +1958171 path delay   -502725
ptp4l[462685.038]: master offset     -68938 s2 freq +1785115 path delay   -350044
ptp4l[462686.038]: master offset     160865 s2 freq +1994237 path delay   -446817
ptp4l[462687.038]: master offset      63481 s2 freq +1945113 path delay   -446817
ptp4l[462688.038]: master offset     -43940 s2 freq +1856736 path delay   -373518
ptp4l[462689.038]: master offset       9112 s2 freq +1896606 path delay   -373518
ptp4l[462690.038]: master offset      76338 s2 freq +1966565 path delay   -444891
ptp4l[462691.038]: master offset      11002 s2 freq +1924131 path delay   -444891
ptp4l[462692.038]: master offset      50004 s2 freq +1966433 path delay   -518190
ptp4l[462693.038]: master offset      36175 s2 freq +1967606 path delay   -569586
ptp4l[462694.038]: master offset     -34117 s2 freq +1908166 path delay   -564615
ptp4l[462695.038]: master offset     -38406 s2 freq +1893642 path delay   -564615
ptp4l[462696.038]: master offset      -8331 s2 freq +1912195 path delay   -569792
ptp4l[462697.039]: master offset     -12601 s2 freq +1905426 path delay   -569792
ptp4l[462698.040]: master offset     -16737 s2 freq +1897510 path delay   -569792
ptp4l[462699.039]: master offset     -46410 s2 freq +1862816 path delay   -544353
ptp4l[462700.039]: master offset       6603 s2 freq +1901906 path delay   -544353
ptp4l[462701.039]: master offset       2511 s2 freq +1899794 path delay   -544353
ptp4l[462702.039]: master offset      -1897 s2 freq +1896140 path delay   -544353
ptp4l[462703.039]: master offset      -6051 s2 freq +1891417 path delay   -544353
ptp4l[462704.039]: master offset     -55529 s2 freq +1840123 path delay   -469961
ptp4l[462705.039]: master offset      -2468 s2 freq +1876526 path delay   -469961
ptp4l[462706.040]: master offset      42955 s2 freq +1921208 path delay   -490429
ptp4l[462707.040]: master offset    1952336 s2 freq +3843476 path delay   -403813
ptp4l[462708.040]: master offset   -2034593 s2 freq +442248 path delay   -403813
ptp4l[462709.039]: master offset    -484024 s2 freq +1382439 path delay   -481099
ptp4l[462710.039]: master offset      47062 s2 freq +1768317 path delay   -481734
ptp4l[462711.040]: master offset     207565 s2 freq +1942939 path delay   -508800
ptp4l[462712.041]: master offset      83284 s2 freq +1880928 path delay   -418655
ptp4l[462713.041]: master offset     107883 s2 freq +1930512 path delay   -418655
ptp4l[462714.041]: master offset    2055963 s2 freq +3910957 path delay   -400681
ptp4l[462715.040]: master offset   -2056639 s2 freq +415144 path delay   -400681
ptp4l[462716.040]: master offset    -510940 s2 freq +1343851 path delay   -444621
ptp4l[462717.040]: master offset     130846 s2 freq +1832355 path delay   -510922
ptp4l[462718.041]: master offset     225539 s2 freq +1966302 path delay   -524634
ptp4l[462719.041]: master offset    2160284 s2 freq +3968708 path delay   -524634
ptp4l[462720.041]: master offset   -1953459 s2 freq +503051 path delay   -523534
ptp4l[462721.040]: master offset    -540759 s2 freq +1329713 path delay   -523534
ptp4l[462722.041]: master offset     175620 s2 freq +1883864 path delay   -650311
ptp4l[462723.041]: master offset     200684 s2 freq +1961614 path delay   -650311
ptp4l[462724.042]: master offset     195824 s2 freq +2016959 path delay   -710449
ptp4l[462725.042]: master offset      65421 s2 freq +1945304 path delay   -710449
ptp4l[462726.042]: master offset      31200 s2 freq +1930709 path delay   -710449
ptp4l[462727.042]: master offset    1936912 s2 freq +3845781 path delay   -650311
ptp4l[462728.041]: master offset   -2211484 s2 freq +278458 path delay   -488585
ptp4l[462729.041]: master offset    -505409 s2 freq +1321088 path delay   -557068
ptp4l[462730.041]: master offset     271870 s2 freq +1946745 path delay   -744617
ptp4l[462731.042]: master offset     237853 s2 freq +1994289 path delay   -744617
ptp4l[462732.043]: master offset     140795 s2 freq +1968586 path delay   -744617
ptp4l[462733.043]: master offset    -112119 s2 freq +1757911 path delay   -557068
ptp4l[462734.043]: master offset    2002238 s2 freq +3838632 path delay   -513153
ptp4l[462735.042]: master offset   -1984400 s2 freq +452666 path delay   -513153
ptp4l[462736.042]: master offset    -520264 s2 freq +1321482 path delay   -513153
ptp4l[462737.042]: master offset      81995 s2 freq +1767661 path delay   -525666
ptp4l[462738.043]: master offset     215219 s2 freq +1925484 path delay   -525666
ptp4l[462739.043]: master offset     387497 s2 freq +2162328 path delay   -732111
ptp4l[462740.044]: master offset     -92830 s2 freq +1798250 path delay   -525666
ptp4l[462741.043]: master offset     -53687 s2 freq +1809544 path delay   -457839
ptp4l[462742.044]: master offset      53517 s2 freq +1900642 path delay   -457839
ptp4l[462743.044]: master offset      38279 s2 freq +1901459 path delay   -446860
ptp4l[462744.044]: master offset      34056 s2 freq +1908719 path delay   -446860
ptp4l[462745.044]: master offset     151947 s2 freq +2036827 path delay   -568869
ptp4l[462746.044]: master offset      42780 s2 freq +1973244 path delay   -590054
ptp4l[462747.044]: master offset     -43631 s2 freq +1899667 path delay   -568869
ptp4l[462748.044]: master offset     -47986 s2 freq +1882223 path delay   -568869
ptp4l[462749.044]: master offset     -22943 s2 freq +1892870 path delay   -568869
ptp4l[462750.044]: master offset       1971 s2 freq +1910901 path delay   -568869
ptp4l[462751.044]: master offset      -2349 s2 freq +1907173 path delay   -568869
ptp4l[462752.044]: master offset     -83040 s2 freq +1825777 path delay   -492263
ptp4l[462753.044]: master offset      -2580 s2 freq +1881325 path delay   -492263
ptp4l[462754.045]: master offset       -691 s2 freq +1882440 path delay   -469192
ptp4l[462755.045]: master offset      -2294 s2 freq +1880630 path delay   -442608
ptp4l[462756.045]: master offset      22514 s2 freq +1904749 path delay   -442608
ptp4l[462757.045]: master offset      18351 s2 freq +1907341 path delay   -442608
ptp4l[462758.045]: master offset      14244 s2 freq +1908739 path delay   -442608
ptp4l[462759.045]: master offset       9924 s2 freq +1908692 path delay   -442608
ptp4l[462760.045]: master offset       5808 s2 freq +1907553 path delay   -442608
ptp4l[462761.045]: master offset      11068 s2 freq +1914556 path delay   -452086
ptp4l[462762.047]: master offset       6852 s2 freq +1913660 path delay   -452086
ptp4l[462763.046]: master offset       2396 s2 freq +1911260 path delay   -452086
ptp4l[462764.046]: master offset     -14745 s2 freq +1894838 path delay   -439154
ptp4l[462765.046]: master offset     -11429 s2 freq +1893730 path delay   -446618
ptp4l[462766.046]: master offset     -18480 s2 freq +1883250 path delay   -414719
ptp4l[462767.046]: master offset       6380 s2 freq +1902566 path delay   -414719
ptp4l[462768.046]: master offset      69248 s2 freq +1967348 path delay   -481806
ptp4l[462769.046]: master offset     -33780 s2 freq +1885095 path delay   -443977
ptp4l[462770.046]: master offset      28834 s2 freq +1937575 path delay   -481806
ptp4l[462771.046]: master offset     105932 s2 freq +2023323 path delay   -593293
ptp4l[462772.047]: master offset     -24438 s2 freq +1924733 path delay   -593293
ptp4l[462773.047]: master offset      76463 s2 freq +2018302 path delay   -728573
ptp4l[462774.047]: master offset     -25339 s2 freq +1939439 path delay   -756979
ptp4l[462775.047]: master offset     -59829 s2 freq +1897347 path delay   -756979
ptp4l[462776.047]: master offset    -136121 s2 freq +1803107 path delay   -684938
ptp4l[462777.047]: master offset     -28805 s2 freq +1869586 path delay   -684938
ptp4l[462778.047]: master offset      -3873 s2 freq +1885877 path delay   -684938
ptp4l[462779.047]: master offset      20924 s2 freq +1909512 path delay   -684938
ptp4l[462780.047]: master offset     -14884 s2 freq +1879981 path delay   -653310
ptp4l[462781.047]: master offset       8996 s2 freq +1899396 path delay   -652336
ptp4l[462782.048]: master offset       4733 s2 freq +1897832 path delay   -652336
ptp4l[462783.047]: master offset      33015 s2 freq +1927534 path delay   -684938
ptp4l[462784.048]: master offset     -33732 s2 freq +1870691 path delay   -652336
ptp4l[462785.048]: master offset      -8971 s2 freq +1885333 path delay   -652336
ptp4l[462786.048]: master offset      19094 s2 freq +1910706 path delay   -655558
ptp4l[462787.048]: master offset      14913 s2 freq +1912253 path delay   -655558
ptp4l[462788.048]: master offset      10682 s2 freq +1912496 path delay   -655558
ptp4l[462789.048]: master offset      49659 s2 freq +1954678 path delay   -698779
ptp4l[462794.110]: port 1 (eth0): SLAVE to LISTENING on ANNOUNCE_RECEIPT_TIMEOUT_EXPIRES
ptp4l[462794.110]: selected local clock 000000.fffe.049f06 as best master
