ptp4l[461760.544]: selected /dev/ptp0 as PTP clock
ptp4l[461760.552]: port 1 (eth0): INITIALIZING to LISTENING on INIT_COMPLETE
ptp4l[461760.553]: port 0 (/var/run/ptp/ptp4l): INITIALIZING to LISTENING on INIT_COMPLETE
ptp4l[461760.554]: port 0 (/var/run/ptp/ptp4lro): INITIALIZING to LISTENING on INIT_COMPLETE
ptp4l[461767.324]: selected local clock 000000.fffe.049f06 as best master
ptp4l[461767.687]: port 1 (eth0): new foreign master 641c10.fffe.f12579-1
ptp4l[461771.691]: selected best master clock 641c10.fffe.f12579
ptp4l[461771.692]: port 1 (eth0): LISTENING to UNCALIBRATED on RS_SLAVE
ptp4l[461773.696]: master offset   11999685 s0 freq  -81043 path delay       935
ptp4l[461774.701]: master offset   13999676 s1 freq +1914862 path delay       935
ptp4l[461775.701]: master offset   -2003122 s2 freq  -88260 path delay       935
ptp4l[461775.701]: port 1 (eth0): UNCALIBRATED to SLAVE on MASTER_CLOCK_SELECTED
ptp4l[461776.687]: master offset    2002726 s2 freq +3316652 path delay       935
ptp4l[461777.685]: master offset   -1455105 s2 freq +459639 path delay       935
ptp4l[461778.684]: master offset    2001076 s2 freq +3479288 path delay       935
ptp4l[461779.687]: master offset     350111 s2 freq +2428646 path delay       935
ptp4l[461780.687]: master offset    -197087 s2 freq +1986481 path delay     15617
ptp4l[461781.687]: master offset   -2309403 s2 freq -184961 path delay     30300
ptp4l[461782.685]: master offset    -191859 s2 freq +1239762 path delay     15617
ptp4l[461783.687]: master offset    2477821 s2 freq +3851885 path delay     15617
ptp4l[461784.689]: master offset     432340 s2 freq +2549750 path delay     75167
ptp4l[461785.687]: master offset    -335976 s2 freq +1911136 path delay    210832
ptp4l[461786.686]: master offset   -2418439 s2 freq -272120 path delay    288644
ptp4l[461787.686]: master offset    -228452 s2 freq +1192335 path delay    288644
ptp4l[461788.688]: master offset     580230 s2 freq +1932482 path delay    197847
ptp4l[461789.689]: master offset    2747056 s2 freq +4273377 path delay     -2588
ptp4l[461790.691]: master offset   -1643817 s2 freq +706621 path delay     -2588
ptp4l[461791.688]: master offset    2227398 s2 freq +4084690 path delay   -666909
ptp4l[461792.689]: master offset   -2018892 s2 freq +506620 path delay   -666909
ptp4l[461793.687]: master offset    1600279 s2 freq +3520123 path delay   -877148
ptp4l[461794.688]: master offset     -50495 s2 freq +2349433 path delay   -877148
ptp4l[461795.688]: master offset    -490734 s2 freq +1894045 path delay   -877148
ptp4l[461796.687]: master offset   -2495213 s2 freq -257654 path delay   -877148
ptp4l[461797.686]: master offset    -292891 s2 freq +1196104 path delay   -903854
ptp4l[461798.687]: master offset     450729 s2 freq +1851857 path delay   -929717
ptp4l[461799.689]: master offset    2498422 s2 freq +4034769 path delay   -923944
ptp4l[461800.691]: master offset    -131393 s2 freq +2154480 path delay   -540201
ptp4l[461801.688]: master offset    -368799 s2 freq +1877656 path delay   -540201
ptp4l[461802.687]: master offset   -2344140 s2 freq -208324 path delay   -540201
ptp4l[461803.687]: master offset    -218051 s2 freq +1214523 path delay   -540201
ptp4l[461804.689]: master offset    2386925 s2 freq +3754083 path delay   -450836
ptp4l[461805.692]: master offset   -1480913 s2 freq +602323 path delay   -450836
ptp4l[461806.690]: master offset    1832068 s2 freq +3471030 path delay   -450836
ptp4l[461807.691]: master offset   -1720225 s2 freq +468357 path delay   -450836
ptp4l[461808.689]: master offset    1726567 s2 freq +3399082 path delay   -450836
ptp4l[461809.691]: master offset   -1825128 s2 freq +365357 path delay   -450836
ptp4l[461810.689]: master offset    2131057 s2 freq +3774004 path delay   -855681
ptp4l[461811.691]: master offset   -1735793 s2 freq +546471 path delay   -855681
ptp4l[461812.689]: master offset    1661464 s2 freq +3422990 path delay   -884288
ptp4l[461813.691]: master offset     109683 s2 freq +2369648 path delay   -884288
ptp4l[461814.691]: master offset    -377475 s2 freq +1915395 path delay   -882876
ptp4l[461815.690]: master offset    -381941 s2 freq +1797686 path delay   -882876
ptp4l[461816.690]: master offset   -1205113 s2 freq +859932 path delay     47702
ptp4l[461817.690]: master offset   -2148925 s2 freq -445414 path delay     47702
ptp4l[461818.690]: master offset    2215667 s2 freq +3274501 path delay     47702
ptp4l[461819.693]: master offset     509852 s2 freq +2233386 path delay    385501
ptp4l[461820.692]: master offset      -7031 s2 freq +1869458 path delay    548046
ptp4l[461821.693]: master offset   -1819912 s2 freq  +54468 path delay    385501
ptp4l[461822.691]: master offset    2481838 s2 freq +3810245 path delay    -53070
ptp4l[461823.694]: master offset   -1503963 s2 freq +568995 path delay    -53070
ptp4l[461824.692]: master offset    2356913 s2 freq +3978682 path delay   -568447
ptp4l[461825.693]: master offset   -1807775 s2 freq +521068 path delay   -515358
ptp4l[461826.691]: master offset    1854278 s2 freq +3640788 path delay   -783147
ptp4l[461827.691]: master offset    -364294 s2 freq +1978500 path delay   -320859
ptp4l[461828.692]: master offset   -2430588 s2 freq -197082 path delay   -320859
ptp4l[461829.691]: master offset    2270566 s2 freq +3774895 path delay   -907230
ptp4l[461830.693]: master offset     404227 s2 freq +2589726 path delay   -907230
ptp4l[461831.693]: master offset    -405552 s2 freq +1901215 path delay   -783147
ptp4l[461832.690]: master offset   -1622047 s2 freq +563055 path delay    428713
ptp4l[461833.690]: master offset   -2266965 s2 freq -568478 path delay    428713
ptp4l[461834.691]: master offset    2471387 s2 freq +3489785 path delay    179168
ptp4l[461835.696]: master offset   -1179495 s2 freq +580319 path delay    179168
ptp4l[461836.694]: master offset    2712278 s2 freq +4118244 path delay   -377295
ptp4l[461837.696]: master offset   -1533860 s2 freq +685789 path delay   -377295
ptp4l[461838.693]: master offset    -304168 s2 freq +1455323 path delay   -377295
ptp4l[461839.693]: master offset    2349298 s2 freq +4017539 path delay   -581953
ptp4l[461840.695]: master offset     237266 s2 freq +2610296 path delay   -581953
ptp4l[461841.694]: master offset   -2504465 s2 freq  -60255 path delay   -581953
ptp4l[461842.692]: master offset    1752521 s2 freq +3445391 path delay   -861753
ptp4l[461843.694]: master offset   -1798918 s2 freq +419709 path delay   -861753
ptp4l[461844.692]: master offset    -272217 s2 freq +1406734 path delay   -892352
ptp4l[461845.693]: master offset    2196313 s2 freq +3793599 path delay   -861753
ptp4l[461846.696]: master offset   -1967538 s2 freq +288642 path delay   -683688
ptp4l[461847.693]: master offset    -319374 s2 freq +1346545 path delay   -703764
ptp4l[461848.694]: master offset    2322242 s2 freq +3892348 path delay   -784304
ptp4l[461849.696]: master offset     335964 s2 freq +2602743 path delay   -784304
ptp4l[461850.696]: master offset   -2350328 s2 freq  +17240 path delay   -784304
ptp4l[461851.693]: master offset    -450502 s2 freq +1211968 path delay   -784304
ptp4l[461852.693]: master offset    2046435 s2 freq +3573754 path delay   -574995
ptp4l[461853.695]: master offset   -1710435 s2 freq +430815 path delay   -574995
ptp4l[461854.694]: master offset    1957338 s2 freq +3585457 path delay   -757385
ptp4l[461855.696]: master offset   -1798437 s2 freq +416884 path delay   -757385
ptp4l[461856.694]: master offset    1654214 s2 freq +3330003 path delay   -711414
ptp4l[461857.696]: master offset   -1919961 s2 freq +252093 path delay   -595472
ptp4l[461858.695]: master offset    1743998 s2 freq +3340063 path delay   -595472
ptp4l[461859.697]: master offset    -127216 s2 freq +1992049 path delay   -182233
ptp4l[461860.697]: master offset    -475703 s2 freq +1605397 path delay     68202
ptp4l[461861.696]: master offset   -2180462 s2 freq -242073 path delay     68202
ptp4l[461862.695]: master offset    2432905 s2 freq +3717155 path delay   -385298
ptp4l[461863.698]: master offset     112137 s2 freq +2126259 path delay     68202
ptp4l[461864.698]: master offset    -219232 s2 freq +1828531 path delay    162138
ptp4l[461865.697]: master offset   -2138839 s2 freq -156846 path delay    162138
ptp4l[461866.695]: master offset    3113458 s2 freq +4453800 path delay  -1015218
ptp4l[461867.698]: master offset   -1430582 s2 freq +843797 path delay  -1015218
ptp4l[461868.696]: master offset    -357470 s2 freq +1487735 path delay  -1015218
ptp4l[461869.696]: master offset    2011615 s2 freq +3749579 path delay   -953130
ptp4l[461870.698]: master offset     143280 s2 freq +2484728 path delay   -953130
ptp4l[461871.697]: master offset   -2438619 s2 freq  -54187 path delay   -953130
ptp4l[461872.695]: master offset    -416294 s2 freq +1236552 path delay  -1003691
ptp4l[461873.696]: master offset    2206834 s2 freq +3734792 path delay   -944908
ptp4l[461874.699]: master offset      54045 s2 freq +2244053 path delay   -659681
ptp4l[461875.698]: master offset    -739710 s2 freq +1466512 path delay   -220327
ptp4l[461876.698]: master offset    -728376 s2 freq +1255933 path delay    216170
ptp4l[461877.698]: master offset    -203692 s2 freq +1562104 path delay    347578
ptp4l[461878.698]: master offset     152970 s2 freq +1857658 path delay    347578
ptp4l[461879.699]: master offset     165926 s2 freq +1916505 path delay    387994
ptp4l[461880.698]: master offset   -1838470 s2 freq  -38113 path delay    387994
ptp4l[461881.697]: master offset     117289 s2 freq +1366105 path delay    387994
ptp4l[461882.699]: master offset    2663802 s2 freq +3947805 path delay    387994
ptp4l[461883.700]: master offset   -1449113 s2 freq +634031 path delay    387994
ptp4l[461884.699]: master offset    2184114 s2 freq +3832524 path delay     36371
ptp4l[461885.701]: master offset     198767 s2 freq +2502411 path delay     36371
ptp4l[461886.700]: master offset   -2434381 s2 freq  -71107 path delay     36371
ptp4l[461887.698]: master offset    1882345 s2 freq +3515305 path delay   -291685
ptp4l[461888.700]: master offset   -1768081 s2 freq +429582 path delay   -291685
ptp4l[461889.698]: master offset     -34866 s2 freq +1632373 path delay   -539108
ptp4l[461890.699]: master offset    2240217 s2 freq +3896996 path delay   -539108
ptp4l[461891.699]: master offset   -1749098 s2 freq +579746 path delay   -536384
ptp4l[461892.698]: master offset    -105848 s2 freq +1698267 path delay   -844595
ptp4l[461893.699]: master offset    1793356 s2 freq +3565716 path delay   -536384
ptp4l[461894.701]: master offset   -1894015 s2 freq +416352 path delay   -500935
ptp4l[461895.705]: master offset    1603412 s2 freq +3345575 path delay   -500935
ptp4l[461896.707]: master offset    -159271 s2 freq +2063915 path delay   -196039
ptp4l[461897.708]: master offset   -2324395 s2 freq -148990 path delay   -196039
ptp4l[461898.705]: master offset    1739425 s2 freq +3217511 path delay   -196039
ptp4l[461899.708]: master offset     242608 s2 freq +2242522 path delay    -67615
ptp4l[461900.708]: master offset   -2223682 s2 freq -150986 path delay     44046
ptp4l[461901.706]: master offset    1973406 s2 freq +3378998 path delay    -84378
ptp4l[461902.708]: master offset   -1578533 s2 freq +419081 path delay    -84378
ptp4l[461903.707]: master offset    2213758 s2 freq +3737812 path delay   -378813
ptp4l[461904.709]: master offset   -1654135 s2 freq +534046 path delay   -378813
ptp4l[461905.706]: master offset    2179781 s2 freq +3871722 path delay   -829969
ptp4l[461906.708]: master offset    -257065 s2 freq +2088810 path delay   -378813
ptp4l[461907.705]: master offset    -457615 s2 freq +1811140 path delay   -378813
ptp4l[461908.704]: master offset    -350538 s2 freq +1780933 path delay   -378813
ptp4l[461909.706]: master offset    -217352 s2 freq +1808957 path delay   -378813
ptp4l[461910.706]: master offset    -571691 s2 freq +1389413 path delay     82653
ptp4l[461911.707]: master offset       -370 s2 freq +1789227 path delay     25599
ptp4l[461912.707]: master offset      73365 s2 freq +1862851 path delay     58945
ptp4l[461913.708]: master offset     -71466 s2 freq +1740029 path delay    257326
ptp4l[461914.709]: master offset   -1913271 s2 freq -123216 path delay    257326
ptp4l[461915.707]: master offset    2127787 s2 freq +3343861 path delay    257326
ptp4l[461916.708]: master offset   -1453251 s2 freq +401159 path delay    379974
ptp4l[461917.708]: master offset    2203633 s2 freq +3622068 path delay    238646
ptp4l[461918.711]: master offset   -1553174 s2 freq +526351 path delay    238646
ptp4l[461919.709]: master offset    1997530 s2 freq +3611102 path delay     77356
ptp4l[461920.710]: master offset   -1759483 s2 freq +453348 path delay     77356
ptp4l[461921.708]: master offset    1760056 s2 freq +3445043 path delay     20302
ptp4l[461922.710]: master offset     208016 s2 freq +2421019 path delay     20302
ptp4l[461923.708]: master offset    -504235 s2 freq +1771173 path delay    200003
ptp4l[461924.708]: master offset    -314979 s2 freq +1809159 path delay    143623
ptp4l[461925.709]: master offset    -207645 s2 freq +1821999 path delay    143623
ptp4l[461926.709]: master offset    -162320 s2 freq +1805030 path delay    178906
ptp4l[461927.709]: master offset    -317327 s2 freq +1601327 path delay    441282
ptp4l[461928.708]: master offset   -1872069 s2 freq  -48613 path delay    312011
ptp4l[461929.708]: master offset    2304381 s2 freq +3566217 path delay    102134
ptp4l[461930.710]: master offset   -1346903 s2 freq +606247 path delay    102134
ptp4l[461931.709]: master offset    2096273 s2 freq +3645352 path delay    -30970
ptp4l[461932.712]: master offset     206386 s2 freq +2384347 path delay    102134
ptp4l[461933.711]: master offset    -279039 s2 freq +1960838 path delay    102134
ptp4l[461934.708]: master offset   -2344818 s2 freq -188653 path delay    102134
ptp4l[461935.708]: master offset    1894925 s2 freq +3347645 path delay    -30970
ptp4l[461936.711]: master offset   -1563542 s2 freq +457655 path delay    -30970
ptp4l[461937.710]: master offset    2294224 s2 freq +3846359 path delay   -429154
ptp4l[461938.712]: master offset   -1691838 s2 freq +548564 path delay   -429154
ptp4l[461939.709]: master offset    2125090 s2 freq +3857940 path delay   -879755
ptp4l[461940.709]: master offset     138783 s2 freq +2509160 path delay   -879755
ptp4l[461941.709]: master offset    -597612 s2 freq +1814400 path delay   -776044
ptp4l[461942.708]: master offset   -1064324 s2 freq +1168405 path delay   -229209
ptp4l[461943.709]: master offset    -324928 s2 freq +1588503 path delay   -229209
ptp4l[461944.708]: master offset      -8683 s2 freq +1807270 path delay   -229209
ptp4l[461945.710]: master offset      98949 s2 freq +1912297 path delay   -229209
ptp4l[461946.712]: master offset    -445039 s2 freq +1397994 path delay    310386
ptp4l[461947.711]: master offset     -77317 s2 freq +1632204 path delay    456922
ptp4l[461948.710]: master offset     142248 s2 freq +1828574 path delay    511414
ptp4l[461949.712]: master offset     223159 s2 freq +1952159 path delay    511414
ptp4l[461950.713]: master offset   -1811249 s2 freq  -15301 path delay    511414
ptp4l[461951.711]: master offset    2143238 s2 freq +3395811 path delay    490137
ptp4l[461952.712]: master offset   -1408990 s2 freq +486555 path delay    490137
ptp4l[461953.711]: master offset    2074641 s2 freq +3547489 path delay    435645
ptp4l[461954.712]: master offset     423229 s2 freq +2518469 path delay    435645
ptp4l[461955.713]: master offset    -209350 s2 freq +2012859 path delay    435645
ptp4l[461956.711]: master offset    -361761 s2 freq +1797643 path delay    490137
ptp4l[461957.712]: master offset    -254488 s2 freq +1796388 path delay    490137
ptp4l[461958.711]: master offset    -147417 s2 freq +1827112 path delay    490137
ptp4l[461959.712]: master offset     -26492 s2 freq +1903812 path delay    450041
ptp4l[461960.713]: master offset     -45787 s2 freq +1876569 path delay    465019
ptp4l[461961.715]: master offset     -20795 s2 freq +1887825 path delay    465019
ptp4l[461962.712]: master offset     -10693 s2 freq +1891689 path delay    479694
ptp4l[461963.713]: master offset     -50085 s2 freq +1849089 path delay    544223
ptp4l[461964.712]: master offset   -1997202 s2 freq -113054 path delay    544223
ptp4l[461965.711]: master offset    2033585 s2 freq +3318573 path delay    544223
ptp4l[461966.713]: master offset     575091 s2 freq +2470154 path delay    544223
ptp4l[461967.715]: master offset      -6271 s2 freq +2061320 path delay    544223
ptp4l[461968.713]: master offset    -106620 s2 freq +1959089 path delay    479694
ptp4l[461969.714]: master offset    -171769 s2 freq +1861954 path delay    479694
ptp4l[461970.714]: master offset   -2118835 s2 freq -136642 path delay    479694
ptp4l[461971.712]: master offset    1991409 s2 freq +3337951 path delay    423963
ptp4l[461972.715]: master offset   -1467521 s2 freq +476444 path delay    423963
ptp4l[461973.714]: master offset    2758232 s2 freq +4261941 path delay   -361353
ptp4l[461974.716]: master offset     367878 s2 freq +2699056 path delay   -361353
ptp4l[461975.715]: master offset    -938630 s2 freq +1502912 path delay    146167
ptp4l[461976.713]: master offset    -526305 s2 freq +1633648 path delay    146167
ptp4l[461977.711]: master offset    -252083 s2 freq +1749978 path delay    146167
ptp4l[461978.711]: master offset     -93770 s2 freq +1832666 path delay    146167
ptp4l[461979.714]: master offset    -196186 s2 freq +1702119 path delay    329329
ptp4l[461980.715]: master offset   -1989940 s2 freq -150491 path delay    329329
ptp4l[461981.713]: master offset    2078479 s2 freq +3320946 path delay    329329
ptp4l[461982.715]: master offset     406739 s2 freq +2272750 path delay    543206
ptp4l[461983.716]: master offset    -185330 s2 freq +1802703 path delay    739016
ptp4l[461984.714]: master offset   -2078575 s2 freq -146141 path delay    739016
ptp4l[461985.713]: master offset    2681844 s2 freq +3990705 path delay     42618
ptp4l[461986.717]: master offset   -1430683 s2 freq +682731 path delay     42618
ptp4l[461987.715]: master offset    2776326 s2 freq +4460536 path delay   -930177
ptp4l[461988.717]: master offset     232642 s2 freq +2749749 path delay   -930177
ptp4l[461989.715]: master offset   -1225455 s2 freq +1361445 path delay   -331713
ptp4l[461990.714]: master offset    -626025 s2 freq +1593238 path delay   -386672
ptp4l[461991.714]: master offset    -309444 s2 freq +1722012 path delay   -386672
ptp4l[461992.713]: master offset    -651408 s2 freq +1287215 path delay    137946
ptp4l[461993.714]: master offset    -125067 s2 freq +1618133 path delay    241727
ptp4l[461994.716]: master offset   -1829691 s2 freq -124011 path delay    241727
ptp4l[461995.715]: master offset    2277691 s2 freq +3434464 path delay    176302
ptp4l[461996.718]: master offset     725672 s2 freq +2565752 path delay    176302
ptp4l[461997.718]: master offset      -8773 s2 freq +2049009 path delay    225124
ptp4l[461998.717]: master offset    -235981 s2 freq +1819169 path delay    321651
ptp4l[461999.716]: master offset     -59026 s2 freq +1925330 path delay    225124
ptp4l[462000.714]: master offset   -1986644 s2 freq  -19996 path delay    118574
ptp4l[462001.714]: master offset    2526699 s2 freq +3897354 path delay   -456824
ptp4l[462002.718]: master offset   -1459840 s2 freq +668824 path delay   -456824
ptp4l[462003.716]: master offset    1648574 s2 freq +3339286 path delay   -319882
ptp4l[462004.718]: master offset    -204236 s2 freq +1981049 path delay     74211
ptp4l[462005.717]: master offset    -255934 s2 freq +1868080 path delay     60119
ptp4l[462006.715]: master offset    -231176 s2 freq +1816058 path delay     60119
ptp4l[462007.716]: master offset    -150501 s2 freq +1827380 path delay     60119
ptp4l[462008.717]: master offset   -2070028 s2 freq -137298 path delay     60119
ptp4l[462009.715]: master offset    2375948 s2 freq +3687670 path delay   -330736
ptp4l[462010.719]: master offset    -121413 s2 freq +1903093 path delay    299031
ptp4l[462011.718]: master offset    -126506 s2 freq +1861577 path delay    299031
ptp4l[462012.716]: master offset    -205188 s2 freq +1744943 path delay    430718
ptp4l[462013.717]: master offset     -46830 s2 freq +1841744 path delay    430718
ptp4l[462014.716]: master offset       6407 s2 freq +1880932 path delay    430718
ptp4l[462015.717]: master offset      31378 s2 freq +1907825 path delay    430718
ptp4l[462016.716]: master offset      26886 s2 freq +1912747 path delay    430718
ptp4l[462017.716]: master offset      22844 s2 freq +1916771 path delay    430718
ptp4l[462018.716]: master offset     -35787 s2 freq +1864993 path delay    484959
ptp4l[462019.718]: master offset     -34621 s2 freq +1855423 path delay    537110
ptp4l[462020.719]: master offset     160433 s2 freq +2040090 path delay    395169
ptp4l[462021.719]: master offset      30385 s2 freq +1958172 path delay    395169
ptp4l[462022.719]: master offset     -74809 s2 freq +1862094 path delay    434962
ptp4l[462023.719]: master offset     -21603 s2 freq +1892857 path delay    434962
ptp4l[462024.717]: master offset     -40008 s2 freq +1867971 path delay    478009
ptp4l[462025.720]: master offset    -174291 s2 freq +1721686 path delay    637506
ptp4l[462026.719]: master offset   -1992056 s2 freq -148366 path delay    637506
ptp4l[462027.718]: master offset    2233840 s2 freq +3479913 path delay    478009
ptp4l[462028.719]: master offset     535043 s2 freq +2451268 path delay    525749
ptp4l[462029.720]: master offset     -47354 s2 freq +2029384 path delay    526509
ptp4l[462030.720]: master offset    -363979 s2 freq +1698552 path delay    712374
ptp4l[462031.720]: master offset    -157487 s2 freq +1795851 path delay    712374
ptp4l[462032.720]: master offset   -2050307 s2 freq -144215 path delay    712374
ptp4l[462033.718]: master offset    2197420 s2 freq +3488420 path delay    526509
ptp4l[462034.720]: master offset     547128 s2 freq +2497354 path delay    525472
ptp4l[462035.721]: master offset     -34390 s2 freq +2079974 path delay    525472
ptp4l[462036.720]: master offset   -2199274 s2 freq  -95227 path delay    525472
ptp4l[462037.718]: master offset    1813570 s2 freq +3257835 path delay    525472
ptp4l[462038.721]: master offset     420858 s2 freq +2409194 path delay    549437
ptp4l[462039.721]: master offset    -111681 s2 freq +2002912 path delay    549437
ptp4l[462040.719]: master offset    -111660 s2 freq +1969429 path delay    451747
ptp4l[462041.720]: master offset    -113170 s2 freq +1934421 path delay    388143
ptp4l[462042.718]: master offset    -211330 s2 freq +1802310 path delay    451747
ptp4l[462043.720]: master offset    -104003 s2 freq +1846238 path delay    451747
ptp4l[462044.719]: master offset     -91231 s2 freq +1827809 path delay    491927
ptp4l[462045.720]: master offset     -10339 s2 freq +1881332 path delay    491927
ptp4l[462046.720]: master offset   -1985787 s2 freq  -97218 path delay    491927
ptp4l[462047.719]: master offset    2069034 s2 freq +3361867 path delay    451747
ptp4l[462048.723]: master offset   -1388931 s2 freq +524612 path delay    451747
ptp4l[462049.721]: master offset    2003223 s2 freq +3500087 path delay    451747
ptp4l[462050.723]: master offset     351193 s2 freq +2449024 path delay    451747
ptp4l[462051.722]: master offset    -181215 s2 freq +2021974 path delay    451747
ptp4l[462052.720]: master offset    -171226 s2 freq +1977598 path delay    311126
ptp4l[462053.721]: master offset    -389271 s2 freq +1708185 path delay    464072
ptp4l[462054.721]: master offset    -176671 s2 freq +1804004 path delay    457615
ptp4l[462055.722]: master offset     -69135 s2 freq +1858539 path delay    457615
ptp4l[462056.720]: master offset     -15948 s2 freq +1890985 path delay    457615
ptp4l[462057.722]: master offset       9048 s2 freq +1911197 path delay    457615
ptp4l[462058.722]: master offset     -90934 s2 freq +1813929 path delay    553368
ptp4l[462059.722]: master offset     -10337 s2 freq +1867246 path delay    553368
ptp4l[462060.721]: master offset   -1985597 s2 freq -111115 path delay    553368
ptp4l[462061.720]: master offset    2139071 s2 freq +3417874 path delay    457615
ptp4l[462062.724]: master offset   -1412687 s2 freq +507837 path delay    457615
ptp4l[462063.722]: master offset    2097538 s2 freq +3594256 path delay    356583
ptp4l[462064.723]: master offset   -1672713 s2 freq +453266 path delay    370299
ptp4l[462065.722]: master offset    1912757 s2 freq +3536922 path delay    247328
ptp4l[462066.724]: master offset     261577 s2 freq +2459570 path delay    247328
ptp4l[462067.724]: master offset    -320016 s2 freq +1956450 path delay    247328
ptp4l[462068.721]: master offset    -442251 s2 freq +1738210 path delay    303764
ptp4l[462069.722]: master offset    -283947 s2 freq +1763839 path delay    303764
ptp4l[462070.723]: master offset   -2150987 s2 freq -188386 path delay    303764
ptp4l[462071.721]: master offset    2571135 s2 freq +3888440 path delay   -312150
ptp4l[462072.724]: master offset     572431 s2 freq +2661077 path delay   -298434
ptp4l[462073.722]: master offset    -226720 s2 freq +2033655 path delay   -298434
ptp4l[462074.721]: master offset    -959712 s2 freq +1232647 path delay    303764
ptp4l[462075.722]: master offset    -278821 s2 freq +1625625 path delay    303764
ptp4l[462076.723]: master offset   -2004740 s2 freq -183941 path delay    303764
ptp4l[462077.722]: master offset    2119409 s2 freq +3338786 path delay    281289
ptp4l[462078.724]: master offset     511743 s2 freq +2366943 path delay    430926
ptp4l[462079.725]: master offset      51706 s2 freq +2060429 path delay    405665
ptp4l[462080.725]: master offset    -140147 s2 freq +1884088 path delay    432683
ptp4l[462081.724]: master offset    -115167 s2 freq +1867024 path delay    432683
ptp4l[462082.723]: master offset   -1966135 s2 freq  -18495 path delay    308307
ptp4l[462083.722]: master offset    1969919 s2 freq +3327719 path delay    308307
ptp4l[462084.725]: master offset     387559 s2 freq +2336335 path delay    432683
ptp4l[462090.399]: port 1 (eth0): SLAVE to LISTENING on ANNOUNCE_RECEIPT_TIMEOUT_EXPIRES
ptp4l[462090.399]: selected local clock 000000.fffe.049f06 as best master
