ptp4l[463085.831]: selected /dev/ptp0 as PTP clock
ptp4l[463085.836]: port 1 (eth0): INITIALIZING to LISTENING on INIT_COMPLETE
ptp4l[463085.839]: port 0 (/var/run/ptp/ptp4l): INITIALIZING to LISTENING on INIT_COMPLETE
ptp4l[463085.840]: port 0 (/var/run/ptp/ptp4lro): INITIALIZING to LISTENING on INIT_COMPLETE
ptp4l[463090.093]: port 1 (eth0): new foreign master 641c10.fffe.f12579-1
ptp4l[463093.571]: selected local clock 000000.fffe.049f06 as best master
ptp4l[463094.098]: selected best master clock 641c10.fffe.f12579
ptp4l[463094.099]: port 1 (eth0): LISTENING to UNCALIBRATED on RS_SLAVE
ptp4l[463096.103]: master offset   11000511 s0 freq  -81058 path delay   -999064
ptp4l[463097.105]: master offset   15000505 s1 freq +3903021 path delay   -999063
ptp4l[463098.103]: master offset   -1985843 s2 freq +1917178 path delay   -999063
ptp4l[463098.103]: port 1 (eth0): UNCALIBRATED to SLAVE on MASTER_CLOCK_SELECTED
ptp4l[463099.090]: master offset   -3991441 s2 freq -684173 path delay   -999063
ptp4l[463100.086]: master offset   -1387457 s2 freq +722378 path delay   -999064
ptp4l[463101.087]: master offset    -190292 s2 freq +1503306 path delay   -999063
ptp4l[463102.091]: master offset     222984 s2 freq +1859495 path delay   -999062
ptp4l[463103.093]: master offset     276289 s2 freq +1979695 path delay   -999062
ptp4l[463104.094]: master offset      68863 s2 freq +1855156 path delay   -856737
ptp4l[463105.094]: master offset     103707 s2 freq +1910659 path delay   -838493
ptp4l[463106.094]: master offset     -24512 s2 freq +1813552 path delay   -714412
ptp4l[463107.094]: master offset     164115 s2 freq +1994825 path delay   -822570
ptp4l[463108.094]: master offset     -41454 s2 freq +1838491 path delay   -713983
ptp4l[463109.094]: master offset      11637 s2 freq +1879145 path delay   -713983
ptp4l[463110.094]: master offset      36589 s2 freq +1907588 path delay   -713983
ptp4l[463111.094]: master offset     -29583 s2 freq +1852393 path delay   -651897
ptp4l[463112.094]: master offset    2003524 s2 freq +3876625 path delay   -631888
ptp4l[463113.094]: master offset   -2125110 s2 freq +349048 path delay   -489667
ptp4l[463114.093]: master offset    -557329 s2 freq +1279296 path delay   -489667
ptp4l[463115.094]: master offset     114998 s2 freq +1784425 path delay   -531211
ptp4l[463116.095]: master offset     248214 s2 freq +1952140 path delay   -531211
ptp4l[463117.095]: master offset      30375 s2 freq +1808765 path delay   -347341
ptp4l[463118.096]: master offset     137600 s2 freq +1925103 path delay   -347341
ptp4l[463119.096]: master offset     103377 s2 freq +1932160 path delay   -347341
ptp4l[463120.096]: master offset     167282 s2 freq +2027078 path delay   -445444
ptp4l[463121.096]: master offset     190802 s2 freq +2100783 path delay   -599226
ptp4l[463122.096]: master offset     -63362 s2 freq +1903859 path delay   -544797
ptp4l[463123.095]: master offset    1895928 s2 freq +3844141 path delay   -508299
ptp4l[463124.095]: master offset   -2090983 s2 freq +426008 path delay   -508299
ptp4l[463125.094]: master offset    -509918 s2 freq +1379778 path delay   -599226
ptp4l[463126.095]: master offset      20598 s2 freq +1757319 path delay   -599226
ptp4l[463127.096]: master offset     178892 s2 freq +1921792 path delay   -599226
ptp4l[463128.096]: master offset     120540 s2 freq +1917108 path delay   -544797
ptp4l[463129.097]: master offset     140139 s2 freq +1972869 path delay   -568613
ptp4l[463130.097]: master offset      74769 s2 freq +1949540 path delay   -568613
ptp4l[463131.097]: master offset    -125147 s2 freq +1772055 path delay   -402754
ptp4l[463132.097]: master offset      95118 s2 freq +1954776 path delay   -490127
ptp4l[463133.097]: master offset      29961 s2 freq +1918154 path delay   -490127
ptp4l[463134.097]: master offset    1938552 s2 freq +3835734 path delay   -402754
ptp4l[463135.097]: master offset   -2048060 s2 freq +430687 path delay   -402754
ptp4l[463136.096]: master offset    -475335 s2 freq +1388994 path delay   -490127
ptp4l[463137.096]: master offset     220637 s2 freq +1942366 path delay   -670954
ptp4l[463138.097]: master offset     116866 s2 freq +1904786 path delay   -600959
ptp4l[463139.097]: master offset     112687 s2 freq +1935667 path delay   -600959
ptp4l[463140.098]: master offset     148325 s2 freq +2005111 path delay   -670954
ptp4l[463141.098]: master offset      37851 s2 freq +1939134 path delay   -657694
ptp4l[463142.098]: master offset       3421 s2 freq +1916060 path delay   -657694
ptp4l[463143.098]: master offset      13507 s2 freq +1927172 path delay   -672066
ptp4l[463144.098]: master offset     -34932 s2 freq +1882785 path delay   -657694
ptp4l[463145.098]: master offset     -10159 s2 freq +1897078 path delay   -657694
ptp4l[463146.098]: master offset     -73908 s2 freq +1830282 path delay   -598030
ptp4l[463147.098]: master offset       6455 s2 freq +1888472 path delay   -598030
ptp4l[463148.098]: master offset     -73594 s2 freq +1810360 path delay   -492957
ptp4l[463149.099]: master offset     -17655 s2 freq +1844221 path delay   -441619
ptp4l[463150.099]: master offset      35421 s2 freq +1892000 path delay   -441619
ptp4l[463151.099]: master offset     236995 s2 freq +2104200 path delay   -618144
ptp4l[463152.099]: master offset      37152 s2 freq +1975456 path delay   -618144
ptp4l[463153.099]: master offset    1866904 s2 freq +3816353 path delay   -513071
ptp4l[463154.099]: master offset   -2191251 s2 freq +318270 path delay   -441619
ptp4l[463155.098]: master offset    -593016 s2 freq +1259129 path delay   -441619
ptp4l[463156.098]: master offset      63757 s2 freq +1737998 path delay   -441619
ptp4l[463157.099]: master offset     222133 s2 freq +1915501 path delay   -441619
ptp4l[463158.100]: master offset     289418 s2 freq +2049426 path delay   -513071
ptp4l[463159.100]: master offset     125182 s2 freq +1972015 path delay   -513071
ptp4l[463160.100]: master offset    2179034 s2 freq +4063422 path delay   -632177
ptp4l[463161.100]: master offset   -2286734 s2 freq +251364 path delay   -413297
ptp4l[463162.099]: master offset    -570679 s2 freq +1281399 path delay   -464180
ptp4l[463163.099]: master offset      16628 s2 freq +1697502 path delay   -420673
ptp4l[463164.100]: master offset     258335 s2 freq +1944197 path delay   -455627
ptp4l[463165.101]: master offset     108120 s2 freq +1871483 path delay   -339539
ptp4l[463166.101]: master offset     133029 s2 freq +1928828 path delay   -339539
ptp4l[463167.101]: master offset     159693 s2 freq +1995400 path delay   -400491
ptp4l[463168.101]: master offset      62364 s2 freq +1945979 path delay   -400491
ptp4l[463169.101]: master offset     121220 s2 freq +2023545 path delay   -493589
ptp4l[463170.101]: master offset      -9051 s2 freq +1929640 path delay   -493589
ptp4l[463171.101]: master offset     -43660 s2 freq +1892315 path delay   -493589
ptp4l[463172.101]: master offset     -18610 s2 freq +1904267 path delay   -493589
ptp4l[463173.101]: master offset     111219 s2 freq +2028513 path delay   -627733
ptp4l[463174.101]: master offset      91730 s2 freq +2042390 path delay   -738378
ptp4l[463175.101]: master offset     -38528 s2 freq +1939651 path delay   -738378
ptp4l[463176.101]: master offset     -72940 s2 freq +1893681 path delay   -738378
ptp4l[463177.101]: master offset    -213705 s2 freq +1731034 path delay   -572605
ptp4l[463178.102]: master offset     -31339 s2 freq +1849288 path delay   -572605
ptp4l[463179.102]: master offset      21993 s2 freq +1893218 path delay   -572605
ptp4l[463180.102]: master offset     -53228 s2 freq +1824595 path delay   -472382
ptp4l[463181.102]: master offset     -22850 s2 freq +1839005 path delay   -422155
ptp4l[463182.103]: master offset      70169 s2 freq +1925169 path delay   -461985
ptp4l[463183.103]: master offset     183299 s2 freq +2059350 path delay   -609504
ptp4l[463184.103]: master offset    2083782 s2 freq +4014822 path delay   -674140
ptp4l[463185.102]: master offset   -2028813 s2 freq +527362 path delay   -674140
ptp4l[463186.101]: master offset    -664021 s2 freq +1283510 path delay   -649075
ptp4l[463187.102]: master offset     118547 s2 freq +1866872 path delay   -801204
ptp4l[463188.103]: master offset     143734 s2 freq +1927623 path delay   -801204
ptp4l[463189.103]: master offset     109526 s2 freq +1936535 path delay   -801204
ptp4l[463190.103]: master offset     -76826 s2 freq +1783041 path delay   -649075
ptp4l[463191.103]: master offset      56171 s2 freq +1892990 path delay   -649075
ptp4l[463192.103]: master offset     171136 s2 freq +2024806 path delay   -739066
ptp4l[463193.103]: master offset    -275391 s2 freq +1629620 path delay   -422706
ptp4l[463194.104]: master offset      -1599 s2 freq +1820795 path delay   -422706
ptp4l[463195.104]: master offset     160935 s2 freq +1982849 path delay   -504413
ptp4l[463196.104]: master offset      95692 s2 freq +1965887 path delay   -504413
ptp4l[463197.104]: master offset      30256 s2 freq +1929158 path delay   -504413
ptp4l[463198.104]: master offset     -31351 s2 freq +1876628 path delay   -476992
ptp4l[463199.104]: master offset      -6560 s2 freq +1892014 path delay   -476992
ptp4l[463200.104]: master offset      18467 s2 freq +1915073 path delay   -476992
ptp4l[463201.104]: master offset      14233 s2 freq +1916379 path delay   -476992
ptp4l[463202.105]: master offset       9993 s2 freq +1916409 path delay   -476992
ptp4l[463203.105]: master offset       5572 s2 freq +1914986 path delay   -476992
ptp4l[463204.105]: master offset      13771 s2 freq +1924856 path delay   -489489
ptp4l[463205.105]: master offset     -20543 s2 freq +1894673 path delay   -489489
ptp4l[463206.105]: master offset     117303 s2 freq +2026357 path delay   -631701
ptp4l[463207.105]: master offset     -65485 s2 freq +1878759 path delay   -579014
ptp4l[463208.105]: master offset    -252867 s2 freq +1671732 path delay   -366785
ptp4l[463209.105]: master offset      49596 s2 freq +1898335 path delay   -439720
ptp4l[463210.106]: master offset      23316 s2 freq +1886934 path delay   -417532
ptp4l[463211.106]: master offset      73714 s2 freq +1944326 path delay   -443009
ptp4l[463212.106]: master offset      39425 s2 freq +1932152 path delay   -443009
ptp4l[463213.106]: master offset       5129 s2 freq +1909683 path delay   -443009
ptp4l[463214.106]: master offset    1975477 s2 freq +3881570 path delay   -417532
ptp4l[463215.106]: master offset   -2017836 s2 freq +480900 path delay   -410612
ptp4l[463216.105]: master offset    -583024 s2 freq +1310361 path delay   -410612
ptp4l[463217.105]: master offset    2170962 s2 freq +3889440 path delay   -561012
ptp4l[463218.106]: master offset   -2000282 s2 freq +369485 path delay   -376022
ptp4l[463219.105]: master offset    -279691 s2 freq +1489991 path delay   -549089
ptp4l[463220.106]: master offset     133755 s2 freq +1819530 path delay   -549089
ptp4l[463221.107]: master offset     214625 s2 freq +1940526 path delay   -549089
ptp4l[463222.107]: master offset      -4408 s2 freq +1785881 path delay   -364216
ptp4l[463223.108]: master offset     102662 s2 freq +1891628 path delay   -364216
ptp4l[463224.108]: master offset     324951 s2 freq +2144716 path delay   -561664
ptp4l[463225.108]: master offset      88945 s2 freq +2006195 path delay   -561664
ptp4l[463226.108]: master offset     230645 s2 freq +2174579 path delay   -800791
ptp4l[463227.107]: master offset    -228365 s2 freq +1784762 path delay   -615918
ptp4l[463228.107]: master offset     -62716 s2 freq +1881902 path delay   -648550
ptp4l[463229.107]: master offset     -37965 s2 freq +1887838 path delay   -648550
ptp4l[463230.107]: master offset     -70892 s2 freq +1843521 path delay   -590742
ptp4l[463231.108]: master offset    1801150 s2 freq +3694296 path delay   -409423
ptp4l[463232.108]: master offset   -2067597 s2 freq +365894 path delay   -409423
ptp4l[463233.107]: master offset    -335731 s2 freq +1477481 path delay   -590742
ptp4l[463234.107]: master offset    1870037 s2 freq +3582529 path delay   -365132
ptp4l[463235.108]: master offset   -1886891 s2 freq +386612 path delay   -365132
ptp4l[463236.108]: master offset    -356882 s2 freq +1350554 path delay   -365132
ptp4l[463237.108]: master offset     203965 s2 freq +1804337 path delay   -365132
ptp4l[463238.109]: master offset    2229269 s2 freq +3890830 path delay   -282813
ptp4l[463239.109]: master offset   -1779927 s2 freq +550415 path delay   -260014
ptp4l[463240.108]: master offset    -413818 s2 freq +1382546 path delay   -260014
ptp4l[463241.109]: master offset     272129 s2 freq +1944347 path delay   -415544
ptp4l[463242.110]: master offset     238174 s2 freq +1992031 path delay   -415544
ptp4l[463243.110]: master offset     140959 s2 freq +1966268 path delay   -415544
ptp4l[463244.110]: master offset      75565 s2 freq +1943162 path delay   -415544
ptp4l[463245.110]: master offset     173636 s2 freq +2063902 path delay   -547856
ptp4l[463246.110]: master offset       9265 s2 freq +1951622 path delay   -547856
ptp4l[463247.110]: master offset     -25157 s2 freq +1919980 path delay   -547856
ptp4l[463248.110]: master offset     -29507 s2 freq +1908083 path delay   -547856
ptp4l[463249.110]: master offset      25879 s2 freq +1954616 path delay   -607367
ptp4l[463250.110]: master offset     -39499 s2 freq +1897002 path delay   -607367
ptp4l[463251.110]: master offset    -159663 s2 freq +1764988 path delay   -491408
ptp4l[463252.110]: master offset     -26650 s2 freq +1850103 path delay   -491408
ptp4l[463253.110]: master offset     -79172 s2 freq +1789586 path delay   -385610
ptp4l[463254.111]: master offset    1969745 s2 freq +3814751 path delay   -327288
ptp4l[463255.111]: master offset   -2037506 s2 freq +398423 path delay   -306683
ptp4l[463256.109]: master offset    -519585 s2 freq +1305093 path delay   -306683
ptp4l[463257.110]: master offset      83736 s2 freq +1752538 path delay   -306683
ptp4l[463258.111]: master offset     242413 s2 freq +1936336 path delay   -306683
ptp4l[463259.112]: master offset     208078 s2 freq +1974725 path delay   -306683
ptp4l[463260.112]: master offset     183137 s2 freq +2012207 path delay   -346917
ptp4l[463261.112]: master offset      85888 s2 freq +1969899 path delay   -346917
ptp4l[463262.112]: master offset      20467 s2 freq +1930245 path delay   -346917
ptp4l[463263.112]: master offset      14544 s2 freq +1930462 path delay   -375527
ptp4l[463264.112]: master offset     -19622 s2 freq +1900659 path delay   -375527
ptp4l[463265.112]: master offset     -23957 s2 freq +1890437 path delay   -375527
ptp4l[463266.112]: master offset     109842 s2 freq +2017049 path delay   -484377
ptp4l[463267.112]: master offset     -20504 s2 freq +1919656 path delay   -484377
ptp4l[463268.112]: master offset    -133578 s2 freq +1800431 path delay   -375527
ptp4l[463269.113]: master offset     -26547 s2 freq +1867388 path delay   -375527
ptp4l[463270.113]: master offset      -1581 s2 freq +1884390 path delay   -375527
ptp4l[463271.113]: master offset      23348 s2 freq +1908845 path delay   -375527
ptp4l[463272.113]: master offset     -39408 s2 freq +1853093 path delay   -316970
ptp4l[463273.113]: master offset      13728 s2 freq +1894407 path delay   -316970
ptp4l[463274.113]: master offset     -45292 s2 freq +1839505 path delay   -262252
ptp4l[463275.114]: master offset       7650 s2 freq +1878860 path delay   -262252
ptp4l[463276.113]: master offset      51417 s2 freq +1924922 path delay   -280862
ptp4l[463277.114]: master offset      17062 s2 freq +1905992 path delay   -280862
ptp4l[463278.114]: master offset      12832 s2 freq +1906880 path delay   -280862
ptp4l[463279.114]: master offset    2164123 s2 freq +4062021 path delay   -436328
ptp4l[463280.114]: master offset   -2083128 s2 freq +464007 path delay   -436328
ptp4l[463281.112]: master offset    -631189 s2 freq +1291008 path delay   -436328
ptp4l[463282.113]: master offset    2011910 s2 freq +3744750 path delay   -462070
ptp4l[463283.113]: master offset   -1856379 s2 freq +480034 path delay   -462070
ptp4l[463284.113]: master offset    -420282 s2 freq +1359217 path delay   -462070
ptp4l[463285.113]: master offset     216747 s2 freq +1870162 path delay   -553271
ptp4l[463286.114]: master offset     241875 s2 freq +1960314 path delay   -553271
ptp4l[463287.115]: master offset     176608 s2 freq +1967609 path delay   -553271
ptp4l[463288.115]: master offset      40637 s2 freq +1884621 path delay   -482599
ptp4l[463289.115]: master offset      96289 s2 freq +1952464 path delay   -513413
ptp4l[463290.115]: master offset      61903 s2 freq +1946964 path delay   -513413
ptp4l[463291.115]: master offset      27629 s2 freq +1931261 path delay   -513413
ptp4l[463292.115]: master offset      -6670 s2 freq +1905251 path delay   -513413
ptp4l[463293.115]: master offset      47043 s2 freq +1956963 path delay   -571412
ptp4l[463294.115]: master offset     -18357 s2 freq +1905676 path delay   -571412
ptp4l[463295.115]: master offset      95370 s2 freq +2013896 path delay   -689243
ptp4l[463296.115]: master offset    1998237 s2 freq +3945374 path delay   -689243
ptp4l[463297.115]: master offset   -2114520 s2 freq +432088 path delay   -689243
ptp4l[463298.114]: master offset    -468304 s2 freq +1443948 path delay   -851206
ptp4l[463299.114]: master offset      -2440 s2 freq +1769321 path delay   -851206
ptp4l[463300.115]: master offset      59701 s2 freq +1830730 path delay   -779867
ptp4l[463301.116]: master offset     140200 s2 freq +1929139 path delay   -779867
ptp4l[463302.116]: master offset    -107969 s2 freq +1723030 path delay   -565898
ptp4l[463303.116]: master offset     -14169 s2 freq +1784439 path delay   -477068
ptp4l[463304.117]: master offset     118765 s2 freq +1913123 path delay   -477068
ptp4l[463305.117]: master offset     328663 s2 freq +2158650 path delay   -691037
ptp4l[463306.117]: master offset      54632 s2 freq +1983218 path delay   -691037
ptp4l[463307.117]: master offset    1989278 s2 freq +3934254 path delay   -691037
ptp4l[463308.116]: master offset   -2498753 s2 freq  +43006 path delay   -315369
ptp4l[463309.115]: master offset    1375180 s2 freq +3167313 path delay   -315369
ptp4l[463310.116]: master offset   -1965031 s2 freq +239656 path delay   -260175
ptp4l[463311.116]: master offset    -287648 s2 freq +1327530 path delay   -260175
ptp4l[463312.117]: master offset     463663 s2 freq +1992546 path delay   -421874
ptp4l[463313.118]: master offset    2276037 s2 freq +3944019 path delay   -330882
ptp4l[463314.118]: master offset   -1836777 s2 freq +514016 path delay   -330882
ptp4l[463315.117]: master offset    -324467 s2 freq +1475293 path delay   -440842
ptp4l[463316.117]: master offset      32673 s2 freq +1735093 path delay   -366791
ptp4l[463317.118]: master offset     215434 s2 freq +1927656 path delay   -366791
ptp4l[463318.119]: master offset     336712 s2 freq +2113564 path delay   -522101
ptp4l[463319.119]: master offset     136778 s2 freq +2014644 path delay   -522101
ptp4l[463320.119]: master offset      50697 s2 freq +1969596 path delay   -533352
ptp4l[463321.119]: master offset     114621 s2 freq +2048729 path delay   -662623
ptp4l[463322.119]: master offset     -15720 s2 freq +1952775 path delay   -662623
ptp4l[463323.119]: master offset     -50188 s2 freq +1913591 path delay   -662623
ptp4l[463324.119]: master offset     -37567 s2 freq +1911155 path delay   -679604
ptp4l[463325.119]: master offset     -58688 s2 freq +1878764 path delay   -662623
ptp4l[463326.119]: master offset     -33743 s2 freq +1886103 path delay   -662623
ptp4l[463327.119]: master offset     -22565 s2 freq +1887158 path delay   -648988
ptp4l[463328.119]: master offset       2225 s2 freq +1905178 path delay   -648988
ptp4l[463329.119]: master offset     -23456 s2 freq +1880165 path delay   -627467
ptp4l[463330.119]: master offset    2001400 s2 freq +3897984 path delay   -627467
ptp4l[463331.119]: master offset   -2062554 s2 freq +434450 path delay   -550107
ptp4l[463332.118]: master offset    -581192 s2 freq +1297046 path delay   -550107
ptp4l[463333.119]: master offset      36182 s2 freq +1740062 path delay   -550107
ptp4l[463334.120]: master offset     194572 s2 freq +1909307 path delay   -550107
ptp4l[463335.120]: master offset      88322 s2 freq +1861428 path delay   -447984
ptp4l[463336.121]: master offset     141429 s2 freq +1941032 path delay   -447984
ptp4l[463337.121]: master offset     118644 s2 freq +1960676 path delay   -459395
ptp4l[463338.121]: master offset      22202 s2 freq +1899827 path delay   -428328
ptp4l[463339.121]: master offset      17910 s2 freq +1902196 path delay   -428328
ptp4l[463340.121]: master offset       2234 s2 freq +1891893 path delay   -416917
ptp4l[463341.121]: master offset      38567 s2 freq +1928896 path delay   -428328
ptp4l[463342.121]: master offset       4108 s2 freq +1906007 path delay   -428328
ptp4l[463343.121]: master offset       -174 s2 freq +1902957 path delay   -428328
ptp4l[463344.121]: master offset      -4448 s2 freq +1898631 path delay   -428328
ptp4l[463345.121]: master offset      -8602 s2 freq +1893143 path delay   -428328
ptp4l[463346.122]: master offset    2016348 s2 freq +3915512 path delay   -428328
ptp4l[463347.121]: master offset   -2096140 s2 freq +407928 path delay   -428328
ptp4l[463348.120]: master offset    -515660 s2 freq +1359566 path delay   -500715
ptp4l[463349.121]: master offset      29890 s2 freq +1750418 path delay   -500715
ptp4l[463350.122]: master offset     228574 s2 freq +1958069 path delay   -540945
ptp4l[463351.122]: master offset     189708 s2 freq +1987776 path delay   -567197
ptp4l[463352.122]: master offset      30317 s2 freq +1885297 path delay   -504999
ptp4l[463353.122]: master offset      55097 s2 freq +1919172 path delay   -504999
ptp4l[463354.122]: master offset     -82264 s2 freq +1798340 path delay   -372040
ptp4l[463355.123]: master offset      24869 s2 freq +1880794 path delay   -372040
ptp4l[463356.123]: master offset      53227 s2 freq +1916613 path delay   -375398
ptp4l[463357.123]: master offset      48934 s2 freq +1928288 path delay   -375398
ptp4l[463358.123]: master offset     -69391 s2 freq +1824643 path delay   -291326
ptp4l[463359.123]: master offset      10993 s2 freq +1884210 path delay   -291326
ptp4l[463360.123]: master offset      35895 s2 freq +1912410 path delay   -291326
ptp4l[463361.123]: master offset    1983025 s2 freq +3870308 path delay   -242517
ptp4l[463362.123]: master offset   -2003732 s2 freq +478459 path delay   -242517
ptp4l[463363.122]: master offset    -551609 s2 freq +1329462 path delay   -256677
ptp4l[463364.123]: master offset      37669 s2 freq +1753257 path delay   -256677
ptp4l[463365.124]: master offset     241765 s2 freq +1968654 path delay   -302128
ptp4l[463366.125]: master offset     176498 s2 freq +1975917 path delay   -302128
ptp4l[463367.125]: master offset     219669 s2 freq +2072037 path delay   -410532
ptp4l[463368.125]: master offset      55188 s2 freq +1973457 path delay   -410532
ptp4l[463369.125]: master offset     -10348 s2 freq +1924477 path delay   -410532
ptp4l[463370.124]: master offset      40883 s2 freq +1972604 path delay   -496004
ptp4l[463371.124]: master offset    -144426 s2 freq +1799560 path delay   -375882
ptp4l[463372.124]: master offset     -76483 s2 freq +1824175 path delay   -336694
ptp4l[463373.124]: master offset    2163558 s2 freq +4041271 path delay   -496004
ptp4l[463374.125]: master offset   -2134353 s2 freq +392427 path delay   -445098
ptp4l[463375.123]: master offset    -599155 s2 freq +1287319 path delay   -456816
ptp4l[463376.124]: master offset      31417 s2 freq +1738145 path delay   -456816
ptp4l[463377.125]: master offset     227876 s2 freq +1944029 path delay   -494852
ptp4l[463378.126]: master offset     292006 s2 freq +2076522 path delay   -593275
ptp4l[463379.126]: master offset     127499 s2 freq +1999617 path delay   -593275
ptp4l[463380.126]: master offset      60733 s2 freq +1971100 path delay   -623853
ptp4l[463381.126]: master offset      -4521 s2 freq +1924066 path delay   -623853
ptp4l[463382.126]: master offset     -38873 s2 freq +1888358 path delay   -623853
ptp4l[463383.126]: master offset      51215 s2 freq +1966784 path delay   -689195
ptp4l[463384.126]: master offset     -14151 s2 freq +1916782 path delay   -689195
ptp4l[463385.126]: master offset     -18298 s2 freq +1908390 path delay   -689195
ptp4l[463386.126]: master offset     -22414 s2 freq +1898785 path delay   -689195
ptp4l[463387.126]: master offset    1907987 s2 freq +3822462 path delay   -623853
ptp4l[463388.126]: master offset   -2078945 s2 freq +407926 path delay   -623853
ptp4l[463389.125]: master offset    -505869 s2 freq +1357318 path delay   -689195
ptp4l[463390.125]: master offset      20533 s2 freq +1731959 path delay   -654991
ptp4l[463391.126]: master offset     203444 s2 freq +1921030 path delay   -654991
ptp4l[463392.127]: master offset    2170518 s2 freq +3949138 path delay   -626114
ptp4l[463393.127]: master offset   -1942401 s2 freq +487374 path delay   -626114
ptp4l[463394.126]: master offset    -514200 s2 freq +1332855 path delay   -626114
ptp4l[463395.126]: master offset     -42586 s2 freq +1650209 path delay   -522518
ptp4l[463396.127]: master offset     209686 s2 freq +1889705 path delay   -522518
ptp4l[463397.128]: master offset     338440 s2 freq +2081365 path delay   -626114
ptp4l[463398.128]: master offset     173933 s2 freq +2018390 path delay   -626114
ptp4l[463399.128]: master offset      43382 s2 freq +1940019 path delay   -626114
ptp4l[463400.128]: master offset       9022 s2 freq +1918673 path delay   -626114
ptp4l[463401.128]: master offset    1882546 s2 freq +3794904 path delay   -503724
ptp4l[463402.128]: master offset   -2104513 s2 freq +372609 path delay   -503724
ptp4l[463403.126]: master offset    -561397 s2 freq +1284371 path delay   -503724
ptp4l[463404.127]: master offset    2017677 s2 freq +3695026 path delay   -452084
ptp4l[463405.128]: master offset   -1850028 s2 freq +432624 path delay   -452084
ptp4l[463406.127]: master offset    -313119 s2 freq +1414524 path delay   -506276
ptp4l[463407.128]: master offset     185951 s2 freq +1819659 path delay   -506276
ptp4l[463408.129]: master offset     266699 s2 freq +1956192 path delay   -506276
ptp4l[463414.640]: port 1 (eth0): SLAVE to LISTENING on ANNOUNCE_RECEIPT_TIMEOUT_EXPIRES
ptp4l[463414.640]: selected local clock 000000.fffe.049f06 as best master
