trying PPS source "/dev/pps0"
found PPS source "/dev/pps0"
ok, found 1 source(s), now start fetching data...
source 0 - assert 1763413835.000008208, sequence: 16694 - clear  0.000000000, sequence: 0
source 0 - assert 1763413836.000003632, sequence: 16695 - clear  0.000000000, sequence: 0
source 0 - assert 1763413837.000004116, sequence: 16696 - clear  0.000000000, sequence: 0
source 0 - assert 1763413838.000004784, sequence: 16697 - clear  0.000000000, sequence: 0
source 0 - assert 1763413839.000003429, sequence: 16698 - clear  0.000000000, sequence: 0
source 0 - assert 1763413840.000007184, sequence: 16699 - clear  0.000000000, sequence: 0
source 0 - assert 1763413841.000008713, sequence: 16700 - clear  0.000000000, sequence: 0
source 0 - assert 1763413842.000007186, sequence: 16701 - clear  0.000000000, sequence: 0
source 0 - assert 1763413843.000005628, sequence: 16702 - clear  0.000000000, sequence: 0
source 0 - assert 1763413844.000005800, sequence: 16703 - clear  0.000000000, sequence: 0
source 0 - assert 1763413845.000004649, sequence: 16704 - clear  0.000000000, sequence: 0
source 0 - assert 1763413846.000007874, sequence: 16705 - clear  0.000000000, sequence: 0
source 0 - assert 1763413847.000009135, sequence: 16706 - clear  0.000000000, sequence: 0
source 0 - assert 1763413848.000004759, sequence: 16707 - clear  0.000000000, sequence: 0
source 0 - assert 1763413849.000006922, sequence: 16708 - clear  0.000000000, sequence: 0
source 0 - assert 1763413850.000005535, sequence: 16709 - clear  0.000000000, sequence: 0
source 0 - assert 1763413851.000005018, sequence: 16710 - clear  0.000000000, sequence: 0
source 0 - assert 1763413852.000007552, sequence: 16711 - clear  0.000000000, sequence: 0
source 0 - assert 1763413853.000006769, sequence: 16712 - clear  0.000000000, sequence: 0
source 0 - assert 1763413854.000006441, sequence: 16713 - clear  0.000000000, sequence: 0
source 0 - assert 1763413855.000004942, sequence: 16714 - clear  0.000000000, sequence: 0
source 0 - assert 1763413856.000005919, sequence: 16715 - clear  0.000000000, sequence: 0
source 0 - assert 1763413857.000010618, sequence: 16716 - clear  0.000000000, sequence: 0
source 0 - assert 1763413858.000007863, sequence: 16717 - clear  0.000000000, sequence: 0
source 0 - assert 1763413859.000006161, sequence: 16718 - clear  0.000000000, sequence: 0
source 0 - assert 1763413860.000005245, sequence: 16719 - clear  0.000000000, sequence: 0
source 0 - assert 1763413861.000012624, sequence: 16720 - clear  0.000000000, sequence: 0
source 0 - assert 1763413862.000008093, sequence: 16721 - clear  0.000000000, sequence: 0
source 0 - assert 1763413863.000009286, sequence: 16722 - clear  0.000000000, sequence: 0
source 0 - assert 1763413864.000004953, sequence: 16723 - clear  0.000000000, sequence: 0
source 0 - assert 1763413865.000005842, sequence: 16724 - clear  0.000000000, sequence: 0
source 0 - assert 1763413866.000006092, sequence: 16725 - clear  0.000000000, sequence: 0
source 0 - assert 1763413867.000011060, sequence: 16726 - clear  0.000000000, sequence: 0
source 0 - assert 1763413868.000007074, sequence: 16727 - clear  0.000000000, sequence: 0
source 0 - assert 1763413869.000005673, sequence: 16728 - clear  0.000000000, sequence: 0
source 0 - assert 1763413870.000010721, sequence: 16729 - clear  0.000000000, sequence: 0
source 0 - assert 1763413871.000001550, sequence: 16730 - clear  0.000000000, sequence: 0
source 0 - assert 1763413872.000009914, sequence: 16731 - clear  0.000000000, sequence: 0
source 0 - assert 1763413873.000008117, sequence: 16732 - clear  0.000000000, sequence: 0
source 0 - assert 1763413874.000009031, sequence: 16733 - clear  0.000000000, sequence: 0
source 0 - assert 1763413875.000009033, sequence: 16734 - clear  0.000000000, sequence: 0
source 0 - assert 1763413876.000004229, sequence: 16735 - clear  0.000000000, sequence: 0
source 0 - assert 1763413877.000008362, sequence: 16736 - clear  0.000000000, sequence: 0
source 0 - assert 1763413878.000009001, sequence: 16737 - clear  0.000000000, sequence: 0
source 0 - assert 1763413879.000007932, sequence: 16738 - clear  0.000000000, sequence: 0
source 0 - assert 1763413880.000010497, sequence: 16739 - clear  0.000000000, sequence: 0
source 0 - assert 1763413881.000008707, sequence: 16740 - clear  0.000000000, sequence: 0
source 0 - assert 1763413882.000005163, sequence: 16741 - clear  0.000000000, sequence: 0
source 0 - assert 1763413883.000005838, sequence: 16742 - clear  0.000000000, sequence: 0
source 0 - assert 1763413884.000008565, sequence: 16743 - clear  0.000000000, sequence: 0
source 0 - assert 1763413885.000009278, sequence: 16744 - clear  0.000000000, sequence: 0
source 0 - assert 1763413886.000008721, sequence: 16745 - clear  0.000000000, sequence: 0
source 0 - assert 1763413887.000003217, sequence: 16746 - clear  0.000000000, sequence: 0
source 0 - assert 1763413888.000007953, sequence: 16747 - clear  0.000000000, sequence: 0
source 0 - assert 1763413889.000003843, sequence: 16748 - clear  0.000000000, sequence: 0
source 0 - assert 1763413890.000011388, sequence: 16749 - clear  0.000000000, sequence: 0
source 0 - assert 1763413891.000006122, sequence: 16750 - clear  0.000000000, sequence: 0
source 0 - assert 1763413892.000011043, sequence: 16751 - clear  0.000000000, sequence: 0
source 0 - assert 1763413893.000009991, sequence: 16752 - clear  0.000000000, sequence: 0
source 0 - assert 1763413894.000007955, sequence: 16753 - clear  0.000000000, sequence: 0
source 0 - assert 1763413895.000005362, sequence: 16754 - clear  0.000000000, sequence: 0
source 0 - assert 1763413896.000007584, sequence: 16755 - clear  0.000000000, sequence: 0
source 0 - assert 1763413897.000006150, sequence: 16756 - clear  0.000000000, sequence: 0
source 0 - assert 1763413898.000010152, sequence: 16757 - clear  0.000000000, sequence: 0
source 0 - assert 1763413899.000006238, sequence: 16758 - clear  0.000000000, sequence: 0
source 0 - assert 1763413900.000003239, sequence: 16759 - clear  0.000000000, sequence: 0
source 0 - assert 1763413901.000007166, sequence: 16760 - clear  0.000000000, sequence: 0
source 0 - assert 1763413902.000005654, sequence: 16761 - clear  0.000000000, sequence: 0
source 0 - assert 1763413903.000009129, sequence: 16762 - clear  0.000000000, sequence: 0
source 0 - assert 1763413904.000006370, sequence: 16763 - clear  0.000000000, sequence: 0
source 0 - assert 1763413905.000007786, sequence: 16764 - clear  0.000000000, sequence: 0
source 0 - assert 1763413906.000008412, sequence: 16765 - clear  0.000000000, sequence: 0
source 0 - assert 1763413907.000006589, sequence: 16766 - clear  0.000000000, sequence: 0
source 0 - assert 1763413908.000008572, sequence: 16767 - clear  0.000000000, sequence: 0
source 0 - assert 1763413909.000003620, sequence: 16768 - clear  0.000000000, sequence: 0
source 0 - assert 1763413910.000006702, sequence: 16769 - clear  0.000000000, sequence: 0
source 0 - assert 1763413911.000008248, sequence: 16770 - clear  0.000000000, sequence: 0
source 0 - assert 1763413912.000007904, sequence: 16771 - clear  0.000000000, sequence: 0
source 0 - assert 1763413913.000005580, sequence: 16772 - clear  0.000000000, sequence: 0
source 0 - assert 1763413914.000006582, sequence: 16773 - clear  0.000000000, sequence: 0
source 0 - assert 1763413915.000007347, sequence: 16774 - clear  0.000000000, sequence: 0
source 0 - assert 1763413916.000007600, sequence: 16775 - clear  0.000000000, sequence: 0
source 0 - assert 1763413917.000005815, sequence: 16776 - clear  0.000000000, sequence: 0
source 0 - assert 1763413918.000007451, sequence: 16777 - clear  0.000000000, sequence: 0
source 0 - assert 1763413919.000005353, sequence: 16778 - clear  0.000000000, sequence: 0
source 0 - assert 1763413920.000008079, sequence: 16779 - clear  0.000000000, sequence: 0
source 0 - assert 1763413921.000005838, sequence: 16780 - clear  0.000000000, sequence: 0
source 0 - assert 1763413922.000008823, sequence: 16781 - clear  0.000000000, sequence: 0
source 0 - assert 1763413923.000009546, sequence: 16782 - clear  0.000000000, sequence: 0
source 0 - assert 1763413924.000004400, sequence: 16783 - clear  0.000000000, sequence: 0
source 0 - assert 1763413925.000008360, sequence: 16784 - clear  0.000000000, sequence: 0
source 0 - assert 1763413926.000008887, sequence: 16785 - clear  0.000000000, sequence: 0
source 0 - assert 1763413927.000005308, sequence: 16786 - clear  0.000000000, sequence: 0
source 0 - assert 1763413928.000002956, sequence: 16787 - clear  0.000000000, sequence: 0
source 0 - assert 1763413929.000010865, sequence: 16788 - clear  0.000000000, sequence: 0
source 0 - assert 1763413930.000009172, sequence: 16789 - clear  0.000000000, sequence: 0
source 0 - assert 1763413931.000009329, sequence: 16790 - clear  0.000000000, sequence: 0
source 0 - assert 1763413932.000006123, sequence: 16791 - clear  0.000000000, sequence: 0
source 0 - assert 1763413933.000008127, sequence: 16792 - clear  0.000000000, sequence: 0
source 0 - assert 1763413934.000010639, sequence: 16793 - clear  0.000000000, sequence: 0
source 0 - assert 1763413935.000010107, sequence: 16794 - clear  0.000000000, sequence: 0
source 0 - assert 1763413936.000005095, sequence: 16795 - clear  0.000000000, sequence: 0
source 0 - assert 1763413937.000006515, sequence: 16796 - clear  0.000000000, sequence: 0
source 0 - assert 1763413938.000005177, sequence: 16797 - clear  0.000000000, sequence: 0
source 0 - assert 1763413939.000006373, sequence: 16798 - clear  0.000000000, sequence: 0
source 0 - assert 1763413940.000007639, sequence: 16799 - clear  0.000000000, sequence: 0
source 0 - assert 1763413941.000010830, sequence: 16800 - clear  0.000000000, sequence: 0
source 0 - assert 1763413942.000007256, sequence: 16801 - clear  0.000000000, sequence: 0
source 0 - assert 1763413943.000007374, sequence: 16802 - clear  0.000000000, sequence: 0
source 0 - assert 1763413944.000009079, sequence: 16803 - clear  0.000000000, sequence: 0
source 0 - assert 1763413945.000008013, sequence: 16804 - clear  0.000000000, sequence: 0
source 0 - assert 1763413946.000007291, sequence: 16805 - clear  0.000000000, sequence: 0
source 0 - assert 1763413947.000009277, sequence: 16806 - clear  0.000000000, sequence: 0
source 0 - assert 1763413948.000006862, sequence: 16807 - clear  0.000000000, sequence: 0
source 0 - assert 1763413949.000007172, sequence: 16808 - clear  0.000000000, sequence: 0
source 0 - assert 1763413950.000004502, sequence: 16809 - clear  0.000000000, sequence: 0
source 0 - assert 1763413951.000009934, sequence: 16810 - clear  0.000000000, sequence: 0
source 0 - assert 1763413952.000012311, sequence: 16811 - clear  0.000000000, sequence: 0
source 0 - assert 1763413953.000008336, sequence: 16812 - clear  0.000000000, sequence: 0
source 0 - assert 1763413954.000007297, sequence: 16813 - clear  0.000000000, sequence: 0
source 0 - assert 1763413955.000005960, sequence: 16814 - clear  0.000000000, sequence: 0
source 0 - assert 1763413956.000006290, sequence: 16815 - clear  0.000000000, sequence: 0
source 0 - assert 1763413957.000009078, sequence: 16816 - clear  0.000000000, sequence: 0
source 0 - assert 1763413958.000005183, sequence: 16817 - clear  0.000000000, sequence: 0
source 0 - assert 1763413959.000004105, sequence: 16818 - clear  0.000000000, sequence: 0
source 0 - assert 1763413960.000004383, sequence: 16819 - clear  0.000000000, sequence: 0
source 0 - assert 1763413961.000004760, sequence: 16820 - clear  0.000000000, sequence: 0
source 0 - assert 1763413962.000009065, sequence: 16821 - clear  0.000000000, sequence: 0
source 0 - assert 1763413963.000008278, sequence: 16822 - clear  0.000000000, sequence: 0
source 0 - assert 1763413964.000008921, sequence: 16823 - clear  0.000000000, sequence: 0
source 0 - assert 1763413965.000005870, sequence: 16824 - clear  0.000000000, sequence: 0
source 0 - assert 1763413966.000003212, sequence: 16825 - clear  0.000000000, sequence: 0
source 0 - assert 1763413967.000009094, sequence: 16826 - clear  0.000000000, sequence: 0
source 0 - assert 1763413968.000008911, sequence: 16827 - clear  0.000000000, sequence: 0
source 0 - assert 1763413969.000005591, sequence: 16828 - clear  0.000000000, sequence: 0
source 0 - assert 1763413970.000006586, sequence: 16829 - clear  0.000000000, sequence: 0
source 0 - assert 1763413971.000008625, sequence: 16830 - clear  0.000000000, sequence: 0
source 0 - assert 1763413972.000006824, sequence: 16831 - clear  0.000000000, sequence: 0
source 0 - assert 1763413973.000005593, sequence: 16832 - clear  0.000000000, sequence: 0
source 0 - assert 1763413974.000005469, sequence: 16833 - clear  0.000000000, sequence: 0
source 0 - assert 1763413975.000006271, sequence: 16834 - clear  0.000000000, sequence: 0
source 0 - assert 1763413976.000008066, sequence: 16835 - clear  0.000000000, sequence: 0
source 0 - assert 1763413977.000002946, sequence: 16836 - clear  0.000000000, sequence: 0
source 0 - assert 1763413978.000006990, sequence: 16837 - clear  0.000000000, sequence: 0
source 0 - assert 1763413979.000009114, sequence: 16838 - clear  0.000000000, sequence: 0
source 0 - assert 1763413980.000007542, sequence: 16839 - clear  0.000000000, sequence: 0
source 0 - assert 1763413981.000007560, sequence: 16840 - clear  0.000000000, sequence: 0
source 0 - assert 1763413982.000009425, sequence: 16841 - clear  0.000000000, sequence: 0
source 0 - assert 1763413983.000005015, sequence: 16842 - clear  0.000000000, sequence: 0
source 0 - assert 1763413984.000010010, sequence: 16843 - clear  0.000000000, sequence: 0
source 0 - assert 1763413985.000007502, sequence: 16844 - clear  0.000000000, sequence: 0
source 0 - assert 1763413986.000003844, sequence: 16845 - clear  0.000000000, sequence: 0
source 0 - assert 1763413987.000004723, sequence: 16846 - clear  0.000000000, sequence: 0
source 0 - assert 1763413988.000006595, sequence: 16847 - clear  0.000000000, sequence: 0
source 0 - assert 1763413989.000009954, sequence: 16848 - clear  0.000000000, sequence: 0
source 0 - assert 1763413990.000007104, sequence: 16849 - clear  0.000000000, sequence: 0
source 0 - assert 1763413991.000003957, sequence: 16850 - clear  0.000000000, sequence: 0
source 0 - assert 1763413992.000005455, sequence: 16851 - clear  0.000000000, sequence: 0
source 0 - assert 1763413993.000008576, sequence: 16852 - clear  0.000000000, sequence: 0
source 0 - assert 1763413994.000006652, sequence: 16853 - clear  0.000000000, sequence: 0
source 0 - assert 1763413995.000009385, sequence: 16854 - clear  0.000000000, sequence: 0
source 0 - assert 1763413996.000008236, sequence: 16855 - clear  0.000000000, sequence: 0
source 0 - assert 1763413997.000000398, sequence: 16856 - clear  0.000000000, sequence: 0
source 0 - assert 1763413998.000008966, sequence: 16857 - clear  0.000000000, sequence: 0
source 0 - assert 1763413999.000007002, sequence: 16858 - clear  0.000000000, sequence: 0
source 0 - assert 1763414000.000010312, sequence: 16859 - clear  0.000000000, sequence: 0
source 0 - assert 1763414001.000005986, sequence: 16860 - clear  0.000000000, sequence: 0
source 0 - assert 1763414002.000005758, sequence: 16861 - clear  0.000000000, sequence: 0
source 0 - assert 1763414003.000010586, sequence: 16862 - clear  0.000000000, sequence: 0
source 0 - assert 1763414004.000003763, sequence: 16863 - clear  0.000000000, sequence: 0
source 0 - assert 1763414005.000007457, sequence: 16864 - clear  0.000000000, sequence: 0
source 0 - assert 1763414006.000009657, sequence: 16865 - clear  0.000000000, sequence: 0
source 0 - assert 1763414007.000007372, sequence: 16866 - clear  0.000000000, sequence: 0
source 0 - assert 1763414008.000005006, sequence: 16867 - clear  0.000000000, sequence: 0
source 0 - assert 1763414009.000002584, sequence: 16868 - clear  0.000000000, sequence: 0
source 0 - assert 1763414010.000005889, sequence: 16869 - clear  0.000000000, sequence: 0
source 0 - assert 1763414011.000009335, sequence: 16870 - clear  0.000000000, sequence: 0
source 0 - assert 1763414012.000006376, sequence: 16871 - clear  0.000000000, sequence: 0
source 0 - assert 1763414013.000008457, sequence: 16872 - clear  0.000000000, sequence: 0
source 0 - assert 1763414014.000005575, sequence: 16873 - clear  0.000000000, sequence: 0
source 0 - assert 1763414015.000006510, sequence: 16874 - clear  0.000000000, sequence: 0
source 0 - assert 1763414016.000005921, sequence: 16875 - clear  0.000000000, sequence: 0
source 0 - assert 1763414017.000008176, sequence: 16876 - clear  0.000000000, sequence: 0
source 0 - assert 1763414018.000005581, sequence: 16877 - clear  0.000000000, sequence: 0
source 0 - assert 1763414019.000002573, sequence: 16878 - clear  0.000000000, sequence: 0
source 0 - assert 1763414020.000005439, sequence: 16879 - clear  0.000000000, sequence: 0
source 0 - assert 1763414021.000004164, sequence: 16880 - clear  0.000000000, sequence: 0
source 0 - assert 1763414022.000010417, sequence: 16881 - clear  0.000000000, sequence: 0
source 0 - assert 1763414023.000007549, sequence: 16882 - clear  0.000000000, sequence: 0
source 0 - assert 1763414024.000003853, sequence: 16883 - clear  0.000000000, sequence: 0
source 0 - assert 1763414025.000005188, sequence: 16884 - clear  0.000000000, sequence: 0
source 0 - assert 1763414026.000007123, sequence: 16885 - clear  0.000000000, sequence: 0
source 0 - assert 1763414027.000008574, sequence: 16886 - clear  0.000000000, sequence: 0
source 0 - assert 1763414028.000010427, sequence: 16887 - clear  0.000000000, sequence: 0
source 0 - assert 1763414029.000006761, sequence: 16888 - clear  0.000000000, sequence: 0
source 0 - assert 1763414030.000006264, sequence: 16889 - clear  0.000000000, sequence: 0
source 0 - assert 1763414031.000006808, sequence: 16890 - clear  0.000000000, sequence: 0
source 0 - assert 1763414032.000008818, sequence: 16891 - clear  0.000000000, sequence: 0
source 0 - assert 1763414033.000006166, sequence: 16892 - clear  0.000000000, sequence: 0
source 0 - assert 1763414034.000010978, sequence: 16893 - clear  0.000000000, sequence: 0
source 0 - assert 1763414035.000006284, sequence: 16894 - clear  0.000000000, sequence: 0
source 0 - assert 1763414036.000005243, sequence: 16895 - clear  0.000000000, sequence: 0
source 0 - assert 1763414037.000007657, sequence: 16896 - clear  0.000000000, sequence: 0
source 0 - assert 1763414038.000002712, sequence: 16897 - clear  0.000000000, sequence: 0
source 0 - assert 1763414039.000009289, sequence: 16898 - clear  0.000000000, sequence: 0
source 0 - assert 1763414040.000003073, sequence: 16899 - clear  0.000000000, sequence: 0
source 0 - assert 1763414041.000009838, sequence: 16900 - clear  0.000000000, sequence: 0
source 0 - assert 1763414042.000009638, sequence: 16901 - clear  0.000000000, sequence: 0
source 0 - assert 1763414043.000008881, sequence: 16902 - clear  0.000000000, sequence: 0
source 0 - assert 1763414044.000009108, sequence: 16903 - clear  0.000000000, sequence: 0
source 0 - assert 1763414045.000008781, sequence: 16904 - clear  0.000000000, sequence: 0
source 0 - assert 1763414046.000006088, sequence: 16905 - clear  0.000000000, sequence: 0
source 0 - assert 1763414047.000008623, sequence: 16906 - clear  0.000000000, sequence: 0
source 0 - assert 1763414048.000006474, sequence: 16907 - clear  0.000000000, sequence: 0
source 0 - assert 1763414049.000007170, sequence: 16908 - clear  0.000000000, sequence: 0
source 0 - assert 1763414050.000009924, sequence: 16909 - clear  0.000000000, sequence: 0
source 0 - assert 1763414051.000008676, sequence: 16910 - clear  0.000000000, sequence: 0
source 0 - assert 1763414052.000009411, sequence: 16911 - clear  0.000000000, sequence: 0
source 0 - assert 1763414053.000008790, sequence: 16912 - clear  0.000000000, sequence: 0
source 0 - assert 1763414054.000006996, sequence: 16913 - clear  0.000000000, sequence: 0
source 0 - assert 1763414055.000012251, sequence: 16914 - clear  0.000000000, sequence: 0
source 0 - assert 1763414056.000007972, sequence: 16915 - clear  0.000000000, sequence: 0
source 0 - assert 1763414057.000005556, sequence: 16916 - clear  0.000000000, sequence: 0
source 0 - assert 1763414058.000010225, sequence: 16917 - clear  0.000000000, sequence: 0
source 0 - assert 1763414059.000006447, sequence: 16918 - clear  0.000000000, sequence: 0
source 0 - assert 1763414060.000013135, sequence: 16919 - clear  0.000000000, sequence: 0
source 0 - assert 1763414061.000005620, sequence: 16920 - clear  0.000000000, sequence: 0
source 0 - assert 1763414062.000005190, sequence: 16921 - clear  0.000000000, sequence: 0
source 0 - assert 1763414063.000007508, sequence: 16922 - clear  0.000000000, sequence: 0
source 0 - assert 1763414064.000006766, sequence: 16923 - clear  0.000000000, sequence: 0
source 0 - assert 1763414065.000011756, sequence: 16924 - clear  0.000000000, sequence: 0
source 0 - assert 1763414066.000008075, sequence: 16925 - clear  0.000000000, sequence: 0
source 0 - assert 1763414067.000002292, sequence: 16926 - clear  0.000000000, sequence: 0
source 0 - assert 1763414068.000005885, sequence: 16927 - clear  0.000000000, sequence: 0
source 0 - assert 1763414069.000006670, sequence: 16928 - clear  0.000000000, sequence: 0
source 0 - assert 1763414070.000004912, sequence: 16929 - clear  0.000000000, sequence: 0
source 0 - assert 1763414071.000007327, sequence: 16930 - clear  0.000000000, sequence: 0
source 0 - assert 1763414072.000008864, sequence: 16931 - clear  0.000000000, sequence: 0
source 0 - assert 1763414073.000012616, sequence: 16932 - clear  0.000000000, sequence: 0
source 0 - assert 1763414074.000006788, sequence: 16933 - clear  0.000000000, sequence: 0
source 0 - assert 1763414075.000004519, sequence: 16934 - clear  0.000000000, sequence: 0
source 0 - assert 1763414076.000006060, sequence: 16935 - clear  0.000000000, sequence: 0
source 0 - assert 1763414077.000009993, sequence: 16936 - clear  0.000000000, sequence: 0
source 0 - assert 1763414078.000007750, sequence: 16937 - clear  0.000000000, sequence: 0
source 0 - assert 1763414079.000005499, sequence: 16938 - clear  0.000000000, sequence: 0
source 0 - assert 1763414080.000008921, sequence: 16939 - clear  0.000000000, sequence: 0
source 0 - assert 1763414081.000004077, sequence: 16940 - clear  0.000000000, sequence: 0
source 0 - assert 1763414082.000006582, sequence: 16941 - clear  0.000000000, sequence: 0
source 0 - assert 1763414083.000007704, sequence: 16942 - clear  0.000000000, sequence: 0
source 0 - assert 1763414084.000005336, sequence: 16943 - clear  0.000000000, sequence: 0
source 0 - assert 1763414085.000008206, sequence: 16944 - clear  0.000000000, sequence: 0
source 0 - assert 1763414086.000006412, sequence: 16945 - clear  0.000000000, sequence: 0
source 0 - assert 1763414087.000005424, sequence: 16946 - clear  0.000000000, sequence: 0
source 0 - assert 1763414088.000009506, sequence: 16947 - clear  0.000000000, sequence: 0
source 0 - assert 1763414089.000007519, sequence: 16948 - clear  0.000000000, sequence: 0
source 0 - assert 1763414090.000007355, sequence: 16949 - clear  0.000000000, sequence: 0
source 0 - assert 1763414091.000007991, sequence: 16950 - clear  0.000000000, sequence: 0
source 0 - assert 1763414092.000004333, sequence: 16951 - clear  0.000000000, sequence: 0
source 0 - assert 1763414093.000007493, sequence: 16952 - clear  0.000000000, sequence: 0
source 0 - assert 1763414094.000008016, sequence: 16953 - clear  0.000000000, sequence: 0
source 0 - assert 1763414095.000008773, sequence: 16954 - clear  0.000000000, sequence: 0
source 0 - assert 1763414096.000010287, sequence: 16955 - clear  0.000000000, sequence: 0
source 0 - assert 1763414097.000005814, sequence: 16956 - clear  0.000000000, sequence: 0
source 0 - assert 1763414098.000009565, sequence: 16957 - clear  0.000000000, sequence: 0
source 0 - assert 1763414099.000008420, sequence: 16958 - clear  0.000000000, sequence: 0
source 0 - assert 1763414100.000005671, sequence: 16959 - clear  0.000000000, sequence: 0
source 0 - assert 1763414101.000007194, sequence: 16960 - clear  0.000000000, sequence: 0
source 0 - assert 1763414102.000008791, sequence: 16961 - clear  0.000000000, sequence: 0
source 0 - assert 1763414103.000011537, sequence: 16962 - clear  0.000000000, sequence: 0
source 0 - assert 1763414104.000008619, sequence: 16963 - clear  0.000000000, sequence: 0
source 0 - assert 1763414105.000005496, sequence: 16964 - clear  0.000000000, sequence: 0
source 0 - assert 1763414106.000007656, sequence: 16965 - clear  0.000000000, sequence: 0
source 0 - assert 1763414107.000010073, sequence: 16966 - clear  0.000000000, sequence: 0
source 0 - assert 1763414108.000008088, sequence: 16967 - clear  0.000000000, sequence: 0
source 0 - assert 1763414109.000006000, sequence: 16968 - clear  0.000000000, sequence: 0
source 0 - assert 1763414110.000009579, sequence: 16969 - clear  0.000000000, sequence: 0
source 0 - assert 1763414111.000005214, sequence: 16970 - clear  0.000000000, sequence: 0
source 0 - assert 1763414112.000005161, sequence: 16971 - clear  0.000000000, sequence: 0
source 0 - assert 1763414113.000001170, sequence: 16972 - clear  0.000000000, sequence: 0
source 0 - assert 1763414114.000008203, sequence: 16973 - clear  0.000000000, sequence: 0
source 0 - assert 1763414115.000007376, sequence: 16974 - clear  0.000000000, sequence: 0
source 0 - assert 1763414116.000010863, sequence: 16975 - clear  0.000000000, sequence: 0
source 0 - assert 1763414117.000011332, sequence: 16976 - clear  0.000000000, sequence: 0
source 0 - assert 1763414118.000006373, sequence: 16977 - clear  0.000000000, sequence: 0
source 0 - assert 1763414119.000005909, sequence: 16978 - clear  0.000000000, sequence: 0
source 0 - assert 1763414120.000006561, sequence: 16979 - clear  0.000000000, sequence: 0
source 0 - assert 1763414121.000007729, sequence: 16980 - clear  0.000000000, sequence: 0
source 0 - assert 1763414122.000007409, sequence: 16981 - clear  0.000000000, sequence: 0
source 0 - assert 1763414123.000006218, sequence: 16982 - clear  0.000000000, sequence: 0
source 0 - assert 1763414124.000009102, sequence: 16983 - clear  0.000000000, sequence: 0
source 0 - assert 1763414125.000010349, sequence: 16984 - clear  0.000000000, sequence: 0
source 0 - assert 1763414126.000005554, sequence: 16985 - clear  0.000000000, sequence: 0
source 0 - assert 1763414127.000009757, sequence: 16986 - clear  0.000000000, sequence: 0
source 0 - assert 1763414128.000009638, sequence: 16987 - clear  0.000000000, sequence: 0
source 0 - assert 1763414129.000008204, sequence: 16988 - clear  0.000000000, sequence: 0
source 0 - assert 1763414130.000007156, sequence: 16989 - clear  0.000000000, sequence: 0
source 0 - assert 1763414131.000008189, sequence: 16990 - clear  0.000000000, sequence: 0
source 0 - assert 1763414132.000008492, sequence: 16991 - clear  0.000000000, sequence: 0
source 0 - assert 1763414133.000010421, sequence: 16992 - clear  0.000000000, sequence: 0
source 0 - assert 1763414134.000007599, sequence: 16993 - clear  0.000000000, sequence: 0
source 0 - assert 1763414135.000003909, sequence: 16994 - clear  0.000000000, sequence: 0
source 0 - assert 1763414136.000009236, sequence: 16995 - clear  0.000000000, sequence: 0
source 0 - assert 1763414137.000005573, sequence: 16996 - clear  0.000000000, sequence: 0
source 0 - assert 1763414138.000006661, sequence: 16997 - clear  0.000000000, sequence: 0
source 0 - assert 1763414139.000007803, sequence: 16998 - clear  0.000000000, sequence: 0
source 0 - assert 1763414140.000004109, sequence: 16999 - clear  0.000000000, sequence: 0
source 0 - assert 1763414141.000006265, sequence: 17000 - clear  0.000000000, sequence: 0
source 0 - assert 1763414142.000007797, sequence: 17001 - clear  0.000000000, sequence: 0
source 0 - assert 1763414143.000010078, sequence: 17002 - clear  0.000000000, sequence: 0
source 0 - assert 1763414144.000007889, sequence: 17003 - clear  0.000000000, sequence: 0
source 0 - assert 1763414145.000008108, sequence: 17004 - clear  0.000000000, sequence: 0
source 0 - assert 1763414146.000001766, sequence: 17005 - clear  0.000000000, sequence: 0
source 0 - assert 1763414147.000006997, sequence: 17006 - clear  0.000000000, sequence: 0
source 0 - assert 1763414148.000004546, sequence: 17007 - clear  0.000000000, sequence: 0
source 0 - assert 1763414149.000009499, sequence: 17008 - clear  0.000000000, sequence: 0
source 0 - assert 1763414150.000014134, sequence: 17009 - clear  0.000000000, sequence: 0
Terminated
