trying PPS source "/dev/pps0"
found PPS source "/dev/pps0"
ok, found 1 source(s), now start fetching data...
source 0 - assert 1763414509.000008242, sequence: 17368 - clear  0.000000000, sequence: 0
source 0 - assert 1763414510.000010778, sequence: 17369 - clear  0.000000000, sequence: 0
source 0 - assert 1763414511.000003177, sequence: 17370 - clear  0.000000000, sequence: 0
source 0 - assert 1763414512.000008860, sequence: 17371 - clear  0.000000000, sequence: 0
source 0 - assert 1763414513.000004993, sequence: 17372 - clear  0.000000000, sequence: 0
source 0 - assert 1763414514.000005538, sequence: 17373 - clear  0.000000000, sequence: 0
source 0 - assert 1763414515.000007964, sequence: 17374 - clear  0.000000000, sequence: 0
source 0 - assert 1763414516.000006338, sequence: 17375 - clear  0.000000000, sequence: 0
source 0 - assert 1763414517.000006001, sequence: 17376 - clear  0.000000000, sequence: 0
source 0 - assert 1763414518.000008707, sequence: 17377 - clear  0.000000000, sequence: 0
source 0 - assert 1763414519.000008879, sequence: 17378 - clear  0.000000000, sequence: 0
source 0 - assert 1763414520.000011326, sequence: 17379 - clear  0.000000000, sequence: 0
source 0 - assert 1763414521.000008406, sequence: 17380 - clear  0.000000000, sequence: 0
source 0 - assert 1763414522.000008697, sequence: 17381 - clear  0.000000000, sequence: 0
source 0 - assert 1763414523.000009896, sequence: 17382 - clear  0.000000000, sequence: 0
source 0 - assert 1763414524.000003905, sequence: 17383 - clear  0.000000000, sequence: 0
source 0 - assert 1763414525.000008624, sequence: 17384 - clear  0.000000000, sequence: 0
source 0 - assert 1763414526.000009096, sequence: 17385 - clear  0.000000000, sequence: 0
source 0 - assert 1763414527.000011674, sequence: 17386 - clear  0.000000000, sequence: 0
source 0 - assert 1763414528.000007363, sequence: 17387 - clear  0.000000000, sequence: 0
source 0 - assert 1763414529.000007514, sequence: 17388 - clear  0.000000000, sequence: 0
source 0 - assert 1763414530.000007433, sequence: 17389 - clear  0.000000000, sequence: 0
source 0 - assert 1763414531.000011964, sequence: 17390 - clear  0.000000000, sequence: 0
source 0 - assert 1763414532.000007436, sequence: 17391 - clear  0.000000000, sequence: 0
source 0 - assert 1763414533.000004137, sequence: 17392 - clear  0.000000000, sequence: 0
source 0 - assert 1763414534.000009152, sequence: 17393 - clear  0.000000000, sequence: 0
source 0 - assert 1763414535.000007111, sequence: 17394 - clear  0.000000000, sequence: 0
source 0 - assert 1763414536.000005168, sequence: 17395 - clear  0.000000000, sequence: 0
source 0 - assert 1763414537.000008069, sequence: 17396 - clear  0.000000000, sequence: 0
source 0 - assert 1763414538.000007236, sequence: 17397 - clear  0.000000000, sequence: 0
source 0 - assert 1763414539.000004303, sequence: 17398 - clear  0.000000000, sequence: 0
source 0 - assert 1763414540.000007583, sequence: 17399 - clear  0.000000000, sequence: 0
source 0 - assert 1763414541.000006587, sequence: 17400 - clear  0.000000000, sequence: 0
source 0 - assert 1763414542.000010169, sequence: 17401 - clear  0.000000000, sequence: 0
source 0 - assert 1763414543.000006451, sequence: 17402 - clear  0.000000000, sequence: 0
source 0 - assert 1763414544.000006745, sequence: 17403 - clear  0.000000000, sequence: 0
source 0 - assert 1763414545.000005825, sequence: 17404 - clear  0.000000000, sequence: 0
source 0 - assert 1763414546.000007898, sequence: 17405 - clear  0.000000000, sequence: 0
source 0 - assert 1763414547.000004334, sequence: 17406 - clear  0.000000000, sequence: 0
source 0 - assert 1763414548.000010404, sequence: 17407 - clear  0.000000000, sequence: 0
source 0 - assert 1763414549.000006365, sequence: 17408 - clear  0.000000000, sequence: 0
source 0 - assert 1763414550.000007981, sequence: 17409 - clear  0.000000000, sequence: 0
source 0 - assert 1763414551.000007900, sequence: 17410 - clear  0.000000000, sequence: 0
source 0 - assert 1763414552.000004122, sequence: 17411 - clear  0.000000000, sequence: 0
source 0 - assert 1763414553.000009625, sequence: 17412 - clear  0.000000000, sequence: 0
source 0 - assert 1763414554.000009793, sequence: 17413 - clear  0.000000000, sequence: 0
source 0 - assert 1763414555.000003752, sequence: 17414 - clear  0.000000000, sequence: 0
source 0 - assert 1763414556.000008166, sequence: 17415 - clear  0.000000000, sequence: 0
source 0 - assert 1763414557.000012487, sequence: 17416 - clear  0.000000000, sequence: 0
source 0 - assert 1763414558.000007166, sequence: 17417 - clear  0.000000000, sequence: 0
source 0 - assert 1763414559.000008595, sequence: 17418 - clear  0.000000000, sequence: 0
source 0 - assert 1763414560.000007619, sequence: 17419 - clear  0.000000000, sequence: 0
source 0 - assert 1763414561.000007090, sequence: 17420 - clear  0.000000000, sequence: 0
source 0 - assert 1763414562.000003682, sequence: 17421 - clear  0.000000000, sequence: 0
source 0 - assert 1763414563.000006481, sequence: 17422 - clear  0.000000000, sequence: 0
source 0 - assert 1763414564.000009136, sequence: 17423 - clear  0.000000000, sequence: 0
source 0 - assert 1763414565.000004316, sequence: 17424 - clear  0.000000000, sequence: 0
source 0 - assert 1763414566.000008015, sequence: 17425 - clear  0.000000000, sequence: 0
source 0 - assert 1763414567.000007498, sequence: 17426 - clear  0.000000000, sequence: 0
source 0 - assert 1763414568.000007278, sequence: 17427 - clear  0.000000000, sequence: 0
source 0 - assert 1763414569.000004571, sequence: 17428 - clear  0.000000000, sequence: 0
source 0 - assert 1763414570.000009739, sequence: 17429 - clear  0.000000000, sequence: 0
source 0 - assert 1763414571.000006373, sequence: 17430 - clear  0.000000000, sequence: 0
source 0 - assert 1763414572.000007470, sequence: 17431 - clear  0.000000000, sequence: 0
source 0 - assert 1763414573.000006463, sequence: 17432 - clear  0.000000000, sequence: 0
source 0 - assert 1763414574.000007449, sequence: 17433 - clear  0.000000000, sequence: 0
source 0 - assert 1763414575.000009314, sequence: 17434 - clear  0.000000000, sequence: 0
source 0 - assert 1763414576.000007529, sequence: 17435 - clear  0.000000000, sequence: 0
source 0 - assert 1763414577.000006343, sequence: 17436 - clear  0.000000000, sequence: 0
source 0 - assert 1763414578.000005100, sequence: 17437 - clear  0.000000000, sequence: 0
source 0 - assert 1763414579.000003671, sequence: 17438 - clear  0.000000000, sequence: 0
source 0 - assert 1763414580.000007483, sequence: 17439 - clear  0.000000000, sequence: 0
source 0 - assert 1763414581.000006524, sequence: 17440 - clear  0.000000000, sequence: 0
source 0 - assert 1763414582.000008341, sequence: 17441 - clear  0.000000000, sequence: 0
source 0 - assert 1763414583.000004731, sequence: 17442 - clear  0.000000000, sequence: 0
source 0 - assert 1763414584.000008267, sequence: 17443 - clear  0.000000000, sequence: 0
source 0 - assert 1763414585.000004668, sequence: 17444 - clear  0.000000000, sequence: 0
source 0 - assert 1763414586.000006645, sequence: 17445 - clear  0.000000000, sequence: 0
source 0 - assert 1763414587.000011910, sequence: 17446 - clear  0.000000000, sequence: 0
source 0 - assert 1763414588.000002221, sequence: 17447 - clear  0.000000000, sequence: 0
source 0 - assert 1763414589.000005755, sequence: 17448 - clear  0.000000000, sequence: 0
source 0 - assert 1763414590.000007739, sequence: 17449 - clear  0.000000000, sequence: 0
source 0 - assert 1763414591.000004915, sequence: 17450 - clear  0.000000000, sequence: 0
source 0 - assert 1763414592.000010224, sequence: 17451 - clear  0.000000000, sequence: 0
source 0 - assert 1763414593.000003098, sequence: 17452 - clear  0.000000000, sequence: 0
source 0 - assert 1763414594.000006333, sequence: 17453 - clear  0.000000000, sequence: 0
source 0 - assert 1763414595.000005989, sequence: 17454 - clear  0.000000000, sequence: 0
source 0 - assert 1763414596.000005807, sequence: 17455 - clear  0.000000000, sequence: 0
source 0 - assert 1763414597.000008030, sequence: 17456 - clear  0.000000000, sequence: 0
source 0 - assert 1763414598.000005111, sequence: 17457 - clear  0.000000000, sequence: 0
source 0 - assert 1763414599.000010109, sequence: 17458 - clear  0.000000000, sequence: 0
source 0 - assert 1763414600.000012452, sequence: 17459 - clear  0.000000000, sequence: 0
source 0 - assert 1763414601.000004954, sequence: 17460 - clear  0.000000000, sequence: 0
source 0 - assert 1763414602.000008163, sequence: 17461 - clear  0.000000000, sequence: 0
source 0 - assert 1763414603.000009794, sequence: 17462 - clear  0.000000000, sequence: 0
source 0 - assert 1763414604.000007048, sequence: 17463 - clear  0.000000000, sequence: 0
source 0 - assert 1763414605.000009221, sequence: 17464 - clear  0.000000000, sequence: 0
source 0 - assert 1763414606.000007800, sequence: 17465 - clear  0.000000000, sequence: 0
source 0 - assert 1763414607.000005911, sequence: 17466 - clear  0.000000000, sequence: 0
source 0 - assert 1763414608.000010583, sequence: 17467 - clear  0.000000000, sequence: 0
source 0 - assert 1763414609.000006227, sequence: 17468 - clear  0.000000000, sequence: 0
source 0 - assert 1763414610.000007015, sequence: 17469 - clear  0.000000000, sequence: 0
source 0 - assert 1763414611.000008558, sequence: 17470 - clear  0.000000000, sequence: 0
source 0 - assert 1763414612.000006983, sequence: 17471 - clear  0.000000000, sequence: 0
source 0 - assert 1763414613.000001595, sequence: 17472 - clear  0.000000000, sequence: 0
source 0 - assert 1763414614.000009464, sequence: 17473 - clear  0.000000000, sequence: 0
source 0 - assert 1763414615.000008749, sequence: 17474 - clear  0.000000000, sequence: 0
source 0 - assert 1763414616.000003864, sequence: 17475 - clear  0.000000000, sequence: 0
source 0 - assert 1763414617.000007638, sequence: 17476 - clear  0.000000000, sequence: 0
source 0 - assert 1763414618.000010802, sequence: 17477 - clear  0.000000000, sequence: 0
source 0 - assert 1763414619.000009442, sequence: 17478 - clear  0.000000000, sequence: 0
source 0 - assert 1763414620.000008871, sequence: 17479 - clear  0.000000000, sequence: 0
source 0 - assert 1763414621.000004349, sequence: 17480 - clear  0.000000000, sequence: 0
source 0 - assert 1763414622.000006894, sequence: 17481 - clear  0.000000000, sequence: 0
source 0 - assert 1763414623.000003014, sequence: 17482 - clear  0.000000000, sequence: 0
source 0 - assert 1763414624.000003584, sequence: 17483 - clear  0.000000000, sequence: 0
source 0 - assert 1763414625.000009833, sequence: 17484 - clear  0.000000000, sequence: 0
source 0 - assert 1763414626.000003248, sequence: 17485 - clear  0.000000000, sequence: 0
source 0 - assert 1763414627.000008044, sequence: 17486 - clear  0.000000000, sequence: 0
source 0 - assert 1763414628.000005351, sequence: 17487 - clear  0.000000000, sequence: 0
source 0 - assert 1763414629.000001605, sequence: 17488 - clear  0.000000000, sequence: 0
source 0 - assert 1763414630.000011378, sequence: 17489 - clear  0.000000000, sequence: 0
source 0 - assert 1763414631.000008029, sequence: 17490 - clear  0.000000000, sequence: 0
source 0 - assert 1763414632.000002449, sequence: 17491 - clear  0.000000000, sequence: 0
source 0 - assert 1763414633.000004400, sequence: 17492 - clear  0.000000000, sequence: 0
source 0 - assert 1763414634.000005379, sequence: 17493 - clear  0.000000000, sequence: 0
source 0 - assert 1763414635.000008467, sequence: 17494 - clear  0.000000000, sequence: 0
source 0 - assert 1763414636.000009375, sequence: 17495 - clear  0.000000000, sequence: 0
source 0 - assert 1763414637.000006321, sequence: 17496 - clear  0.000000000, sequence: 0
source 0 - assert 1763414638.000008123, sequence: 17497 - clear  0.000000000, sequence: 0
source 0 - assert 1763414639.000003547, sequence: 17498 - clear  0.000000000, sequence: 0
source 0 - assert 1763414640.000005841, sequence: 17499 - clear  0.000000000, sequence: 0
source 0 - assert 1763414641.000010551, sequence: 17500 - clear  0.000000000, sequence: 0
source 0 - assert 1763414642.000008248, sequence: 17501 - clear  0.000000000, sequence: 0
source 0 - assert 1763414643.000005064, sequence: 17502 - clear  0.000000000, sequence: 0
source 0 - assert 1763414644.000005931, sequence: 17503 - clear  0.000000000, sequence: 0
source 0 - assert 1763414645.000005395, sequence: 17504 - clear  0.000000000, sequence: 0
source 0 - assert 1763414646.000008625, sequence: 17505 - clear  0.000000000, sequence: 0
source 0 - assert 1763414647.000009836, sequence: 17506 - clear  0.000000000, sequence: 0
source 0 - assert 1763414648.000009993, sequence: 17507 - clear  0.000000000, sequence: 0
source 0 - assert 1763414649.000005029, sequence: 17508 - clear  0.000000000, sequence: 0
source 0 - assert 1763414650.000005293, sequence: 17509 - clear  0.000000000, sequence: 0
source 0 - assert 1763414651.000008510, sequence: 17510 - clear  0.000000000, sequence: 0
source 0 - assert 1763414652.000010008, sequence: 17511 - clear  0.000000000, sequence: 0
source 0 - assert 1763414653.000005592, sequence: 17512 - clear  0.000000000, sequence: 0
source 0 - assert 1763414654.000003801, sequence: 17513 - clear  0.000000000, sequence: 0
source 0 - assert 1763414655.000006040, sequence: 17514 - clear  0.000000000, sequence: 0
source 0 - assert 1763414656.000004744, sequence: 17515 - clear  0.000000000, sequence: 0
source 0 - assert 1763414657.000012993, sequence: 17516 - clear  0.000000000, sequence: 0
source 0 - assert 1763414658.000005091, sequence: 17517 - clear  0.000000000, sequence: 0
source 0 - assert 1763414659.000007375, sequence: 17518 - clear  0.000000000, sequence: 0
source 0 - assert 1763414660.000007250, sequence: 17519 - clear  0.000000000, sequence: 0
source 0 - assert 1763414661.000006209, sequence: 17520 - clear  0.000000000, sequence: 0
source 0 - assert 1763414662.000008963, sequence: 17521 - clear  0.000000000, sequence: 0
source 0 - assert 1763414663.000009428, sequence: 17522 - clear  0.000000000, sequence: 0
source 0 - assert 1763414664.000003493, sequence: 17523 - clear  0.000000000, sequence: 0
source 0 - assert 1763414665.000005315, sequence: 17524 - clear  0.000000000, sequence: 0
source 0 - assert 1763414666.000008411, sequence: 17525 - clear  0.000000000, sequence: 0
source 0 - assert 1763414667.000009879, sequence: 17526 - clear  0.000000000, sequence: 0
source 0 - assert 1763414668.000007470, sequence: 17527 - clear  0.000000000, sequence: 0
source 0 - assert 1763414669.000011380, sequence: 17528 - clear  0.000000000, sequence: 0
source 0 - assert 1763414670.000002330, sequence: 17529 - clear  0.000000000, sequence: 0
source 0 - assert 1763414671.000007379, sequence: 17530 - clear  0.000000000, sequence: 0
source 0 - assert 1763414672.000007269, sequence: 17531 - clear  0.000000000, sequence: 0
source 0 - assert 1763414673.000008635, sequence: 17532 - clear  0.000000000, sequence: 0
source 0 - assert 1763414674.000008511, sequence: 17533 - clear  0.000000000, sequence: 0
source 0 - assert 1763414675.000006102, sequence: 17534 - clear  0.000000000, sequence: 0
source 0 - assert 1763414676.000007841, sequence: 17535 - clear  0.000000000, sequence: 0
source 0 - assert 1763414677.000009362, sequence: 17536 - clear  0.000000000, sequence: 0
source 0 - assert 1763414678.000008532, sequence: 17537 - clear  0.000000000, sequence: 0
source 0 - assert 1763414679.000004460, sequence: 17538 - clear  0.000000000, sequence: 0
source 0 - assert 1763414680.000008153, sequence: 17539 - clear  0.000000000, sequence: 0
source 0 - assert 1763414681.000005436, sequence: 17540 - clear  0.000000000, sequence: 0
source 0 - assert 1763414682.000007902, sequence: 17541 - clear  0.000000000, sequence: 0
source 0 - assert 1763414683.000003271, sequence: 17542 - clear  0.000000000, sequence: 0
source 0 - assert 1763414684.000004628, sequence: 17543 - clear  0.000000000, sequence: 0
source 0 - assert 1763414685.000006706, sequence: 17544 - clear  0.000000000, sequence: 0
source 0 - assert 1763414686.000004528, sequence: 17545 - clear  0.000000000, sequence: 0
source 0 - assert 1763414687.000008584, sequence: 17546 - clear  0.000000000, sequence: 0
source 0 - assert 1763414688.000008055, sequence: 17547 - clear  0.000000000, sequence: 0
source 0 - assert 1763414689.000005463, sequence: 17548 - clear  0.000000000, sequence: 0
source 0 - assert 1763414690.000007300, sequence: 17549 - clear  0.000000000, sequence: 0
source 0 - assert 1763414691.000005583, sequence: 17550 - clear  0.000000000, sequence: 0
source 0 - assert 1763414692.000005373, sequence: 17551 - clear  0.000000000, sequence: 0
source 0 - assert 1763414693.000008538, sequence: 17552 - clear  0.000000000, sequence: 0
source 0 - assert 1763414694.000007377, sequence: 17553 - clear  0.000000000, sequence: 0
source 0 - assert 1763414695.000003762, sequence: 17554 - clear  0.000000000, sequence: 0
source 0 - assert 1763414696.000009130, sequence: 17555 - clear  0.000000000, sequence: 0
source 0 - assert 1763414697.000006580, sequence: 17556 - clear  0.000000000, sequence: 0
source 0 - assert 1763414698.000007659, sequence: 17557 - clear  0.000000000, sequence: 0
source 0 - assert 1763414699.000008463, sequence: 17558 - clear  0.000000000, sequence: 0
source 0 - assert 1763414700.000005415, sequence: 17559 - clear  0.000000000, sequence: 0
source 0 - assert 1763414701.000007253, sequence: 17560 - clear  0.000000000, sequence: 0
source 0 - assert 1763414702.000010507, sequence: 17561 - clear  0.000000000, sequence: 0
source 0 - assert 1763414703.000003503, sequence: 17562 - clear  0.000000000, sequence: 0
source 0 - assert 1763414704.000007272, sequence: 17563 - clear  0.000000000, sequence: 0
source 0 - assert 1763414705.000004979, sequence: 17564 - clear  0.000000000, sequence: 0
source 0 - assert 1763414706.000001923, sequence: 17565 - clear  0.000000000, sequence: 0
source 0 - assert 1763414707.000007941, sequence: 17566 - clear  0.000000000, sequence: 0
source 0 - assert 1763414708.000010449, sequence: 17567 - clear  0.000000000, sequence: 0
source 0 - assert 1763414709.000009829, sequence: 17568 - clear  0.000000000, sequence: 0
source 0 - assert 1763414710.000008423, sequence: 17569 - clear  0.000000000, sequence: 0
source 0 - assert 1763414711.000006650, sequence: 17570 - clear  0.000000000, sequence: 0
source 0 - assert 1763414712.000003014, sequence: 17571 - clear  0.000000000, sequence: 0
source 0 - assert 1763414713.000009689, sequence: 17572 - clear  0.000000000, sequence: 0
source 0 - assert 1763414714.000006818, sequence: 17573 - clear  0.000000000, sequence: 0
source 0 - assert 1763414715.000004995, sequence: 17574 - clear  0.000000000, sequence: 0
source 0 - assert 1763414716.000004950, sequence: 17575 - clear  0.000000000, sequence: 0
source 0 - assert 1763414717.000008161, sequence: 17576 - clear  0.000000000, sequence: 0
source 0 - assert 1763414718.000010534, sequence: 17577 - clear  0.000000000, sequence: 0
source 0 - assert 1763414719.000009878, sequence: 17578 - clear  0.000000000, sequence: 0
source 0 - assert 1763414720.000011108, sequence: 17579 - clear  0.000000000, sequence: 0
source 0 - assert 1763414721.000004144, sequence: 17580 - clear  0.000000000, sequence: 0
source 0 - assert 1763414722.000007844, sequence: 17581 - clear  0.000000000, sequence: 0
source 0 - assert 1763414723.000008462, sequence: 17582 - clear  0.000000000, sequence: 0
source 0 - assert 1763414724.000010749, sequence: 17583 - clear  0.000000000, sequence: 0
source 0 - assert 1763414725.000008487, sequence: 17584 - clear  0.000000000, sequence: 0
source 0 - assert 1763414726.000008738, sequence: 17585 - clear  0.000000000, sequence: 0
source 0 - assert 1763414727.000005168, sequence: 17586 - clear  0.000000000, sequence: 0
source 0 - assert 1763414728.000005419, sequence: 17587 - clear  0.000000000, sequence: 0
source 0 - assert 1763414729.000010528, sequence: 17588 - clear  0.000000000, sequence: 0
source 0 - assert 1763414730.000009162, sequence: 17589 - clear  0.000000000, sequence: 0
source 0 - assert 1763414731.000006632, sequence: 17590 - clear  0.000000000, sequence: 0
source 0 - assert 1763414732.000006137, sequence: 17591 - clear  0.000000000, sequence: 0
source 0 - assert 1763414733.000005556, sequence: 17592 - clear  0.000000000, sequence: 0
source 0 - assert 1763414734.000006208, sequence: 17593 - clear  0.000000000, sequence: 0
source 0 - assert 1763414735.000009705, sequence: 17594 - clear  0.000000000, sequence: 0
source 0 - assert 1763414736.000009119, sequence: 17595 - clear  0.000000000, sequence: 0
source 0 - assert 1763414737.000008448, sequence: 17596 - clear  0.000000000, sequence: 0
source 0 - assert 1763414738.000001704, sequence: 17597 - clear  0.000000000, sequence: 0
source 0 - assert 1763414739.000011785, sequence: 17598 - clear  0.000000000, sequence: 0
source 0 - assert 1763414740.000008828, sequence: 17599 - clear  0.000000000, sequence: 0
source 0 - assert 1763414741.000005702, sequence: 17600 - clear  0.000000000, sequence: 0
source 0 - assert 1763414742.000005360, sequence: 17601 - clear  0.000000000, sequence: 0
source 0 - assert 1763414743.000005732, sequence: 17602 - clear  0.000000000, sequence: 0
source 0 - assert 1763414744.000006839, sequence: 17603 - clear  0.000000000, sequence: 0
source 0 - assert 1763414745.000006309, sequence: 17604 - clear  0.000000000, sequence: 0
source 0 - assert 1763414746.000011339, sequence: 17605 - clear  0.000000000, sequence: 0
source 0 - assert 1763414747.000007627, sequence: 17606 - clear  0.000000000, sequence: 0
source 0 - assert 1763414748.000007081, sequence: 17607 - clear  0.000000000, sequence: 0
source 0 - assert 1763414749.000005829, sequence: 17608 - clear  0.000000000, sequence: 0
source 0 - assert 1763414750.000007999, sequence: 17609 - clear  0.000000000, sequence: 0
source 0 - assert 1763414751.000007418, sequence: 17610 - clear  0.000000000, sequence: 0
source 0 - assert 1763414752.000006794, sequence: 17611 - clear  0.000000000, sequence: 0
source 0 - assert 1763414753.000008851, sequence: 17612 - clear  0.000000000, sequence: 0
source 0 - assert 1763414754.000005469, sequence: 17613 - clear  0.000000000, sequence: 0
source 0 - assert 1763414755.000009374, sequence: 17614 - clear  0.000000000, sequence: 0
source 0 - assert 1763414756.000003954, sequence: 17615 - clear  0.000000000, sequence: 0
source 0 - assert 1763414757.000012739, sequence: 17616 - clear  0.000000000, sequence: 0
source 0 - assert 1763414758.000005867, sequence: 17617 - clear  0.000000000, sequence: 0
source 0 - assert 1763414759.000005640, sequence: 17618 - clear  0.000000000, sequence: 0
source 0 - assert 1763414760.000012325, sequence: 17619 - clear  0.000000000, sequence: 0
source 0 - assert 1763414761.000003316, sequence: 17620 - clear  0.000000000, sequence: 0
source 0 - assert 1763414762.000009995, sequence: 17621 - clear  0.000000000, sequence: 0
source 0 - assert 1763414763.000008418, sequence: 17622 - clear  0.000000000, sequence: 0
source 0 - assert 1763414764.000006335, sequence: 17623 - clear  0.000000000, sequence: 0
source 0 - assert 1763414765.000009762, sequence: 17624 - clear  0.000000000, sequence: 0
source 0 - assert 1763414766.000008128, sequence: 17625 - clear  0.000000000, sequence: 0
source 0 - assert 1763414767.000007156, sequence: 17626 - clear  0.000000000, sequence: 0
source 0 - assert 1763414768.000008609, sequence: 17627 - clear  0.000000000, sequence: 0
source 0 - assert 1763414769.000010617, sequence: 17628 - clear  0.000000000, sequence: 0
source 0 - assert 1763414770.000007789, sequence: 17629 - clear  0.000000000, sequence: 0
source 0 - assert 1763414771.000006034, sequence: 17630 - clear  0.000000000, sequence: 0
source 0 - assert 1763414772.000006994, sequence: 17631 - clear  0.000000000, sequence: 0
source 0 - assert 1763414773.000007961, sequence: 17632 - clear  0.000000000, sequence: 0
source 0 - assert 1763414774.000007581, sequence: 17633 - clear  0.000000000, sequence: 0
source 0 - assert 1763414775.000007033, sequence: 17634 - clear  0.000000000, sequence: 0
source 0 - assert 1763414776.000005334, sequence: 17635 - clear  0.000000000, sequence: 0
source 0 - assert 1763414777.000002887, sequence: 17636 - clear  0.000000000, sequence: 0
source 0 - assert 1763414778.000007637, sequence: 17637 - clear  0.000000000, sequence: 0
source 0 - assert 1763414779.000008499, sequence: 17638 - clear  0.000000000, sequence: 0
source 0 - assert 1763414780.000009086, sequence: 17639 - clear  0.000000000, sequence: 0
source 0 - assert 1763414781.000002653, sequence: 17640 - clear  0.000000000, sequence: 0
source 0 - assert 1763414782.000007066, sequence: 17641 - clear  0.000000000, sequence: 0
source 0 - assert 1763414783.000006076, sequence: 17642 - clear  0.000000000, sequence: 0
source 0 - assert 1763414784.000009613, sequence: 17643 - clear  0.000000000, sequence: 0
source 0 - assert 1763414785.000005623, sequence: 17644 - clear  0.000000000, sequence: 0
source 0 - assert 1763414786.000006129, sequence: 17645 - clear  0.000000000, sequence: 0
source 0 - assert 1763414787.000005501, sequence: 17646 - clear  0.000000000, sequence: 0
source 0 - assert 1763414788.000007713, sequence: 17647 - clear  0.000000000, sequence: 0
source 0 - assert 1763414789.000011381, sequence: 17648 - clear  0.000000000, sequence: 0
source 0 - assert 1763414790.000008753, sequence: 17649 - clear  0.000000000, sequence: 0
source 0 - assert 1763414791.000004028, sequence: 17650 - clear  0.000000000, sequence: 0
source 0 - assert 1763414792.000006237, sequence: 17651 - clear  0.000000000, sequence: 0
source 0 - assert 1763414793.000002822, sequence: 17652 - clear  0.000000000, sequence: 0
source 0 - assert 1763414794.000005085, sequence: 17653 - clear  0.000000000, sequence: 0
source 0 - assert 1763414795.000007599, sequence: 17654 - clear  0.000000000, sequence: 0
source 0 - assert 1763414796.000004844, sequence: 17655 - clear  0.000000000, sequence: 0
source 0 - assert 1763414797.000002708, sequence: 17656 - clear  0.000000000, sequence: 0
source 0 - assert 1763414798.000004460, sequence: 17657 - clear  0.000000000, sequence: 0
source 0 - assert 1763414799.000009873, sequence: 17658 - clear  0.000000000, sequence: 0
source 0 - assert 1763414800.000010074, sequence: 17659 - clear  0.000000000, sequence: 0
source 0 - assert 1763414801.000007365, sequence: 17660 - clear  0.000000000, sequence: 0
source 0 - assert 1763414802.000006497, sequence: 17661 - clear  0.000000000, sequence: 0
source 0 - assert 1763414803.000007120, sequence: 17662 - clear  0.000000000, sequence: 0
source 0 - assert 1763414804.000008783, sequence: 17663 - clear  0.000000000, sequence: 0
source 0 - assert 1763414805.000004286, sequence: 17664 - clear  0.000000000, sequence: 0
source 0 - assert 1763414806.000012551, sequence: 17665 - clear  0.000000000, sequence: 0
source 0 - assert 1763414807.000006005, sequence: 17666 - clear  0.000000000, sequence: 0
source 0 - assert 1763414808.000004954, sequence: 17667 - clear  0.000000000, sequence: 0
source 0 - assert 1763414809.000006996, sequence: 17668 - clear  0.000000000, sequence: 0
source 0 - assert 1763414810.000008879, sequence: 17669 - clear  0.000000000, sequence: 0
source 0 - assert 1763414811.000007046, sequence: 17670 - clear  0.000000000, sequence: 0
source 0 - assert 1763414812.000008586, sequence: 17671 - clear  0.000000000, sequence: 0
source 0 - assert 1763414813.000004292, sequence: 17672 - clear  0.000000000, sequence: 0
source 0 - assert 1763414814.000006119, sequence: 17673 - clear  0.000000000, sequence: 0
source 0 - assert 1763414815.000008456, sequence: 17674 - clear  0.000000000, sequence: 0
source 0 - assert 1763414816.000007963, sequence: 17675 - clear  0.000000000, sequence: 0
source 0 - assert 1763414817.000009827, sequence: 17676 - clear  0.000000000, sequence: 0
source 0 - assert 1763414818.000007989, sequence: 17677 - clear  0.000000000, sequence: 0
source 0 - assert 1763414819.000006843, sequence: 17678 - clear  0.000000000, sequence: 0
source 0 - assert 1763414820.000005549, sequence: 17679 - clear  0.000000000, sequence: 0
source 0 - assert 1763414821.000003614, sequence: 17680 - clear  0.000000000, sequence: 0
source 0 - assert 1763414822.000008203, sequence: 17681 - clear  0.000000000, sequence: 0
source 0 - assert 1763414823.000008912, sequence: 17682 - clear  0.000000000, sequence: 0
source 0 - assert 1763414824.000005834, sequence: 17683 - clear  0.000000000, sequence: 0
source 0 - assert 1763414825.000007806, sequence: 17684 - clear  0.000000000, sequence: 0
source 0 - assert 1763414826.000003963, sequence: 17685 - clear  0.000000000, sequence: 0
Terminated
