trying PPS source "/dev/pps0"
found PPS source "/dev/pps0"
ok, found 1 source(s), now start fetching data...
source 0 - assert 1763415838.000009553, sequence: 18697 - clear  0.000000000, sequence: 0
source 0 - assert 1763415839.000007611, sequence: 18698 - clear  0.000000000, sequence: 0
source 0 - assert 1763415840.000009830, sequence: 18699 - clear  0.000000000, sequence: 0
source 0 - assert 1763415841.000005540, sequence: 18700 - clear  0.000000000, sequence: 0
source 0 - assert 1763415842.000009261, sequence: 18701 - clear  0.000000000, sequence: 0
source 0 - assert 1763415843.000009308, sequence: 18702 - clear  0.000000000, sequence: 0
source 0 - assert 1763415844.000012189, sequence: 18703 - clear  0.000000000, sequence: 0
source 0 - assert 1763415845.000008281, sequence: 18704 - clear  0.000000000, sequence: 0
source 0 - assert 1763415846.000005034, sequence: 18705 - clear  0.000000000, sequence: 0
source 0 - assert 1763415847.000008383, sequence: 18706 - clear  0.000000000, sequence: 0
source 0 - assert 1763415848.000006094, sequence: 18707 - clear  0.000000000, sequence: 0
source 0 - assert 1763415849.000009233, sequence: 18708 - clear  0.000000000, sequence: 0
source 0 - assert 1763415850.000005836, sequence: 18709 - clear  0.000000000, sequence: 0
source 0 - assert 1763415851.000006706, sequence: 18710 - clear  0.000000000, sequence: 0
source 0 - assert 1763415852.000008109, sequence: 18711 - clear  0.000000000, sequence: 0
source 0 - assert 1763415853.000008516, sequence: 18712 - clear  0.000000000, sequence: 0
source 0 - assert 1763415854.000010378, sequence: 18713 - clear  0.000000000, sequence: 0
source 0 - assert 1763415855.000006856, sequence: 18714 - clear  0.000000000, sequence: 0
source 0 - assert 1763415856.000005860, sequence: 18715 - clear  0.000000000, sequence: 0
source 0 - assert 1763415857.000006229, sequence: 18716 - clear  0.000000000, sequence: 0
source 0 - assert 1763415858.000009805, sequence: 18717 - clear  0.000000000, sequence: 0
source 0 - assert 1763415859.000007385, sequence: 18718 - clear  0.000000000, sequence: 0
source 0 - assert 1763415860.000009433, sequence: 18719 - clear  0.000000000, sequence: 0
source 0 - assert 1763415861.000008168, sequence: 18720 - clear  0.000000000, sequence: 0
source 0 - assert 1763415862.000006406, sequence: 18721 - clear  0.000000000, sequence: 0
source 0 - assert 1763415863.000004229, sequence: 18722 - clear  0.000000000, sequence: 0
source 0 - assert 1763415864.000006242, sequence: 18723 - clear  0.000000000, sequence: 0
source 0 - assert 1763415865.000005085, sequence: 18724 - clear  0.000000000, sequence: 0
source 0 - assert 1763415866.000010538, sequence: 18725 - clear  0.000000000, sequence: 0
source 0 - assert 1763415867.000009711, sequence: 18726 - clear  0.000000000, sequence: 0
source 0 - assert 1763415868.000011230, sequence: 18727 - clear  0.000000000, sequence: 0
source 0 - assert 1763415869.000010975, sequence: 18728 - clear  0.000000000, sequence: 0
source 0 - assert 1763415870.000005525, sequence: 18729 - clear  0.000000000, sequence: 0
source 0 - assert 1763415871.000009125, sequence: 18730 - clear  0.000000000, sequence: 0
source 0 - assert 1763415872.000008913, sequence: 18731 - clear  0.000000000, sequence: 0
source 0 - assert 1763415873.000004441, sequence: 18732 - clear  0.000000000, sequence: 0
source 0 - assert 1763415874.000008075, sequence: 18733 - clear  0.000000000, sequence: 0
source 0 - assert 1763415875.000007013, sequence: 18734 - clear  0.000000000, sequence: 0
source 0 - assert 1763415876.000012803, sequence: 18735 - clear  0.000000000, sequence: 0
source 0 - assert 1763415877.000008762, sequence: 18736 - clear  0.000000000, sequence: 0
source 0 - assert 1763415878.000007100, sequence: 18737 - clear  0.000000000, sequence: 0
source 0 - assert 1763415879.000006557, sequence: 18738 - clear  0.000000000, sequence: 0
source 0 - assert 1763415880.000004960, sequence: 18739 - clear  0.000000000, sequence: 0
source 0 - assert 1763415881.000008407, sequence: 18740 - clear  0.000000000, sequence: 0
source 0 - assert 1763415882.000008623, sequence: 18741 - clear  0.000000000, sequence: 0
source 0 - assert 1763415883.000007425, sequence: 18742 - clear  0.000000000, sequence: 0
source 0 - assert 1763415884.000007041, sequence: 18743 - clear  0.000000000, sequence: 0
source 0 - assert 1763415885.000009253, sequence: 18744 - clear  0.000000000, sequence: 0
source 0 - assert 1763415886.000006772, sequence: 18745 - clear  0.000000000, sequence: 0
source 0 - assert 1763415887.000005440, sequence: 18746 - clear  0.000000000, sequence: 0
source 0 - assert 1763415888.000011447, sequence: 18747 - clear  0.000000000, sequence: 0
source 0 - assert 1763415889.000006354, sequence: 18748 - clear  0.000000000, sequence: 0
source 0 - assert 1763415890.000007217, sequence: 18749 - clear  0.000000000, sequence: 0
source 0 - assert 1763415891.000007845, sequence: 18750 - clear  0.000000000, sequence: 0
source 0 - assert 1763415892.000005925, sequence: 18751 - clear  0.000000000, sequence: 0
source 0 - assert 1763415893.000008046, sequence: 18752 - clear  0.000000000, sequence: 0
source 0 - assert 1763415894.000006348, sequence: 18753 - clear  0.000000000, sequence: 0
source 0 - assert 1763415895.000007375, sequence: 18754 - clear  0.000000000, sequence: 0
source 0 - assert 1763415896.000006711, sequence: 18755 - clear  0.000000000, sequence: 0
source 0 - assert 1763415897.000006885, sequence: 18756 - clear  0.000000000, sequence: 0
source 0 - assert 1763415898.000007178, sequence: 18757 - clear  0.000000000, sequence: 0
source 0 - assert 1763415899.000008727, sequence: 18758 - clear  0.000000000, sequence: 0
source 0 - assert 1763415900.000007277, sequence: 18759 - clear  0.000000000, sequence: 0
source 0 - assert 1763415901.000006818, sequence: 18760 - clear  0.000000000, sequence: 0
source 0 - assert 1763415902.000008545, sequence: 18761 - clear  0.000000000, sequence: 0
source 0 - assert 1763415903.000007074, sequence: 18762 - clear  0.000000000, sequence: 0
source 0 - assert 1763415904.000008576, sequence: 18763 - clear  0.000000000, sequence: 0
source 0 - assert 1763415905.000008088, sequence: 18764 - clear  0.000000000, sequence: 0
source 0 - assert 1763415906.000007459, sequence: 18765 - clear  0.000000000, sequence: 0
source 0 - assert 1763415907.000008002, sequence: 18766 - clear  0.000000000, sequence: 0
source 0 - assert 1763415908.000009500, sequence: 18767 - clear  0.000000000, sequence: 0
source 0 - assert 1763415909.000006163, sequence: 18768 - clear  0.000000000, sequence: 0
source 0 - assert 1763415910.000007158, sequence: 18769 - clear  0.000000000, sequence: 0
source 0 - assert 1763415911.000010330, sequence: 18770 - clear  0.000000000, sequence: 0
source 0 - assert 1763415912.000006370, sequence: 18771 - clear  0.000000000, sequence: 0
source 0 - assert 1763415913.000008075, sequence: 18772 - clear  0.000000000, sequence: 0
source 0 - assert 1763415914.000003826, sequence: 18773 - clear  0.000000000, sequence: 0
source 0 - assert 1763415915.000009681, sequence: 18774 - clear  0.000000000, sequence: 0
source 0 - assert 1763415916.000010336, sequence: 18775 - clear  0.000000000, sequence: 0
source 0 - assert 1763415917.000008184, sequence: 18776 - clear  0.000000000, sequence: 0
source 0 - assert 1763415918.000011591, sequence: 18777 - clear  0.000000000, sequence: 0
source 0 - assert 1763415919.000009159, sequence: 18778 - clear  0.000000000, sequence: 0
source 0 - assert 1763415920.000009962, sequence: 18779 - clear  0.000000000, sequence: 0
source 0 - assert 1763415921.000009098, sequence: 18780 - clear  0.000000000, sequence: 0
source 0 - assert 1763415922.000006809, sequence: 18781 - clear  0.000000000, sequence: 0
source 0 - assert 1763415923.000005523, sequence: 18782 - clear  0.000000000, sequence: 0
source 0 - assert 1763415924.000007678, sequence: 18783 - clear  0.000000000, sequence: 0
source 0 - assert 1763415925.000007580, sequence: 18784 - clear  0.000000000, sequence: 0
source 0 - assert 1763415926.000008953, sequence: 18785 - clear  0.000000000, sequence: 0
source 0 - assert 1763415927.000008510, sequence: 18786 - clear  0.000000000, sequence: 0
source 0 - assert 1763415928.000005082, sequence: 18787 - clear  0.000000000, sequence: 0
source 0 - assert 1763415929.000010323, sequence: 18788 - clear  0.000000000, sequence: 0
source 0 - assert 1763415930.000004857, sequence: 18789 - clear  0.000000000, sequence: 0
source 0 - assert 1763415931.000007453, sequence: 18790 - clear  0.000000000, sequence: 0
source 0 - assert 1763415932.000011346, sequence: 18791 - clear  0.000000000, sequence: 0
source 0 - assert 1763415933.000008569, sequence: 18792 - clear  0.000000000, sequence: 0
source 0 - assert 1763415934.000005830, sequence: 18793 - clear  0.000000000, sequence: 0
source 0 - assert 1763415935.000011095, sequence: 18794 - clear  0.000000000, sequence: 0
source 0 - assert 1763415936.000008485, sequence: 18795 - clear  0.000000000, sequence: 0
source 0 - assert 1763415937.000009765, sequence: 18796 - clear  0.000000000, sequence: 0
source 0 - assert 1763415938.000007220, sequence: 18797 - clear  0.000000000, sequence: 0
source 0 - assert 1763415939.000008226, sequence: 18798 - clear  0.000000000, sequence: 0
source 0 - assert 1763415940.000008016, sequence: 18799 - clear  0.000000000, sequence: 0
source 0 - assert 1763415941.000007078, sequence: 18800 - clear  0.000000000, sequence: 0
source 0 - assert 1763415942.000007582, sequence: 18801 - clear  0.000000000, sequence: 0
source 0 - assert 1763415943.000008587, sequence: 18802 - clear  0.000000000, sequence: 0
source 0 - assert 1763415944.000006258, sequence: 18803 - clear  0.000000000, sequence: 0
source 0 - assert 1763415945.000007611, sequence: 18804 - clear  0.000000000, sequence: 0
source 0 - assert 1763415946.000005303, sequence: 18805 - clear  0.000000000, sequence: 0
source 0 - assert 1763415947.000006691, sequence: 18806 - clear  0.000000000, sequence: 0
source 0 - assert 1763415948.000008630, sequence: 18807 - clear  0.000000000, sequence: 0
source 0 - assert 1763415949.000011919, sequence: 18808 - clear  0.000000000, sequence: 0
source 0 - assert 1763415950.000004335, sequence: 18809 - clear  0.000000000, sequence: 0
source 0 - assert 1763415951.000009049, sequence: 18810 - clear  0.000000000, sequence: 0
source 0 - assert 1763415952.000002180, sequence: 18811 - clear  0.000000000, sequence: 0
source 0 - assert 1763415953.000006765, sequence: 18812 - clear  0.000000000, sequence: 0
source 0 - assert 1763415954.000008228, sequence: 18813 - clear  0.000000000, sequence: 0
source 0 - assert 1763415955.000006983, sequence: 18814 - clear  0.000000000, sequence: 0
source 0 - assert 1763415956.000007350, sequence: 18815 - clear  0.000000000, sequence: 0
source 0 - assert 1763415957.000009012, sequence: 18816 - clear  0.000000000, sequence: 0
source 0 - assert 1763415958.000006383, sequence: 18817 - clear  0.000000000, sequence: 0
source 0 - assert 1763415959.000010755, sequence: 18818 - clear  0.000000000, sequence: 0
source 0 - assert 1763415960.000001273, sequence: 18819 - clear  0.000000000, sequence: 0
source 0 - assert 1763415961.000006460, sequence: 18820 - clear  0.000000000, sequence: 0
source 0 - assert 1763415962.000008539, sequence: 18821 - clear  0.000000000, sequence: 0
source 0 - assert 1763415963.000008336, sequence: 18822 - clear  0.000000000, sequence: 0
source 0 - assert 1763415964.000006559, sequence: 18823 - clear  0.000000000, sequence: 0
source 0 - assert 1763415965.000010563, sequence: 18824 - clear  0.000000000, sequence: 0
source 0 - assert 1763415966.000002003, sequence: 18825 - clear  0.000000000, sequence: 0
source 0 - assert 1763415967.000005754, sequence: 18826 - clear  0.000000000, sequence: 0
source 0 - assert 1763415968.000008344, sequence: 18827 - clear  0.000000000, sequence: 0
source 0 - assert 1763415969.000006608, sequence: 18828 - clear  0.000000000, sequence: 0
source 0 - assert 1763415970.000007822, sequence: 18829 - clear  0.000000000, sequence: 0
source 0 - assert 1763415971.000007367, sequence: 18830 - clear  0.000000000, sequence: 0
source 0 - assert 1763415972.000006075, sequence: 18831 - clear  0.000000000, sequence: 0
source 0 - assert 1763415973.000005074, sequence: 18832 - clear  0.000000000, sequence: 0
source 0 - assert 1763415974.000008117, sequence: 18833 - clear  0.000000000, sequence: 0
source 0 - assert 1763415975.000008412, sequence: 18834 - clear  0.000000000, sequence: 0
source 0 - assert 1763415976.000009638, sequence: 18835 - clear  0.000000000, sequence: 0
source 0 - assert 1763415977.000004208, sequence: 18836 - clear  0.000000000, sequence: 0
source 0 - assert 1763415978.000006887, sequence: 18837 - clear  0.000000000, sequence: 0
source 0 - assert 1763415979.000009975, sequence: 18838 - clear  0.000000000, sequence: 0
source 0 - assert 1763415980.000007079, sequence: 18839 - clear  0.000000000, sequence: 0
source 0 - assert 1763415981.000009341, sequence: 18840 - clear  0.000000000, sequence: 0
source 0 - assert 1763415982.000008826, sequence: 18841 - clear  0.000000000, sequence: 0
source 0 - assert 1763415983.000005379, sequence: 18842 - clear  0.000000000, sequence: 0
source 0 - assert 1763415984.000007288, sequence: 18843 - clear  0.000000000, sequence: 0
source 0 - assert 1763415985.000009258, sequence: 18844 - clear  0.000000000, sequence: 0
source 0 - assert 1763415986.000003961, sequence: 18845 - clear  0.000000000, sequence: 0
source 0 - assert 1763415987.000009454, sequence: 18846 - clear  0.000000000, sequence: 0
source 0 - assert 1763415988.000007078, sequence: 18847 - clear  0.000000000, sequence: 0
source 0 - assert 1763415989.000004520, sequence: 18848 - clear  0.000000000, sequence: 0
source 0 - assert 1763415990.000005441, sequence: 18849 - clear  0.000000000, sequence: 0
source 0 - assert 1763415991.000007084, sequence: 18850 - clear  0.000000000, sequence: 0
source 0 - assert 1763415992.000008139, sequence: 18851 - clear  0.000000000, sequence: 0
source 0 - assert 1763415993.000005810, sequence: 18852 - clear  0.000000000, sequence: 0
source 0 - assert 1763415994.000004839, sequence: 18853 - clear  0.000000000, sequence: 0
source 0 - assert 1763415995.000005201, sequence: 18854 - clear  0.000000000, sequence: 0
source 0 - assert 1763415996.000005049, sequence: 18855 - clear  0.000000000, sequence: 0
source 0 - assert 1763415997.000007243, sequence: 18856 - clear  0.000000000, sequence: 0
source 0 - assert 1763415998.000009969, sequence: 18857 - clear  0.000000000, sequence: 0
source 0 - assert 1763415999.000010007, sequence: 18858 - clear  0.000000000, sequence: 0
source 0 - assert 1763416000.000007380, sequence: 18859 - clear  0.000000000, sequence: 0
source 0 - assert 1763416001.000007590, sequence: 18860 - clear  0.000000000, sequence: 0
source 0 - assert 1763416002.000006960, sequence: 18861 - clear  0.000000000, sequence: 0
source 0 - assert 1763416003.000009785, sequence: 18862 - clear  0.000000000, sequence: 0
source 0 - assert 1763416004.000005457, sequence: 18863 - clear  0.000000000, sequence: 0
source 0 - assert 1763416005.000008164, sequence: 18864 - clear  0.000000000, sequence: 0
source 0 - assert 1763416006.000006066, sequence: 18865 - clear  0.000000000, sequence: 0
source 0 - assert 1763416007.000009759, sequence: 18866 - clear  0.000000000, sequence: 0
source 0 - assert 1763416008.000004711, sequence: 18867 - clear  0.000000000, sequence: 0
source 0 - assert 1763416009.000010674, sequence: 18868 - clear  0.000000000, sequence: 0
source 0 - assert 1763416010.000008065, sequence: 18869 - clear  0.000000000, sequence: 0
source 0 - assert 1763416011.000007839, sequence: 18870 - clear  0.000000000, sequence: 0
source 0 - assert 1763416012.000008652, sequence: 18871 - clear  0.000000000, sequence: 0
source 0 - assert 1763416013.000005911, sequence: 18872 - clear  0.000000000, sequence: 0
source 0 - assert 1763416014.000008123, sequence: 18873 - clear  0.000000000, sequence: 0
source 0 - assert 1763416015.000008575, sequence: 18874 - clear  0.000000000, sequence: 0
source 0 - assert 1763416016.000005499, sequence: 18875 - clear  0.000000000, sequence: 0
source 0 - assert 1763416017.000008705, sequence: 18876 - clear  0.000000000, sequence: 0
source 0 - assert 1763416018.000003531, sequence: 18877 - clear  0.000000000, sequence: 0
source 0 - assert 1763416019.000005615, sequence: 18878 - clear  0.000000000, sequence: 0
source 0 - assert 1763416020.000008966, sequence: 18879 - clear  0.000000000, sequence: 0
source 0 - assert 1763416021.000006814, sequence: 18880 - clear  0.000000000, sequence: 0
source 0 - assert 1763416022.000008680, sequence: 18881 - clear  0.000000000, sequence: 0
source 0 - assert 1763416023.000007554, sequence: 18882 - clear  0.000000000, sequence: 0
source 0 - assert 1763416024.000007971, sequence: 18883 - clear  0.000000000, sequence: 0
source 0 - assert 1763416025.000010170, sequence: 18884 - clear  0.000000000, sequence: 0
source 0 - assert 1763416026.000007801, sequence: 18885 - clear  0.000000000, sequence: 0
source 0 - assert 1763416027.000008994, sequence: 18886 - clear  0.000000000, sequence: 0
source 0 - assert 1763416028.000007862, sequence: 18887 - clear  0.000000000, sequence: 0
source 0 - assert 1763416029.000007740, sequence: 18888 - clear  0.000000000, sequence: 0
source 0 - assert 1763416030.000009501, sequence: 18889 - clear  0.000000000, sequence: 0
source 0 - assert 1763416031.000008152, sequence: 18890 - clear  0.000000000, sequence: 0
source 0 - assert 1763416032.000006610, sequence: 18891 - clear  0.000000000, sequence: 0
source 0 - assert 1763416033.000006991, sequence: 18892 - clear  0.000000000, sequence: 0
source 0 - assert 1763416034.000002631, sequence: 18893 - clear  0.000000000, sequence: 0
source 0 - assert 1763416035.000006717, sequence: 18894 - clear  0.000000000, sequence: 0
source 0 - assert 1763416036.000009554, sequence: 18895 - clear  0.000000000, sequence: 0
source 0 - assert 1763416037.000008587, sequence: 18896 - clear  0.000000000, sequence: 0
source 0 - assert 1763416038.000003877, sequence: 18897 - clear  0.000000000, sequence: 0
source 0 - assert 1763416039.000008540, sequence: 18898 - clear  0.000000000, sequence: 0
source 0 - assert 1763416040.000009503, sequence: 18899 - clear  0.000000000, sequence: 0
source 0 - assert 1763416041.000008008, sequence: 18900 - clear  0.000000000, sequence: 0
source 0 - assert 1763416042.000008086, sequence: 18901 - clear  0.000000000, sequence: 0
source 0 - assert 1763416043.000004916, sequence: 18902 - clear  0.000000000, sequence: 0
source 0 - assert 1763416044.000002822, sequence: 18903 - clear  0.000000000, sequence: 0
source 0 - assert 1763416045.000005595, sequence: 18904 - clear  0.000000000, sequence: 0
source 0 - assert 1763416046.000009267, sequence: 18905 - clear  0.000000000, sequence: 0
source 0 - assert 1763416047.000006690, sequence: 18906 - clear  0.000000000, sequence: 0
source 0 - assert 1763416048.000009743, sequence: 18907 - clear  0.000000000, sequence: 0
source 0 - assert 1763416049.000007030, sequence: 18908 - clear  0.000000000, sequence: 0
source 0 - assert 1763416050.000007736, sequence: 18909 - clear  0.000000000, sequence: 0
source 0 - assert 1763416051.000005832, sequence: 18910 - clear  0.000000000, sequence: 0
source 0 - assert 1763416052.000005306, sequence: 18911 - clear  0.000000000, sequence: 0
source 0 - assert 1763416053.000008763, sequence: 18912 - clear  0.000000000, sequence: 0
source 0 - assert 1763416054.000004332, sequence: 18913 - clear  0.000000000, sequence: 0
source 0 - assert 1763416055.000010540, sequence: 18914 - clear  0.000000000, sequence: 0
source 0 - assert 1763416056.000007958, sequence: 18915 - clear  0.000000000, sequence: 0
source 0 - assert 1763416057.000006581, sequence: 18916 - clear  0.000000000, sequence: 0
source 0 - assert 1763416058.000008672, sequence: 18917 - clear  0.000000000, sequence: 0
source 0 - assert 1763416059.000006966, sequence: 18918 - clear  0.000000000, sequence: 0
source 0 - assert 1763416060.000006631, sequence: 18919 - clear  0.000000000, sequence: 0
source 0 - assert 1763416061.000007748, sequence: 18920 - clear  0.000000000, sequence: 0
source 0 - assert 1763416062.000004930, sequence: 18921 - clear  0.000000000, sequence: 0
source 0 - assert 1763416063.000009800, sequence: 18922 - clear  0.000000000, sequence: 0
source 0 - assert 1763416064.000009329, sequence: 18923 - clear  0.000000000, sequence: 0
source 0 - assert 1763416065.000006745, sequence: 18924 - clear  0.000000000, sequence: 0
source 0 - assert 1763416066.000006758, sequence: 18925 - clear  0.000000000, sequence: 0
source 0 - assert 1763416067.000006792, sequence: 18926 - clear  0.000000000, sequence: 0
source 0 - assert 1763416068.000007591, sequence: 18927 - clear  0.000000000, sequence: 0
source 0 - assert 1763416069.000008886, sequence: 18928 - clear  0.000000000, sequence: 0
source 0 - assert 1763416070.000009875, sequence: 18929 - clear  0.000000000, sequence: 0
source 0 - assert 1763416071.000009464, sequence: 18930 - clear  0.000000000, sequence: 0
source 0 - assert 1763416072.000008899, sequence: 18931 - clear  0.000000000, sequence: 0
source 0 - assert 1763416073.000006138, sequence: 18932 - clear  0.000000000, sequence: 0
source 0 - assert 1763416074.000004396, sequence: 18933 - clear  0.000000000, sequence: 0
source 0 - assert 1763416075.000008498, sequence: 18934 - clear  0.000000000, sequence: 0
source 0 - assert 1763416076.000007605, sequence: 18935 - clear  0.000000000, sequence: 0
source 0 - assert 1763416077.000002241, sequence: 18936 - clear  0.000000000, sequence: 0
source 0 - assert 1763416078.000008714, sequence: 18937 - clear  0.000000000, sequence: 0
source 0 - assert 1763416079.000006804, sequence: 18938 - clear  0.000000000, sequence: 0
source 0 - assert 1763416080.000008146, sequence: 18939 - clear  0.000000000, sequence: 0
source 0 - assert 1763416081.000006300, sequence: 18940 - clear  0.000000000, sequence: 0
source 0 - assert 1763416082.000005642, sequence: 18941 - clear  0.000000000, sequence: 0
source 0 - assert 1763416083.000008023, sequence: 18942 - clear  0.000000000, sequence: 0
source 0 - assert 1763416084.000009350, sequence: 18943 - clear  0.000000000, sequence: 0
source 0 - assert 1763416085.000007481, sequence: 18944 - clear  0.000000000, sequence: 0
source 0 - assert 1763416086.000009800, sequence: 18945 - clear  0.000000000, sequence: 0
source 0 - assert 1763416087.000006256, sequence: 18946 - clear  0.000000000, sequence: 0
source 0 - assert 1763416088.000005629, sequence: 18947 - clear  0.000000000, sequence: 0
source 0 - assert 1763416089.000006053, sequence: 18948 - clear  0.000000000, sequence: 0
source 0 - assert 1763416090.000002836, sequence: 18949 - clear  0.000000000, sequence: 0
source 0 - assert 1763416091.000010204, sequence: 18950 - clear  0.000000000, sequence: 0
source 0 - assert 1763416092.000007793, sequence: 18951 - clear  0.000000000, sequence: 0
source 0 - assert 1763416093.000004429, sequence: 18952 - clear  0.000000000, sequence: 0
source 0 - assert 1763416094.000005017, sequence: 18953 - clear  0.000000000, sequence: 0
source 0 - assert 1763416095.000008432, sequence: 18954 - clear  0.000000000, sequence: 0
source 0 - assert 1763416096.000011516, sequence: 18955 - clear  0.000000000, sequence: 0
source 0 - assert 1763416097.000008938, sequence: 18956 - clear  0.000000000, sequence: 0
source 0 - assert 1763416098.000009200, sequence: 18957 - clear  0.000000000, sequence: 0
source 0 - assert 1763416099.000006400, sequence: 18958 - clear  0.000000000, sequence: 0
source 0 - assert 1763416100.000010069, sequence: 18959 - clear  0.000000000, sequence: 0
source 0 - assert 1763416101.000010819, sequence: 18960 - clear  0.000000000, sequence: 0
source 0 - assert 1763416102.000008540, sequence: 18961 - clear  0.000000000, sequence: 0
source 0 - assert 1763416103.000006564, sequence: 18962 - clear  0.000000000, sequence: 0
source 0 - assert 1763416104.000005766, sequence: 18963 - clear  0.000000000, sequence: 0
source 0 - assert 1763416105.000006694, sequence: 18964 - clear  0.000000000, sequence: 0
source 0 - assert 1763416106.000006780, sequence: 18965 - clear  0.000000000, sequence: 0
source 0 - assert 1763416107.000010255, sequence: 18966 - clear  0.000000000, sequence: 0
source 0 - assert 1763416108.000008749, sequence: 18967 - clear  0.000000000, sequence: 0
source 0 - assert 1763416109.000008057, sequence: 18968 - clear  0.000000000, sequence: 0
source 0 - assert 1763416110.000007931, sequence: 18969 - clear  0.000000000, sequence: 0
source 0 - assert 1763416111.000011122, sequence: 18970 - clear  0.000000000, sequence: 0
source 0 - assert 1763416112.000009334, sequence: 18971 - clear  0.000000000, sequence: 0
source 0 - assert 1763416113.000007222, sequence: 18972 - clear  0.000000000, sequence: 0
source 0 - assert 1763416114.000009579, sequence: 18973 - clear  0.000000000, sequence: 0
source 0 - assert 1763416115.000008481, sequence: 18974 - clear  0.000000000, sequence: 0
source 0 - assert 1763416116.000009905, sequence: 18975 - clear  0.000000000, sequence: 0
source 0 - assert 1763416117.000007348, sequence: 18976 - clear  0.000000000, sequence: 0
source 0 - assert 1763416118.000006832, sequence: 18977 - clear  0.000000000, sequence: 0
source 0 - assert 1763416119.000008778, sequence: 18978 - clear  0.000000000, sequence: 0
source 0 - assert 1763416120.000009279, sequence: 18979 - clear  0.000000000, sequence: 0
source 0 - assert 1763416121.000008780, sequence: 18980 - clear  0.000000000, sequence: 0
source 0 - assert 1763416122.000009139, sequence: 18981 - clear  0.000000000, sequence: 0
source 0 - assert 1763416123.000007590, sequence: 18982 - clear  0.000000000, sequence: 0
source 0 - assert 1763416124.000012076, sequence: 18983 - clear  0.000000000, sequence: 0
source 0 - assert 1763416125.000007030, sequence: 18984 - clear  0.000000000, sequence: 0
source 0 - assert 1763416126.000006250, sequence: 18985 - clear  0.000000000, sequence: 0
source 0 - assert 1763416127.000008988, sequence: 18986 - clear  0.000000000, sequence: 0
source 0 - assert 1763416128.000007152, sequence: 18987 - clear  0.000000000, sequence: 0
source 0 - assert 1763416129.000005673, sequence: 18988 - clear  0.000000000, sequence: 0
source 0 - assert 1763416130.000012587, sequence: 18989 - clear  0.000000000, sequence: 0
source 0 - assert 1763416131.000009398, sequence: 18990 - clear  0.000000000, sequence: 0
source 0 - assert 1763416132.000006737, sequence: 18991 - clear  0.000000000, sequence: 0
source 0 - assert 1763416133.000008002, sequence: 18992 - clear  0.000000000, sequence: 0
source 0 - assert 1763416134.000007500, sequence: 18993 - clear  0.000000000, sequence: 0
source 0 - assert 1763416135.000006905, sequence: 18994 - clear  0.000000000, sequence: 0
source 0 - assert 1763416136.000007458, sequence: 18995 - clear  0.000000000, sequence: 0
source 0 - assert 1763416137.000003857, sequence: 18996 - clear  0.000000000, sequence: 0
source 0 - assert 1763416138.000007974, sequence: 18997 - clear  0.000000000, sequence: 0
source 0 - assert 1763416139.000005070, sequence: 18998 - clear  0.000000000, sequence: 0
source 0 - assert 1763416140.000005384, sequence: 18999 - clear  0.000000000, sequence: 0
source 0 - assert 1763416141.000005718, sequence: 19000 - clear  0.000000000, sequence: 0
source 0 - assert 1763416142.000008810, sequence: 19001 - clear  0.000000000, sequence: 0
source 0 - assert 1763416143.000008304, sequence: 19002 - clear  0.000000000, sequence: 0
source 0 - assert 1763416144.000005919, sequence: 19003 - clear  0.000000000, sequence: 0
source 0 - assert 1763416145.000009225, sequence: 19004 - clear  0.000000000, sequence: 0
source 0 - assert 1763416146.000009510, sequence: 19005 - clear  0.000000000, sequence: 0
source 0 - assert 1763416147.000007486, sequence: 19006 - clear  0.000000000, sequence: 0
source 0 - assert 1763416148.000006611, sequence: 19007 - clear  0.000000000, sequence: 0
source 0 - assert 1763416149.000006619, sequence: 19008 - clear  0.000000000, sequence: 0
source 0 - assert 1763416150.000007939, sequence: 19009 - clear  0.000000000, sequence: 0
source 0 - assert 1763416151.000009890, sequence: 19010 - clear  0.000000000, sequence: 0
source 0 - assert 1763416152.000010113, sequence: 19011 - clear  0.000000000, sequence: 0
source 0 - assert 1763416153.000006912, sequence: 19012 - clear  0.000000000, sequence: 0
source 0 - assert 1763416154.000008623, sequence: 19013 - clear  0.000000000, sequence: 0
Terminated
