trying PPS source "/dev/pps0"
found PPS source "/dev/pps0"
ok, found 1 source(s), now start fetching data...
source 0 - assert 1763416391.000008078, sequence: 19250 - clear  0.000000000, sequence: 0
source 0 - assert 1763416392.000007435, sequence: 19251 - clear  0.000000000, sequence: 0
source 0 - assert 1763416393.000001504, sequence: 19252 - clear  0.000000000, sequence: 0
source 0 - assert 1763416394.000006478, sequence: 19253 - clear  0.000000000, sequence: 0
source 0 - assert 1763416395.000007423, sequence: 19254 - clear  0.000000000, sequence: 0
source 0 - assert 1763416396.000008231, sequence: 19255 - clear  0.000000000, sequence: 0
source 0 - assert 1763416397.000005781, sequence: 19256 - clear  0.000000000, sequence: 0
source 0 - assert 1763416398.000004869, sequence: 19257 - clear  0.000000000, sequence: 0
source 0 - assert 1763416399.000005859, sequence: 19258 - clear  0.000000000, sequence: 0
source 0 - assert 1763416400.000008396, sequence: 19259 - clear  0.000000000, sequence: 0
source 0 - assert 1763416401.000005830, sequence: 19260 - clear  0.000000000, sequence: 0
source 0 - assert 1763416402.000010796, sequence: 19261 - clear  0.000000000, sequence: 0
source 0 - assert 1763416403.000008269, sequence: 19262 - clear  0.000000000, sequence: 0
source 0 - assert 1763416404.000006058, sequence: 19263 - clear  0.000000000, sequence: 0
source 0 - assert 1763416405.000008872, sequence: 19264 - clear  0.000000000, sequence: 0
source 0 - assert 1763416406.000003498, sequence: 19265 - clear  0.000000000, sequence: 0
source 0 - assert 1763416407.000004110, sequence: 19266 - clear  0.000000000, sequence: 0
source 0 - assert 1763416408.000011059, sequence: 19267 - clear  0.000000000, sequence: 0
source 0 - assert 1763416409.000007323, sequence: 19268 - clear  0.000000000, sequence: 0
source 0 - assert 1763416410.000010088, sequence: 19269 - clear  0.000000000, sequence: 0
source 0 - assert 1763416411.000001263, sequence: 19270 - clear  0.000000000, sequence: 0
source 0 - assert 1763416412.000006265, sequence: 19271 - clear  0.000000000, sequence: 0
source 0 - assert 1763416413.000006755, sequence: 19272 - clear  0.000000000, sequence: 0
source 0 - assert 1763416414.000008362, sequence: 19273 - clear  0.000000000, sequence: 0
source 0 - assert 1763416415.000006189, sequence: 19274 - clear  0.000000000, sequence: 0
source 0 - assert 1763416416.000004978, sequence: 19275 - clear  0.000000000, sequence: 0
source 0 - assert 1763416417.000006196, sequence: 19276 - clear  0.000000000, sequence: 0
source 0 - assert 1763416418.000006235, sequence: 19277 - clear  0.000000000, sequence: 0
source 0 - assert 1763416419.000008022, sequence: 19278 - clear  0.000000000, sequence: 0
source 0 - assert 1763416420.000005474, sequence: 19279 - clear  0.000000000, sequence: 0
source 0 - assert 1763416421.000007008, sequence: 19280 - clear  0.000000000, sequence: 0
source 0 - assert 1763416422.000007528, sequence: 19281 - clear  0.000000000, sequence: 0
source 0 - assert 1763416423.000004358, sequence: 19282 - clear  0.000000000, sequence: 0
source 0 - assert 1763416424.000005910, sequence: 19283 - clear  0.000000000, sequence: 0
source 0 - assert 1763416425.000008532, sequence: 19284 - clear  0.000000000, sequence: 0
source 0 - assert 1763416426.000006135, sequence: 19285 - clear  0.000000000, sequence: 0
source 0 - assert 1763416427.000003927, sequence: 19286 - clear  0.000000000, sequence: 0
source 0 - assert 1763416428.000001850, sequence: 19287 - clear  0.000000000, sequence: 0
source 0 - assert 1763416429.000004093, sequence: 19288 - clear  0.000000000, sequence: 0
source 0 - assert 1763416430.000004868, sequence: 19289 - clear  0.000000000, sequence: 0
source 0 - assert 1763416431.000007327, sequence: 19290 - clear  0.000000000, sequence: 0
source 0 - assert 1763416432.000004579, sequence: 19291 - clear  0.000000000, sequence: 0
source 0 - assert 1763416433.000007802, sequence: 19292 - clear  0.000000000, sequence: 0
source 0 - assert 1763416434.000006421, sequence: 19293 - clear  0.000000000, sequence: 0
source 0 - assert 1763416435.000009008, sequence: 19294 - clear  0.000000000, sequence: 0
source 0 - assert 1763416436.000009095, sequence: 19295 - clear  0.000000000, sequence: 0
source 0 - assert 1763416437.000005474, sequence: 19296 - clear  0.000000000, sequence: 0
source 0 - assert 1763416438.000004079, sequence: 19297 - clear  0.000000000, sequence: 0
source 0 - assert 1763416439.000001959, sequence: 19298 - clear  0.000000000, sequence: 0
source 0 - assert 1763416440.000006592, sequence: 19299 - clear  0.000000000, sequence: 0
source 0 - assert 1763416441.000007332, sequence: 19300 - clear  0.000000000, sequence: 0
source 0 - assert 1763416442.000007536, sequence: 19301 - clear  0.000000000, sequence: 0
source 0 - assert 1763416443.000008154, sequence: 19302 - clear  0.000000000, sequence: 0
source 0 - assert 1763416444.000001077, sequence: 19303 - clear  0.000000000, sequence: 0
source 0 - assert 1763416445.000003170, sequence: 19304 - clear  0.000000000, sequence: 0
source 0 - assert 1763416446.000010092, sequence: 19305 - clear  0.000000000, sequence: 0
source 0 - assert 1763416447.000005623, sequence: 19306 - clear  0.000000000, sequence: 0
source 0 - assert 1763416448.000005630, sequence: 19307 - clear  0.000000000, sequence: 0
source 0 - assert 1763416449.000003747, sequence: 19308 - clear  0.000000000, sequence: 0
source 0 - assert 1763416450.000002381, sequence: 19309 - clear  0.000000000, sequence: 0
source 0 - assert 1763416451.000004571, sequence: 19310 - clear  0.000000000, sequence: 0
source 0 - assert 1763416452.000008773, sequence: 19311 - clear  0.000000000, sequence: 0
source 0 - assert 1763416453.000005205, sequence: 19312 - clear  0.000000000, sequence: 0
source 0 - assert 1763416454.000002473, sequence: 19313 - clear  0.000000000, sequence: 0
source 0 - assert 1763416455.000005432, sequence: 19314 - clear  0.000000000, sequence: 0
source 0 - assert 1763416456.000005584, sequence: 19315 - clear  0.000000000, sequence: 0
source 0 - assert 1763416457.000009678, sequence: 19316 - clear  0.000000000, sequence: 0
source 0 - assert 1763416458.000007759, sequence: 19317 - clear  0.000000000, sequence: 0
source 0 - assert 1763416459.000006956, sequence: 19318 - clear  0.000000000, sequence: 0
source 0 - assert 1763416460.000008924, sequence: 19319 - clear  0.000000000, sequence: 0
source 0 - assert 1763416461.000005596, sequence: 19320 - clear  0.000000000, sequence: 0
source 0 - assert 1763416462.000009611, sequence: 19321 - clear  0.000000000, sequence: 0
source 0 - assert 1763416463.000009896, sequence: 19322 - clear  0.000000000, sequence: 0
source 0 - assert 1763416464.000005129, sequence: 19323 - clear  0.000000000, sequence: 0
source 0 - assert 1763416465.000004868, sequence: 19324 - clear  0.000000000, sequence: 0
source 0 - assert 1763416466.000006885, sequence: 19325 - clear  0.000000000, sequence: 0
source 0 - assert 1763416467.000007682, sequence: 19326 - clear  0.000000000, sequence: 0
source 0 - assert 1763416468.000010836, sequence: 19327 - clear  0.000000000, sequence: 0
source 0 - assert 1763416469.000005132, sequence: 19328 - clear  0.000000000, sequence: 0
source 0 - assert 1763416470.000004670, sequence: 19329 - clear  0.000000000, sequence: 0
source 0 - assert 1763416471.000004046, sequence: 19330 - clear  0.000000000, sequence: 0
source 0 - assert 1763416472.000010423, sequence: 19331 - clear  0.000000000, sequence: 0
source 0 - assert 1763416473.000005295, sequence: 19332 - clear  0.000000000, sequence: 0
source 0 - assert 1763416474.000006708, sequence: 19333 - clear  0.000000000, sequence: 0
source 0 - assert 1763416475.000004732, sequence: 19334 - clear  0.000000000, sequence: 0
source 0 - assert 1763416476.000006575, sequence: 19335 - clear  0.000000000, sequence: 0
source 0 - assert 1763416477.000008326, sequence: 19336 - clear  0.000000000, sequence: 0
source 0 - assert 1763416478.000005042, sequence: 19337 - clear  0.000000000, sequence: 0
source 0 - assert 1763416479.000009204, sequence: 19338 - clear  0.000000000, sequence: 0
source 0 - assert 1763416480.000007911, sequence: 19339 - clear  0.000000000, sequence: 0
source 0 - assert 1763416481.000008962, sequence: 19340 - clear  0.000000000, sequence: 0
source 0 - assert 1763416482.000005666, sequence: 19341 - clear  0.000000000, sequence: 0
source 0 - assert 1763416483.000003575, sequence: 19342 - clear  0.000000000, sequence: 0
source 0 - assert 1763416484.000004864, sequence: 19343 - clear  0.000000000, sequence: 0
source 0 - assert 1763416485.000006785, sequence: 19344 - clear  0.000000000, sequence: 0
source 0 - assert 1763416486.000007881, sequence: 19345 - clear  0.000000000, sequence: 0
source 0 - assert 1763416487.000006212, sequence: 19346 - clear  0.000000000, sequence: 0
source 0 - assert 1763416488.000002058, sequence: 19347 - clear  0.000000000, sequence: 0
source 0 - assert 1763416489.000000918, sequence: 19348 - clear  0.000000000, sequence: 0
source 0 - assert 1763416490.000006924, sequence: 19349 - clear  0.000000000, sequence: 0
source 0 - assert 1763416491.000003478, sequence: 19350 - clear  0.000000000, sequence: 0
source 0 - assert 1763416492.000008682, sequence: 19351 - clear  0.000000000, sequence: 0
source 0 - assert 1763416493.000007379, sequence: 19352 - clear  0.000000000, sequence: 0
source 0 - assert 1763416494.000003224, sequence: 19353 - clear  0.000000000, sequence: 0
source 0 - assert 1763416495.000005400, sequence: 19354 - clear  0.000000000, sequence: 0
source 0 - assert 1763416496.000005583, sequence: 19355 - clear  0.000000000, sequence: 0
source 0 - assert 1763416497.000006459, sequence: 19356 - clear  0.000000000, sequence: 0
source 0 - assert 1763416498.000003797, sequence: 19357 - clear  0.000000000, sequence: 0
source 0 - assert 1763416499.000004617, sequence: 19358 - clear  0.000000000, sequence: 0
source 0 - assert 1763416500.000004749, sequence: 19359 - clear  0.000000000, sequence: 0
source 0 - assert 1763416501.000009795, sequence: 19360 - clear  0.000000000, sequence: 0
source 0 - assert 1763416502.000006791, sequence: 19361 - clear  0.000000000, sequence: 0
source 0 - assert 1763416503.000007886, sequence: 19362 - clear  0.000000000, sequence: 0
source 0 - assert 1763416504.000002385, sequence: 19363 - clear  0.000000000, sequence: 0
source 0 - assert 1763416505.000006622, sequence: 19364 - clear  0.000000000, sequence: 0
source 0 - assert 1763416506.000007379, sequence: 19365 - clear  0.000000000, sequence: 0
source 0 - assert 1763416507.000009172, sequence: 19366 - clear  0.000000000, sequence: 0
source 0 - assert 1763416508.000009651, sequence: 19367 - clear  0.000000000, sequence: 0
source 0 - assert 1763416508.999998662, sequence: 19368 - clear  0.000000000, sequence: 0
source 0 - assert 1763416510.000008046, sequence: 19369 - clear  0.000000000, sequence: 0
source 0 - assert 1763416511.000006700, sequence: 19370 - clear  0.000000000, sequence: 0
source 0 - assert 1763416512.000010197, sequence: 19371 - clear  0.000000000, sequence: 0
source 0 - assert 1763416513.000005996, sequence: 19372 - clear  0.000000000, sequence: 0
source 0 - assert 1763416514.000004126, sequence: 19373 - clear  0.000000000, sequence: 0
source 0 - assert 1763416515.000003035, sequence: 19374 - clear  0.000000000, sequence: 0
source 0 - assert 1763416516.000005001, sequence: 19375 - clear  0.000000000, sequence: 0
source 0 - assert 1763416517.000008383, sequence: 19376 - clear  0.000000000, sequence: 0
source 0 - assert 1763416518.000007978, sequence: 19377 - clear  0.000000000, sequence: 0
source 0 - assert 1763416519.000006186, sequence: 19378 - clear  0.000000000, sequence: 0
source 0 - assert 1763416520.000005974, sequence: 19379 - clear  0.000000000, sequence: 0
source 0 - assert 1763416521.000004674, sequence: 19380 - clear  0.000000000, sequence: 0
source 0 - assert 1763416522.000005961, sequence: 19381 - clear  0.000000000, sequence: 0
source 0 - assert 1763416523.000011405, sequence: 19382 - clear  0.000000000, sequence: 0
source 0 - assert 1763416524.000004780, sequence: 19383 - clear  0.000000000, sequence: 0
source 0 - assert 1763416525.000005694, sequence: 19384 - clear  0.000000000, sequence: 0
source 0 - assert 1763416526.000001764, sequence: 19385 - clear  0.000000000, sequence: 0
source 0 - assert 1763416527.000003240, sequence: 19386 - clear  0.000000000, sequence: 0
source 0 - assert 1763416528.000004373, sequence: 19387 - clear  0.000000000, sequence: 0
source 0 - assert 1763416529.000007616, sequence: 19388 - clear  0.000000000, sequence: 0
source 0 - assert 1763416530.000007064, sequence: 19389 - clear  0.000000000, sequence: 0
source 0 - assert 1763416531.000003026, sequence: 19390 - clear  0.000000000, sequence: 0
source 0 - assert 1763416532.000006450, sequence: 19391 - clear  0.000000000, sequence: 0
source 0 - assert 1763416533.000004715, sequence: 19392 - clear  0.000000000, sequence: 0
source 0 - assert 1763416534.000004836, sequence: 19393 - clear  0.000000000, sequence: 0
source 0 - assert 1763416535.000008501, sequence: 19394 - clear  0.000000000, sequence: 0
source 0 - assert 1763416536.000007049, sequence: 19395 - clear  0.000000000, sequence: 0
source 0 - assert 1763416537.000007131, sequence: 19396 - clear  0.000000000, sequence: 0
source 0 - assert 1763416538.000005423, sequence: 19397 - clear  0.000000000, sequence: 0
source 0 - assert 1763416539.000008010, sequence: 19398 - clear  0.000000000, sequence: 0
source 0 - assert 1763416540.000006270, sequence: 19399 - clear  0.000000000, sequence: 0
source 0 - assert 1763416541.000010305, sequence: 19400 - clear  0.000000000, sequence: 0
source 0 - assert 1763416542.000006841, sequence: 19401 - clear  0.000000000, sequence: 0
source 0 - assert 1763416543.000006842, sequence: 19402 - clear  0.000000000, sequence: 0
source 0 - assert 1763416544.000001919, sequence: 19403 - clear  0.000000000, sequence: 0
source 0 - assert 1763416545.000006900, sequence: 19404 - clear  0.000000000, sequence: 0
source 0 - assert 1763416546.000008450, sequence: 19405 - clear  0.000000000, sequence: 0
source 0 - assert 1763416547.000007403, sequence: 19406 - clear  0.000000000, sequence: 0
source 0 - assert 1763416548.000005066, sequence: 19407 - clear  0.000000000, sequence: 0
source 0 - assert 1763416549.000005390, sequence: 19408 - clear  0.000000000, sequence: 0
source 0 - assert 1763416550.000007955, sequence: 19409 - clear  0.000000000, sequence: 0
source 0 - assert 1763416551.000011042, sequence: 19410 - clear  0.000000000, sequence: 0
source 0 - assert 1763416552.000008087, sequence: 19411 - clear  0.000000000, sequence: 0
source 0 - assert 1763416553.000006637, sequence: 19412 - clear  0.000000000, sequence: 0
source 0 - assert 1763416554.000009802, sequence: 19413 - clear  0.000000000, sequence: 0
source 0 - assert 1763416555.000007226, sequence: 19414 - clear  0.000000000, sequence: 0
source 0 - assert 1763416556.000008253, sequence: 19415 - clear  0.000000000, sequence: 0
source 0 - assert 1763416557.000011481, sequence: 19416 - clear  0.000000000, sequence: 0
source 0 - assert 1763416558.000011035, sequence: 19417 - clear  0.000000000, sequence: 0
source 0 - assert 1763416559.000002164, sequence: 19418 - clear  0.000000000, sequence: 0
source 0 - assert 1763416560.000006452, sequence: 19419 - clear  0.000000000, sequence: 0
source 0 - assert 1763416561.000006069, sequence: 19420 - clear  0.000000000, sequence: 0
source 0 - assert 1763416562.000006001, sequence: 19421 - clear  0.000000000, sequence: 0
source 0 - assert 1763416563.000004951, sequence: 19422 - clear  0.000000000, sequence: 0
source 0 - assert 1763416564.000007105, sequence: 19423 - clear  0.000000000, sequence: 0
source 0 - assert 1763416565.000003397, sequence: 19424 - clear  0.000000000, sequence: 0
source 0 - assert 1763416566.000005331, sequence: 19425 - clear  0.000000000, sequence: 0
source 0 - assert 1763416567.000008319, sequence: 19426 - clear  0.000000000, sequence: 0
source 0 - assert 1763416568.000005020, sequence: 19427 - clear  0.000000000, sequence: 0
source 0 - assert 1763416569.000005229, sequence: 19428 - clear  0.000000000, sequence: 0
source 0 - assert 1763416570.000004961, sequence: 19429 - clear  0.000000000, sequence: 0
source 0 - assert 1763416571.000003751, sequence: 19430 - clear  0.000000000, sequence: 0
source 0 - assert 1763416572.000006093, sequence: 19431 - clear  0.000000000, sequence: 0
source 0 - assert 1763416573.000008592, sequence: 19432 - clear  0.000000000, sequence: 0
source 0 - assert 1763416574.000004703, sequence: 19433 - clear  0.000000000, sequence: 0
source 0 - assert 1763416575.000006408, sequence: 19434 - clear  0.000000000, sequence: 0
source 0 - assert 1763416576.000003955, sequence: 19435 - clear  0.000000000, sequence: 0
source 0 - assert 1763416577.000007054, sequence: 19436 - clear  0.000000000, sequence: 0
source 0 - assert 1763416578.000007517, sequence: 19437 - clear  0.000000000, sequence: 0
source 0 - assert 1763416579.000004635, sequence: 19438 - clear  0.000000000, sequence: 0
source 0 - assert 1763416580.000006083, sequence: 19439 - clear  0.000000000, sequence: 0
source 0 - assert 1763416581.000001800, sequence: 19440 - clear  0.000000000, sequence: 0
source 0 - assert 1763416582.000007206, sequence: 19441 - clear  0.000000000, sequence: 0
source 0 - assert 1763416583.000009135, sequence: 19442 - clear  0.000000000, sequence: 0
source 0 - assert 1763416584.000007726, sequence: 19443 - clear  0.000000000, sequence: 0
source 0 - assert 1763416585.000004515, sequence: 19444 - clear  0.000000000, sequence: 0
source 0 - assert 1763416586.000005352, sequence: 19445 - clear  0.000000000, sequence: 0
source 0 - assert 1763416587.000006360, sequence: 19446 - clear  0.000000000, sequence: 0
source 0 - assert 1763416588.000009484, sequence: 19447 - clear  0.000000000, sequence: 0
source 0 - assert 1763416589.000008695, sequence: 19448 - clear  0.000000000, sequence: 0
source 0 - assert 1763416590.000001949, sequence: 19449 - clear  0.000000000, sequence: 0
source 0 - assert 1763416591.000003140, sequence: 19450 - clear  0.000000000, sequence: 0
source 0 - assert 1763416592.000006502, sequence: 19451 - clear  0.000000000, sequence: 0
source 0 - assert 1763416593.000006455, sequence: 19452 - clear  0.000000000, sequence: 0
source 0 - assert 1763416594.000000339, sequence: 19453 - clear  0.000000000, sequence: 0
source 0 - assert 1763416595.000007327, sequence: 19454 - clear  0.000000000, sequence: 0
source 0 - assert 1763416596.000004443, sequence: 19455 - clear  0.000000000, sequence: 0
source 0 - assert 1763416597.000006556, sequence: 19456 - clear  0.000000000, sequence: 0
source 0 - assert 1763416598.000004907, sequence: 19457 - clear  0.000000000, sequence: 0
source 0 - assert 1763416599.000004533, sequence: 19458 - clear  0.000000000, sequence: 0
source 0 - assert 1763416600.000007462, sequence: 19459 - clear  0.000000000, sequence: 0
source 0 - assert 1763416601.000008265, sequence: 19460 - clear  0.000000000, sequence: 0
source 0 - assert 1763416602.000008188, sequence: 19461 - clear  0.000000000, sequence: 0
source 0 - assert 1763416603.000005757, sequence: 19462 - clear  0.000000000, sequence: 0
source 0 - assert 1763416604.000003216, sequence: 19463 - clear  0.000000000, sequence: 0
source 0 - assert 1763416605.000007163, sequence: 19464 - clear  0.000000000, sequence: 0
source 0 - assert 1763416606.000008869, sequence: 19465 - clear  0.000000000, sequence: 0
source 0 - assert 1763416607.000003062, sequence: 19466 - clear  0.000000000, sequence: 0
source 0 - assert 1763416608.000000989, sequence: 19467 - clear  0.000000000, sequence: 0
source 0 - assert 1763416609.000003672, sequence: 19468 - clear  0.000000000, sequence: 0
source 0 - assert 1763416610.000003543, sequence: 19469 - clear  0.000000000, sequence: 0
source 0 - assert 1763416611.000006241, sequence: 19470 - clear  0.000000000, sequence: 0
source 0 - assert 1763416612.000005616, sequence: 19471 - clear  0.000000000, sequence: 0
source 0 - assert 1763416613.000004712, sequence: 19472 - clear  0.000000000, sequence: 0
source 0 - assert 1763416614.000006699, sequence: 19473 - clear  0.000000000, sequence: 0
source 0 - assert 1763416615.000006570, sequence: 19474 - clear  0.000000000, sequence: 0
source 0 - assert 1763416616.000005796, sequence: 19475 - clear  0.000000000, sequence: 0
source 0 - assert 1763416617.000006221, sequence: 19476 - clear  0.000000000, sequence: 0
source 0 - assert 1763416618.000003844, sequence: 19477 - clear  0.000000000, sequence: 0
source 0 - assert 1763416619.000006428, sequence: 19478 - clear  0.000000000, sequence: 0
source 0 - assert 1763416620.000007420, sequence: 19479 - clear  0.000000000, sequence: 0
source 0 - assert 1763416621.000004784, sequence: 19480 - clear  0.000000000, sequence: 0
source 0 - assert 1763416622.000008871, sequence: 19481 - clear  0.000000000, sequence: 0
source 0 - assert 1763416623.000006817, sequence: 19482 - clear  0.000000000, sequence: 0
source 0 - assert 1763416624.000009422, sequence: 19483 - clear  0.000000000, sequence: 0
source 0 - assert 1763416625.000005429, sequence: 19484 - clear  0.000000000, sequence: 0
source 0 - assert 1763416626.000005956, sequence: 19485 - clear  0.000000000, sequence: 0
source 0 - assert 1763416627.000006214, sequence: 19486 - clear  0.000000000, sequence: 0
source 0 - assert 1763416628.000007623, sequence: 19487 - clear  0.000000000, sequence: 0
source 0 - assert 1763416628.999999826, sequence: 19488 - clear  0.000000000, sequence: 0
source 0 - assert 1763416630.000004912, sequence: 19489 - clear  0.000000000, sequence: 0
source 0 - assert 1763416631.000001002, sequence: 19490 - clear  0.000000000, sequence: 0
source 0 - assert 1763416632.000007263, sequence: 19491 - clear  0.000000000, sequence: 0
source 0 - assert 1763416633.000008644, sequence: 19492 - clear  0.000000000, sequence: 0
source 0 - assert 1763416634.000005835, sequence: 19493 - clear  0.000000000, sequence: 0
source 0 - assert 1763416635.000005872, sequence: 19494 - clear  0.000000000, sequence: 0
source 0 - assert 1763416636.000001706, sequence: 19495 - clear  0.000000000, sequence: 0
source 0 - assert 1763416637.000006461, sequence: 19496 - clear  0.000000000, sequence: 0
source 0 - assert 1763416638.000003085, sequence: 19497 - clear  0.000000000, sequence: 0
source 0 - assert 1763416639.000006452, sequence: 19498 - clear  0.000000000, sequence: 0
source 0 - assert 1763416640.000009340, sequence: 19499 - clear  0.000000000, sequence: 0
source 0 - assert 1763416641.000008163, sequence: 19500 - clear  0.000000000, sequence: 0
source 0 - assert 1763416642.000006792, sequence: 19501 - clear  0.000000000, sequence: 0
source 0 - assert 1763416643.000002426, sequence: 19502 - clear  0.000000000, sequence: 0
source 0 - assert 1763416644.000010330, sequence: 19503 - clear  0.000000000, sequence: 0
source 0 - assert 1763416645.000009325, sequence: 19504 - clear  0.000000000, sequence: 0
source 0 - assert 1763416646.000006117, sequence: 19505 - clear  0.000000000, sequence: 0
source 0 - assert 1763416647.000004293, sequence: 19506 - clear  0.000000000, sequence: 0
source 0 - assert 1763416648.000005832, sequence: 19507 - clear  0.000000000, sequence: 0
source 0 - assert 1763416649.000007840, sequence: 19508 - clear  0.000000000, sequence: 0
source 0 - assert 1763416650.000007605, sequence: 19509 - clear  0.000000000, sequence: 0
source 0 - assert 1763416651.000006886, sequence: 19510 - clear  0.000000000, sequence: 0
source 0 - assert 1763416652.000006787, sequence: 19511 - clear  0.000000000, sequence: 0
source 0 - assert 1763416653.000002827, sequence: 19512 - clear  0.000000000, sequence: 0
source 0 - assert 1763416654.000003705, sequence: 19513 - clear  0.000000000, sequence: 0
source 0 - assert 1763416655.000005218, sequence: 19514 - clear  0.000000000, sequence: 0
source 0 - assert 1763416656.000002686, sequence: 19515 - clear  0.000000000, sequence: 0
source 0 - assert 1763416657.000007209, sequence: 19516 - clear  0.000000000, sequence: 0
source 0 - assert 1763416658.000003823, sequence: 19517 - clear  0.000000000, sequence: 0
source 0 - assert 1763416659.000003787, sequence: 19518 - clear  0.000000000, sequence: 0
source 0 - assert 1763416660.000008591, sequence: 19519 - clear  0.000000000, sequence: 0
source 0 - assert 1763416661.000005677, sequence: 19520 - clear  0.000000000, sequence: 0
source 0 - assert 1763416662.000007366, sequence: 19521 - clear  0.000000000, sequence: 0
source 0 - assert 1763416663.000007651, sequence: 19522 - clear  0.000000000, sequence: 0
source 0 - assert 1763416664.000005995, sequence: 19523 - clear  0.000000000, sequence: 0
source 0 - assert 1763416665.000005986, sequence: 19524 - clear  0.000000000, sequence: 0
source 0 - assert 1763416666.000010906, sequence: 19525 - clear  0.000000000, sequence: 0
source 0 - assert 1763416667.000005874, sequence: 19526 - clear  0.000000000, sequence: 0
source 0 - assert 1763416668.000007295, sequence: 19527 - clear  0.000000000, sequence: 0
source 0 - assert 1763416669.000003937, sequence: 19528 - clear  0.000000000, sequence: 0
source 0 - assert 1763416670.000004027, sequence: 19529 - clear  0.000000000, sequence: 0
source 0 - assert 1763416671.000001980, sequence: 19530 - clear  0.000000000, sequence: 0
source 0 - assert 1763416672.000010053, sequence: 19531 - clear  0.000000000, sequence: 0
source 0 - assert 1763416673.000005327, sequence: 19532 - clear  0.000000000, sequence: 0
source 0 - assert 1763416674.000004123, sequence: 19533 - clear  0.000000000, sequence: 0
source 0 - assert 1763416675.000007796, sequence: 19534 - clear  0.000000000, sequence: 0
source 0 - assert 1763416676.000007127, sequence: 19535 - clear  0.000000000, sequence: 0
source 0 - assert 1763416677.000007142, sequence: 19536 - clear  0.000000000, sequence: 0
source 0 - assert 1763416678.000007087, sequence: 19537 - clear  0.000000000, sequence: 0
source 0 - assert 1763416679.000006994, sequence: 19538 - clear  0.000000000, sequence: 0
source 0 - assert 1763416680.000009621, sequence: 19539 - clear  0.000000000, sequence: 0
source 0 - assert 1763416681.000004835, sequence: 19540 - clear  0.000000000, sequence: 0
source 0 - assert 1763416682.000004673, sequence: 19541 - clear  0.000000000, sequence: 0
source 0 - assert 1763416683.000010751, sequence: 19542 - clear  0.000000000, sequence: 0
source 0 - assert 1763416684.000003211, sequence: 19543 - clear  0.000000000, sequence: 0
source 0 - assert 1763416685.000008996, sequence: 19544 - clear  0.000000000, sequence: 0
source 0 - assert 1763416686.000005634, sequence: 19545 - clear  0.000000000, sequence: 0
source 0 - assert 1763416687.000004952, sequence: 19546 - clear  0.000000000, sequence: 0
source 0 - assert 1763416688.000008717, sequence: 19547 - clear  0.000000000, sequence: 0
source 0 - assert 1763416689.000002422, sequence: 19548 - clear  0.000000000, sequence: 0
source 0 - assert 1763416690.000007951, sequence: 19549 - clear  0.000000000, sequence: 0
source 0 - assert 1763416691.000006278, sequence: 19550 - clear  0.000000000, sequence: 0
source 0 - assert 1763416692.000004681, sequence: 19551 - clear  0.000000000, sequence: 0
source 0 - assert 1763416693.000008310, sequence: 19552 - clear  0.000000000, sequence: 0
source 0 - assert 1763416694.000009567, sequence: 19553 - clear  0.000000000, sequence: 0
source 0 - assert 1763416695.000004541, sequence: 19554 - clear  0.000000000, sequence: 0
source 0 - assert 1763416696.000005807, sequence: 19555 - clear  0.000000000, sequence: 0
source 0 - assert 1763416697.000006340, sequence: 19556 - clear  0.000000000, sequence: 0
source 0 - assert 1763416698.000004581, sequence: 19557 - clear  0.000000000, sequence: 0
source 0 - assert 1763416699.000010467, sequence: 19558 - clear  0.000000000, sequence: 0
source 0 - assert 1763416700.000000848, sequence: 19559 - clear  0.000000000, sequence: 0
source 0 - assert 1763416701.000003721, sequence: 19560 - clear  0.000000000, sequence: 0
source 0 - assert 1763416702.000004126, sequence: 19561 - clear  0.000000000, sequence: 0
source 0 - assert 1763416703.000003530, sequence: 19562 - clear  0.000000000, sequence: 0
source 0 - assert 1763416704.000005902, sequence: 19563 - clear  0.000000000, sequence: 0
source 0 - assert 1763416705.000008065, sequence: 19564 - clear  0.000000000, sequence: 0
source 0 - assert 1763416706.000006061, sequence: 19565 - clear  0.000000000, sequence: 0
source 0 - assert 1763416707.000008988, sequence: 19566 - clear  0.000000000, sequence: 0
source 0 - assert 1763416708.000016422, sequence: 19567 - clear  0.000000000, sequence: 0
Terminated
