trying PPS source "/dev/pps0"
found PPS source "/dev/pps0"
ok, found 1 source(s), now start fetching data...
source 0 - assert 1763372446.000010755, sequence: 11194 - clear  0.000000000, sequence: 0
source 0 - assert 1763372447.000010626, sequence: 11195 - clear  0.000000000, sequence: 0
source 0 - assert 1763372448.000006708, sequence: 11196 - clear  0.000000000, sequence: 0
source 0 - assert 1763372449.000007627, sequence: 11197 - clear  0.000000000, sequence: 0
source 0 - assert 1763372450.000007732, sequence: 11198 - clear  0.000000000, sequence: 0
source 0 - assert 1763372451.000011828, sequence: 11199 - clear  0.000000000, sequence: 0
source 0 - assert 1763372452.000007905, sequence: 11200 - clear  0.000000000, sequence: 0
source 0 - assert 1763372453.000009156, sequence: 11201 - clear  0.000000000, sequence: 0
source 0 - assert 1763372454.000007451, sequence: 11202 - clear  0.000000000, sequence: 0
source 0 - assert 1763372455.000006541, sequence: 11203 - clear  0.000000000, sequence: 0
source 0 - assert 1763372456.000008798, sequence: 11204 - clear  0.000000000, sequence: 0
source 0 - assert 1763372457.000011426, sequence: 11205 - clear  0.000000000, sequence: 0
source 0 - assert 1763372458.000005272, sequence: 11206 - clear  0.000000000, sequence: 0
source 0 - assert 1763372459.000007537, sequence: 11207 - clear  0.000000000, sequence: 0
source 0 - assert 1763372460.000008316, sequence: 11208 - clear  0.000000000, sequence: 0
source 0 - assert 1763372461.000003626, sequence: 11209 - clear  0.000000000, sequence: 0
source 0 - assert 1763372462.000010486, sequence: 11210 - clear  0.000000000, sequence: 0
source 0 - assert 1763372463.000009590, sequence: 11211 - clear  0.000000000, sequence: 0
source 0 - assert 1763372464.000006712, sequence: 11212 - clear  0.000000000, sequence: 0
source 0 - assert 1763372465.000005599, sequence: 11213 - clear  0.000000000, sequence: 0
source 0 - assert 1763372466.000012369, sequence: 11214 - clear  0.000000000, sequence: 0
source 0 - assert 1763372467.000009297, sequence: 11215 - clear  0.000000000, sequence: 0
source 0 - assert 1763372468.000009135, sequence: 11216 - clear  0.000000000, sequence: 0
source 0 - assert 1763372469.000007301, sequence: 11217 - clear  0.000000000, sequence: 0
source 0 - assert 1763372470.000006907, sequence: 11218 - clear  0.000000000, sequence: 0
source 0 - assert 1763372471.000009024, sequence: 11219 - clear  0.000000000, sequence: 0
source 0 - assert 1763372472.000008735, sequence: 11220 - clear  0.000000000, sequence: 0
source 0 - assert 1763372473.000013036, sequence: 11221 - clear  0.000000000, sequence: 0
source 0 - assert 1763372474.000006533, sequence: 11222 - clear  0.000000000, sequence: 0
source 0 - assert 1763372475.000009112, sequence: 11223 - clear  0.000000000, sequence: 0
source 0 - assert 1763372476.000010000, sequence: 11224 - clear  0.000000000, sequence: 0
source 0 - assert 1763372477.000012070, sequence: 11225 - clear  0.000000000, sequence: 0
source 0 - assert 1763372478.000008592, sequence: 11226 - clear  0.000000000, sequence: 0
source 0 - assert 1763372479.000011700, sequence: 11227 - clear  0.000000000, sequence: 0
source 0 - assert 1763372480.000009702, sequence: 11228 - clear  0.000000000, sequence: 0
source 0 - assert 1763372481.000009255, sequence: 11229 - clear  0.000000000, sequence: 0
source 0 - assert 1763372482.000007419, sequence: 11230 - clear  0.000000000, sequence: 0
source 0 - assert 1763372483.000006134, sequence: 11231 - clear  0.000000000, sequence: 0
source 0 - assert 1763372484.000009656, sequence: 11232 - clear  0.000000000, sequence: 0
source 0 - assert 1763372485.000009163, sequence: 11233 - clear  0.000000000, sequence: 0
source 0 - assert 1763372486.000010411, sequence: 11234 - clear  0.000000000, sequence: 0
source 0 - assert 1763372487.000008233, sequence: 11235 - clear  0.000000000, sequence: 0
source 0 - assert 1763372488.000009906, sequence: 11236 - clear  0.000000000, sequence: 0
source 0 - assert 1763372489.000008191, sequence: 11237 - clear  0.000000000, sequence: 0
source 0 - assert 1763372490.000008676, sequence: 11238 - clear  0.000000000, sequence: 0
source 0 - assert 1763372491.000012264, sequence: 11239 - clear  0.000000000, sequence: 0
source 0 - assert 1763372492.000009449, sequence: 11240 - clear  0.000000000, sequence: 0
source 0 - assert 1763372493.000006611, sequence: 11241 - clear  0.000000000, sequence: 0
source 0 - assert 1763372494.000006277, sequence: 11242 - clear  0.000000000, sequence: 0
source 0 - assert 1763372495.000007886, sequence: 11243 - clear  0.000000000, sequence: 0
source 0 - assert 1763372496.000009254, sequence: 11244 - clear  0.000000000, sequence: 0
source 0 - assert 1763372497.000008025, sequence: 11245 - clear  0.000000000, sequence: 0
source 0 - assert 1763372498.000010865, sequence: 11246 - clear  0.000000000, sequence: 0
source 0 - assert 1763372499.000006304, sequence: 11247 - clear  0.000000000, sequence: 0
source 0 - assert 1763372500.000009333, sequence: 11248 - clear  0.000000000, sequence: 0
source 0 - assert 1763372501.000008524, sequence: 11249 - clear  0.000000000, sequence: 0
source 0 - assert 1763372502.000008454, sequence: 11250 - clear  0.000000000, sequence: 0
source 0 - assert 1763372503.000009418, sequence: 11251 - clear  0.000000000, sequence: 0
source 0 - assert 1763372504.000008557, sequence: 11252 - clear  0.000000000, sequence: 0
source 0 - assert 1763372505.000007117, sequence: 11253 - clear  0.000000000, sequence: 0
source 0 - assert 1763372506.000009998, sequence: 11254 - clear  0.000000000, sequence: 0
source 0 - assert 1763372507.000010962, sequence: 11255 - clear  0.000000000, sequence: 0
source 0 - assert 1763372508.000007667, sequence: 11256 - clear  0.000000000, sequence: 0
source 0 - assert 1763372509.000009836, sequence: 11257 - clear  0.000000000, sequence: 0
source 0 - assert 1763372510.000008485, sequence: 11258 - clear  0.000000000, sequence: 0
source 0 - assert 1763372511.000004942, sequence: 11259 - clear  0.000000000, sequence: 0
source 0 - assert 1763372512.000008168, sequence: 11260 - clear  0.000000000, sequence: 0
source 0 - assert 1763372513.000009115, sequence: 11261 - clear  0.000000000, sequence: 0
source 0 - assert 1763372514.000008230, sequence: 11262 - clear  0.000000000, sequence: 0
source 0 - assert 1763372515.000004551, sequence: 11263 - clear  0.000000000, sequence: 0
source 0 - assert 1763372516.000006862, sequence: 11264 - clear  0.000000000, sequence: 0
source 0 - assert 1763372517.000009292, sequence: 11265 - clear  0.000000000, sequence: 0
source 0 - assert 1763372518.000007585, sequence: 11266 - clear  0.000000000, sequence: 0
source 0 - assert 1763372519.000009246, sequence: 11267 - clear  0.000000000, sequence: 0
source 0 - assert 1763372520.000008538, sequence: 11268 - clear  0.000000000, sequence: 0
source 0 - assert 1763372521.000008975, sequence: 11269 - clear  0.000000000, sequence: 0
source 0 - assert 1763372522.000008913, sequence: 11270 - clear  0.000000000, sequence: 0
source 0 - assert 1763372523.000008852, sequence: 11271 - clear  0.000000000, sequence: 0
source 0 - assert 1763372524.000004337, sequence: 11272 - clear  0.000000000, sequence: 0
source 0 - assert 1763372525.000007170, sequence: 11273 - clear  0.000000000, sequence: 0
source 0 - assert 1763372526.000005414, sequence: 11274 - clear  0.000000000, sequence: 0
source 0 - assert 1763372527.000008598, sequence: 11275 - clear  0.000000000, sequence: 0
source 0 - assert 1763372528.000009424, sequence: 11276 - clear  0.000000000, sequence: 0
source 0 - assert 1763372529.000009613, sequence: 11277 - clear  0.000000000, sequence: 0
source 0 - assert 1763372530.000007342, sequence: 11278 - clear  0.000000000, sequence: 0
source 0 - assert 1763372531.000007893, sequence: 11279 - clear  0.000000000, sequence: 0
source 0 - assert 1763372532.000008502, sequence: 11280 - clear  0.000000000, sequence: 0
source 0 - assert 1763372533.000009143, sequence: 11281 - clear  0.000000000, sequence: 0
source 0 - assert 1763372534.000007653, sequence: 11282 - clear  0.000000000, sequence: 0
source 0 - assert 1763372535.000008388, sequence: 11283 - clear  0.000000000, sequence: 0
source 0 - assert 1763372536.000008914, sequence: 11284 - clear  0.000000000, sequence: 0
source 0 - assert 1763372537.000010755, sequence: 11285 - clear  0.000000000, sequence: 0
source 0 - assert 1763372538.000010559, sequence: 11286 - clear  0.000000000, sequence: 0
source 0 - assert 1763372539.000010400, sequence: 11287 - clear  0.000000000, sequence: 0
source 0 - assert 1763372540.000006423, sequence: 11288 - clear  0.000000000, sequence: 0
source 0 - assert 1763372541.000006221, sequence: 11289 - clear  0.000000000, sequence: 0
source 0 - assert 1763372542.000007253, sequence: 11290 - clear  0.000000000, sequence: 0
source 0 - assert 1763372543.000007456, sequence: 11291 - clear  0.000000000, sequence: 0
source 0 - assert 1763372544.000005790, sequence: 11292 - clear  0.000000000, sequence: 0
source 0 - assert 1763372545.000011004, sequence: 11293 - clear  0.000000000, sequence: 0
source 0 - assert 1763372546.000007115, sequence: 11294 - clear  0.000000000, sequence: 0
source 0 - assert 1763372547.000003744, sequence: 11295 - clear  0.000000000, sequence: 0
source 0 - assert 1763372548.000009282, sequence: 11296 - clear  0.000000000, sequence: 0
source 0 - assert 1763372549.000007742, sequence: 11297 - clear  0.000000000, sequence: 0
source 0 - assert 1763372550.000010450, sequence: 11298 - clear  0.000000000, sequence: 0
source 0 - assert 1763372551.000009150, sequence: 11299 - clear  0.000000000, sequence: 0
source 0 - assert 1763372552.000009080, sequence: 11300 - clear  0.000000000, sequence: 0
source 0 - assert 1763372553.000010253, sequence: 11301 - clear  0.000000000, sequence: 0
source 0 - assert 1763372554.000040240, sequence: 11302 - clear  0.000000000, sequence: 0
source 0 - assert 1763372555.000005602, sequence: 11303 - clear  0.000000000, sequence: 0
source 0 - assert 1763372556.000008570, sequence: 11304 - clear  0.000000000, sequence: 0
source 0 - assert 1763372557.000005866, sequence: 11305 - clear  0.000000000, sequence: 0
source 0 - assert 1763372558.000010680, sequence: 11306 - clear  0.000000000, sequence: 0
source 0 - assert 1763372559.000006465, sequence: 11307 - clear  0.000000000, sequence: 0
source 0 - assert 1763372560.000006859, sequence: 11308 - clear  0.000000000, sequence: 0
source 0 - assert 1763372561.000009003, sequence: 11309 - clear  0.000000000, sequence: 0
source 0 - assert 1763372562.000007911, sequence: 11310 - clear  0.000000000, sequence: 0
source 0 - assert 1763372563.000007820, sequence: 11311 - clear  0.000000000, sequence: 0
source 0 - assert 1763372564.000009817, sequence: 11312 - clear  0.000000000, sequence: 0
source 0 - assert 1763372565.000005698, sequence: 11313 - clear  0.000000000, sequence: 0
source 0 - assert 1763372566.000007688, sequence: 11314 - clear  0.000000000, sequence: 0
source 0 - assert 1763372567.000011661, sequence: 11315 - clear  0.000000000, sequence: 0
source 0 - assert 1763372568.000009949, sequence: 11316 - clear  0.000000000, sequence: 0
source 0 - assert 1763372569.000008400, sequence: 11317 - clear  0.000000000, sequence: 0
source 0 - assert 1763372570.000009688, sequence: 11318 - clear  0.000000000, sequence: 0
source 0 - assert 1763372571.000011483, sequence: 11319 - clear  0.000000000, sequence: 0
source 0 - assert 1763372572.000010477, sequence: 11320 - clear  0.000000000, sequence: 0
source 0 - assert 1763372573.000004659, sequence: 11321 - clear  0.000000000, sequence: 0
source 0 - assert 1763372574.000009111, sequence: 11322 - clear  0.000000000, sequence: 0
source 0 - assert 1763372575.000007012, sequence: 11323 - clear  0.000000000, sequence: 0
source 0 - assert 1763372576.000006703, sequence: 11324 - clear  0.000000000, sequence: 0
source 0 - assert 1763372577.000003282, sequence: 11325 - clear  0.000000000, sequence: 0
source 0 - assert 1763372578.000010338, sequence: 11326 - clear  0.000000000, sequence: 0
source 0 - assert 1763372579.000010410, sequence: 11327 - clear  0.000000000, sequence: 0
source 0 - assert 1763372580.000008396, sequence: 11328 - clear  0.000000000, sequence: 0
source 0 - assert 1763372581.000009786, sequence: 11329 - clear  0.000000000, sequence: 0
source 0 - assert 1763372582.000008503, sequence: 11330 - clear  0.000000000, sequence: 0
source 0 - assert 1763372583.000009118, sequence: 11331 - clear  0.000000000, sequence: 0
source 0 - assert 1763372584.000009354, sequence: 11332 - clear  0.000000000, sequence: 0
source 0 - assert 1763372585.000007687, sequence: 11333 - clear  0.000000000, sequence: 0
source 0 - assert 1763372586.000009102, sequence: 11334 - clear  0.000000000, sequence: 0
source 0 - assert 1763372587.000008627, sequence: 11335 - clear  0.000000000, sequence: 0
source 0 - assert 1763372588.000006748, sequence: 11336 - clear  0.000000000, sequence: 0
source 0 - assert 1763372589.000007868, sequence: 11337 - clear  0.000000000, sequence: 0
source 0 - assert 1763372590.000008787, sequence: 11338 - clear  0.000000000, sequence: 0
source 0 - assert 1763372591.000009465, sequence: 11339 - clear  0.000000000, sequence: 0
source 0 - assert 1763372592.000008408, sequence: 11340 - clear  0.000000000, sequence: 0
source 0 - assert 1763372593.000007332, sequence: 11341 - clear  0.000000000, sequence: 0
source 0 - assert 1763372594.000008872, sequence: 11342 - clear  0.000000000, sequence: 0
source 0 - assert 1763372595.000008591, sequence: 11343 - clear  0.000000000, sequence: 0
source 0 - assert 1763372596.000008052, sequence: 11344 - clear  0.000000000, sequence: 0
source 0 - assert 1763372597.000006123, sequence: 11345 - clear  0.000000000, sequence: 0
source 0 - assert 1763372598.000009154, sequence: 11346 - clear  0.000000000, sequence: 0
source 0 - assert 1763372599.000010784, sequence: 11347 - clear  0.000000000, sequence: 0
source 0 - assert 1763372600.000011640, sequence: 11348 - clear  0.000000000, sequence: 0
source 0 - assert 1763372601.000009439, sequence: 11349 - clear  0.000000000, sequence: 0
source 0 - assert 1763372602.000004696, sequence: 11350 - clear  0.000000000, sequence: 0
source 0 - assert 1763372603.000006577, sequence: 11351 - clear  0.000000000, sequence: 0
source 0 - assert 1763372604.000008687, sequence: 11352 - clear  0.000000000, sequence: 0
source 0 - assert 1763372605.000009063, sequence: 11353 - clear  0.000000000, sequence: 0
source 0 - assert 1763372606.000009382, sequence: 11354 - clear  0.000000000, sequence: 0
source 0 - assert 1763372607.000008730, sequence: 11355 - clear  0.000000000, sequence: 0
source 0 - assert 1763372608.000007730, sequence: 11356 - clear  0.000000000, sequence: 0
source 0 - assert 1763372609.000005575, sequence: 11357 - clear  0.000000000, sequence: 0
source 0 - assert 1763372610.000005843, sequence: 11358 - clear  0.000000000, sequence: 0
source 0 - assert 1763372611.000012367, sequence: 11359 - clear  0.000000000, sequence: 0
source 0 - assert 1763372612.000008154, sequence: 11360 - clear  0.000000000, sequence: 0
source 0 - assert 1763372613.000007951, sequence: 11361 - clear  0.000000000, sequence: 0
source 0 - assert 1763372614.000008171, sequence: 11362 - clear  0.000000000, sequence: 0
source 0 - assert 1763372615.000009051, sequence: 11363 - clear  0.000000000, sequence: 0
source 0 - assert 1763372616.000011372, sequence: 11364 - clear  0.000000000, sequence: 0
source 0 - assert 1763372617.000006918, sequence: 11365 - clear  0.000000000, sequence: 0
source 0 - assert 1763372618.000005533, sequence: 11366 - clear  0.000000000, sequence: 0
source 0 - assert 1763372619.000008569, sequence: 11367 - clear  0.000000000, sequence: 0
source 0 - assert 1763372620.000009504, sequence: 11368 - clear  0.000000000, sequence: 0
source 0 - assert 1763372621.000009806, sequence: 11369 - clear  0.000000000, sequence: 0
source 0 - assert 1763372622.000010324, sequence: 11370 - clear  0.000000000, sequence: 0
source 0 - assert 1763372623.000006073, sequence: 11371 - clear  0.000000000, sequence: 0
source 0 - assert 1763372624.000008428, sequence: 11372 - clear  0.000000000, sequence: 0
source 0 - assert 1763372625.000011727, sequence: 11373 - clear  0.000000000, sequence: 0
source 0 - assert 1763372626.000007063, sequence: 11374 - clear  0.000000000, sequence: 0
source 0 - assert 1763372627.000007317, sequence: 11375 - clear  0.000000000, sequence: 0
source 0 - assert 1763372628.000010678, sequence: 11376 - clear  0.000000000, sequence: 0
source 0 - assert 1763372629.000009891, sequence: 11377 - clear  0.000000000, sequence: 0
source 0 - assert 1763372630.000011484, sequence: 11378 - clear  0.000000000, sequence: 0
source 0 - assert 1763372631.000004572, sequence: 11379 - clear  0.000000000, sequence: 0
source 0 - assert 1763372632.000006797, sequence: 11380 - clear  0.000000000, sequence: 0
source 0 - assert 1763372633.000010571, sequence: 11381 - clear  0.000000000, sequence: 0
source 0 - assert 1763372634.000009111, sequence: 11382 - clear  0.000000000, sequence: 0
source 0 - assert 1763372635.000007106, sequence: 11383 - clear  0.000000000, sequence: 0
source 0 - assert 1763372636.000006874, sequence: 11384 - clear  0.000000000, sequence: 0
source 0 - assert 1763372637.000006228, sequence: 11385 - clear  0.000000000, sequence: 0
source 0 - assert 1763372638.000010024, sequence: 11386 - clear  0.000000000, sequence: 0
source 0 - assert 1763372639.000006749, sequence: 11387 - clear  0.000000000, sequence: 0
source 0 - assert 1763372640.000005054, sequence: 11388 - clear  0.000000000, sequence: 0
source 0 - assert 1763372641.000006097, sequence: 11389 - clear  0.000000000, sequence: 0
source 0 - assert 1763372642.000006172, sequence: 11390 - clear  0.000000000, sequence: 0
source 0 - assert 1763372643.000006439, sequence: 11391 - clear  0.000000000, sequence: 0
source 0 - assert 1763372644.000009892, sequence: 11392 - clear  0.000000000, sequence: 0
source 0 - assert 1763372645.000009914, sequence: 11393 - clear  0.000000000, sequence: 0
source 0 - assert 1763372646.000007198, sequence: 11394 - clear  0.000000000, sequence: 0
source 0 - assert 1763372647.000004989, sequence: 11395 - clear  0.000000000, sequence: 0
source 0 - assert 1763372648.000007692, sequence: 11396 - clear  0.000000000, sequence: 0
source 0 - assert 1763372649.000010273, sequence: 11397 - clear  0.000000000, sequence: 0
source 0 - assert 1763372650.000008441, sequence: 11398 - clear  0.000000000, sequence: 0
source 0 - assert 1763372651.000010800, sequence: 11399 - clear  0.000000000, sequence: 0
source 0 - assert 1763372652.000009771, sequence: 11400 - clear  0.000000000, sequence: 0
source 0 - assert 1763372653.000006136, sequence: 11401 - clear  0.000000000, sequence: 0
source 0 - assert 1763372654.000006935, sequence: 11402 - clear  0.000000000, sequence: 0
source 0 - assert 1763372655.000009034, sequence: 11403 - clear  0.000000000, sequence: 0
source 0 - assert 1763372656.000009309, sequence: 11404 - clear  0.000000000, sequence: 0
source 0 - assert 1763372657.000009776, sequence: 11405 - clear  0.000000000, sequence: 0
source 0 - assert 1763372658.000009000, sequence: 11406 - clear  0.000000000, sequence: 0
source 0 - assert 1763372659.000010166, sequence: 11407 - clear  0.000000000, sequence: 0
source 0 - assert 1763372660.000009421, sequence: 11408 - clear  0.000000000, sequence: 0
source 0 - assert 1763372661.000011292, sequence: 11409 - clear  0.000000000, sequence: 0
source 0 - assert 1763372662.000005052, sequence: 11410 - clear  0.000000000, sequence: 0
source 0 - assert 1763372663.000007926, sequence: 11411 - clear  0.000000000, sequence: 0
source 0 - assert 1763372664.000008947, sequence: 11412 - clear  0.000000000, sequence: 0
source 0 - assert 1763372665.000006907, sequence: 11413 - clear  0.000000000, sequence: 0
source 0 - assert 1763372666.000009404, sequence: 11414 - clear  0.000000000, sequence: 0
source 0 - assert 1763372667.000007980, sequence: 11415 - clear  0.000000000, sequence: 0
source 0 - assert 1763372668.000007630, sequence: 11416 - clear  0.000000000, sequence: 0
source 0 - assert 1763372669.000008928, sequence: 11417 - clear  0.000000000, sequence: 0
source 0 - assert 1763372670.000007937, sequence: 11418 - clear  0.000000000, sequence: 0
source 0 - assert 1763372671.000011901, sequence: 11419 - clear  0.000000000, sequence: 0
source 0 - assert 1763372672.000009618, sequence: 11420 - clear  0.000000000, sequence: 0
source 0 - assert 1763372673.000009160, sequence: 11421 - clear  0.000000000, sequence: 0
source 0 - assert 1763372674.000006027, sequence: 11422 - clear  0.000000000, sequence: 0
source 0 - assert 1763372675.000011583, sequence: 11423 - clear  0.000000000, sequence: 0
source 0 - assert 1763372676.000008576, sequence: 11424 - clear  0.000000000, sequence: 0
source 0 - assert 1763372677.000010569, sequence: 11425 - clear  0.000000000, sequence: 0
source 0 - assert 1763372678.000004122, sequence: 11426 - clear  0.000000000, sequence: 0
source 0 - assert 1763372679.000007705, sequence: 11427 - clear  0.000000000, sequence: 0
source 0 - assert 1763372680.000007962, sequence: 11428 - clear  0.000000000, sequence: 0
source 0 - assert 1763372681.000007175, sequence: 11429 - clear  0.000000000, sequence: 0
source 0 - assert 1763372682.000010796, sequence: 11430 - clear  0.000000000, sequence: 0
source 0 - assert 1763372683.000011445, sequence: 11431 - clear  0.000000000, sequence: 0
source 0 - assert 1763372684.000004814, sequence: 11432 - clear  0.000000000, sequence: 0
source 0 - assert 1763372685.000008413, sequence: 11433 - clear  0.000000000, sequence: 0
source 0 - assert 1763372686.000005479, sequence: 11434 - clear  0.000000000, sequence: 0
source 0 - assert 1763372687.000007242, sequence: 11435 - clear  0.000000000, sequence: 0
source 0 - assert 1763372688.000009778, sequence: 11436 - clear  0.000000000, sequence: 0
source 0 - assert 1763372689.000010195, sequence: 11437 - clear  0.000000000, sequence: 0
source 0 - assert 1763372690.000005781, sequence: 11438 - clear  0.000000000, sequence: 0
source 0 - assert 1763372691.000008096, sequence: 11439 - clear  0.000000000, sequence: 0
source 0 - assert 1763372692.000009784, sequence: 11440 - clear  0.000000000, sequence: 0
source 0 - assert 1763372693.000012006, sequence: 11441 - clear  0.000000000, sequence: 0
source 0 - assert 1763372694.000009292, sequence: 11442 - clear  0.000000000, sequence: 0
source 0 - assert 1763372695.000009666, sequence: 11443 - clear  0.000000000, sequence: 0
source 0 - assert 1763372696.000008320, sequence: 11444 - clear  0.000000000, sequence: 0
source 0 - assert 1763372697.000006107, sequence: 11445 - clear  0.000000000, sequence: 0
source 0 - assert 1763372698.000005352, sequence: 11446 - clear  0.000000000, sequence: 0
source 0 - assert 1763372699.000006634, sequence: 11447 - clear  0.000000000, sequence: 0
source 0 - assert 1763372700.000007558, sequence: 11448 - clear  0.000000000, sequence: 0
source 0 - assert 1763372701.000008317, sequence: 11449 - clear  0.000000000, sequence: 0
source 0 - assert 1763372702.000010399, sequence: 11450 - clear  0.000000000, sequence: 0
source 0 - assert 1763372703.000006764, sequence: 11451 - clear  0.000000000, sequence: 0
source 0 - assert 1763372704.000010035, sequence: 11452 - clear  0.000000000, sequence: 0
source 0 - assert 1763372705.000008921, sequence: 11453 - clear  0.000000000, sequence: 0
source 0 - assert 1763372706.000008916, sequence: 11454 - clear  0.000000000, sequence: 0
source 0 - assert 1763372707.000006095, sequence: 11455 - clear  0.000000000, sequence: 0
source 0 - assert 1763372708.000009379, sequence: 11456 - clear  0.000000000, sequence: 0
source 0 - assert 1763372709.000007125, sequence: 11457 - clear  0.000000000, sequence: 0
source 0 - assert 1763372710.000006807, sequence: 11458 - clear  0.000000000, sequence: 0
source 0 - assert 1763372711.000005913, sequence: 11459 - clear  0.000000000, sequence: 0
source 0 - assert 1763372712.000008814, sequence: 11460 - clear  0.000000000, sequence: 0
source 0 - assert 1763372713.000009417, sequence: 11461 - clear  0.000000000, sequence: 0
source 0 - assert 1763372714.000005227, sequence: 11462 - clear  0.000000000, sequence: 0
source 0 - assert 1763372715.000009259, sequence: 11463 - clear  0.000000000, sequence: 0
source 0 - assert 1763372716.000008446, sequence: 11464 - clear  0.000000000, sequence: 0
source 0 - assert 1763372717.000006567, sequence: 11465 - clear  0.000000000, sequence: 0
source 0 - assert 1763372718.000009033, sequence: 11466 - clear  0.000000000, sequence: 0
source 0 - assert 1763372719.000010946, sequence: 11467 - clear  0.000000000, sequence: 0
source 0 - assert 1763372720.000009737, sequence: 11468 - clear  0.000000000, sequence: 0
source 0 - assert 1763372721.000008914, sequence: 11469 - clear  0.000000000, sequence: 0
source 0 - assert 1763372722.000009216, sequence: 11470 - clear  0.000000000, sequence: 0
source 0 - assert 1763372723.000008867, sequence: 11471 - clear  0.000000000, sequence: 0
source 0 - assert 1763372724.000008300, sequence: 11472 - clear  0.000000000, sequence: 0
source 0 - assert 1763372725.000009930, sequence: 11473 - clear  0.000000000, sequence: 0
source 0 - assert 1763372726.000010559, sequence: 11474 - clear  0.000000000, sequence: 0
source 0 - assert 1763372727.000008911, sequence: 11475 - clear  0.000000000, sequence: 0
source 0 - assert 1763372728.000009076, sequence: 11476 - clear  0.000000000, sequence: 0
source 0 - assert 1763372729.000007784, sequence: 11477 - clear  0.000000000, sequence: 0
source 0 - assert 1763372730.000006825, sequence: 11478 - clear  0.000000000, sequence: 0
source 0 - assert 1763372731.000006314, sequence: 11479 - clear  0.000000000, sequence: 0
source 0 - assert 1763372732.000007894, sequence: 11480 - clear  0.000000000, sequence: 0
source 0 - assert 1763372733.000007271, sequence: 11481 - clear  0.000000000, sequence: 0
source 0 - assert 1763372734.000006507, sequence: 11482 - clear  0.000000000, sequence: 0
source 0 - assert 1763372735.000006723, sequence: 11483 - clear  0.000000000, sequence: 0
source 0 - assert 1763372736.000009313, sequence: 11484 - clear  0.000000000, sequence: 0
source 0 - assert 1763372737.000009117, sequence: 11485 - clear  0.000000000, sequence: 0
source 0 - assert 1763372738.000008621, sequence: 11486 - clear  0.000000000, sequence: 0
source 0 - assert 1763372739.000007906, sequence: 11487 - clear  0.000000000, sequence: 0
source 0 - assert 1763372740.000010577, sequence: 11488 - clear  0.000000000, sequence: 0
source 0 - assert 1763372741.000010332, sequence: 11489 - clear  0.000000000, sequence: 0
source 0 - assert 1763372742.000006127, sequence: 11490 - clear  0.000000000, sequence: 0
source 0 - assert 1763372743.000011532, sequence: 11491 - clear  0.000000000, sequence: 0
source 0 - assert 1763372744.000005732, sequence: 11492 - clear  0.000000000, sequence: 0
source 0 - assert 1763372745.000009228, sequence: 11493 - clear  0.000000000, sequence: 0
source 0 - assert 1763372746.000010860, sequence: 11494 - clear  0.000000000, sequence: 0
source 0 - assert 1763372747.000005650, sequence: 11495 - clear  0.000000000, sequence: 0
source 0 - assert 1763372748.000010883, sequence: 11496 - clear  0.000000000, sequence: 0
source 0 - assert 1763372749.000011890, sequence: 11497 - clear  0.000000000, sequence: 0
source 0 - assert 1763372750.000009884, sequence: 11498 - clear  0.000000000, sequence: 0
source 0 - assert 1763372751.000010670, sequence: 11499 - clear  0.000000000, sequence: 0
source 0 - assert 1763372752.000009708, sequence: 11500 - clear  0.000000000, sequence: 0
source 0 - assert 1763372753.000006926, sequence: 11501 - clear  0.000000000, sequence: 0
source 0 - assert 1763372754.000009256, sequence: 11502 - clear  0.000000000, sequence: 0
source 0 - assert 1763372755.000007737, sequence: 11503 - clear  0.000000000, sequence: 0
source 0 - assert 1763372756.000006878, sequence: 11504 - clear  0.000000000, sequence: 0
source 0 - assert 1763372757.000010013, sequence: 11505 - clear  0.000000000, sequence: 0
source 0 - assert 1763372758.000002720, sequence: 11506 - clear  0.000000000, sequence: 0
source 0 - assert 1763372759.000009678, sequence: 11507 - clear  0.000000000, sequence: 0
source 0 - assert 1763372760.000010146, sequence: 11508 - clear  0.000000000, sequence: 0
source 0 - assert 1763372761.000008472, sequence: 11509 - clear  0.000000000, sequence: 0
source 0 - assert 1763372762.000014555, sequence: 11510 - clear  0.000000000, sequence: 0
Terminated
