trying PPS source "/dev/pps0"
found PPS source "/dev/pps0"
ok, found 1 source(s), now start fetching data...
source 0 - assert 1763380553.000010352, sequence: 19301 - clear  0.000000000, sequence: 0
source 0 - assert 1763380554.000009715, sequence: 19302 - clear  0.000000000, sequence: 0
source 0 - assert 1763380555.000005341, sequence: 19303 - clear  0.000000000, sequence: 0
source 0 - assert 1763380556.000011785, sequence: 19304 - clear  0.000000000, sequence: 0
source 0 - assert 1763380557.000008166, sequence: 19305 - clear  0.000000000, sequence: 0
source 0 - assert 1763380558.000010148, sequence: 19306 - clear  0.000000000, sequence: 0
source 0 - assert 1763380559.000007081, sequence: 19307 - clear  0.000000000, sequence: 0
source 0 - assert 1763380560.000009874, sequence: 19308 - clear  0.000000000, sequence: 0
source 0 - assert 1763380561.000006862, sequence: 19309 - clear  0.000000000, sequence: 0
source 0 - assert 1763380562.000007610, sequence: 19310 - clear  0.000000000, sequence: 0
source 0 - assert 1763380563.000009586, sequence: 19311 - clear  0.000000000, sequence: 0
source 0 - assert 1763380564.000008090, sequence: 19312 - clear  0.000000000, sequence: 0
source 0 - assert 1763380565.000006762, sequence: 19313 - clear  0.000000000, sequence: 0
source 0 - assert 1763380566.000008685, sequence: 19314 - clear  0.000000000, sequence: 0
source 0 - assert 1763380567.000006875, sequence: 19315 - clear  0.000000000, sequence: 0
source 0 - assert 1763380568.000008656, sequence: 19316 - clear  0.000000000, sequence: 0
source 0 - assert 1763380569.000011753, sequence: 19317 - clear  0.000000000, sequence: 0
source 0 - assert 1763380570.000007472, sequence: 19318 - clear  0.000000000, sequence: 0
source 0 - assert 1763380571.000009779, sequence: 19319 - clear  0.000000000, sequence: 0
source 0 - assert 1763380572.000008101, sequence: 19320 - clear  0.000000000, sequence: 0
source 0 - assert 1763380573.000008271, sequence: 19321 - clear  0.000000000, sequence: 0
source 0 - assert 1763380574.000008636, sequence: 19322 - clear  0.000000000, sequence: 0
source 0 - assert 1763380575.000010198, sequence: 19323 - clear  0.000000000, sequence: 0
source 0 - assert 1763380576.000010092, sequence: 19324 - clear  0.000000000, sequence: 0
source 0 - assert 1763380577.000004370, sequence: 19325 - clear  0.000000000, sequence: 0
source 0 - assert 1763380578.000008915, sequence: 19326 - clear  0.000000000, sequence: 0
source 0 - assert 1763380579.000006942, sequence: 19327 - clear  0.000000000, sequence: 0
source 0 - assert 1763380580.000011157, sequence: 19328 - clear  0.000000000, sequence: 0
source 0 - assert 1763380581.000008961, sequence: 19329 - clear  0.000000000, sequence: 0
source 0 - assert 1763380582.000003199, sequence: 19330 - clear  0.000000000, sequence: 0
source 0 - assert 1763380583.000007124, sequence: 19331 - clear  0.000000000, sequence: 0
source 0 - assert 1763380584.000010398, sequence: 19332 - clear  0.000000000, sequence: 0
source 0 - assert 1763380585.000007733, sequence: 19333 - clear  0.000000000, sequence: 0
source 0 - assert 1763380586.000008779, sequence: 19334 - clear  0.000000000, sequence: 0
source 0 - assert 1763380587.000005981, sequence: 19335 - clear  0.000000000, sequence: 0
source 0 - assert 1763380588.000010943, sequence: 19336 - clear  0.000000000, sequence: 0
source 0 - assert 1763380589.000006442, sequence: 19337 - clear  0.000000000, sequence: 0
source 0 - assert 1763380590.000008139, sequence: 19338 - clear  0.000000000, sequence: 0
source 0 - assert 1763380591.000011664, sequence: 19339 - clear  0.000000000, sequence: 0
source 0 - assert 1763380592.000009782, sequence: 19340 - clear  0.000000000, sequence: 0
source 0 - assert 1763380593.000008958, sequence: 19341 - clear  0.000000000, sequence: 0
source 0 - assert 1763380594.000007375, sequence: 19342 - clear  0.000000000, sequence: 0
source 0 - assert 1763380595.000005442, sequence: 19343 - clear  0.000000000, sequence: 0
source 0 - assert 1763380596.000008287, sequence: 19344 - clear  0.000000000, sequence: 0
source 0 - assert 1763380597.000010891, sequence: 19345 - clear  0.000000000, sequence: 0
source 0 - assert 1763380598.000009036, sequence: 19346 - clear  0.000000000, sequence: 0
source 0 - assert 1763380599.000008539, sequence: 19347 - clear  0.000000000, sequence: 0
source 0 - assert 1763380600.000007857, sequence: 19348 - clear  0.000000000, sequence: 0
source 0 - assert 1763380601.000011664, sequence: 19349 - clear  0.000000000, sequence: 0
source 0 - assert 1763380602.000010944, sequence: 19350 - clear  0.000000000, sequence: 0
source 0 - assert 1763380603.000007273, sequence: 19351 - clear  0.000000000, sequence: 0
source 0 - assert 1763380604.000007857, sequence: 19352 - clear  0.000000000, sequence: 0
source 0 - assert 1763380605.000005986, sequence: 19353 - clear  0.000000000, sequence: 0
source 0 - assert 1763380606.000006612, sequence: 19354 - clear  0.000000000, sequence: 0
source 0 - assert 1763380607.000008798, sequence: 19355 - clear  0.000000000, sequence: 0
source 0 - assert 1763380608.000009659, sequence: 19356 - clear  0.000000000, sequence: 0
source 0 - assert 1763380609.000006904, sequence: 19357 - clear  0.000000000, sequence: 0
source 0 - assert 1763380610.000007112, sequence: 19358 - clear  0.000000000, sequence: 0
source 0 - assert 1763380611.000006197, sequence: 19359 - clear  0.000000000, sequence: 0
source 0 - assert 1763380612.000007785, sequence: 19360 - clear  0.000000000, sequence: 0
source 0 - assert 1763380613.000008023, sequence: 19361 - clear  0.000000000, sequence: 0
source 0 - assert 1763380614.000013053, sequence: 19362 - clear  0.000000000, sequence: 0
source 0 - assert 1763380615.000010155, sequence: 19363 - clear  0.000000000, sequence: 0
source 0 - assert 1763380616.000007926, sequence: 19364 - clear  0.000000000, sequence: 0
source 0 - assert 1763380617.000006285, sequence: 19365 - clear  0.000000000, sequence: 0
source 0 - assert 1763380618.000007909, sequence: 19366 - clear  0.000000000, sequence: 0
source 0 - assert 1763380619.000010621, sequence: 19367 - clear  0.000000000, sequence: 0
source 0 - assert 1763380620.000007006, sequence: 19368 - clear  0.000000000, sequence: 0
source 0 - assert 1763380621.000008966, sequence: 19369 - clear  0.000000000, sequence: 0
source 0 - assert 1763380622.000008954, sequence: 19370 - clear  0.000000000, sequence: 0
source 0 - assert 1763380623.000006978, sequence: 19371 - clear  0.000000000, sequence: 0
source 0 - assert 1763380624.000007990, sequence: 19372 - clear  0.000000000, sequence: 0
source 0 - assert 1763380625.000009389, sequence: 19373 - clear  0.000000000, sequence: 0
source 0 - assert 1763380626.000007798, sequence: 19374 - clear  0.000000000, sequence: 0
source 0 - assert 1763380627.000008717, sequence: 19375 - clear  0.000000000, sequence: 0
source 0 - assert 1763380628.000007473, sequence: 19376 - clear  0.000000000, sequence: 0
source 0 - assert 1763380629.000008938, sequence: 19377 - clear  0.000000000, sequence: 0
source 0 - assert 1763380630.000010960, sequence: 19378 - clear  0.000000000, sequence: 0
source 0 - assert 1763380631.000009039, sequence: 19379 - clear  0.000000000, sequence: 0
source 0 - assert 1763380632.000006622, sequence: 19380 - clear  0.000000000, sequence: 0
source 0 - assert 1763380633.000010147, sequence: 19381 - clear  0.000000000, sequence: 0
source 0 - assert 1763380634.000012310, sequence: 19382 - clear  0.000000000, sequence: 0
source 0 - assert 1763380635.000011621, sequence: 19383 - clear  0.000000000, sequence: 0
source 0 - assert 1763380636.000010120, sequence: 19384 - clear  0.000000000, sequence: 0
source 0 - assert 1763380637.000008419, sequence: 19385 - clear  0.000000000, sequence: 0
source 0 - assert 1763380638.000005783, sequence: 19386 - clear  0.000000000, sequence: 0
source 0 - assert 1763380639.000006217, sequence: 19387 - clear  0.000000000, sequence: 0
source 0 - assert 1763380640.000008965, sequence: 19388 - clear  0.000000000, sequence: 0
source 0 - assert 1763380641.000009793, sequence: 19389 - clear  0.000000000, sequence: 0
source 0 - assert 1763380642.000005815, sequence: 19390 - clear  0.000000000, sequence: 0
source 0 - assert 1763380643.000007371, sequence: 19391 - clear  0.000000000, sequence: 0
source 0 - assert 1763380644.000011832, sequence: 19392 - clear  0.000000000, sequence: 0
source 0 - assert 1763380645.000004570, sequence: 19393 - clear  0.000000000, sequence: 0
source 0 - assert 1763380646.000010935, sequence: 19394 - clear  0.000000000, sequence: 0
source 0 - assert 1763380647.000006711, sequence: 19395 - clear  0.000000000, sequence: 0
source 0 - assert 1763380648.000007910, sequence: 19396 - clear  0.000000000, sequence: 0
source 0 - assert 1763380649.000004250, sequence: 19397 - clear  0.000000000, sequence: 0
source 0 - assert 1763380650.000011886, sequence: 19398 - clear  0.000000000, sequence: 0
source 0 - assert 1763380651.000009345, sequence: 19399 - clear  0.000000000, sequence: 0
source 0 - assert 1763380652.000008876, sequence: 19400 - clear  0.000000000, sequence: 0
source 0 - assert 1763380653.000008425, sequence: 19401 - clear  0.000000000, sequence: 0
source 0 - assert 1763380654.000010153, sequence: 19402 - clear  0.000000000, sequence: 0
source 0 - assert 1763380655.000011144, sequence: 19403 - clear  0.000000000, sequence: 0
source 0 - assert 1763380656.000010752, sequence: 19404 - clear  0.000000000, sequence: 0
source 0 - assert 1763380657.000009763, sequence: 19405 - clear  0.000000000, sequence: 0
source 0 - assert 1763380658.000007837, sequence: 19406 - clear  0.000000000, sequence: 0
source 0 - assert 1763380659.000009342, sequence: 19407 - clear  0.000000000, sequence: 0
source 0 - assert 1763380660.000003790, sequence: 19408 - clear  0.000000000, sequence: 0
source 0 - assert 1763380661.000008121, sequence: 19409 - clear  0.000000000, sequence: 0
source 0 - assert 1763380662.000007734, sequence: 19410 - clear  0.000000000, sequence: 0
source 0 - assert 1763380663.000010079, sequence: 19411 - clear  0.000000000, sequence: 0
source 0 - assert 1763380664.000009525, sequence: 19412 - clear  0.000000000, sequence: 0
source 0 - assert 1763380665.000008063, sequence: 19413 - clear  0.000000000, sequence: 0
source 0 - assert 1763380666.000009774, sequence: 19414 - clear  0.000000000, sequence: 0
source 0 - assert 1763380667.000007597, sequence: 19415 - clear  0.000000000, sequence: 0
source 0 - assert 1763380668.000011038, sequence: 19416 - clear  0.000000000, sequence: 0
source 0 - assert 1763380669.000004841, sequence: 19417 - clear  0.000000000, sequence: 0
source 0 - assert 1763380670.000010895, sequence: 19418 - clear  0.000000000, sequence: 0
source 0 - assert 1763380671.000009076, sequence: 19419 - clear  0.000000000, sequence: 0
source 0 - assert 1763380672.000008027, sequence: 19420 - clear  0.000000000, sequence: 0
source 0 - assert 1763380673.000008702, sequence: 19421 - clear  0.000000000, sequence: 0
source 0 - assert 1763380674.000013363, sequence: 19422 - clear  0.000000000, sequence: 0
source 0 - assert 1763380675.000007022, sequence: 19423 - clear  0.000000000, sequence: 0
source 0 - assert 1763380676.000010155, sequence: 19424 - clear  0.000000000, sequence: 0
source 0 - assert 1763380677.000008943, sequence: 19425 - clear  0.000000000, sequence: 0
source 0 - assert 1763380678.000008712, sequence: 19426 - clear  0.000000000, sequence: 0
source 0 - assert 1763380679.000009968, sequence: 19427 - clear  0.000000000, sequence: 0
source 0 - assert 1763380680.000010642, sequence: 19428 - clear  0.000000000, sequence: 0
source 0 - assert 1763380681.000008986, sequence: 19429 - clear  0.000000000, sequence: 0
source 0 - assert 1763380682.000010619, sequence: 19430 - clear  0.000000000, sequence: 0
source 0 - assert 1763380683.000004875, sequence: 19431 - clear  0.000000000, sequence: 0
source 0 - assert 1763380684.000007579, sequence: 19432 - clear  0.000000000, sequence: 0
source 0 - assert 1763380685.000008993, sequence: 19433 - clear  0.000000000, sequence: 0
source 0 - assert 1763380686.000009820, sequence: 19434 - clear  0.000000000, sequence: 0
source 0 - assert 1763380687.000004476, sequence: 19435 - clear  0.000000000, sequence: 0
source 0 - assert 1763380688.000007322, sequence: 19436 - clear  0.000000000, sequence: 0
source 0 - assert 1763380689.000007709, sequence: 19437 - clear  0.000000000, sequence: 0
source 0 - assert 1763380690.000009633, sequence: 19438 - clear  0.000000000, sequence: 0
source 0 - assert 1763380691.000008905, sequence: 19439 - clear  0.000000000, sequence: 0
source 0 - assert 1763380692.000008368, sequence: 19440 - clear  0.000000000, sequence: 0
source 0 - assert 1763380693.000010154, sequence: 19441 - clear  0.000000000, sequence: 0
source 0 - assert 1763380694.000004080, sequence: 19442 - clear  0.000000000, sequence: 0
source 0 - assert 1763380695.000007792, sequence: 19443 - clear  0.000000000, sequence: 0
source 0 - assert 1763380696.000010927, sequence: 19444 - clear  0.000000000, sequence: 0
source 0 - assert 1763380697.000007549, sequence: 19445 - clear  0.000000000, sequence: 0
source 0 - assert 1763380698.000008156, sequence: 19446 - clear  0.000000000, sequence: 0
source 0 - assert 1763380699.000008663, sequence: 19447 - clear  0.000000000, sequence: 0
source 0 - assert 1763380700.000007089, sequence: 19448 - clear  0.000000000, sequence: 0
source 0 - assert 1763380701.000008480, sequence: 19449 - clear  0.000000000, sequence: 0
source 0 - assert 1763380702.000006884, sequence: 19450 - clear  0.000000000, sequence: 0
source 0 - assert 1763380703.000009997, sequence: 19451 - clear  0.000000000, sequence: 0
source 0 - assert 1763380704.000008072, sequence: 19452 - clear  0.000000000, sequence: 0
source 0 - assert 1763380705.000009904, sequence: 19453 - clear  0.000000000, sequence: 0
source 0 - assert 1763380706.000009959, sequence: 19454 - clear  0.000000000, sequence: 0
source 0 - assert 1763380707.000009200, sequence: 19455 - clear  0.000000000, sequence: 0
source 0 - assert 1763380708.000006813, sequence: 19456 - clear  0.000000000, sequence: 0
source 0 - assert 1763380709.000010164, sequence: 19457 - clear  0.000000000, sequence: 0
source 0 - assert 1763380710.000007124, sequence: 19458 - clear  0.000000000, sequence: 0
source 0 - assert 1763380711.000003864, sequence: 19459 - clear  0.000000000, sequence: 0
source 0 - assert 1763380712.000010065, sequence: 19460 - clear  0.000000000, sequence: 0
source 0 - assert 1763380713.000005575, sequence: 19461 - clear  0.000000000, sequence: 0
source 0 - assert 1763380714.000007291, sequence: 19462 - clear  0.000000000, sequence: 0
source 0 - assert 1763380715.000010512, sequence: 19463 - clear  0.000000000, sequence: 0
source 0 - assert 1763380716.000007549, sequence: 19464 - clear  0.000000000, sequence: 0
source 0 - assert 1763380717.000006039, sequence: 19465 - clear  0.000000000, sequence: 0
source 0 - assert 1763380718.000009180, sequence: 19466 - clear  0.000000000, sequence: 0
source 0 - assert 1763380719.000008956, sequence: 19467 - clear  0.000000000, sequence: 0
source 0 - assert 1763380720.000006994, sequence: 19468 - clear  0.000000000, sequence: 0
source 0 - assert 1763380721.000007657, sequence: 19469 - clear  0.000000000, sequence: 0
source 0 - assert 1763380722.000006654, sequence: 19470 - clear  0.000000000, sequence: 0
source 0 - assert 1763380723.000009816, sequence: 19471 - clear  0.000000000, sequence: 0
source 0 - assert 1763380724.000008740, sequence: 19472 - clear  0.000000000, sequence: 0
source 0 - assert 1763380725.000010511, sequence: 19473 - clear  0.000000000, sequence: 0
source 0 - assert 1763380726.000005105, sequence: 19474 - clear  0.000000000, sequence: 0
source 0 - assert 1763380727.000007824, sequence: 19475 - clear  0.000000000, sequence: 0
source 0 - assert 1763380728.000008453, sequence: 19476 - clear  0.000000000, sequence: 0
source 0 - assert 1763380729.000009877, sequence: 19477 - clear  0.000000000, sequence: 0
source 0 - assert 1763380730.000005119, sequence: 19478 - clear  0.000000000, sequence: 0
source 0 - assert 1763380731.000009580, sequence: 19479 - clear  0.000000000, sequence: 0
source 0 - assert 1763380732.000009016, sequence: 19480 - clear  0.000000000, sequence: 0
source 0 - assert 1763380733.000005827, sequence: 19481 - clear  0.000000000, sequence: 0
source 0 - assert 1763380734.000012418, sequence: 19482 - clear  0.000000000, sequence: 0
source 0 - assert 1763380735.000010564, sequence: 19483 - clear  0.000000000, sequence: 0
source 0 - assert 1763380736.000010914, sequence: 19484 - clear  0.000000000, sequence: 0
source 0 - assert 1763380737.000008126, sequence: 19485 - clear  0.000000000, sequence: 0
source 0 - assert 1763380738.000006295, sequence: 19486 - clear  0.000000000, sequence: 0
source 0 - assert 1763380739.000006774, sequence: 19487 - clear  0.000000000, sequence: 0
source 0 - assert 1763380740.000009647, sequence: 19488 - clear  0.000000000, sequence: 0
source 0 - assert 1763380741.000007892, sequence: 19489 - clear  0.000000000, sequence: 0
source 0 - assert 1763380742.000008243, sequence: 19490 - clear  0.000000000, sequence: 0
source 0 - assert 1763380743.000008225, sequence: 19491 - clear  0.000000000, sequence: 0
source 0 - assert 1763380744.000007960, sequence: 19492 - clear  0.000000000, sequence: 0
source 0 - assert 1763380745.000009953, sequence: 19493 - clear  0.000000000, sequence: 0
source 0 - assert 1763380746.000009263, sequence: 19494 - clear  0.000000000, sequence: 0
source 0 - assert 1763380747.000012081, sequence: 19495 - clear  0.000000000, sequence: 0
source 0 - assert 1763380748.000009481, sequence: 19496 - clear  0.000000000, sequence: 0
source 0 - assert 1763380749.000004108, sequence: 19497 - clear  0.000000000, sequence: 0
source 0 - assert 1763380750.000006092, sequence: 19498 - clear  0.000000000, sequence: 0
source 0 - assert 1763380751.000008710, sequence: 19499 - clear  0.000000000, sequence: 0
source 0 - assert 1763380752.000006956, sequence: 19500 - clear  0.000000000, sequence: 0
source 0 - assert 1763380753.000011034, sequence: 19501 - clear  0.000000000, sequence: 0
source 0 - assert 1763380754.000009332, sequence: 19502 - clear  0.000000000, sequence: 0
source 0 - assert 1763380755.000006401, sequence: 19503 - clear  0.000000000, sequence: 0
source 0 - assert 1763380756.000010743, sequence: 19504 - clear  0.000000000, sequence: 0
source 0 - assert 1763380757.000008161, sequence: 19505 - clear  0.000000000, sequence: 0
source 0 - assert 1763380758.000008862, sequence: 19506 - clear  0.000000000, sequence: 0
source 0 - assert 1763380759.000007379, sequence: 19507 - clear  0.000000000, sequence: 0
source 0 - assert 1763380760.000007089, sequence: 19508 - clear  0.000000000, sequence: 0
source 0 - assert 1763380761.000008160, sequence: 19509 - clear  0.000000000, sequence: 0
source 0 - assert 1763380762.000009108, sequence: 19510 - clear  0.000000000, sequence: 0
source 0 - assert 1763380763.000007514, sequence: 19511 - clear  0.000000000, sequence: 0
source 0 - assert 1763380764.000006644, sequence: 19512 - clear  0.000000000, sequence: 0
source 0 - assert 1763380765.000012950, sequence: 19513 - clear  0.000000000, sequence: 0
source 0 - assert 1763380766.000009130, sequence: 19514 - clear  0.000000000, sequence: 0
source 0 - assert 1763380767.000010078, sequence: 19515 - clear  0.000000000, sequence: 0
source 0 - assert 1763380768.000012008, sequence: 19516 - clear  0.000000000, sequence: 0
source 0 - assert 1763380769.000005511, sequence: 19517 - clear  0.000000000, sequence: 0
source 0 - assert 1763380770.000007864, sequence: 19518 - clear  0.000000000, sequence: 0
source 0 - assert 1763380771.000006316, sequence: 19519 - clear  0.000000000, sequence: 0
source 0 - assert 1763380772.000006826, sequence: 19520 - clear  0.000000000, sequence: 0
source 0 - assert 1763380773.000011606, sequence: 19521 - clear  0.000000000, sequence: 0
source 0 - assert 1763380774.000007060, sequence: 19522 - clear  0.000000000, sequence: 0
source 0 - assert 1763380775.000006633, sequence: 19523 - clear  0.000000000, sequence: 0
source 0 - assert 1763380776.000009313, sequence: 19524 - clear  0.000000000, sequence: 0
source 0 - assert 1763380777.000005543, sequence: 19525 - clear  0.000000000, sequence: 0
source 0 - assert 1763380778.000011188, sequence: 19526 - clear  0.000000000, sequence: 0
source 0 - assert 1763380779.000009854, sequence: 19527 - clear  0.000000000, sequence: 0
source 0 - assert 1763380780.000008919, sequence: 19528 - clear  0.000000000, sequence: 0
source 0 - assert 1763380781.000011289, sequence: 19529 - clear  0.000000000, sequence: 0
source 0 - assert 1763380782.000008238, sequence: 19530 - clear  0.000000000, sequence: 0
source 0 - assert 1763380783.000010539, sequence: 19531 - clear  0.000000000, sequence: 0
source 0 - assert 1763380784.000008898, sequence: 19532 - clear  0.000000000, sequence: 0
source 0 - assert 1763380785.000006830, sequence: 19533 - clear  0.000000000, sequence: 0
source 0 - assert 1763380786.000008113, sequence: 19534 - clear  0.000000000, sequence: 0
source 0 - assert 1763380787.000007662, sequence: 19535 - clear  0.000000000, sequence: 0
source 0 - assert 1763380788.000010075, sequence: 19536 - clear  0.000000000, sequence: 0
source 0 - assert 1763380789.000010192, sequence: 19537 - clear  0.000000000, sequence: 0
source 0 - assert 1763380790.000010415, sequence: 19538 - clear  0.000000000, sequence: 0
source 0 - assert 1763380791.000008517, sequence: 19539 - clear  0.000000000, sequence: 0
source 0 - assert 1763380792.000005560, sequence: 19540 - clear  0.000000000, sequence: 0
source 0 - assert 1763380793.000005056, sequence: 19541 - clear  0.000000000, sequence: 0
source 0 - assert 1763380794.000007876, sequence: 19542 - clear  0.000000000, sequence: 0
source 0 - assert 1763380795.000014088, sequence: 19543 - clear  0.000000000, sequence: 0
source 0 - assert 1763380796.000006337, sequence: 19544 - clear  0.000000000, sequence: 0
source 0 - assert 1763380797.000007323, sequence: 19545 - clear  0.000000000, sequence: 0
source 0 - assert 1763380798.000007817, sequence: 19546 - clear  0.000000000, sequence: 0
source 0 - assert 1763380799.000006523, sequence: 19547 - clear  0.000000000, sequence: 0
source 0 - assert 1763380800.000011911, sequence: 19548 - clear  0.000000000, sequence: 0
source 0 - assert 1763380801.000006618, sequence: 19549 - clear  0.000000000, sequence: 0
source 0 - assert 1763380802.000006712, sequence: 19550 - clear  0.000000000, sequence: 0
source 0 - assert 1763380803.000005845, sequence: 19551 - clear  0.000000000, sequence: 0
source 0 - assert 1763380804.000009235, sequence: 19552 - clear  0.000000000, sequence: 0
source 0 - assert 1763380805.000007732, sequence: 19553 - clear  0.000000000, sequence: 0
source 0 - assert 1763380806.000007067, sequence: 19554 - clear  0.000000000, sequence: 0
source 0 - assert 1763380807.000005469, sequence: 19555 - clear  0.000000000, sequence: 0
source 0 - assert 1763380808.000004638, sequence: 19556 - clear  0.000000000, sequence: 0
source 0 - assert 1763380809.000007740, sequence: 19557 - clear  0.000000000, sequence: 0
source 0 - assert 1763380810.000004302, sequence: 19558 - clear  0.000000000, sequence: 0
source 0 - assert 1763380811.000009322, sequence: 19559 - clear  0.000000000, sequence: 0
source 0 - assert 1763380812.000009910, sequence: 19560 - clear  0.000000000, sequence: 0
source 0 - assert 1763380813.000004337, sequence: 19561 - clear  0.000000000, sequence: 0
source 0 - assert 1763380814.000006173, sequence: 19562 - clear  0.000000000, sequence: 0
source 0 - assert 1763380815.000005075, sequence: 19563 - clear  0.000000000, sequence: 0
source 0 - assert 1763380816.000008320, sequence: 19564 - clear  0.000000000, sequence: 0
source 0 - assert 1763380817.000010769, sequence: 19565 - clear  0.000000000, sequence: 0
source 0 - assert 1763380818.000007144, sequence: 19566 - clear  0.000000000, sequence: 0
source 0 - assert 1763380819.000005854, sequence: 19567 - clear  0.000000000, sequence: 0
source 0 - assert 1763380820.000007420, sequence: 19568 - clear  0.000000000, sequence: 0
source 0 - assert 1763380821.000006839, sequence: 19569 - clear  0.000000000, sequence: 0
source 0 - assert 1763380822.000010404, sequence: 19570 - clear  0.000000000, sequence: 0
source 0 - assert 1763380823.000007788, sequence: 19571 - clear  0.000000000, sequence: 0
source 0 - assert 1763380824.000009286, sequence: 19572 - clear  0.000000000, sequence: 0
source 0 - assert 1763380825.000008293, sequence: 19573 - clear  0.000000000, sequence: 0
source 0 - assert 1763380826.000011656, sequence: 19574 - clear  0.000000000, sequence: 0
source 0 - assert 1763380827.000008417, sequence: 19575 - clear  0.000000000, sequence: 0
source 0 - assert 1763380828.000008041, sequence: 19576 - clear  0.000000000, sequence: 0
source 0 - assert 1763380829.000007274, sequence: 19577 - clear  0.000000000, sequence: 0
source 0 - assert 1763380830.000009278, sequence: 19578 - clear  0.000000000, sequence: 0
source 0 - assert 1763380831.000003439, sequence: 19579 - clear  0.000000000, sequence: 0
source 0 - assert 1763380832.000006407, sequence: 19580 - clear  0.000000000, sequence: 0
source 0 - assert 1763380833.000011177, sequence: 19581 - clear  0.000000000, sequence: 0
source 0 - assert 1763380834.000005620, sequence: 19582 - clear  0.000000000, sequence: 0
source 0 - assert 1763380835.000003151, sequence: 19583 - clear  0.000000000, sequence: 0
source 0 - assert 1763380836.000010315, sequence: 19584 - clear  0.000000000, sequence: 0
source 0 - assert 1763380837.000007277, sequence: 19585 - clear  0.000000000, sequence: 0
source 0 - assert 1763380838.000005409, sequence: 19586 - clear  0.000000000, sequence: 0
source 0 - assert 1763380839.000008579, sequence: 19587 - clear  0.000000000, sequence: 0
source 0 - assert 1763380840.000008906, sequence: 19588 - clear  0.000000000, sequence: 0
source 0 - assert 1763380841.000006242, sequence: 19589 - clear  0.000000000, sequence: 0
source 0 - assert 1763380842.000007949, sequence: 19590 - clear  0.000000000, sequence: 0
source 0 - assert 1763380843.000007161, sequence: 19591 - clear  0.000000000, sequence: 0
source 0 - assert 1763380844.000008031, sequence: 19592 - clear  0.000000000, sequence: 0
source 0 - assert 1763380845.000012319, sequence: 19593 - clear  0.000000000, sequence: 0
source 0 - assert 1763380846.000008906, sequence: 19594 - clear  0.000000000, sequence: 0
source 0 - assert 1763380847.000005284, sequence: 19595 - clear  0.000000000, sequence: 0
source 0 - assert 1763380848.000009291, sequence: 19596 - clear  0.000000000, sequence: 0
source 0 - assert 1763380849.000005032, sequence: 19597 - clear  0.000000000, sequence: 0
source 0 - assert 1763380850.000008385, sequence: 19598 - clear  0.000000000, sequence: 0
source 0 - assert 1763380851.000011230, sequence: 19599 - clear  0.000000000, sequence: 0
source 0 - assert 1763380852.000006389, sequence: 19600 - clear  0.000000000, sequence: 0
source 0 - assert 1763380853.000006714, sequence: 19601 - clear  0.000000000, sequence: 0
source 0 - assert 1763380854.000011659, sequence: 19602 - clear  0.000000000, sequence: 0
source 0 - assert 1763380855.000010190, sequence: 19603 - clear  0.000000000, sequence: 0
source 0 - assert 1763380856.000010286, sequence: 19604 - clear  0.000000000, sequence: 0
source 0 - assert 1763380857.000006077, sequence: 19605 - clear  0.000000000, sequence: 0
source 0 - assert 1763380858.000009429, sequence: 19606 - clear  0.000000000, sequence: 0
source 0 - assert 1763380859.000007175, sequence: 19607 - clear  0.000000000, sequence: 0
source 0 - assert 1763380860.000008613, sequence: 19608 - clear  0.000000000, sequence: 0
source 0 - assert 1763380861.000009810, sequence: 19609 - clear  0.000000000, sequence: 0
source 0 - assert 1763380862.000009178, sequence: 19610 - clear  0.000000000, sequence: 0
source 0 - assert 1763380863.000008201, sequence: 19611 - clear  0.000000000, sequence: 0
source 0 - assert 1763380864.000005323, sequence: 19612 - clear  0.000000000, sequence: 0
source 0 - assert 1763380865.000004260, sequence: 19613 - clear  0.000000000, sequence: 0
source 0 - assert 1763380866.000010494, sequence: 19614 - clear  0.000000000, sequence: 0
source 0 - assert 1763380867.000004269, sequence: 19615 - clear  0.000000000, sequence: 0
source 0 - assert 1763380868.000006935, sequence: 19616 - clear  0.000000000, sequence: 0
source 0 - assert 1763380869.000004417, sequence: 19617 - clear  0.000000000, sequence: 0
source 0 - assert 1763380870.000014821, sequence: 19618 - clear  0.000000000, sequence: 0
Terminated
