trying PPS source "/dev/pps0"
found PPS source "/dev/pps0"
ok, found 1 source(s), now start fetching data...
source 0 - assert 1763374878.000008459, sequence: 13626 - clear  0.000000000, sequence: 0
source 0 - assert 1763374879.000007472, sequence: 13627 - clear  0.000000000, sequence: 0
source 0 - assert 1763374880.000007151, sequence: 13628 - clear  0.000000000, sequence: 0
source 0 - assert 1763374881.000004918, sequence: 13629 - clear  0.000000000, sequence: 0
source 0 - assert 1763374882.000008861, sequence: 13630 - clear  0.000000000, sequence: 0
source 0 - assert 1763374883.000008859, sequence: 13631 - clear  0.000000000, sequence: 0
source 0 - assert 1763374884.000004549, sequence: 13632 - clear  0.000000000, sequence: 0
source 0 - assert 1763374885.000007329, sequence: 13633 - clear  0.000000000, sequence: 0
source 0 - assert 1763374886.000007483, sequence: 13634 - clear  0.000000000, sequence: 0
source 0 - assert 1763374887.000006857, sequence: 13635 - clear  0.000000000, sequence: 0
source 0 - assert 1763374888.000006032, sequence: 13636 - clear  0.000000000, sequence: 0
source 0 - assert 1763374889.000007444, sequence: 13637 - clear  0.000000000, sequence: 0
source 0 - assert 1763374890.000007645, sequence: 13638 - clear  0.000000000, sequence: 0
source 0 - assert 1763374891.000007326, sequence: 13639 - clear  0.000000000, sequence: 0
source 0 - assert 1763374892.000002750, sequence: 13640 - clear  0.000000000, sequence: 0
source 0 - assert 1763374893.000003414, sequence: 13641 - clear  0.000000000, sequence: 0
source 0 - assert 1763374894.000009002, sequence: 13642 - clear  0.000000000, sequence: 0
source 0 - assert 1763374895.000007148, sequence: 13643 - clear  0.000000000, sequence: 0
source 0 - assert 1763374896.000008960, sequence: 13644 - clear  0.000000000, sequence: 0
source 0 - assert 1763374897.000009672, sequence: 13645 - clear  0.000000000, sequence: 0
source 0 - assert 1763374898.000005559, sequence: 13646 - clear  0.000000000, sequence: 0
source 0 - assert 1763374899.000008563, sequence: 13647 - clear  0.000000000, sequence: 0
source 0 - assert 1763374900.000009314, sequence: 13648 - clear  0.000000000, sequence: 0
source 0 - assert 1763374901.000006530, sequence: 13649 - clear  0.000000000, sequence: 0
source 0 - assert 1763374902.000007498, sequence: 13650 - clear  0.000000000, sequence: 0
source 0 - assert 1763374903.000005670, sequence: 13651 - clear  0.000000000, sequence: 0
source 0 - assert 1763374904.000005719, sequence: 13652 - clear  0.000000000, sequence: 0
source 0 - assert 1763374905.000009042, sequence: 13653 - clear  0.000000000, sequence: 0
source 0 - assert 1763374906.000007943, sequence: 13654 - clear  0.000000000, sequence: 0
source 0 - assert 1763374907.000007232, sequence: 13655 - clear  0.000000000, sequence: 0
source 0 - assert 1763374908.000007615, sequence: 13656 - clear  0.000000000, sequence: 0
source 0 - assert 1763374909.000006238, sequence: 13657 - clear  0.000000000, sequence: 0
source 0 - assert 1763374910.000010113, sequence: 13658 - clear  0.000000000, sequence: 0
source 0 - assert 1763374911.000009738, sequence: 13659 - clear  0.000000000, sequence: 0
source 0 - assert 1763374912.000007705, sequence: 13660 - clear  0.000000000, sequence: 0
source 0 - assert 1763374913.000004909, sequence: 13661 - clear  0.000000000, sequence: 0
source 0 - assert 1763374914.000008072, sequence: 13662 - clear  0.000000000, sequence: 0
source 0 - assert 1763374915.000007565, sequence: 13663 - clear  0.000000000, sequence: 0
source 0 - assert 1763374916.000009339, sequence: 13664 - clear  0.000000000, sequence: 0
source 0 - assert 1763374917.000007177, sequence: 13665 - clear  0.000000000, sequence: 0
source 0 - assert 1763374918.000008362, sequence: 13666 - clear  0.000000000, sequence: 0
source 0 - assert 1763374919.000008470, sequence: 13667 - clear  0.000000000, sequence: 0
source 0 - assert 1763374920.000006865, sequence: 13668 - clear  0.000000000, sequence: 0
source 0 - assert 1763374921.000008827, sequence: 13669 - clear  0.000000000, sequence: 0
source 0 - assert 1763374922.000006441, sequence: 13670 - clear  0.000000000, sequence: 0
source 0 - assert 1763374923.000007864, sequence: 13671 - clear  0.000000000, sequence: 0
source 0 - assert 1763374924.000005083, sequence: 13672 - clear  0.000000000, sequence: 0
source 0 - assert 1763374925.000007391, sequence: 13673 - clear  0.000000000, sequence: 0
source 0 - assert 1763374926.000009773, sequence: 13674 - clear  0.000000000, sequence: 0
source 0 - assert 1763374927.000010394, sequence: 13675 - clear  0.000000000, sequence: 0
source 0 - assert 1763374928.000005022, sequence: 13676 - clear  0.000000000, sequence: 0
source 0 - assert 1763374929.000002656, sequence: 13677 - clear  0.000000000, sequence: 0
source 0 - assert 1763374930.000003864, sequence: 13678 - clear  0.000000000, sequence: 0
source 0 - assert 1763374931.000009368, sequence: 13679 - clear  0.000000000, sequence: 0
source 0 - assert 1763374932.000004785, sequence: 13680 - clear  0.000000000, sequence: 0
source 0 - assert 1763374933.000007700, sequence: 13681 - clear  0.000000000, sequence: 0
source 0 - assert 1763374934.000006229, sequence: 13682 - clear  0.000000000, sequence: 0
source 0 - assert 1763374935.000003673, sequence: 13683 - clear  0.000000000, sequence: 0
source 0 - assert 1763374936.000006934, sequence: 13684 - clear  0.000000000, sequence: 0
source 0 - assert 1763374937.000008295, sequence: 13685 - clear  0.000000000, sequence: 0
source 0 - assert 1763374938.000009023, sequence: 13686 - clear  0.000000000, sequence: 0
source 0 - assert 1763374939.000004523, sequence: 13687 - clear  0.000000000, sequence: 0
source 0 - assert 1763374940.000004991, sequence: 13688 - clear  0.000000000, sequence: 0
source 0 - assert 1763374941.000008509, sequence: 13689 - clear  0.000000000, sequence: 0
source 0 - assert 1763374942.000005607, sequence: 13690 - clear  0.000000000, sequence: 0
source 0 - assert 1763374943.000004074, sequence: 13691 - clear  0.000000000, sequence: 0
source 0 - assert 1763374944.000009061, sequence: 13692 - clear  0.000000000, sequence: 0
source 0 - assert 1763374945.000004457, sequence: 13693 - clear  0.000000000, sequence: 0
source 0 - assert 1763374946.000002494, sequence: 13694 - clear  0.000000000, sequence: 0
source 0 - assert 1763374947.000005867, sequence: 13695 - clear  0.000000000, sequence: 0
source 0 - assert 1763374948.000005000, sequence: 13696 - clear  0.000000000, sequence: 0
source 0 - assert 1763374949.000007167, sequence: 13697 - clear  0.000000000, sequence: 0
source 0 - assert 1763374950.000006084, sequence: 13698 - clear  0.000000000, sequence: 0
source 0 - assert 1763374951.000006000, sequence: 13699 - clear  0.000000000, sequence: 0
source 0 - assert 1763374952.000008656, sequence: 13700 - clear  0.000000000, sequence: 0
source 0 - assert 1763374953.000005011, sequence: 13701 - clear  0.000000000, sequence: 0
source 0 - assert 1763374954.000004832, sequence: 13702 - clear  0.000000000, sequence: 0
source 0 - assert 1763374955.000006847, sequence: 13703 - clear  0.000000000, sequence: 0
source 0 - assert 1763374956.000004531, sequence: 13704 - clear  0.000000000, sequence: 0
source 0 - assert 1763374957.000009343, sequence: 13705 - clear  0.000000000, sequence: 0
source 0 - assert 1763374958.000002252, sequence: 13706 - clear  0.000000000, sequence: 0
source 0 - assert 1763374959.000007900, sequence: 13707 - clear  0.000000000, sequence: 0
source 0 - assert 1763374960.000010992, sequence: 13708 - clear  0.000000000, sequence: 0
source 0 - assert 1763374961.000007319, sequence: 13709 - clear  0.000000000, sequence: 0
source 0 - assert 1763374962.000010293, sequence: 13710 - clear  0.000000000, sequence: 0
source 0 - assert 1763374963.000008014, sequence: 13711 - clear  0.000000000, sequence: 0
source 0 - assert 1763374964.000007176, sequence: 13712 - clear  0.000000000, sequence: 0
source 0 - assert 1763374965.000002744, sequence: 13713 - clear  0.000000000, sequence: 0
source 0 - assert 1763374966.000008730, sequence: 13714 - clear  0.000000000, sequence: 0
source 0 - assert 1763374967.000007904, sequence: 13715 - clear  0.000000000, sequence: 0
source 0 - assert 1763374968.000004788, sequence: 13716 - clear  0.000000000, sequence: 0
source 0 - assert 1763374969.000009215, sequence: 13717 - clear  0.000000000, sequence: 0
source 0 - assert 1763374970.000006008, sequence: 13718 - clear  0.000000000, sequence: 0
source 0 - assert 1763374971.000009705, sequence: 13719 - clear  0.000000000, sequence: 0
source 0 - assert 1763374972.000005946, sequence: 13720 - clear  0.000000000, sequence: 0
source 0 - assert 1763374973.000007652, sequence: 13721 - clear  0.000000000, sequence: 0
source 0 - assert 1763374974.000008817, sequence: 13722 - clear  0.000000000, sequence: 0
source 0 - assert 1763374975.000002247, sequence: 13723 - clear  0.000000000, sequence: 0
source 0 - assert 1763374976.000005659, sequence: 13724 - clear  0.000000000, sequence: 0
source 0 - assert 1763374977.000005707, sequence: 13725 - clear  0.000000000, sequence: 0
source 0 - assert 1763374978.000006487, sequence: 13726 - clear  0.000000000, sequence: 0
source 0 - assert 1763374979.000009907, sequence: 13727 - clear  0.000000000, sequence: 0
source 0 - assert 1763374980.000007691, sequence: 13728 - clear  0.000000000, sequence: 0
source 0 - assert 1763374981.000006384, sequence: 13729 - clear  0.000000000, sequence: 0
source 0 - assert 1763374982.000013033, sequence: 13730 - clear  0.000000000, sequence: 0
source 0 - assert 1763374983.000004502, sequence: 13731 - clear  0.000000000, sequence: 0
source 0 - assert 1763374984.000006725, sequence: 13732 - clear  0.000000000, sequence: 0
source 0 - assert 1763374985.000004686, sequence: 13733 - clear  0.000000000, sequence: 0
source 0 - assert 1763374986.000006697, sequence: 13734 - clear  0.000000000, sequence: 0
source 0 - assert 1763374987.000010493, sequence: 13735 - clear  0.000000000, sequence: 0
source 0 - assert 1763374988.000009699, sequence: 13736 - clear  0.000000000, sequence: 0
source 0 - assert 1763374989.000008716, sequence: 13737 - clear  0.000000000, sequence: 0
source 0 - assert 1763374990.000007462, sequence: 13738 - clear  0.000000000, sequence: 0
source 0 - assert 1763374991.000005207, sequence: 13739 - clear  0.000000000, sequence: 0
source 0 - assert 1763374992.000004823, sequence: 13740 - clear  0.000000000, sequence: 0
source 0 - assert 1763374993.000007044, sequence: 13741 - clear  0.000000000, sequence: 0
source 0 - assert 1763374994.000006533, sequence: 13742 - clear  0.000000000, sequence: 0
source 0 - assert 1763374995.000009480, sequence: 13743 - clear  0.000000000, sequence: 0
source 0 - assert 1763374996.000009523, sequence: 13744 - clear  0.000000000, sequence: 0
source 0 - assert 1763374997.000006017, sequence: 13745 - clear  0.000000000, sequence: 0
source 0 - assert 1763374998.000002524, sequence: 13746 - clear  0.000000000, sequence: 0
source 0 - assert 1763374999.000008109, sequence: 13747 - clear  0.000000000, sequence: 0
source 0 - assert 1763375000.000007986, sequence: 13748 - clear  0.000000000, sequence: 0
source 0 - assert 1763375001.000008152, sequence: 13749 - clear  0.000000000, sequence: 0
source 0 - assert 1763375002.000000123, sequence: 13750 - clear  0.000000000, sequence: 0
source 0 - assert 1763375003.000007445, sequence: 13751 - clear  0.000000000, sequence: 0
source 0 - assert 1763375004.000006200, sequence: 13752 - clear  0.000000000, sequence: 0
source 0 - assert 1763375005.000005529, sequence: 13753 - clear  0.000000000, sequence: 0
source 0 - assert 1763375006.000009617, sequence: 13754 - clear  0.000000000, sequence: 0
source 0 - assert 1763375007.000005411, sequence: 13755 - clear  0.000000000, sequence: 0
source 0 - assert 1763375008.000006360, sequence: 13756 - clear  0.000000000, sequence: 0
source 0 - assert 1763375009.000006316, sequence: 13757 - clear  0.000000000, sequence: 0
source 0 - assert 1763375010.000010065, sequence: 13758 - clear  0.000000000, sequence: 0
source 0 - assert 1763375011.000006075, sequence: 13759 - clear  0.000000000, sequence: 0
source 0 - assert 1763375012.000008632, sequence: 13760 - clear  0.000000000, sequence: 0
source 0 - assert 1763375013.000004722, sequence: 13761 - clear  0.000000000, sequence: 0
source 0 - assert 1763375014.000005582, sequence: 13762 - clear  0.000000000, sequence: 0
source 0 - assert 1763375015.000008122, sequence: 13763 - clear  0.000000000, sequence: 0
source 0 - assert 1763375016.000009880, sequence: 13764 - clear  0.000000000, sequence: 0
source 0 - assert 1763375017.000006265, sequence: 13765 - clear  0.000000000, sequence: 0
source 0 - assert 1763375018.000011742, sequence: 13766 - clear  0.000000000, sequence: 0
source 0 - assert 1763375019.000002646, sequence: 13767 - clear  0.000000000, sequence: 0
source 0 - assert 1763375020.000007939, sequence: 13768 - clear  0.000000000, sequence: 0
source 0 - assert 1763375021.000006701, sequence: 13769 - clear  0.000000000, sequence: 0
source 0 - assert 1763375022.000009772, sequence: 13770 - clear  0.000000000, sequence: 0
source 0 - assert 1763375023.000007734, sequence: 13771 - clear  0.000000000, sequence: 0
source 0 - assert 1763375024.000010176, sequence: 13772 - clear  0.000000000, sequence: 0
source 0 - assert 1763375025.000004084, sequence: 13773 - clear  0.000000000, sequence: 0
source 0 - assert 1763375026.000006280, sequence: 13774 - clear  0.000000000, sequence: 0
source 0 - assert 1763375027.000009816, sequence: 13775 - clear  0.000000000, sequence: 0
source 0 - assert 1763375028.000006514, sequence: 13776 - clear  0.000000000, sequence: 0
source 0 - assert 1763375029.000008826, sequence: 13777 - clear  0.000000000, sequence: 0
source 0 - assert 1763375030.000011130, sequence: 13778 - clear  0.000000000, sequence: 0
source 0 - assert 1763375031.000005408, sequence: 13779 - clear  0.000000000, sequence: 0
source 0 - assert 1763375032.000010562, sequence: 13780 - clear  0.000000000, sequence: 0
source 0 - assert 1763375033.000008151, sequence: 13781 - clear  0.000000000, sequence: 0
source 0 - assert 1763375034.000011086, sequence: 13782 - clear  0.000000000, sequence: 0
source 0 - assert 1763375035.000006446, sequence: 13783 - clear  0.000000000, sequence: 0
source 0 - assert 1763375036.000005787, sequence: 13784 - clear  0.000000000, sequence: 0
source 0 - assert 1763375037.000006086, sequence: 13785 - clear  0.000000000, sequence: 0
source 0 - assert 1763375038.000010672, sequence: 13786 - clear  0.000000000, sequence: 0
source 0 - assert 1763375039.000006238, sequence: 13787 - clear  0.000000000, sequence: 0
source 0 - assert 1763375040.000009677, sequence: 13788 - clear  0.000000000, sequence: 0
source 0 - assert 1763375041.000003903, sequence: 13789 - clear  0.000000000, sequence: 0
source 0 - assert 1763375042.000006204, sequence: 13790 - clear  0.000000000, sequence: 0
source 0 - assert 1763375043.000007050, sequence: 13791 - clear  0.000000000, sequence: 0
source 0 - assert 1763375044.000007423, sequence: 13792 - clear  0.000000000, sequence: 0
source 0 - assert 1763375045.000009822, sequence: 13793 - clear  0.000000000, sequence: 0
source 0 - assert 1763375046.000005076, sequence: 13794 - clear  0.000000000, sequence: 0
source 0 - assert 1763375047.000004827, sequence: 13795 - clear  0.000000000, sequence: 0
source 0 - assert 1763375048.000008576, sequence: 13796 - clear  0.000000000, sequence: 0
source 0 - assert 1763375049.000008656, sequence: 13797 - clear  0.000000000, sequence: 0
source 0 - assert 1763375050.000007327, sequence: 13798 - clear  0.000000000, sequence: 0
source 0 - assert 1763375051.000004314, sequence: 13799 - clear  0.000000000, sequence: 0
source 0 - assert 1763375052.000006650, sequence: 13800 - clear  0.000000000, sequence: 0
source 0 - assert 1763375053.000003572, sequence: 13801 - clear  0.000000000, sequence: 0
source 0 - assert 1763375054.000008864, sequence: 13802 - clear  0.000000000, sequence: 0
source 0 - assert 1763375055.000005153, sequence: 13803 - clear  0.000000000, sequence: 0
source 0 - assert 1763375056.000003831, sequence: 13804 - clear  0.000000000, sequence: 0
source 0 - assert 1763375057.000008161, sequence: 13805 - clear  0.000000000, sequence: 0
source 0 - assert 1763375058.000003939, sequence: 13806 - clear  0.000000000, sequence: 0
source 0 - assert 1763375059.000005342, sequence: 13807 - clear  0.000000000, sequence: 0
source 0 - assert 1763375060.000008981, sequence: 13808 - clear  0.000000000, sequence: 0
source 0 - assert 1763375061.000005833, sequence: 13809 - clear  0.000000000, sequence: 0
source 0 - assert 1763375062.000004326, sequence: 13810 - clear  0.000000000, sequence: 0
source 0 - assert 1763375063.000006224, sequence: 13811 - clear  0.000000000, sequence: 0
source 0 - assert 1763375064.000006382, sequence: 13812 - clear  0.000000000, sequence: 0
source 0 - assert 1763375065.000004568, sequence: 13813 - clear  0.000000000, sequence: 0
source 0 - assert 1763375066.000004401, sequence: 13814 - clear  0.000000000, sequence: 0
source 0 - assert 1763375067.000010128, sequence: 13815 - clear  0.000000000, sequence: 0
source 0 - assert 1763375068.000007166, sequence: 13816 - clear  0.000000000, sequence: 0
source 0 - assert 1763375069.000006487, sequence: 13817 - clear  0.000000000, sequence: 0
source 0 - assert 1763375070.000006862, sequence: 13818 - clear  0.000000000, sequence: 0
source 0 - assert 1763375071.000007166, sequence: 13819 - clear  0.000000000, sequence: 0
source 0 - assert 1763375072.000005641, sequence: 13820 - clear  0.000000000, sequence: 0
source 0 - assert 1763375073.000007043, sequence: 13821 - clear  0.000000000, sequence: 0
source 0 - assert 1763375074.000006104, sequence: 13822 - clear  0.000000000, sequence: 0
source 0 - assert 1763375075.000005693, sequence: 13823 - clear  0.000000000, sequence: 0
source 0 - assert 1763375076.000003066, sequence: 13824 - clear  0.000000000, sequence: 0
source 0 - assert 1763375077.000008235, sequence: 13825 - clear  0.000000000, sequence: 0
source 0 - assert 1763375078.000008613, sequence: 13826 - clear  0.000000000, sequence: 0
source 0 - assert 1763375079.000006283, sequence: 13827 - clear  0.000000000, sequence: 0
source 0 - assert 1763375080.000007307, sequence: 13828 - clear  0.000000000, sequence: 0
source 0 - assert 1763375081.000005467, sequence: 13829 - clear  0.000000000, sequence: 0
source 0 - assert 1763375082.000011653, sequence: 13830 - clear  0.000000000, sequence: 0
source 0 - assert 1763375083.000005189, sequence: 13831 - clear  0.000000000, sequence: 0
source 0 - assert 1763375084.000002277, sequence: 13832 - clear  0.000000000, sequence: 0
source 0 - assert 1763375085.000004087, sequence: 13833 - clear  0.000000000, sequence: 0
source 0 - assert 1763375086.000006183, sequence: 13834 - clear  0.000000000, sequence: 0
source 0 - assert 1763375087.000009495, sequence: 13835 - clear  0.000000000, sequence: 0
source 0 - assert 1763375088.000010627, sequence: 13836 - clear  0.000000000, sequence: 0
source 0 - assert 1763375089.000006346, sequence: 13837 - clear  0.000000000, sequence: 0
source 0 - assert 1763375090.000009796, sequence: 13838 - clear  0.000000000, sequence: 0
source 0 - assert 1763375091.000005879, sequence: 13839 - clear  0.000000000, sequence: 0
source 0 - assert 1763375092.000005798, sequence: 13840 - clear  0.000000000, sequence: 0
source 0 - assert 1763375093.000006961, sequence: 13841 - clear  0.000000000, sequence: 0
source 0 - assert 1763375094.000010790, sequence: 13842 - clear  0.000000000, sequence: 0
source 0 - assert 1763375095.000008673, sequence: 13843 - clear  0.000000000, sequence: 0
source 0 - assert 1763375096.000006817, sequence: 13844 - clear  0.000000000, sequence: 0
source 0 - assert 1763375097.000006349, sequence: 13845 - clear  0.000000000, sequence: 0
source 0 - assert 1763375098.000005850, sequence: 13846 - clear  0.000000000, sequence: 0
source 0 - assert 1763375099.000007900, sequence: 13847 - clear  0.000000000, sequence: 0
source 0 - assert 1763375100.000004699, sequence: 13848 - clear  0.000000000, sequence: 0
source 0 - assert 1763375101.000007922, sequence: 13849 - clear  0.000000000, sequence: 0
source 0 - assert 1763375102.000006723, sequence: 13850 - clear  0.000000000, sequence: 0
source 0 - assert 1763375103.000004818, sequence: 13851 - clear  0.000000000, sequence: 0
source 0 - assert 1763375104.000004885, sequence: 13852 - clear  0.000000000, sequence: 0
source 0 - assert 1763375105.000006786, sequence: 13853 - clear  0.000000000, sequence: 0
source 0 - assert 1763375106.000006757, sequence: 13854 - clear  0.000000000, sequence: 0
source 0 - assert 1763375107.000005173, sequence: 13855 - clear  0.000000000, sequence: 0
source 0 - assert 1763375108.000010237, sequence: 13856 - clear  0.000000000, sequence: 0
source 0 - assert 1763375109.000004577, sequence: 13857 - clear  0.000000000, sequence: 0
source 0 - assert 1763375110.000009997, sequence: 13858 - clear  0.000000000, sequence: 0
source 0 - assert 1763375111.000010278, sequence: 13859 - clear  0.000000000, sequence: 0
source 0 - assert 1763375112.000005350, sequence: 13860 - clear  0.000000000, sequence: 0
source 0 - assert 1763375113.000003351, sequence: 13861 - clear  0.000000000, sequence: 0
source 0 - assert 1763375114.000008420, sequence: 13862 - clear  0.000000000, sequence: 0
source 0 - assert 1763375115.000005025, sequence: 13863 - clear  0.000000000, sequence: 0
source 0 - assert 1763375116.000006048, sequence: 13864 - clear  0.000000000, sequence: 0
source 0 - assert 1763375117.000004479, sequence: 13865 - clear  0.000000000, sequence: 0
source 0 - assert 1763375118.000003448, sequence: 13866 - clear  0.000000000, sequence: 0
source 0 - assert 1763375119.000005099, sequence: 13867 - clear  0.000000000, sequence: 0
source 0 - assert 1763375120.000007658, sequence: 13868 - clear  0.000000000, sequence: 0
source 0 - assert 1763375121.000007079, sequence: 13869 - clear  0.000000000, sequence: 0
source 0 - assert 1763375122.000008291, sequence: 13870 - clear  0.000000000, sequence: 0
source 0 - assert 1763375123.000003335, sequence: 13871 - clear  0.000000000, sequence: 0
source 0 - assert 1763375124.000001489, sequence: 13872 - clear  0.000000000, sequence: 0
source 0 - assert 1763375125.000007247, sequence: 13873 - clear  0.000000000, sequence: 0
source 0 - assert 1763375126.000005678, sequence: 13874 - clear  0.000000000, sequence: 0
source 0 - assert 1763375127.000006658, sequence: 13875 - clear  0.000000000, sequence: 0
source 0 - assert 1763375128.000007312, sequence: 13876 - clear  0.000000000, sequence: 0
source 0 - assert 1763375129.000009443, sequence: 13877 - clear  0.000000000, sequence: 0
source 0 - assert 1763375130.000006067, sequence: 13878 - clear  0.000000000, sequence: 0
source 0 - assert 1763375131.000004149, sequence: 13879 - clear  0.000000000, sequence: 0
source 0 - assert 1763375132.000006642, sequence: 13880 - clear  0.000000000, sequence: 0
source 0 - assert 1763375133.000005819, sequence: 13881 - clear  0.000000000, sequence: 0
source 0 - assert 1763375134.000006722, sequence: 13882 - clear  0.000000000, sequence: 0
source 0 - assert 1763375135.000004235, sequence: 13883 - clear  0.000000000, sequence: 0
source 0 - assert 1763375136.000010929, sequence: 13884 - clear  0.000000000, sequence: 0
source 0 - assert 1763375137.000006040, sequence: 13885 - clear  0.000000000, sequence: 0
source 0 - assert 1763375138.000006249, sequence: 13886 - clear  0.000000000, sequence: 0
source 0 - assert 1763375139.000009108, sequence: 13887 - clear  0.000000000, sequence: 0
source 0 - assert 1763375140.000002777, sequence: 13888 - clear  0.000000000, sequence: 0
source 0 - assert 1763375141.000007424, sequence: 13889 - clear  0.000000000, sequence: 0
source 0 - assert 1763375142.000009888, sequence: 13890 - clear  0.000000000, sequence: 0
source 0 - assert 1763375143.000008341, sequence: 13891 - clear  0.000000000, sequence: 0
source 0 - assert 1763375144.000006778, sequence: 13892 - clear  0.000000000, sequence: 0
source 0 - assert 1763375145.000004356, sequence: 13893 - clear  0.000000000, sequence: 0
source 0 - assert 1763375146.000002272, sequence: 13894 - clear  0.000000000, sequence: 0
source 0 - assert 1763375147.000006477, sequence: 13895 - clear  0.000000000, sequence: 0
source 0 - assert 1763375148.000005840, sequence: 13896 - clear  0.000000000, sequence: 0
source 0 - assert 1763375149.000009021, sequence: 13897 - clear  0.000000000, sequence: 0
source 0 - assert 1763375150.000010328, sequence: 13898 - clear  0.000000000, sequence: 0
source 0 - assert 1763375151.000006413, sequence: 13899 - clear  0.000000000, sequence: 0
source 0 - assert 1763375152.000008531, sequence: 13900 - clear  0.000000000, sequence: 0
source 0 - assert 1763375153.000001868, sequence: 13901 - clear  0.000000000, sequence: 0
source 0 - assert 1763375154.000008165, sequence: 13902 - clear  0.000000000, sequence: 0
source 0 - assert 1763375155.000003282, sequence: 13903 - clear  0.000000000, sequence: 0
source 0 - assert 1763375156.000004590, sequence: 13904 - clear  0.000000000, sequence: 0
source 0 - assert 1763375157.000007853, sequence: 13905 - clear  0.000000000, sequence: 0
source 0 - assert 1763375158.000004612, sequence: 13906 - clear  0.000000000, sequence: 0
source 0 - assert 1763375159.000005407, sequence: 13907 - clear  0.000000000, sequence: 0
source 0 - assert 1763375160.000005690, sequence: 13908 - clear  0.000000000, sequence: 0
source 0 - assert 1763375161.000006789, sequence: 13909 - clear  0.000000000, sequence: 0
source 0 - assert 1763375162.000007373, sequence: 13910 - clear  0.000000000, sequence: 0
source 0 - assert 1763375163.000005657, sequence: 13911 - clear  0.000000000, sequence: 0
source 0 - assert 1763375164.000008835, sequence: 13912 - clear  0.000000000, sequence: 0
source 0 - assert 1763375165.000008254, sequence: 13913 - clear  0.000000000, sequence: 0
source 0 - assert 1763375166.000007816, sequence: 13914 - clear  0.000000000, sequence: 0
source 0 - assert 1763375167.000006652, sequence: 13915 - clear  0.000000000, sequence: 0
source 0 - assert 1763375168.000007320, sequence: 13916 - clear  0.000000000, sequence: 0
source 0 - assert 1763375169.000008900, sequence: 13917 - clear  0.000000000, sequence: 0
source 0 - assert 1763375170.000009315, sequence: 13918 - clear  0.000000000, sequence: 0
source 0 - assert 1763375171.000006526, sequence: 13919 - clear  0.000000000, sequence: 0
source 0 - assert 1763375172.000002578, sequence: 13920 - clear  0.000000000, sequence: 0
source 0 - assert 1763375173.000002996, sequence: 13921 - clear  0.000000000, sequence: 0
source 0 - assert 1763375174.000003499, sequence: 13922 - clear  0.000000000, sequence: 0
source 0 - assert 1763375175.000009904, sequence: 13923 - clear  0.000000000, sequence: 0
source 0 - assert 1763375176.000005941, sequence: 13924 - clear  0.000000000, sequence: 0
source 0 - assert 1763375177.000009402, sequence: 13925 - clear  0.000000000, sequence: 0
source 0 - assert 1763375178.000004816, sequence: 13926 - clear  0.000000000, sequence: 0
source 0 - assert 1763375179.000006565, sequence: 13927 - clear  0.000000000, sequence: 0
source 0 - assert 1763375180.000002326, sequence: 13928 - clear  0.000000000, sequence: 0
source 0 - assert 1763375181.000007069, sequence: 13929 - clear  0.000000000, sequence: 0
source 0 - assert 1763375182.000007904, sequence: 13930 - clear  0.000000000, sequence: 0
source 0 - assert 1763375183.000000541, sequence: 13931 - clear  0.000000000, sequence: 0
source 0 - assert 1763375184.000007875, sequence: 13932 - clear  0.000000000, sequence: 0
source 0 - assert 1763375185.000003407, sequence: 13933 - clear  0.000000000, sequence: 0
source 0 - assert 1763375186.000007221, sequence: 13934 - clear  0.000000000, sequence: 0
source 0 - assert 1763375187.000007404, sequence: 13935 - clear  0.000000000, sequence: 0
source 0 - assert 1763375188.000003861, sequence: 13936 - clear  0.000000000, sequence: 0
source 0 - assert 1763375189.000003160, sequence: 13937 - clear  0.000000000, sequence: 0
source 0 - assert 1763375190.000004355, sequence: 13938 - clear  0.000000000, sequence: 0
source 0 - assert 1763375191.000006099, sequence: 13939 - clear  0.000000000, sequence: 0
source 0 - assert 1763375192.000006541, sequence: 13940 - clear  0.000000000, sequence: 0
source 0 - assert 1763375193.000011829, sequence: 13941 - clear  0.000000000, sequence: 0
source 0 - assert 1763375194.000014409, sequence: 13942 - clear  0.000000000, sequence: 0
Terminated
