trying PPS source "/dev/pps0"
found PPS source "/dev/pps0"
ok, found 1 source(s), now start fetching data...
source 0 - assert 1763374299.000011595, sequence: 13047 - clear  0.000000000, sequence: 0
source 0 - assert 1763374300.000009816, sequence: 13048 - clear  0.000000000, sequence: 0
source 0 - assert 1763374301.000009148, sequence: 13049 - clear  0.000000000, sequence: 0
source 0 - assert 1763374302.000005441, sequence: 13050 - clear  0.000000000, sequence: 0
source 0 - assert 1763374303.000010535, sequence: 13051 - clear  0.000000000, sequence: 0
source 0 - assert 1763374304.000008110, sequence: 13052 - clear  0.000000000, sequence: 0
source 0 - assert 1763374305.000008490, sequence: 13053 - clear  0.000000000, sequence: 0
source 0 - assert 1763374306.000004837, sequence: 13054 - clear  0.000000000, sequence: 0
source 0 - assert 1763374307.000007115, sequence: 13055 - clear  0.000000000, sequence: 0
source 0 - assert 1763374308.000007562, sequence: 13056 - clear  0.000000000, sequence: 0
source 0 - assert 1763374309.000005490, sequence: 13057 - clear  0.000000000, sequence: 0
source 0 - assert 1763374310.000013596, sequence: 13058 - clear  0.000000000, sequence: 0
source 0 - assert 1763374311.000007766, sequence: 13059 - clear  0.000000000, sequence: 0
source 0 - assert 1763374312.000007001, sequence: 13060 - clear  0.000000000, sequence: 0
source 0 - assert 1763374313.000007215, sequence: 13061 - clear  0.000000000, sequence: 0
source 0 - assert 1763374314.000006668, sequence: 13062 - clear  0.000000000, sequence: 0
source 0 - assert 1763374315.000008565, sequence: 13063 - clear  0.000000000, sequence: 0
source 0 - assert 1763374316.000008600, sequence: 13064 - clear  0.000000000, sequence: 0
source 0 - assert 1763374317.000008276, sequence: 13065 - clear  0.000000000, sequence: 0
source 0 - assert 1763374318.000011002, sequence: 13066 - clear  0.000000000, sequence: 0
source 0 - assert 1763374319.000007915, sequence: 13067 - clear  0.000000000, sequence: 0
source 0 - assert 1763374320.000007116, sequence: 13068 - clear  0.000000000, sequence: 0
source 0 - assert 1763374321.000009112, sequence: 13069 - clear  0.000000000, sequence: 0
source 0 - assert 1763374322.000012366, sequence: 13070 - clear  0.000000000, sequence: 0
source 0 - assert 1763374323.000009538, sequence: 13071 - clear  0.000000000, sequence: 0
source 0 - assert 1763374324.000009365, sequence: 13072 - clear  0.000000000, sequence: 0
source 0 - assert 1763374325.000005485, sequence: 13073 - clear  0.000000000, sequence: 0
source 0 - assert 1763374326.000005984, sequence: 13074 - clear  0.000000000, sequence: 0
source 0 - assert 1763374327.000006536, sequence: 13075 - clear  0.000000000, sequence: 0
source 0 - assert 1763374328.000007757, sequence: 13076 - clear  0.000000000, sequence: 0
source 0 - assert 1763374329.000008137, sequence: 13077 - clear  0.000000000, sequence: 0
source 0 - assert 1763374330.000006638, sequence: 13078 - clear  0.000000000, sequence: 0
source 0 - assert 1763374331.000006587, sequence: 13079 - clear  0.000000000, sequence: 0
source 0 - assert 1763374332.000009162, sequence: 13080 - clear  0.000000000, sequence: 0
source 0 - assert 1763374333.000012287, sequence: 13081 - clear  0.000000000, sequence: 0
source 0 - assert 1763374334.000006777, sequence: 13082 - clear  0.000000000, sequence: 0
source 0 - assert 1763374335.000006311, sequence: 13083 - clear  0.000000000, sequence: 0
source 0 - assert 1763374336.000007934, sequence: 13084 - clear  0.000000000, sequence: 0
source 0 - assert 1763374337.000005735, sequence: 13085 - clear  0.000000000, sequence: 0
source 0 - assert 1763374338.000009377, sequence: 13086 - clear  0.000000000, sequence: 0
source 0 - assert 1763374339.000006410, sequence: 13087 - clear  0.000000000, sequence: 0
source 0 - assert 1763374340.000008441, sequence: 13088 - clear  0.000000000, sequence: 0
source 0 - assert 1763374341.000006419, sequence: 13089 - clear  0.000000000, sequence: 0
source 0 - assert 1763374342.000008552, sequence: 13090 - clear  0.000000000, sequence: 0
source 0 - assert 1763374343.000010342, sequence: 13091 - clear  0.000000000, sequence: 0
source 0 - assert 1763374344.000010084, sequence: 13092 - clear  0.000000000, sequence: 0
source 0 - assert 1763374345.000008369, sequence: 13093 - clear  0.000000000, sequence: 0
source 0 - assert 1763374346.000008044, sequence: 13094 - clear  0.000000000, sequence: 0
source 0 - assert 1763374347.000003754, sequence: 13095 - clear  0.000000000, sequence: 0
source 0 - assert 1763374348.000006757, sequence: 13096 - clear  0.000000000, sequence: 0
source 0 - assert 1763374349.000007464, sequence: 13097 - clear  0.000000000, sequence: 0
source 0 - assert 1763374350.000008745, sequence: 13098 - clear  0.000000000, sequence: 0
source 0 - assert 1763374351.000005658, sequence: 13099 - clear  0.000000000, sequence: 0
source 0 - assert 1763374352.000012491, sequence: 13100 - clear  0.000000000, sequence: 0
source 0 - assert 1763374353.000007496, sequence: 13101 - clear  0.000000000, sequence: 0
source 0 - assert 1763374354.000008784, sequence: 13102 - clear  0.000000000, sequence: 0
source 0 - assert 1763374355.000009365, sequence: 13103 - clear  0.000000000, sequence: 0
source 0 - assert 1763374356.000006406, sequence: 13104 - clear  0.000000000, sequence: 0
source 0 - assert 1763374357.000005820, sequence: 13105 - clear  0.000000000, sequence: 0
source 0 - assert 1763374358.000010818, sequence: 13106 - clear  0.000000000, sequence: 0
source 0 - assert 1763374359.000007450, sequence: 13107 - clear  0.000000000, sequence: 0
source 0 - assert 1763374360.000009087, sequence: 13108 - clear  0.000000000, sequence: 0
source 0 - assert 1763374361.000006549, sequence: 13109 - clear  0.000000000, sequence: 0
source 0 - assert 1763374362.000008879, sequence: 13110 - clear  0.000000000, sequence: 0
source 0 - assert 1763374363.000007373, sequence: 13111 - clear  0.000000000, sequence: 0
source 0 - assert 1763374364.000011576, sequence: 13112 - clear  0.000000000, sequence: 0
source 0 - assert 1763374365.000009525, sequence: 13113 - clear  0.000000000, sequence: 0
source 0 - assert 1763374366.000009363, sequence: 13114 - clear  0.000000000, sequence: 0
source 0 - assert 1763374367.000007619, sequence: 13115 - clear  0.000000000, sequence: 0
source 0 - assert 1763374368.000007942, sequence: 13116 - clear  0.000000000, sequence: 0
source 0 - assert 1763374369.000007102, sequence: 13117 - clear  0.000000000, sequence: 0
source 0 - assert 1763374370.000011618, sequence: 13118 - clear  0.000000000, sequence: 0
source 0 - assert 1763374371.000007335, sequence: 13119 - clear  0.000000000, sequence: 0
source 0 - assert 1763374372.000009918, sequence: 13120 - clear  0.000000000, sequence: 0
source 0 - assert 1763374373.000008702, sequence: 13121 - clear  0.000000000, sequence: 0
source 0 - assert 1763374374.000008408, sequence: 13122 - clear  0.000000000, sequence: 0
source 0 - assert 1763374375.000011044, sequence: 13123 - clear  0.000000000, sequence: 0
source 0 - assert 1763374376.000008465, sequence: 13124 - clear  0.000000000, sequence: 0
source 0 - assert 1763374377.000007571, sequence: 13125 - clear  0.000000000, sequence: 0
source 0 - assert 1763374378.000008591, sequence: 13126 - clear  0.000000000, sequence: 0
source 0 - assert 1763374379.000004852, sequence: 13127 - clear  0.000000000, sequence: 0
source 0 - assert 1763374380.000006278, sequence: 13128 - clear  0.000000000, sequence: 0
source 0 - assert 1763374381.000008358, sequence: 13129 - clear  0.000000000, sequence: 0
source 0 - assert 1763374382.000011731, sequence: 13130 - clear  0.000000000, sequence: 0
source 0 - assert 1763374383.000009622, sequence: 13131 - clear  0.000000000, sequence: 0
source 0 - assert 1763374384.000006060, sequence: 13132 - clear  0.000000000, sequence: 0
source 0 - assert 1763374385.000008177, sequence: 13133 - clear  0.000000000, sequence: 0
source 0 - assert 1763374386.000007949, sequence: 13134 - clear  0.000000000, sequence: 0
source 0 - assert 1763374387.000006948, sequence: 13135 - clear  0.000000000, sequence: 0
source 0 - assert 1763374388.000010689, sequence: 13136 - clear  0.000000000, sequence: 0
source 0 - assert 1763374389.000007557, sequence: 13137 - clear  0.000000000, sequence: 0
source 0 - assert 1763374390.000008067, sequence: 13138 - clear  0.000000000, sequence: 0
source 0 - assert 1763374391.000006064, sequence: 13139 - clear  0.000000000, sequence: 0
source 0 - assert 1763374392.000006943, sequence: 13140 - clear  0.000000000, sequence: 0
source 0 - assert 1763374393.000006527, sequence: 13141 - clear  0.000000000, sequence: 0
source 0 - assert 1763374394.000007862, sequence: 13142 - clear  0.000000000, sequence: 0
source 0 - assert 1763374395.000010373, sequence: 13143 - clear  0.000000000, sequence: 0
source 0 - assert 1763374396.000010205, sequence: 13144 - clear  0.000000000, sequence: 0
source 0 - assert 1763374397.000005830, sequence: 13145 - clear  0.000000000, sequence: 0
source 0 - assert 1763374398.000011531, sequence: 13146 - clear  0.000000000, sequence: 0
source 0 - assert 1763374399.000008394, sequence: 13147 - clear  0.000000000, sequence: 0
source 0 - assert 1763374400.000007397, sequence: 13148 - clear  0.000000000, sequence: 0
source 0 - assert 1763374401.000008118, sequence: 13149 - clear  0.000000000, sequence: 0
source 0 - assert 1763374402.000005753, sequence: 13150 - clear  0.000000000, sequence: 0
source 0 - assert 1763374403.000007669, sequence: 13151 - clear  0.000000000, sequence: 0
source 0 - assert 1763374404.000007903, sequence: 13152 - clear  0.000000000, sequence: 0
source 0 - assert 1763374405.000004284, sequence: 13153 - clear  0.000000000, sequence: 0
source 0 - assert 1763374406.000008247, sequence: 13154 - clear  0.000000000, sequence: 0
source 0 - assert 1763374407.000008741, sequence: 13155 - clear  0.000000000, sequence: 0
source 0 - assert 1763374408.000008122, sequence: 13156 - clear  0.000000000, sequence: 0
source 0 - assert 1763374409.000011423, sequence: 13157 - clear  0.000000000, sequence: 0
source 0 - assert 1763374410.000007963, sequence: 13158 - clear  0.000000000, sequence: 0
source 0 - assert 1763374411.000007284, sequence: 13159 - clear  0.000000000, sequence: 0
source 0 - assert 1763374412.000007484, sequence: 13160 - clear  0.000000000, sequence: 0
source 0 - assert 1763374413.000010192, sequence: 13161 - clear  0.000000000, sequence: 0
source 0 - assert 1763374414.000006903, sequence: 13162 - clear  0.000000000, sequence: 0
source 0 - assert 1763374415.000010412, sequence: 13163 - clear  0.000000000, sequence: 0
source 0 - assert 1763374416.000006408, sequence: 13164 - clear  0.000000000, sequence: 0
source 0 - assert 1763374417.000010166, sequence: 13165 - clear  0.000000000, sequence: 0
source 0 - assert 1763374418.000007919, sequence: 13166 - clear  0.000000000, sequence: 0
source 0 - assert 1763374419.000007797, sequence: 13167 - clear  0.000000000, sequence: 0
source 0 - assert 1763374420.000010849, sequence: 13168 - clear  0.000000000, sequence: 0
source 0 - assert 1763374421.000009511, sequence: 13169 - clear  0.000000000, sequence: 0
source 0 - assert 1763374422.000007169, sequence: 13170 - clear  0.000000000, sequence: 0
source 0 - assert 1763374423.000002159, sequence: 13171 - clear  0.000000000, sequence: 0
source 0 - assert 1763374424.000007186, sequence: 13172 - clear  0.000000000, sequence: 0
source 0 - assert 1763374425.000008298, sequence: 13173 - clear  0.000000000, sequence: 0
source 0 - assert 1763374426.000008180, sequence: 13174 - clear  0.000000000, sequence: 0
source 0 - assert 1763374427.000007847, sequence: 13175 - clear  0.000000000, sequence: 0
source 0 - assert 1763374428.000006767, sequence: 13176 - clear  0.000000000, sequence: 0
source 0 - assert 1763374429.000008918, sequence: 13177 - clear  0.000000000, sequence: 0
source 0 - assert 1763374430.000011426, sequence: 13178 - clear  0.000000000, sequence: 0
source 0 - assert 1763374431.000008544, sequence: 13179 - clear  0.000000000, sequence: 0
source 0 - assert 1763374432.000006292, sequence: 13180 - clear  0.000000000, sequence: 0
source 0 - assert 1763374433.000006207, sequence: 13181 - clear  0.000000000, sequence: 0
source 0 - assert 1763374434.000007000, sequence: 13182 - clear  0.000000000, sequence: 0
source 0 - assert 1763374435.000007160, sequence: 13183 - clear  0.000000000, sequence: 0
source 0 - assert 1763374436.000010244, sequence: 13184 - clear  0.000000000, sequence: 0
source 0 - assert 1763374437.000006953, sequence: 13185 - clear  0.000000000, sequence: 0
source 0 - assert 1763374438.000006490, sequence: 13186 - clear  0.000000000, sequence: 0
source 0 - assert 1763374439.000009398, sequence: 13187 - clear  0.000000000, sequence: 0
source 0 - assert 1763374440.000007907, sequence: 13188 - clear  0.000000000, sequence: 0
source 0 - assert 1763374441.000007542, sequence: 13189 - clear  0.000000000, sequence: 0
source 0 - assert 1763374442.000007965, sequence: 13190 - clear  0.000000000, sequence: 0
source 0 - assert 1763374443.000011466, sequence: 13191 - clear  0.000000000, sequence: 0
source 0 - assert 1763374444.000007493, sequence: 13192 - clear  0.000000000, sequence: 0
source 0 - assert 1763374445.000011274, sequence: 13193 - clear  0.000000000, sequence: 0
source 0 - assert 1763374446.000009135, sequence: 13194 - clear  0.000000000, sequence: 0
source 0 - assert 1763374447.000007632, sequence: 13195 - clear  0.000000000, sequence: 0
source 0 - assert 1763374448.000009886, sequence: 13196 - clear  0.000000000, sequence: 0
source 0 - assert 1763374449.000008961, sequence: 13197 - clear  0.000000000, sequence: 0
source 0 - assert 1763374450.000004217, sequence: 13198 - clear  0.000000000, sequence: 0
source 0 - assert 1763374451.000008774, sequence: 13199 - clear  0.000000000, sequence: 0
source 0 - assert 1763374452.000004070, sequence: 13200 - clear  0.000000000, sequence: 0
source 0 - assert 1763374453.000010027, sequence: 13201 - clear  0.000000000, sequence: 0
source 0 - assert 1763374454.000009236, sequence: 13202 - clear  0.000000000, sequence: 0
source 0 - assert 1763374455.000007826, sequence: 13203 - clear  0.000000000, sequence: 0
source 0 - assert 1763374456.000007121, sequence: 13204 - clear  0.000000000, sequence: 0
source 0 - assert 1763374457.000009321, sequence: 13205 - clear  0.000000000, sequence: 0
source 0 - assert 1763374458.000009950, sequence: 13206 - clear  0.000000000, sequence: 0
source 0 - assert 1763374459.000010073, sequence: 13207 - clear  0.000000000, sequence: 0
source 0 - assert 1763374460.000008816, sequence: 13208 - clear  0.000000000, sequence: 0
source 0 - assert 1763374461.000008649, sequence: 13209 - clear  0.000000000, sequence: 0
source 0 - assert 1763374462.000007228, sequence: 13210 - clear  0.000000000, sequence: 0
source 0 - assert 1763374463.000008152, sequence: 13211 - clear  0.000000000, sequence: 0
source 0 - assert 1763374464.000009203, sequence: 13212 - clear  0.000000000, sequence: 0
source 0 - assert 1763374465.000007989, sequence: 13213 - clear  0.000000000, sequence: 0
source 0 - assert 1763374466.000009867, sequence: 13214 - clear  0.000000000, sequence: 0
source 0 - assert 1763374467.000007866, sequence: 13215 - clear  0.000000000, sequence: 0
source 0 - assert 1763374468.000006654, sequence: 13216 - clear  0.000000000, sequence: 0
source 0 - assert 1763374469.000006915, sequence: 13217 - clear  0.000000000, sequence: 0
source 0 - assert 1763374470.000009506, sequence: 13218 - clear  0.000000000, sequence: 0
source 0 - assert 1763374471.000008701, sequence: 13219 - clear  0.000000000, sequence: 0
source 0 - assert 1763374472.000007558, sequence: 13220 - clear  0.000000000, sequence: 0
source 0 - assert 1763374473.000011018, sequence: 13221 - clear  0.000000000, sequence: 0
source 0 - assert 1763374474.000008038, sequence: 13222 - clear  0.000000000, sequence: 0
source 0 - assert 1763374475.000007344, sequence: 13223 - clear  0.000000000, sequence: 0
source 0 - assert 1763374476.000009538, sequence: 13224 - clear  0.000000000, sequence: 0
source 0 - assert 1763374477.000007910, sequence: 13225 - clear  0.000000000, sequence: 0
source 0 - assert 1763374478.000009621, sequence: 13226 - clear  0.000000000, sequence: 0
source 0 - assert 1763374479.000008495, sequence: 13227 - clear  0.000000000, sequence: 0
source 0 - assert 1763374480.000011983, sequence: 13228 - clear  0.000000000, sequence: 0
source 0 - assert 1763374481.000010524, sequence: 13229 - clear  0.000000000, sequence: 0
source 0 - assert 1763374482.000005933, sequence: 13230 - clear  0.000000000, sequence: 0
source 0 - assert 1763374483.000007050, sequence: 13231 - clear  0.000000000, sequence: 0
source 0 - assert 1763374484.000006102, sequence: 13232 - clear  0.000000000, sequence: 0
source 0 - assert 1763374485.000008942, sequence: 13233 - clear  0.000000000, sequence: 0
source 0 - assert 1763374486.000009818, sequence: 13234 - clear  0.000000000, sequence: 0
source 0 - assert 1763374487.000004539, sequence: 13235 - clear  0.000000000, sequence: 0
source 0 - assert 1763374488.000007846, sequence: 13236 - clear  0.000000000, sequence: 0
source 0 - assert 1763374489.000005467, sequence: 13237 - clear  0.000000000, sequence: 0
source 0 - assert 1763374490.000010377, sequence: 13238 - clear  0.000000000, sequence: 0
source 0 - assert 1763374491.000006666, sequence: 13239 - clear  0.000000000, sequence: 0
source 0 - assert 1763374492.000009125, sequence: 13240 - clear  0.000000000, sequence: 0
source 0 - assert 1763374493.000008416, sequence: 13241 - clear  0.000000000, sequence: 0
source 0 - assert 1763374494.000007753, sequence: 13242 - clear  0.000000000, sequence: 0
source 0 - assert 1763374495.000003561, sequence: 13243 - clear  0.000000000, sequence: 0
source 0 - assert 1763374496.000005007, sequence: 13244 - clear  0.000000000, sequence: 0
source 0 - assert 1763374497.000008284, sequence: 13245 - clear  0.000000000, sequence: 0
source 0 - assert 1763374498.000006751, sequence: 13246 - clear  0.000000000, sequence: 0
source 0 - assert 1763374499.000005041, sequence: 13247 - clear  0.000000000, sequence: 0
source 0 - assert 1763374500.000008665, sequence: 13248 - clear  0.000000000, sequence: 0
source 0 - assert 1763374501.000005514, sequence: 13249 - clear  0.000000000, sequence: 0
source 0 - assert 1763374502.000010023, sequence: 13250 - clear  0.000000000, sequence: 0
source 0 - assert 1763374503.000012887, sequence: 13251 - clear  0.000000000, sequence: 0
source 0 - assert 1763374504.000006372, sequence: 13252 - clear  0.000000000, sequence: 0
source 0 - assert 1763374505.000008067, sequence: 13253 - clear  0.000000000, sequence: 0
source 0 - assert 1763374506.000003826, sequence: 13254 - clear  0.000000000, sequence: 0
source 0 - assert 1763374507.000007459, sequence: 13255 - clear  0.000000000, sequence: 0
source 0 - assert 1763374508.000008408, sequence: 13256 - clear  0.000000000, sequence: 0
source 0 - assert 1763374509.000006861, sequence: 13257 - clear  0.000000000, sequence: 0
source 0 - assert 1763374510.000010320, sequence: 13258 - clear  0.000000000, sequence: 0
source 0 - assert 1763374511.000006907, sequence: 13259 - clear  0.000000000, sequence: 0
source 0 - assert 1763374512.000005604, sequence: 13260 - clear  0.000000000, sequence: 0
source 0 - assert 1763374513.000006562, sequence: 13261 - clear  0.000000000, sequence: 0
source 0 - assert 1763374514.000008944, sequence: 13262 - clear  0.000000000, sequence: 0
source 0 - assert 1763374515.000008897, sequence: 13263 - clear  0.000000000, sequence: 0
source 0 - assert 1763374516.000005603, sequence: 13264 - clear  0.000000000, sequence: 0
source 0 - assert 1763374517.000004942, sequence: 13265 - clear  0.000000000, sequence: 0
source 0 - assert 1763374518.000009226, sequence: 13266 - clear  0.000000000, sequence: 0
source 0 - assert 1763374519.000007683, sequence: 13267 - clear  0.000000000, sequence: 0
source 0 - assert 1763374520.000008568, sequence: 13268 - clear  0.000000000, sequence: 0
source 0 - assert 1763374521.000006118, sequence: 13269 - clear  0.000000000, sequence: 0
source 0 - assert 1763374522.000007876, sequence: 13270 - clear  0.000000000, sequence: 0
source 0 - assert 1763374523.000007661, sequence: 13271 - clear  0.000000000, sequence: 0
source 0 - assert 1763374524.000006366, sequence: 13272 - clear  0.000000000, sequence: 0
source 0 - assert 1763374525.000006652, sequence: 13273 - clear  0.000000000, sequence: 0
source 0 - assert 1763374526.000008906, sequence: 13274 - clear  0.000000000, sequence: 0
source 0 - assert 1763374527.000006457, sequence: 13275 - clear  0.000000000, sequence: 0
source 0 - assert 1763374528.000008585, sequence: 13276 - clear  0.000000000, sequence: 0
source 0 - assert 1763374529.000007132, sequence: 13277 - clear  0.000000000, sequence: 0
source 0 - assert 1763374530.000011625, sequence: 13278 - clear  0.000000000, sequence: 0
source 0 - assert 1763374531.000006449, sequence: 13279 - clear  0.000000000, sequence: 0
source 0 - assert 1763374532.000006248, sequence: 13280 - clear  0.000000000, sequence: 0
source 0 - assert 1763374533.000006578, sequence: 13281 - clear  0.000000000, sequence: 0
source 0 - assert 1763374534.000009230, sequence: 13282 - clear  0.000000000, sequence: 0
source 0 - assert 1763374535.000011146, sequence: 13283 - clear  0.000000000, sequence: 0
source 0 - assert 1763374536.000009370, sequence: 13284 - clear  0.000000000, sequence: 0
source 0 - assert 1763374537.000008661, sequence: 13285 - clear  0.000000000, sequence: 0
source 0 - assert 1763374538.000006779, sequence: 13286 - clear  0.000000000, sequence: 0
source 0 - assert 1763374539.000007930, sequence: 13287 - clear  0.000000000, sequence: 0
source 0 - assert 1763374540.000008221, sequence: 13288 - clear  0.000000000, sequence: 0
source 0 - assert 1763374541.000011192, sequence: 13289 - clear  0.000000000, sequence: 0
source 0 - assert 1763374542.000009203, sequence: 13290 - clear  0.000000000, sequence: 0
source 0 - assert 1763374543.000003125, sequence: 13291 - clear  0.000000000, sequence: 0
source 0 - assert 1763374544.000008123, sequence: 13292 - clear  0.000000000, sequence: 0
source 0 - assert 1763374545.000006283, sequence: 13293 - clear  0.000000000, sequence: 0
source 0 - assert 1763374546.000008626, sequence: 13294 - clear  0.000000000, sequence: 0
source 0 - assert 1763374547.000007795, sequence: 13295 - clear  0.000000000, sequence: 0
source 0 - assert 1763374548.000005664, sequence: 13296 - clear  0.000000000, sequence: 0
source 0 - assert 1763374549.000007785, sequence: 13297 - clear  0.000000000, sequence: 0
source 0 - assert 1763374550.000009366, sequence: 13298 - clear  0.000000000, sequence: 0
source 0 - assert 1763374551.000009774, sequence: 13299 - clear  0.000000000, sequence: 0
source 0 - assert 1763374552.000010358, sequence: 13300 - clear  0.000000000, sequence: 0
source 0 - assert 1763374553.000005733, sequence: 13301 - clear  0.000000000, sequence: 0
source 0 - assert 1763374554.000009361, sequence: 13302 - clear  0.000000000, sequence: 0
source 0 - assert 1763374555.000004957, sequence: 13303 - clear  0.000000000, sequence: 0
source 0 - assert 1763374556.000009336, sequence: 13304 - clear  0.000000000, sequence: 0
source 0 - assert 1763374557.000010655, sequence: 13305 - clear  0.000000000, sequence: 0
source 0 - assert 1763374558.000011058, sequence: 13306 - clear  0.000000000, sequence: 0
source 0 - assert 1763374559.000008279, sequence: 13307 - clear  0.000000000, sequence: 0
source 0 - assert 1763374560.000005082, sequence: 13308 - clear  0.000000000, sequence: 0
source 0 - assert 1763374561.000008378, sequence: 13309 - clear  0.000000000, sequence: 0
source 0 - assert 1763374562.000008621, sequence: 13310 - clear  0.000000000, sequence: 0
source 0 - assert 1763374563.000007747, sequence: 13311 - clear  0.000000000, sequence: 0
source 0 - assert 1763374564.000008791, sequence: 13312 - clear  0.000000000, sequence: 0
source 0 - assert 1763374565.000006041, sequence: 13313 - clear  0.000000000, sequence: 0
source 0 - assert 1763374566.000009624, sequence: 13314 - clear  0.000000000, sequence: 0
source 0 - assert 1763374567.000008995, sequence: 13315 - clear  0.000000000, sequence: 0
source 0 - assert 1763374568.000009882, sequence: 13316 - clear  0.000000000, sequence: 0
source 0 - assert 1763374569.000008917, sequence: 13317 - clear  0.000000000, sequence: 0
source 0 - assert 1763374570.000007294, sequence: 13318 - clear  0.000000000, sequence: 0
source 0 - assert 1763374571.000009955, sequence: 13319 - clear  0.000000000, sequence: 0
source 0 - assert 1763374572.000008243, sequence: 13320 - clear  0.000000000, sequence: 0
source 0 - assert 1763374573.000003786, sequence: 13321 - clear  0.000000000, sequence: 0
source 0 - assert 1763374574.000010687, sequence: 13322 - clear  0.000000000, sequence: 0
source 0 - assert 1763374575.000007777, sequence: 13323 - clear  0.000000000, sequence: 0
source 0 - assert 1763374576.000009398, sequence: 13324 - clear  0.000000000, sequence: 0
source 0 - assert 1763374577.000005863, sequence: 13325 - clear  0.000000000, sequence: 0
source 0 - assert 1763374578.000006332, sequence: 13326 - clear  0.000000000, sequence: 0
source 0 - assert 1763374579.000006372, sequence: 13327 - clear  0.000000000, sequence: 0
source 0 - assert 1763374580.000010416, sequence: 13328 - clear  0.000000000, sequence: 0
source 0 - assert 1763374581.000005461, sequence: 13329 - clear  0.000000000, sequence: 0
source 0 - assert 1763374582.000007838, sequence: 13330 - clear  0.000000000, sequence: 0
source 0 - assert 1763374583.000009045, sequence: 13331 - clear  0.000000000, sequence: 0
source 0 - assert 1763374584.000008120, sequence: 13332 - clear  0.000000000, sequence: 0
source 0 - assert 1763374585.000011505, sequence: 13333 - clear  0.000000000, sequence: 0
source 0 - assert 1763374586.000007004, sequence: 13334 - clear  0.000000000, sequence: 0
source 0 - assert 1763374587.000009072, sequence: 13335 - clear  0.000000000, sequence: 0
source 0 - assert 1763374588.000004656, sequence: 13336 - clear  0.000000000, sequence: 0
source 0 - assert 1763374589.000007271, sequence: 13337 - clear  0.000000000, sequence: 0
source 0 - assert 1763374590.000010934, sequence: 13338 - clear  0.000000000, sequence: 0
source 0 - assert 1763374591.000010776, sequence: 13339 - clear  0.000000000, sequence: 0
source 0 - assert 1763374592.000008163, sequence: 13340 - clear  0.000000000, sequence: 0
source 0 - assert 1763374593.000006092, sequence: 13341 - clear  0.000000000, sequence: 0
source 0 - assert 1763374594.000011173, sequence: 13342 - clear  0.000000000, sequence: 0
source 0 - assert 1763374595.000008289, sequence: 13343 - clear  0.000000000, sequence: 0
source 0 - assert 1763374596.000009992, sequence: 13344 - clear  0.000000000, sequence: 0
source 0 - assert 1763374597.000005910, sequence: 13345 - clear  0.000000000, sequence: 0
source 0 - assert 1763374598.000008238, sequence: 13346 - clear  0.000000000, sequence: 0
source 0 - assert 1763374599.000006665, sequence: 13347 - clear  0.000000000, sequence: 0
source 0 - assert 1763374600.000007173, sequence: 13348 - clear  0.000000000, sequence: 0
source 0 - assert 1763374601.000008863, sequence: 13349 - clear  0.000000000, sequence: 0
source 0 - assert 1763374602.000008984, sequence: 13350 - clear  0.000000000, sequence: 0
source 0 - assert 1763374603.000004822, sequence: 13351 - clear  0.000000000, sequence: 0
source 0 - assert 1763374604.000006702, sequence: 13352 - clear  0.000000000, sequence: 0
source 0 - assert 1763374605.000007581, sequence: 13353 - clear  0.000000000, sequence: 0
source 0 - assert 1763374606.000003195, sequence: 13354 - clear  0.000000000, sequence: 0
source 0 - assert 1763374607.000012821, sequence: 13355 - clear  0.000000000, sequence: 0
source 0 - assert 1763374608.000005527, sequence: 13356 - clear  0.000000000, sequence: 0
source 0 - assert 1763374609.000008305, sequence: 13357 - clear  0.000000000, sequence: 0
source 0 - assert 1763374610.000007067, sequence: 13358 - clear  0.000000000, sequence: 0
source 0 - assert 1763374611.000008380, sequence: 13359 - clear  0.000000000, sequence: 0
source 0 - assert 1763374612.000005592, sequence: 13360 - clear  0.000000000, sequence: 0
source 0 - assert 1763374613.000010332, sequence: 13361 - clear  0.000000000, sequence: 0
source 0 - assert 1763374614.000007080, sequence: 13362 - clear  0.000000000, sequence: 0
source 0 - assert 1763374615.000007851, sequence: 13363 - clear  0.000000000, sequence: 0
Terminated
