trying PPS source "/dev/pps0"
found PPS source "/dev/pps0"
ok, found 1 source(s), now start fetching data...
source 0 - assert 1763373655.000008601, sequence: 12403 - clear  0.000000000, sequence: 0
source 0 - assert 1763373656.000011200, sequence: 12404 - clear  0.000000000, sequence: 0
source 0 - assert 1763373657.000005529, sequence: 12405 - clear  0.000000000, sequence: 0
source 0 - assert 1763373658.000005980, sequence: 12406 - clear  0.000000000, sequence: 0
source 0 - assert 1763373659.000009581, sequence: 12407 - clear  0.000000000, sequence: 0
source 0 - assert 1763373660.000010213, sequence: 12408 - clear  0.000000000, sequence: 0
source 0 - assert 1763373661.000009029, sequence: 12409 - clear  0.000000000, sequence: 0
source 0 - assert 1763373662.000007731, sequence: 12410 - clear  0.000000000, sequence: 0
source 0 - assert 1763373663.000007076, sequence: 12411 - clear  0.000000000, sequence: 0
source 0 - assert 1763373664.000009276, sequence: 12412 - clear  0.000000000, sequence: 0
source 0 - assert 1763373665.000003751, sequence: 12413 - clear  0.000000000, sequence: 0
source 0 - assert 1763373666.000010908, sequence: 12414 - clear  0.000000000, sequence: 0
source 0 - assert 1763373667.000010649, sequence: 12415 - clear  0.000000000, sequence: 0
source 0 - assert 1763373668.000005410, sequence: 12416 - clear  0.000000000, sequence: 0
source 0 - assert 1763373669.000009278, sequence: 12417 - clear  0.000000000, sequence: 0
source 0 - assert 1763373670.000006333, sequence: 12418 - clear  0.000000000, sequence: 0
source 0 - assert 1763373671.000009530, sequence: 12419 - clear  0.000000000, sequence: 0
source 0 - assert 1763373672.000007482, sequence: 12420 - clear  0.000000000, sequence: 0
source 0 - assert 1763373673.000002443, sequence: 12421 - clear  0.000000000, sequence: 0
source 0 - assert 1763373674.000008513, sequence: 12422 - clear  0.000000000, sequence: 0
source 0 - assert 1763373675.000009647, sequence: 12423 - clear  0.000000000, sequence: 0
source 0 - assert 1763373676.000007279, sequence: 12424 - clear  0.000000000, sequence: 0
source 0 - assert 1763373677.000010724, sequence: 12425 - clear  0.000000000, sequence: 0
source 0 - assert 1763373678.000005992, sequence: 12426 - clear  0.000000000, sequence: 0
source 0 - assert 1763373679.000008223, sequence: 12427 - clear  0.000000000, sequence: 0
source 0 - assert 1763373680.000005509, sequence: 12428 - clear  0.000000000, sequence: 0
source 0 - assert 1763373681.000002295, sequence: 12429 - clear  0.000000000, sequence: 0
source 0 - assert 1763373682.000007750, sequence: 12430 - clear  0.000000000, sequence: 0
source 0 - assert 1763373683.000006600, sequence: 12431 - clear  0.000000000, sequence: 0
source 0 - assert 1763373684.000004007, sequence: 12432 - clear  0.000000000, sequence: 0
source 0 - assert 1763373685.000007432, sequence: 12433 - clear  0.000000000, sequence: 0
source 0 - assert 1763373686.000007829, sequence: 12434 - clear  0.000000000, sequence: 0
source 0 - assert 1763373687.000012784, sequence: 12435 - clear  0.000000000, sequence: 0
source 0 - assert 1763373688.000009671, sequence: 12436 - clear  0.000000000, sequence: 0
source 0 - assert 1763373689.000007240, sequence: 12437 - clear  0.000000000, sequence: 0
source 0 - assert 1763373690.000008218, sequence: 12438 - clear  0.000000000, sequence: 0
source 0 - assert 1763373691.000004197, sequence: 12439 - clear  0.000000000, sequence: 0
source 0 - assert 1763373692.000007539, sequence: 12440 - clear  0.000000000, sequence: 0
source 0 - assert 1763373693.000007337, sequence: 12441 - clear  0.000000000, sequence: 0
source 0 - assert 1763373694.000009818, sequence: 12442 - clear  0.000000000, sequence: 0
source 0 - assert 1763373695.000002164, sequence: 12443 - clear  0.000000000, sequence: 0
source 0 - assert 1763373696.000004944, sequence: 12444 - clear  0.000000000, sequence: 0
source 0 - assert 1763373697.000002341, sequence: 12445 - clear  0.000000000, sequence: 0
source 0 - assert 1763373698.000002963, sequence: 12446 - clear  0.000000000, sequence: 0
source 0 - assert 1763373699.000010617, sequence: 12447 - clear  0.000000000, sequence: 0
source 0 - assert 1763373700.000009612, sequence: 12448 - clear  0.000000000, sequence: 0
source 0 - assert 1763373701.000006856, sequence: 12449 - clear  0.000000000, sequence: 0
source 0 - assert 1763373702.000005778, sequence: 12450 - clear  0.000000000, sequence: 0
source 0 - assert 1763373703.000009580, sequence: 12451 - clear  0.000000000, sequence: 0
source 0 - assert 1763373704.000009367, sequence: 12452 - clear  0.000000000, sequence: 0
source 0 - assert 1763373705.000011415, sequence: 12453 - clear  0.000000000, sequence: 0
source 0 - assert 1763373706.000006825, sequence: 12454 - clear  0.000000000, sequence: 0
source 0 - assert 1763373707.000005958, sequence: 12455 - clear  0.000000000, sequence: 0
source 0 - assert 1763373708.000005629, sequence: 12456 - clear  0.000000000, sequence: 0
source 0 - assert 1763373709.000006764, sequence: 12457 - clear  0.000000000, sequence: 0
source 0 - assert 1763373710.000009523, sequence: 12458 - clear  0.000000000, sequence: 0
source 0 - assert 1763373711.000007251, sequence: 12459 - clear  0.000000000, sequence: 0
source 0 - assert 1763373712.000008519, sequence: 12460 - clear  0.000000000, sequence: 0
source 0 - assert 1763373713.000006636, sequence: 12461 - clear  0.000000000, sequence: 0
source 0 - assert 1763373714.000006287, sequence: 12462 - clear  0.000000000, sequence: 0
source 0 - assert 1763373715.000007379, sequence: 12463 - clear  0.000000000, sequence: 0
source 0 - assert 1763373716.000011602, sequence: 12464 - clear  0.000000000, sequence: 0
source 0 - assert 1763373717.000011292, sequence: 12465 - clear  0.000000000, sequence: 0
source 0 - assert 1763373718.000009822, sequence: 12466 - clear  0.000000000, sequence: 0
source 0 - assert 1763373719.000010234, sequence: 12467 - clear  0.000000000, sequence: 0
source 0 - assert 1763373720.000004076, sequence: 12468 - clear  0.000000000, sequence: 0
source 0 - assert 1763373721.000009022, sequence: 12469 - clear  0.000000000, sequence: 0
source 0 - assert 1763373722.000007834, sequence: 12470 - clear  0.000000000, sequence: 0
source 0 - assert 1763373723.000006204, sequence: 12471 - clear  0.000000000, sequence: 0
source 0 - assert 1763373724.000006029, sequence: 12472 - clear  0.000000000, sequence: 0
source 0 - assert 1763373725.000005438, sequence: 12473 - clear  0.000000000, sequence: 0
source 0 - assert 1763373726.000007117, sequence: 12474 - clear  0.000000000, sequence: 0
source 0 - assert 1763373727.000007076, sequence: 12475 - clear  0.000000000, sequence: 0
source 0 - assert 1763373728.000008241, sequence: 12476 - clear  0.000000000, sequence: 0
source 0 - assert 1763373729.000008332, sequence: 12477 - clear  0.000000000, sequence: 0
source 0 - assert 1763373730.000007083, sequence: 12478 - clear  0.000000000, sequence: 0
source 0 - assert 1763373731.000004205, sequence: 12479 - clear  0.000000000, sequence: 0
source 0 - assert 1763373732.000008249, sequence: 12480 - clear  0.000000000, sequence: 0
source 0 - assert 1763373733.000007578, sequence: 12481 - clear  0.000000000, sequence: 0
source 0 - assert 1763373734.000004609, sequence: 12482 - clear  0.000000000, sequence: 0
source 0 - assert 1763373735.000007025, sequence: 12483 - clear  0.000000000, sequence: 0
source 0 - assert 1763373736.000004368, sequence: 12484 - clear  0.000000000, sequence: 0
source 0 - assert 1763373737.000007873, sequence: 12485 - clear  0.000000000, sequence: 0
source 0 - assert 1763373738.000009458, sequence: 12486 - clear  0.000000000, sequence: 0
source 0 - assert 1763373739.000007367, sequence: 12487 - clear  0.000000000, sequence: 0
source 0 - assert 1763373740.000007472, sequence: 12488 - clear  0.000000000, sequence: 0
source 0 - assert 1763373741.000007050, sequence: 12489 - clear  0.000000000, sequence: 0
source 0 - assert 1763373742.000005424, sequence: 12490 - clear  0.000000000, sequence: 0
source 0 - assert 1763373743.000008942, sequence: 12491 - clear  0.000000000, sequence: 0
source 0 - assert 1763373744.000011918, sequence: 12492 - clear  0.000000000, sequence: 0
source 0 - assert 1763373745.000009242, sequence: 12493 - clear  0.000000000, sequence: 0
source 0 - assert 1763373746.000007108, sequence: 12494 - clear  0.000000000, sequence: 0
source 0 - assert 1763373747.000012683, sequence: 12495 - clear  0.000000000, sequence: 0
source 0 - assert 1763373748.000004477, sequence: 12496 - clear  0.000000000, sequence: 0
source 0 - assert 1763373749.000008872, sequence: 12497 - clear  0.000000000, sequence: 0
source 0 - assert 1763373750.000004654, sequence: 12498 - clear  0.000000000, sequence: 0
source 0 - assert 1763373751.000009524, sequence: 12499 - clear  0.000000000, sequence: 0
source 0 - assert 1763373752.000008111, sequence: 12500 - clear  0.000000000, sequence: 0
source 0 - assert 1763373753.000006815, sequence: 12501 - clear  0.000000000, sequence: 0
source 0 - assert 1763373754.000009946, sequence: 12502 - clear  0.000000000, sequence: 0
source 0 - assert 1763373755.000008375, sequence: 12503 - clear  0.000000000, sequence: 0
source 0 - assert 1763373756.000008374, sequence: 12504 - clear  0.000000000, sequence: 0
source 0 - assert 1763373757.000002996, sequence: 12505 - clear  0.000000000, sequence: 0
source 0 - assert 1763373758.000005078, sequence: 12506 - clear  0.000000000, sequence: 0
source 0 - assert 1763373759.000009659, sequence: 12507 - clear  0.000000000, sequence: 0
source 0 - assert 1763373760.000011666, sequence: 12508 - clear  0.000000000, sequence: 0
source 0 - assert 1763373761.000006991, sequence: 12509 - clear  0.000000000, sequence: 0
source 0 - assert 1763373762.000007363, sequence: 12510 - clear  0.000000000, sequence: 0
source 0 - assert 1763373763.000008071, sequence: 12511 - clear  0.000000000, sequence: 0
source 0 - assert 1763373764.000005487, sequence: 12512 - clear  0.000000000, sequence: 0
source 0 - assert 1763373765.000008404, sequence: 12513 - clear  0.000000000, sequence: 0
source 0 - assert 1763373766.000005396, sequence: 12514 - clear  0.000000000, sequence: 0
source 0 - assert 1763373767.000007051, sequence: 12515 - clear  0.000000000, sequence: 0
source 0 - assert 1763373768.000005167, sequence: 12516 - clear  0.000000000, sequence: 0
source 0 - assert 1763373769.000007695, sequence: 12517 - clear  0.000000000, sequence: 0
source 0 - assert 1763373770.000008853, sequence: 12518 - clear  0.000000000, sequence: 0
source 0 - assert 1763373771.000009142, sequence: 12519 - clear  0.000000000, sequence: 0
source 0 - assert 1763373772.000004034, sequence: 12520 - clear  0.000000000, sequence: 0
source 0 - assert 1763373773.000006260, sequence: 12521 - clear  0.000000000, sequence: 0
source 0 - assert 1763373774.000006621, sequence: 12522 - clear  0.000000000, sequence: 0
source 0 - assert 1763373775.000006779, sequence: 12523 - clear  0.000000000, sequence: 0
source 0 - assert 1763373776.000008782, sequence: 12524 - clear  0.000000000, sequence: 0
source 0 - assert 1763373777.000011814, sequence: 12525 - clear  0.000000000, sequence: 0
source 0 - assert 1763373778.000006212, sequence: 12526 - clear  0.000000000, sequence: 0
source 0 - assert 1763373779.000008504, sequence: 12527 - clear  0.000000000, sequence: 0
source 0 - assert 1763373780.000011154, sequence: 12528 - clear  0.000000000, sequence: 0
source 0 - assert 1763373781.000008608, sequence: 12529 - clear  0.000000000, sequence: 0
source 0 - assert 1763373782.000007065, sequence: 12530 - clear  0.000000000, sequence: 0
source 0 - assert 1763373783.000008247, sequence: 12531 - clear  0.000000000, sequence: 0
source 0 - assert 1763373784.000007454, sequence: 12532 - clear  0.000000000, sequence: 0
source 0 - assert 1763373785.000009371, sequence: 12533 - clear  0.000000000, sequence: 0
source 0 - assert 1763373786.000009968, sequence: 12534 - clear  0.000000000, sequence: 0
source 0 - assert 1763373787.000009571, sequence: 12535 - clear  0.000000000, sequence: 0
source 0 - assert 1763373788.000008575, sequence: 12536 - clear  0.000000000, sequence: 0
source 0 - assert 1763373789.000006651, sequence: 12537 - clear  0.000000000, sequence: 0
source 0 - assert 1763373790.000008614, sequence: 12538 - clear  0.000000000, sequence: 0
source 0 - assert 1763373791.000007523, sequence: 12539 - clear  0.000000000, sequence: 0
source 0 - assert 1763373792.000007719, sequence: 12540 - clear  0.000000000, sequence: 0
source 0 - assert 1763373793.000006786, sequence: 12541 - clear  0.000000000, sequence: 0
source 0 - assert 1763373794.000008507, sequence: 12542 - clear  0.000000000, sequence: 0
source 0 - assert 1763373795.000009021, sequence: 12543 - clear  0.000000000, sequence: 0
source 0 - assert 1763373796.000009691, sequence: 12544 - clear  0.000000000, sequence: 0
source 0 - assert 1763373797.000003971, sequence: 12545 - clear  0.000000000, sequence: 0
source 0 - assert 1763373798.000012720, sequence: 12546 - clear  0.000000000, sequence: 0
source 0 - assert 1763373799.000007674, sequence: 12547 - clear  0.000000000, sequence: 0
source 0 - assert 1763373800.000004299, sequence: 12548 - clear  0.000000000, sequence: 0
source 0 - assert 1763373801.000005922, sequence: 12549 - clear  0.000000000, sequence: 0
source 0 - assert 1763373802.000005818, sequence: 12550 - clear  0.000000000, sequence: 0
source 0 - assert 1763373803.000005574, sequence: 12551 - clear  0.000000000, sequence: 0
source 0 - assert 1763373804.000010137, sequence: 12552 - clear  0.000000000, sequence: 0
source 0 - assert 1763373805.000003401, sequence: 12553 - clear  0.000000000, sequence: 0
source 0 - assert 1763373806.000009207, sequence: 12554 - clear  0.000000000, sequence: 0
source 0 - assert 1763373807.000008964, sequence: 12555 - clear  0.000000000, sequence: 0
source 0 - assert 1763373808.000011160, sequence: 12556 - clear  0.000000000, sequence: 0
source 0 - assert 1763373809.000009871, sequence: 12557 - clear  0.000000000, sequence: 0
source 0 - assert 1763373810.000003148, sequence: 12558 - clear  0.000000000, sequence: 0
source 0 - assert 1763373811.000010395, sequence: 12559 - clear  0.000000000, sequence: 0
source 0 - assert 1763373812.000008536, sequence: 12560 - clear  0.000000000, sequence: 0
source 0 - assert 1763373813.000005641, sequence: 12561 - clear  0.000000000, sequence: 0
source 0 - assert 1763373814.000008648, sequence: 12562 - clear  0.000000000, sequence: 0
source 0 - assert 1763373815.000008663, sequence: 12563 - clear  0.000000000, sequence: 0
source 0 - assert 1763373816.000009600, sequence: 12564 - clear  0.000000000, sequence: 0
source 0 - assert 1763373817.000005693, sequence: 12565 - clear  0.000000000, sequence: 0
source 0 - assert 1763373818.000004560, sequence: 12566 - clear  0.000000000, sequence: 0
source 0 - assert 1763373819.000006316, sequence: 12567 - clear  0.000000000, sequence: 0
source 0 - assert 1763373820.000011606, sequence: 12568 - clear  0.000000000, sequence: 0
source 0 - assert 1763373821.000011417, sequence: 12569 - clear  0.000000000, sequence: 0
source 0 - assert 1763373822.000005602, sequence: 12570 - clear  0.000000000, sequence: 0
source 0 - assert 1763373823.000009406, sequence: 12571 - clear  0.000000000, sequence: 0
source 0 - assert 1763373824.000007830, sequence: 12572 - clear  0.000000000, sequence: 0
source 0 - assert 1763373825.000007108, sequence: 12573 - clear  0.000000000, sequence: 0
source 0 - assert 1763373826.000005985, sequence: 12574 - clear  0.000000000, sequence: 0
source 0 - assert 1763373827.000007343, sequence: 12575 - clear  0.000000000, sequence: 0
source 0 - assert 1763373828.000007324, sequence: 12576 - clear  0.000000000, sequence: 0
source 0 - assert 1763373829.000009503, sequence: 12577 - clear  0.000000000, sequence: 0
source 0 - assert 1763373830.000009450, sequence: 12578 - clear  0.000000000, sequence: 0
source 0 - assert 1763373831.000008847, sequence: 12579 - clear  0.000000000, sequence: 0
source 0 - assert 1763373832.000006854, sequence: 12580 - clear  0.000000000, sequence: 0
source 0 - assert 1763373833.000007364, sequence: 12581 - clear  0.000000000, sequence: 0
source 0 - assert 1763373834.000003785, sequence: 12582 - clear  0.000000000, sequence: 0
source 0 - assert 1763373835.000006428, sequence: 12583 - clear  0.000000000, sequence: 0
source 0 - assert 1763373836.000007298, sequence: 12584 - clear  0.000000000, sequence: 0
source 0 - assert 1763373837.000009294, sequence: 12585 - clear  0.000000000, sequence: 0
source 0 - assert 1763373838.000010126, sequence: 12586 - clear  0.000000000, sequence: 0
source 0 - assert 1763373839.000006274, sequence: 12587 - clear  0.000000000, sequence: 0
source 0 - assert 1763373840.000007269, sequence: 12588 - clear  0.000000000, sequence: 0
source 0 - assert 1763373841.000008685, sequence: 12589 - clear  0.000000000, sequence: 0
source 0 - assert 1763373842.000009651, sequence: 12590 - clear  0.000000000, sequence: 0
source 0 - assert 1763373843.000008122, sequence: 12591 - clear  0.000000000, sequence: 0
source 0 - assert 1763373844.000007187, sequence: 12592 - clear  0.000000000, sequence: 0
source 0 - assert 1763373845.000002128, sequence: 12593 - clear  0.000000000, sequence: 0
source 0 - assert 1763373846.000010834, sequence: 12594 - clear  0.000000000, sequence: 0
source 0 - assert 1763373847.000004205, sequence: 12595 - clear  0.000000000, sequence: 0
source 0 - assert 1763373848.000010180, sequence: 12596 - clear  0.000000000, sequence: 0
source 0 - assert 1763373849.000004919, sequence: 12597 - clear  0.000000000, sequence: 0
source 0 - assert 1763373850.000006408, sequence: 12598 - clear  0.000000000, sequence: 0
source 0 - assert 1763373851.000009023, sequence: 12599 - clear  0.000000000, sequence: 0
source 0 - assert 1763373852.000008901, sequence: 12600 - clear  0.000000000, sequence: 0
source 0 - assert 1763373853.000011960, sequence: 12601 - clear  0.000000000, sequence: 0
source 0 - assert 1763373854.000010864, sequence: 12602 - clear  0.000000000, sequence: 0
source 0 - assert 1763373855.000005216, sequence: 12603 - clear  0.000000000, sequence: 0
source 0 - assert 1763373856.000007904, sequence: 12604 - clear  0.000000000, sequence: 0
source 0 - assert 1763373857.000003281, sequence: 12605 - clear  0.000000000, sequence: 0
source 0 - assert 1763373858.000006581, sequence: 12606 - clear  0.000000000, sequence: 0
source 0 - assert 1763373859.000008068, sequence: 12607 - clear  0.000000000, sequence: 0
source 0 - assert 1763373860.000006410, sequence: 12608 - clear  0.000000000, sequence: 0
source 0 - assert 1763373861.000006164, sequence: 12609 - clear  0.000000000, sequence: 0
source 0 - assert 1763373862.000009544, sequence: 12610 - clear  0.000000000, sequence: 0
source 0 - assert 1763373863.000007044, sequence: 12611 - clear  0.000000000, sequence: 0
source 0 - assert 1763373864.000009666, sequence: 12612 - clear  0.000000000, sequence: 0
source 0 - assert 1763373865.000007208, sequence: 12613 - clear  0.000000000, sequence: 0
source 0 - assert 1763373866.000005639, sequence: 12614 - clear  0.000000000, sequence: 0
source 0 - assert 1763373867.000006640, sequence: 12615 - clear  0.000000000, sequence: 0
source 0 - assert 1763373868.000010110, sequence: 12616 - clear  0.000000000, sequence: 0
source 0 - assert 1763373869.000004112, sequence: 12617 - clear  0.000000000, sequence: 0
source 0 - assert 1763373870.000008365, sequence: 12618 - clear  0.000000000, sequence: 0
source 0 - assert 1763373871.000008694, sequence: 12619 - clear  0.000000000, sequence: 0
source 0 - assert 1763373872.000004084, sequence: 12620 - clear  0.000000000, sequence: 0
source 0 - assert 1763373873.000007370, sequence: 12621 - clear  0.000000000, sequence: 0
source 0 - assert 1763373874.000004039, sequence: 12622 - clear  0.000000000, sequence: 0
source 0 - assert 1763373875.000008496, sequence: 12623 - clear  0.000000000, sequence: 0
source 0 - assert 1763373876.000006626, sequence: 12624 - clear  0.000000000, sequence: 0
source 0 - assert 1763373877.000008489, sequence: 12625 - clear  0.000000000, sequence: 0
source 0 - assert 1763373878.000007464, sequence: 12626 - clear  0.000000000, sequence: 0
source 0 - assert 1763373879.000008462, sequence: 12627 - clear  0.000000000, sequence: 0
source 0 - assert 1763373880.000003295, sequence: 12628 - clear  0.000000000, sequence: 0
source 0 - assert 1763373881.000008832, sequence: 12629 - clear  0.000000000, sequence: 0
source 0 - assert 1763373882.000003647, sequence: 12630 - clear  0.000000000, sequence: 0
source 0 - assert 1763373883.000007368, sequence: 12631 - clear  0.000000000, sequence: 0
source 0 - assert 1763373884.000007777, sequence: 12632 - clear  0.000000000, sequence: 0
source 0 - assert 1763373885.000006520, sequence: 12633 - clear  0.000000000, sequence: 0
source 0 - assert 1763373886.000010999, sequence: 12634 - clear  0.000000000, sequence: 0
source 0 - assert 1763373887.000008616, sequence: 12635 - clear  0.000000000, sequence: 0
source 0 - assert 1763373888.000008018, sequence: 12636 - clear  0.000000000, sequence: 0
source 0 - assert 1763373889.000007527, sequence: 12637 - clear  0.000000000, sequence: 0
source 0 - assert 1763373890.000009358, sequence: 12638 - clear  0.000000000, sequence: 0
source 0 - assert 1763373891.000001529, sequence: 12639 - clear  0.000000000, sequence: 0
source 0 - assert 1763373892.000009943, sequence: 12640 - clear  0.000000000, sequence: 0
source 0 - assert 1763373893.000008094, sequence: 12641 - clear  0.000000000, sequence: 0
source 0 - assert 1763373894.000006682, sequence: 12642 - clear  0.000000000, sequence: 0
source 0 - assert 1763373895.000007016, sequence: 12643 - clear  0.000000000, sequence: 0
source 0 - assert 1763373896.000004075, sequence: 12644 - clear  0.000000000, sequence: 0
source 0 - assert 1763373897.000010996, sequence: 12645 - clear  0.000000000, sequence: 0
source 0 - assert 1763373898.000009910, sequence: 12646 - clear  0.000000000, sequence: 0
source 0 - assert 1763373899.000008748, sequence: 12647 - clear  0.000000000, sequence: 0
source 0 - assert 1763373900.000007802, sequence: 12648 - clear  0.000000000, sequence: 0
source 0 - assert 1763373901.000003704, sequence: 12649 - clear  0.000000000, sequence: 0
source 0 - assert 1763373902.000011363, sequence: 12650 - clear  0.000000000, sequence: 0
source 0 - assert 1763373903.000009913, sequence: 12651 - clear  0.000000000, sequence: 0
source 0 - assert 1763373904.000007202, sequence: 12652 - clear  0.000000000, sequence: 0
source 0 - assert 1763373905.000007121, sequence: 12653 - clear  0.000000000, sequence: 0
source 0 - assert 1763373906.000006048, sequence: 12654 - clear  0.000000000, sequence: 0
source 0 - assert 1763373907.000009214, sequence: 12655 - clear  0.000000000, sequence: 0
source 0 - assert 1763373908.000011922, sequence: 12656 - clear  0.000000000, sequence: 0
source 0 - assert 1763373909.000007967, sequence: 12657 - clear  0.000000000, sequence: 0
source 0 - assert 1763373910.000008248, sequence: 12658 - clear  0.000000000, sequence: 0
source 0 - assert 1763373911.000007782, sequence: 12659 - clear  0.000000000, sequence: 0
source 0 - assert 1763373912.000006150, sequence: 12660 - clear  0.000000000, sequence: 0
source 0 - assert 1763373913.000007185, sequence: 12661 - clear  0.000000000, sequence: 0
source 0 - assert 1763373914.000008166, sequence: 12662 - clear  0.000000000, sequence: 0
source 0 - assert 1763373915.000004823, sequence: 12663 - clear  0.000000000, sequence: 0
source 0 - assert 1763373916.000008344, sequence: 12664 - clear  0.000000000, sequence: 0
source 0 - assert 1763373917.000008973, sequence: 12665 - clear  0.000000000, sequence: 0
source 0 - assert 1763373918.000004554, sequence: 12666 - clear  0.000000000, sequence: 0
source 0 - assert 1763373919.000008997, sequence: 12667 - clear  0.000000000, sequence: 0
source 0 - assert 1763373920.000005858, sequence: 12668 - clear  0.000000000, sequence: 0
source 0 - assert 1763373921.000008825, sequence: 12669 - clear  0.000000000, sequence: 0
source 0 - assert 1763373922.000003980, sequence: 12670 - clear  0.000000000, sequence: 0
source 0 - assert 1763373923.000008118, sequence: 12671 - clear  0.000000000, sequence: 0
source 0 - assert 1763373924.000007863, sequence: 12672 - clear  0.000000000, sequence: 0
source 0 - assert 1763373925.000008401, sequence: 12673 - clear  0.000000000, sequence: 0
source 0 - assert 1763373926.000008051, sequence: 12674 - clear  0.000000000, sequence: 0
source 0 - assert 1763373927.000009184, sequence: 12675 - clear  0.000000000, sequence: 0
source 0 - assert 1763373928.000007459, sequence: 12676 - clear  0.000000000, sequence: 0
source 0 - assert 1763373929.000010860, sequence: 12677 - clear  0.000000000, sequence: 0
source 0 - assert 1763373930.000008711, sequence: 12678 - clear  0.000000000, sequence: 0
source 0 - assert 1763373931.000007710, sequence: 12679 - clear  0.000000000, sequence: 0
source 0 - assert 1763373932.000005882, sequence: 12680 - clear  0.000000000, sequence: 0
source 0 - assert 1763373933.000008573, sequence: 12681 - clear  0.000000000, sequence: 0
source 0 - assert 1763373934.000006578, sequence: 12682 - clear  0.000000000, sequence: 0
source 0 - assert 1763373935.000005691, sequence: 12683 - clear  0.000000000, sequence: 0
source 0 - assert 1763373936.000011318, sequence: 12684 - clear  0.000000000, sequence: 0
source 0 - assert 1763373937.000007665, sequence: 12685 - clear  0.000000000, sequence: 0
source 0 - assert 1763373938.000004198, sequence: 12686 - clear  0.000000000, sequence: 0
source 0 - assert 1763373939.000008647, sequence: 12687 - clear  0.000000000, sequence: 0
source 0 - assert 1763373940.000007738, sequence: 12688 - clear  0.000000000, sequence: 0
source 0 - assert 1763373941.000012793, sequence: 12689 - clear  0.000000000, sequence: 0
source 0 - assert 1763373942.000008284, sequence: 12690 - clear  0.000000000, sequence: 0
source 0 - assert 1763373943.000006864, sequence: 12691 - clear  0.000000000, sequence: 0
source 0 - assert 1763373944.000007001, sequence: 12692 - clear  0.000000000, sequence: 0
source 0 - assert 1763373945.000009969, sequence: 12693 - clear  0.000000000, sequence: 0
source 0 - assert 1763373946.000011326, sequence: 12694 - clear  0.000000000, sequence: 0
source 0 - assert 1763373947.000007029, sequence: 12695 - clear  0.000000000, sequence: 0
source 0 - assert 1763373948.000008992, sequence: 12696 - clear  0.000000000, sequence: 0
source 0 - assert 1763373949.000003987, sequence: 12697 - clear  0.000000000, sequence: 0
source 0 - assert 1763373950.000010240, sequence: 12698 - clear  0.000000000, sequence: 0
source 0 - assert 1763373951.000009346, sequence: 12699 - clear  0.000000000, sequence: 0
source 0 - assert 1763373952.000002172, sequence: 12700 - clear  0.000000000, sequence: 0
source 0 - assert 1763373953.000011286, sequence: 12701 - clear  0.000000000, sequence: 0
source 0 - assert 1763373954.000008982, sequence: 12702 - clear  0.000000000, sequence: 0
source 0 - assert 1763373955.000006316, sequence: 12703 - clear  0.000000000, sequence: 0
source 0 - assert 1763373956.000007581, sequence: 12704 - clear  0.000000000, sequence: 0
source 0 - assert 1763373957.000007039, sequence: 12705 - clear  0.000000000, sequence: 0
source 0 - assert 1763373958.000008909, sequence: 12706 - clear  0.000000000, sequence: 0
source 0 - assert 1763373959.000010813, sequence: 12707 - clear  0.000000000, sequence: 0
source 0 - assert 1763373960.000008104, sequence: 12708 - clear  0.000000000, sequence: 0
source 0 - assert 1763373961.000007090, sequence: 12709 - clear  0.000000000, sequence: 0
source 0 - assert 1763373962.000008308, sequence: 12710 - clear  0.000000000, sequence: 0
source 0 - assert 1763373963.000003153, sequence: 12711 - clear  0.000000000, sequence: 0
source 0 - assert 1763373964.000007776, sequence: 12712 - clear  0.000000000, sequence: 0
source 0 - assert 1763373965.000004827, sequence: 12713 - clear  0.000000000, sequence: 0
source 0 - assert 1763373966.000006946, sequence: 12714 - clear  0.000000000, sequence: 0
source 0 - assert 1763373967.000005269, sequence: 12715 - clear  0.000000000, sequence: 0
source 0 - assert 1763373968.000004418, sequence: 12716 - clear  0.000000000, sequence: 0
source 0 - assert 1763373969.000007648, sequence: 12717 - clear  0.000000000, sequence: 0
source 0 - assert 1763373970.000010328, sequence: 12718 - clear  0.000000000, sequence: 0
source 0 - assert 1763373971.000011913, sequence: 12719 - clear  0.000000000, sequence: 0
Terminated
