trying PPS source "/dev/pps0"
found PPS source "/dev/pps0"
ok, found 1 source(s), now start fetching data...
source 0 - assert 1763381168.000008745, sequence: 19916 - clear  0.000000000, sequence: 0
source 0 - assert 1763381169.000006153, sequence: 19917 - clear  0.000000000, sequence: 0
source 0 - assert 1763381170.000004539, sequence: 19918 - clear  0.000000000, sequence: 0
source 0 - assert 1763381171.000007508, sequence: 19919 - clear  0.000000000, sequence: 0
source 0 - assert 1763381172.000006485, sequence: 19920 - clear  0.000000000, sequence: 0
source 0 - assert 1763381173.000007563, sequence: 19921 - clear  0.000000000, sequence: 0
source 0 - assert 1763381174.000004245, sequence: 19922 - clear  0.000000000, sequence: 0
source 0 - assert 1763381175.000004692, sequence: 19923 - clear  0.000000000, sequence: 0
source 0 - assert 1763381176.000005810, sequence: 19924 - clear  0.000000000, sequence: 0
source 0 - assert 1763381177.000008336, sequence: 19925 - clear  0.000000000, sequence: 0
source 0 - assert 1763381178.000002998, sequence: 19926 - clear  0.000000000, sequence: 0
source 0 - assert 1763381179.000009016, sequence: 19927 - clear  0.000000000, sequence: 0
source 0 - assert 1763381180.000008948, sequence: 19928 - clear  0.000000000, sequence: 0
source 0 - assert 1763381181.000004547, sequence: 19929 - clear  0.000000000, sequence: 0
source 0 - assert 1763381182.000006787, sequence: 19930 - clear  0.000000000, sequence: 0
source 0 - assert 1763381183.000005200, sequence: 19931 - clear  0.000000000, sequence: 0
source 0 - assert 1763381184.000007647, sequence: 19932 - clear  0.000000000, sequence: 0
source 0 - assert 1763381185.000011837, sequence: 19933 - clear  0.000000000, sequence: 0
source 0 - assert 1763381186.000006577, sequence: 19934 - clear  0.000000000, sequence: 0
source 0 - assert 1763381187.000009117, sequence: 19935 - clear  0.000000000, sequence: 0
source 0 - assert 1763381188.000005341, sequence: 19936 - clear  0.000000000, sequence: 0
source 0 - assert 1763381189.000010535, sequence: 19937 - clear  0.000000000, sequence: 0
source 0 - assert 1763381190.000009578, sequence: 19938 - clear  0.000000000, sequence: 0
source 0 - assert 1763381191.000006177, sequence: 19939 - clear  0.000000000, sequence: 0
source 0 - assert 1763381192.000004434, sequence: 19940 - clear  0.000000000, sequence: 0
source 0 - assert 1763381193.000004244, sequence: 19941 - clear  0.000000000, sequence: 0
source 0 - assert 1763381194.000011823, sequence: 19942 - clear  0.000000000, sequence: 0
source 0 - assert 1763381195.000008152, sequence: 19943 - clear  0.000000000, sequence: 0
source 0 - assert 1763381196.000005764, sequence: 19944 - clear  0.000000000, sequence: 0
source 0 - assert 1763381197.000009584, sequence: 19945 - clear  0.000000000, sequence: 0
source 0 - assert 1763381198.000004640, sequence: 19946 - clear  0.000000000, sequence: 0
source 0 - assert 1763381199.000005801, sequence: 19947 - clear  0.000000000, sequence: 0
source 0 - assert 1763381200.000007608, sequence: 19948 - clear  0.000000000, sequence: 0
source 0 - assert 1763381201.000006819, sequence: 19949 - clear  0.000000000, sequence: 0
source 0 - assert 1763381202.000008935, sequence: 19950 - clear  0.000000000, sequence: 0
source 0 - assert 1763381203.000006004, sequence: 19951 - clear  0.000000000, sequence: 0
source 0 - assert 1763381204.000009544, sequence: 19952 - clear  0.000000000, sequence: 0
source 0 - assert 1763381205.000004275, sequence: 19953 - clear  0.000000000, sequence: 0
source 0 - assert 1763381206.000008647, sequence: 19954 - clear  0.000000000, sequence: 0
source 0 - assert 1763381207.000006032, sequence: 19955 - clear  0.000000000, sequence: 0
source 0 - assert 1763381208.000004561, sequence: 19956 - clear  0.000000000, sequence: 0
source 0 - assert 1763381209.000007020, sequence: 19957 - clear  0.000000000, sequence: 0
source 0 - assert 1763381210.000011719, sequence: 19958 - clear  0.000000000, sequence: 0
source 0 - assert 1763381211.000007878, sequence: 19959 - clear  0.000000000, sequence: 0
source 0 - assert 1763381212.000005864, sequence: 19960 - clear  0.000000000, sequence: 0
source 0 - assert 1763381213.000008563, sequence: 19961 - clear  0.000000000, sequence: 0
source 0 - assert 1763381214.000009646, sequence: 19962 - clear  0.000000000, sequence: 0
source 0 - assert 1763381215.000006288, sequence: 19963 - clear  0.000000000, sequence: 0
source 0 - assert 1763381216.000006910, sequence: 19964 - clear  0.000000000, sequence: 0
source 0 - assert 1763381217.000006169, sequence: 19965 - clear  0.000000000, sequence: 0
source 0 - assert 1763381218.000004083, sequence: 19966 - clear  0.000000000, sequence: 0
source 0 - assert 1763381219.000008332, sequence: 19967 - clear  0.000000000, sequence: 0
source 0 - assert 1763381220.000010133, sequence: 19968 - clear  0.000000000, sequence: 0
source 0 - assert 1763381221.000007762, sequence: 19969 - clear  0.000000000, sequence: 0
source 0 - assert 1763381222.000009917, sequence: 19970 - clear  0.000000000, sequence: 0
source 0 - assert 1763381223.000005388, sequence: 19971 - clear  0.000000000, sequence: 0
source 0 - assert 1763381224.000006562, sequence: 19972 - clear  0.000000000, sequence: 0
source 0 - assert 1763381225.000006566, sequence: 19973 - clear  0.000000000, sequence: 0
source 0 - assert 1763381226.000006455, sequence: 19974 - clear  0.000000000, sequence: 0
source 0 - assert 1763381227.000006068, sequence: 19975 - clear  0.000000000, sequence: 0
source 0 - assert 1763381228.000004535, sequence: 19976 - clear  0.000000000, sequence: 0
source 0 - assert 1763381229.000009091, sequence: 19977 - clear  0.000000000, sequence: 0
source 0 - assert 1763381230.000003062, sequence: 19978 - clear  0.000000000, sequence: 0
source 0 - assert 1763381231.000007620, sequence: 19979 - clear  0.000000000, sequence: 0
source 0 - assert 1763381232.000009499, sequence: 19980 - clear  0.000000000, sequence: 0
source 0 - assert 1763381233.000006137, sequence: 19981 - clear  0.000000000, sequence: 0
source 0 - assert 1763381234.000008480, sequence: 19982 - clear  0.000000000, sequence: 0
source 0 - assert 1763381235.000003818, sequence: 19983 - clear  0.000000000, sequence: 0
source 0 - assert 1763381236.000004168, sequence: 19984 - clear  0.000000000, sequence: 0
source 0 - assert 1763381237.000006618, sequence: 19985 - clear  0.000000000, sequence: 0
source 0 - assert 1763381238.000006654, sequence: 19986 - clear  0.000000000, sequence: 0
source 0 - assert 1763381239.000009067, sequence: 19987 - clear  0.000000000, sequence: 0
source 0 - assert 1763381240.000004188, sequence: 19988 - clear  0.000000000, sequence: 0
source 0 - assert 1763381241.000009192, sequence: 19989 - clear  0.000000000, sequence: 0
source 0 - assert 1763381242.000002783, sequence: 19990 - clear  0.000000000, sequence: 0
source 0 - assert 1763381243.000007086, sequence: 19991 - clear  0.000000000, sequence: 0
source 0 - assert 1763381244.000005306, sequence: 19992 - clear  0.000000000, sequence: 0
source 0 - assert 1763381245.000008587, sequence: 19993 - clear  0.000000000, sequence: 0
source 0 - assert 1763381246.000004642, sequence: 19994 - clear  0.000000000, sequence: 0
source 0 - assert 1763381247.000007677, sequence: 19995 - clear  0.000000000, sequence: 0
source 0 - assert 1763381248.000007557, sequence: 19996 - clear  0.000000000, sequence: 0
source 0 - assert 1763381249.000006516, sequence: 19997 - clear  0.000000000, sequence: 0
source 0 - assert 1763381250.000012648, sequence: 19998 - clear  0.000000000, sequence: 0
source 0 - assert 1763381251.000005497, sequence: 19999 - clear  0.000000000, sequence: 0
source 0 - assert 1763381252.000006029, sequence: 20000 - clear  0.000000000, sequence: 0
source 0 - assert 1763381253.000005760, sequence: 20001 - clear  0.000000000, sequence: 0
source 0 - assert 1763381254.000002467, sequence: 20002 - clear  0.000000000, sequence: 0
source 0 - assert 1763381255.000005806, sequence: 20003 - clear  0.000000000, sequence: 0
source 0 - assert 1763381256.000008380, sequence: 20004 - clear  0.000000000, sequence: 0
source 0 - assert 1763381257.000006084, sequence: 20005 - clear  0.000000000, sequence: 0
source 0 - assert 1763381258.000008859, sequence: 20006 - clear  0.000000000, sequence: 0
source 0 - assert 1763381259.000004173, sequence: 20007 - clear  0.000000000, sequence: 0
source 0 - assert 1763381260.000006762, sequence: 20008 - clear  0.000000000, sequence: 0
source 0 - assert 1763381261.000005998, sequence: 20009 - clear  0.000000000, sequence: 0
source 0 - assert 1763381262.000008424, sequence: 20010 - clear  0.000000000, sequence: 0
source 0 - assert 1763381263.000002283, sequence: 20011 - clear  0.000000000, sequence: 0
source 0 - assert 1763381264.000006690, sequence: 20012 - clear  0.000000000, sequence: 0
source 0 - assert 1763381265.000007659, sequence: 20013 - clear  0.000000000, sequence: 0
source 0 - assert 1763381266.000001780, sequence: 20014 - clear  0.000000000, sequence: 0
source 0 - assert 1763381267.000009849, sequence: 20015 - clear  0.000000000, sequence: 0
source 0 - assert 1763381268.000007142, sequence: 20016 - clear  0.000000000, sequence: 0
source 0 - assert 1763381269.000007830, sequence: 20017 - clear  0.000000000, sequence: 0
source 0 - assert 1763381270.000010486, sequence: 20018 - clear  0.000000000, sequence: 0
source 0 - assert 1763381271.000010273, sequence: 20019 - clear  0.000000000, sequence: 0
source 0 - assert 1763381272.000004853, sequence: 20020 - clear  0.000000000, sequence: 0
source 0 - assert 1763381273.000004101, sequence: 20021 - clear  0.000000000, sequence: 0
source 0 - assert 1763381274.000003917, sequence: 20022 - clear  0.000000000, sequence: 0
source 0 - assert 1763381275.000003214, sequence: 20023 - clear  0.000000000, sequence: 0
source 0 - assert 1763381276.000007119, sequence: 20024 - clear  0.000000000, sequence: 0
source 0 - assert 1763381277.000009124, sequence: 20025 - clear  0.000000000, sequence: 0
source 0 - assert 1763381278.000006864, sequence: 20026 - clear  0.000000000, sequence: 0
source 0 - assert 1763381279.000014236, sequence: 20027 - clear  0.000000000, sequence: 0
source 0 - assert 1763381280.000009365, sequence: 20028 - clear  0.000000000, sequence: 0
source 0 - assert 1763381281.000002496, sequence: 20029 - clear  0.000000000, sequence: 0
source 0 - assert 1763381282.000011617, sequence: 20030 - clear  0.000000000, sequence: 0
source 0 - assert 1763381283.000007150, sequence: 20031 - clear  0.000000000, sequence: 0
source 0 - assert 1763381284.000008074, sequence: 20032 - clear  0.000000000, sequence: 0
source 0 - assert 1763381285.000005784, sequence: 20033 - clear  0.000000000, sequence: 0
source 0 - assert 1763381286.000007416, sequence: 20034 - clear  0.000000000, sequence: 0
source 0 - assert 1763381287.000002992, sequence: 20035 - clear  0.000000000, sequence: 0
source 0 - assert 1763381288.000006971, sequence: 20036 - clear  0.000000000, sequence: 0
source 0 - assert 1763381289.000007697, sequence: 20037 - clear  0.000000000, sequence: 0
source 0 - assert 1763381290.000006867, sequence: 20038 - clear  0.000000000, sequence: 0
source 0 - assert 1763381291.000003856, sequence: 20039 - clear  0.000000000, sequence: 0
source 0 - assert 1763381292.000009263, sequence: 20040 - clear  0.000000000, sequence: 0
source 0 - assert 1763381293.000008305, sequence: 20041 - clear  0.000000000, sequence: 0
source 0 - assert 1763381294.000007413, sequence: 20042 - clear  0.000000000, sequence: 0
source 0 - assert 1763381295.000004792, sequence: 20043 - clear  0.000000000, sequence: 0
source 0 - assert 1763381296.000006450, sequence: 20044 - clear  0.000000000, sequence: 0
source 0 - assert 1763381297.000006793, sequence: 20045 - clear  0.000000000, sequence: 0
source 0 - assert 1763381298.000009016, sequence: 20046 - clear  0.000000000, sequence: 0
source 0 - assert 1763381299.000007271, sequence: 20047 - clear  0.000000000, sequence: 0
source 0 - assert 1763381300.000006494, sequence: 20048 - clear  0.000000000, sequence: 0
source 0 - assert 1763381301.000007283, sequence: 20049 - clear  0.000000000, sequence: 0
source 0 - assert 1763381302.000007053, sequence: 20050 - clear  0.000000000, sequence: 0
source 0 - assert 1763381303.000006170, sequence: 20051 - clear  0.000000000, sequence: 0
source 0 - assert 1763381304.000005916, sequence: 20052 - clear  0.000000000, sequence: 0
source 0 - assert 1763381305.000008803, sequence: 20053 - clear  0.000000000, sequence: 0
source 0 - assert 1763381306.000008579, sequence: 20054 - clear  0.000000000, sequence: 0
source 0 - assert 1763381307.000006907, sequence: 20055 - clear  0.000000000, sequence: 0
source 0 - assert 1763381308.000003776, sequence: 20056 - clear  0.000000000, sequence: 0
source 0 - assert 1763381309.000005894, sequence: 20057 - clear  0.000000000, sequence: 0
source 0 - assert 1763381310.000009860, sequence: 20058 - clear  0.000000000, sequence: 0
source 0 - assert 1763381311.000009294, sequence: 20059 - clear  0.000000000, sequence: 0
source 0 - assert 1763381312.000006260, sequence: 20060 - clear  0.000000000, sequence: 0
source 0 - assert 1763381313.000005078, sequence: 20061 - clear  0.000000000, sequence: 0
source 0 - assert 1763381314.000005233, sequence: 20062 - clear  0.000000000, sequence: 0
source 0 - assert 1763381315.000004340, sequence: 20063 - clear  0.000000000, sequence: 0
source 0 - assert 1763381316.000009318, sequence: 20064 - clear  0.000000000, sequence: 0
source 0 - assert 1763381317.000007835, sequence: 20065 - clear  0.000000000, sequence: 0
source 0 - assert 1763381318.000009095, sequence: 20066 - clear  0.000000000, sequence: 0
source 0 - assert 1763381319.000003629, sequence: 20067 - clear  0.000000000, sequence: 0
source 0 - assert 1763381320.000010310, sequence: 20068 - clear  0.000000000, sequence: 0
source 0 - assert 1763381321.000008951, sequence: 20069 - clear  0.000000000, sequence: 0
source 0 - assert 1763381322.000007243, sequence: 20070 - clear  0.000000000, sequence: 0
source 0 - assert 1763381323.000006291, sequence: 20071 - clear  0.000000000, sequence: 0
source 0 - assert 1763381324.000011253, sequence: 20072 - clear  0.000000000, sequence: 0
source 0 - assert 1763381325.000005081, sequence: 20073 - clear  0.000000000, sequence: 0
source 0 - assert 1763381326.000007121, sequence: 20074 - clear  0.000000000, sequence: 0
source 0 - assert 1763381327.000006824, sequence: 20075 - clear  0.000000000, sequence: 0
source 0 - assert 1763381328.000006107, sequence: 20076 - clear  0.000000000, sequence: 0
source 0 - assert 1763381329.000005436, sequence: 20077 - clear  0.000000000, sequence: 0
source 0 - assert 1763381330.000004665, sequence: 20078 - clear  0.000000000, sequence: 0
source 0 - assert 1763381331.000006503, sequence: 20079 - clear  0.000000000, sequence: 0
source 0 - assert 1763381332.000005752, sequence: 20080 - clear  0.000000000, sequence: 0
source 0 - assert 1763381333.000007247, sequence: 20081 - clear  0.000000000, sequence: 0
source 0 - assert 1763381334.000006964, sequence: 20082 - clear  0.000000000, sequence: 0
source 0 - assert 1763381335.000006115, sequence: 20083 - clear  0.000000000, sequence: 0
source 0 - assert 1763381336.000007947, sequence: 20084 - clear  0.000000000, sequence: 0
source 0 - assert 1763381337.000009572, sequence: 20085 - clear  0.000000000, sequence: 0
source 0 - assert 1763381338.000010040, sequence: 20086 - clear  0.000000000, sequence: 0
source 0 - assert 1763381339.000008342, sequence: 20087 - clear  0.000000000, sequence: 0
source 0 - assert 1763381340.000010799, sequence: 20088 - clear  0.000000000, sequence: 0
source 0 - assert 1763381341.000007316, sequence: 20089 - clear  0.000000000, sequence: 0
source 0 - assert 1763381342.000007421, sequence: 20090 - clear  0.000000000, sequence: 0
source 0 - assert 1763381343.000006984, sequence: 20091 - clear  0.000000000, sequence: 0
source 0 - assert 1763381344.000006614, sequence: 20092 - clear  0.000000000, sequence: 0
source 0 - assert 1763381345.000005113, sequence: 20093 - clear  0.000000000, sequence: 0
source 0 - assert 1763381346.000004081, sequence: 20094 - clear  0.000000000, sequence: 0
source 0 - assert 1763381347.000006753, sequence: 20095 - clear  0.000000000, sequence: 0
source 0 - assert 1763381348.000002918, sequence: 20096 - clear  0.000000000, sequence: 0
source 0 - assert 1763381349.000008087, sequence: 20097 - clear  0.000000000, sequence: 0
source 0 - assert 1763381350.000006986, sequence: 20098 - clear  0.000000000, sequence: 0
source 0 - assert 1763381351.000005269, sequence: 20099 - clear  0.000000000, sequence: 0
source 0 - assert 1763381352.000004601, sequence: 20100 - clear  0.000000000, sequence: 0
source 0 - assert 1763381353.000006814, sequence: 20101 - clear  0.000000000, sequence: 0
source 0 - assert 1763381354.000004689, sequence: 20102 - clear  0.000000000, sequence: 0
source 0 - assert 1763381355.000009495, sequence: 20103 - clear  0.000000000, sequence: 0
source 0 - assert 1763381356.000005123, sequence: 20104 - clear  0.000000000, sequence: 0
source 0 - assert 1763381357.000007626, sequence: 20105 - clear  0.000000000, sequence: 0
source 0 - assert 1763381358.000003378, sequence: 20106 - clear  0.000000000, sequence: 0
source 0 - assert 1763381359.000005416, sequence: 20107 - clear  0.000000000, sequence: 0
source 0 - assert 1763381360.000007583, sequence: 20108 - clear  0.000000000, sequence: 0
source 0 - assert 1763381361.000007214, sequence: 20109 - clear  0.000000000, sequence: 0
source 0 - assert 1763381362.000004782, sequence: 20110 - clear  0.000000000, sequence: 0
source 0 - assert 1763381363.000006352, sequence: 20111 - clear  0.000000000, sequence: 0
source 0 - assert 1763381364.000008246, sequence: 20112 - clear  0.000000000, sequence: 0
source 0 - assert 1763381365.000004090, sequence: 20113 - clear  0.000000000, sequence: 0
source 0 - assert 1763381366.000007358, sequence: 20114 - clear  0.000000000, sequence: 0
source 0 - assert 1763381367.000006452, sequence: 20115 - clear  0.000000000, sequence: 0
source 0 - assert 1763381368.000007383, sequence: 20116 - clear  0.000000000, sequence: 0
source 0 - assert 1763381369.000004098, sequence: 20117 - clear  0.000000000, sequence: 0
source 0 - assert 1763381370.000008630, sequence: 20118 - clear  0.000000000, sequence: 0
source 0 - assert 1763381371.000008461, sequence: 20119 - clear  0.000000000, sequence: 0
source 0 - assert 1763381372.000008541, sequence: 20120 - clear  0.000000000, sequence: 0
source 0 - assert 1763381373.000002705, sequence: 20121 - clear  0.000000000, sequence: 0
source 0 - assert 1763381374.000007364, sequence: 20122 - clear  0.000000000, sequence: 0
source 0 - assert 1763381375.000005504, sequence: 20123 - clear  0.000000000, sequence: 0
source 0 - assert 1763381376.000004458, sequence: 20124 - clear  0.000000000, sequence: 0
source 0 - assert 1763381377.000006862, sequence: 20125 - clear  0.000000000, sequence: 0
source 0 - assert 1763381378.000004892, sequence: 20126 - clear  0.000000000, sequence: 0
source 0 - assert 1763381379.000009569, sequence: 20127 - clear  0.000000000, sequence: 0
source 0 - assert 1763381380.000006526, sequence: 20128 - clear  0.000000000, sequence: 0
source 0 - assert 1763381381.000005699, sequence: 20129 - clear  0.000000000, sequence: 0
source 0 - assert 1763381382.000006081, sequence: 20130 - clear  0.000000000, sequence: 0
source 0 - assert 1763381383.000005573, sequence: 20131 - clear  0.000000000, sequence: 0
source 0 - assert 1763381384.000004371, sequence: 20132 - clear  0.000000000, sequence: 0
source 0 - assert 1763381385.000007366, sequence: 20133 - clear  0.000000000, sequence: 0
source 0 - assert 1763381386.000009354, sequence: 20134 - clear  0.000000000, sequence: 0
source 0 - assert 1763381387.000004360, sequence: 20135 - clear  0.000000000, sequence: 0
source 0 - assert 1763381388.000006813, sequence: 20136 - clear  0.000000000, sequence: 0
source 0 - assert 1763381389.000008158, sequence: 20137 - clear  0.000000000, sequence: 0
source 0 - assert 1763381390.000008226, sequence: 20138 - clear  0.000000000, sequence: 0
source 0 - assert 1763381391.000006853, sequence: 20139 - clear  0.000000000, sequence: 0
source 0 - assert 1763381392.000005195, sequence: 20140 - clear  0.000000000, sequence: 0
source 0 - assert 1763381393.000009268, sequence: 20141 - clear  0.000000000, sequence: 0
source 0 - assert 1763381394.000007787, sequence: 20142 - clear  0.000000000, sequence: 0
source 0 - assert 1763381395.000005614, sequence: 20143 - clear  0.000000000, sequence: 0
source 0 - assert 1763381396.000010466, sequence: 20144 - clear  0.000000000, sequence: 0
source 0 - assert 1763381397.000005834, sequence: 20145 - clear  0.000000000, sequence: 0
source 0 - assert 1763381398.000008074, sequence: 20146 - clear  0.000000000, sequence: 0
source 0 - assert 1763381399.000008320, sequence: 20147 - clear  0.000000000, sequence: 0
source 0 - assert 1763381400.000010834, sequence: 20148 - clear  0.000000000, sequence: 0
source 0 - assert 1763381401.000010787, sequence: 20149 - clear  0.000000000, sequence: 0
source 0 - assert 1763381402.000007120, sequence: 20150 - clear  0.000000000, sequence: 0
source 0 - assert 1763381403.000008768, sequence: 20151 - clear  0.000000000, sequence: 0
source 0 - assert 1763381404.000006170, sequence: 20152 - clear  0.000000000, sequence: 0
source 0 - assert 1763381405.000005414, sequence: 20153 - clear  0.000000000, sequence: 0
source 0 - assert 1763381406.000008071, sequence: 20154 - clear  0.000000000, sequence: 0
source 0 - assert 1763381407.000009875, sequence: 20155 - clear  0.000000000, sequence: 0
source 0 - assert 1763381408.000005693, sequence: 20156 - clear  0.000000000, sequence: 0
source 0 - assert 1763381409.000006035, sequence: 20157 - clear  0.000000000, sequence: 0
source 0 - assert 1763381410.000008135, sequence: 20158 - clear  0.000000000, sequence: 0
source 0 - assert 1763381411.000005273, sequence: 20159 - clear  0.000000000, sequence: 0
source 0 - assert 1763381412.000006237, sequence: 20160 - clear  0.000000000, sequence: 0
source 0 - assert 1763381413.000005574, sequence: 20161 - clear  0.000000000, sequence: 0
source 0 - assert 1763381414.000005241, sequence: 20162 - clear  0.000000000, sequence: 0
source 0 - assert 1763381415.000007329, sequence: 20163 - clear  0.000000000, sequence: 0
source 0 - assert 1763381416.000005676, sequence: 20164 - clear  0.000000000, sequence: 0
source 0 - assert 1763381417.000011293, sequence: 20165 - clear  0.000000000, sequence: 0
source 0 - assert 1763381418.000009227, sequence: 20166 - clear  0.000000000, sequence: 0
source 0 - assert 1763381419.000005177, sequence: 20167 - clear  0.000000000, sequence: 0
source 0 - assert 1763381420.000008976, sequence: 20168 - clear  0.000000000, sequence: 0
source 0 - assert 1763381421.000009024, sequence: 20169 - clear  0.000000000, sequence: 0
source 0 - assert 1763381422.000007445, sequence: 20170 - clear  0.000000000, sequence: 0
source 0 - assert 1763381423.000005323, sequence: 20171 - clear  0.000000000, sequence: 0
source 0 - assert 1763381424.000007318, sequence: 20172 - clear  0.000000000, sequence: 0
source 0 - assert 1763381425.000004909, sequence: 20173 - clear  0.000000000, sequence: 0
source 0 - assert 1763381426.000007683, sequence: 20174 - clear  0.000000000, sequence: 0
source 0 - assert 1763381427.000008546, sequence: 20175 - clear  0.000000000, sequence: 0
source 0 - assert 1763381428.000004740, sequence: 20176 - clear  0.000000000, sequence: 0
source 0 - assert 1763381429.000004953, sequence: 20177 - clear  0.000000000, sequence: 0
source 0 - assert 1763381430.000005825, sequence: 20178 - clear  0.000000000, sequence: 0
source 0 - assert 1763381431.000006324, sequence: 20179 - clear  0.000000000, sequence: 0
source 0 - assert 1763381432.000008309, sequence: 20180 - clear  0.000000000, sequence: 0
source 0 - assert 1763381433.000004812, sequence: 20181 - clear  0.000000000, sequence: 0
source 0 - assert 1763381434.000007105, sequence: 20182 - clear  0.000000000, sequence: 0
source 0 - assert 1763381435.000003133, sequence: 20183 - clear  0.000000000, sequence: 0
source 0 - assert 1763381436.000008739, sequence: 20184 - clear  0.000000000, sequence: 0
source 0 - assert 1763381437.000005831, sequence: 20185 - clear  0.000000000, sequence: 0
source 0 - assert 1763381438.000006155, sequence: 20186 - clear  0.000000000, sequence: 0
source 0 - assert 1763381439.000006937, sequence: 20187 - clear  0.000000000, sequence: 0
source 0 - assert 1763381440.000004687, sequence: 20188 - clear  0.000000000, sequence: 0
source 0 - assert 1763381441.000005962, sequence: 20189 - clear  0.000000000, sequence: 0
source 0 - assert 1763381442.000010139, sequence: 20190 - clear  0.000000000, sequence: 0
source 0 - assert 1763381443.000010169, sequence: 20191 - clear  0.000000000, sequence: 0
source 0 - assert 1763381444.000007665, sequence: 20192 - clear  0.000000000, sequence: 0
source 0 - assert 1763381445.000007163, sequence: 20193 - clear  0.000000000, sequence: 0
source 0 - assert 1763381446.000001857, sequence: 20194 - clear  0.000000000, sequence: 0
source 0 - assert 1763381447.000005520, sequence: 20195 - clear  0.000000000, sequence: 0
source 0 - assert 1763381448.000006817, sequence: 20196 - clear  0.000000000, sequence: 0
source 0 - assert 1763381449.000005259, sequence: 20197 - clear  0.000000000, sequence: 0
source 0 - assert 1763381450.000006585, sequence: 20198 - clear  0.000000000, sequence: 0
source 0 - assert 1763381451.000005834, sequence: 20199 - clear  0.000000000, sequence: 0
source 0 - assert 1763381452.000010612, sequence: 20200 - clear  0.000000000, sequence: 0
source 0 - assert 1763381453.000003869, sequence: 20201 - clear  0.000000000, sequence: 0
source 0 - assert 1763381454.000008898, sequence: 20202 - clear  0.000000000, sequence: 0
source 0 - assert 1763381455.000005823, sequence: 20203 - clear  0.000000000, sequence: 0
source 0 - assert 1763381456.000006102, sequence: 20204 - clear  0.000000000, sequence: 0
source 0 - assert 1763381457.000008980, sequence: 20205 - clear  0.000000000, sequence: 0
source 0 - assert 1763381458.000006200, sequence: 20206 - clear  0.000000000, sequence: 0
source 0 - assert 1763381459.000010022, sequence: 20207 - clear  0.000000000, sequence: 0
source 0 - assert 1763381460.000005276, sequence: 20208 - clear  0.000000000, sequence: 0
source 0 - assert 1763381461.000010048, sequence: 20209 - clear  0.000000000, sequence: 0
source 0 - assert 1763381462.000007747, sequence: 20210 - clear  0.000000000, sequence: 0
source 0 - assert 1763381463.000007676, sequence: 20211 - clear  0.000000000, sequence: 0
source 0 - assert 1763381464.000009120, sequence: 20212 - clear  0.000000000, sequence: 0
source 0 - assert 1763381465.000007716, sequence: 20213 - clear  0.000000000, sequence: 0
source 0 - assert 1763381466.000005823, sequence: 20214 - clear  0.000000000, sequence: 0
source 0 - assert 1763381467.000005355, sequence: 20215 - clear  0.000000000, sequence: 0
source 0 - assert 1763381468.000007318, sequence: 20216 - clear  0.000000000, sequence: 0
source 0 - assert 1763381469.000005819, sequence: 20217 - clear  0.000000000, sequence: 0
source 0 - assert 1763381470.000006865, sequence: 20218 - clear  0.000000000, sequence: 0
source 0 - assert 1763381471.000009166, sequence: 20219 - clear  0.000000000, sequence: 0
source 0 - assert 1763381472.000000673, sequence: 20220 - clear  0.000000000, sequence: 0
source 0 - assert 1763381473.000006807, sequence: 20221 - clear  0.000000000, sequence: 0
source 0 - assert 1763381474.000006623, sequence: 20222 - clear  0.000000000, sequence: 0
source 0 - assert 1763381475.000004244, sequence: 20223 - clear  0.000000000, sequence: 0
source 0 - assert 1763381476.000007986, sequence: 20224 - clear  0.000000000, sequence: 0
source 0 - assert 1763381477.000004700, sequence: 20225 - clear  0.000000000, sequence: 0
source 0 - assert 1763381478.000007484, sequence: 20226 - clear  0.000000000, sequence: 0
source 0 - assert 1763381479.000007829, sequence: 20227 - clear  0.000000000, sequence: 0
source 0 - assert 1763381480.000008225, sequence: 20228 - clear  0.000000000, sequence: 0
source 0 - assert 1763381481.000010455, sequence: 20229 - clear  0.000000000, sequence: 0
source 0 - assert 1763381482.000006715, sequence: 20230 - clear  0.000000000, sequence: 0
source 0 - assert 1763381483.000005956, sequence: 20231 - clear  0.000000000, sequence: 0
source 0 - assert 1763381484.000005830, sequence: 20232 - clear  0.000000000, sequence: 0
source 0 - assert 1763381485.000014755, sequence: 20233 - clear  0.000000000, sequence: 0
Terminated
