trying PPS source "/dev/pps0"
found PPS source "/dev/pps0"
ok, found 1 source(s), now start fetching data...
source 0 - assert 1763324913.000004120, sequence: 4122 - clear  0.000000000, sequence: 0
source 0 - assert 1763324913.999999932, sequence: 4123 - clear  0.000000000, sequence: 0
source 0 - assert 1763324914.999998675, sequence: 4124 - clear  0.000000000, sequence: 0
source 0 - assert 1763324915.999999846, sequence: 4125 - clear  0.000000000, sequence: 0
source 0 - assert 1763324916.999997205, sequence: 4126 - clear  0.000000000, sequence: 0
source 0 - assert 1763324918.000005920, sequence: 4127 - clear  0.000000000, sequence: 0
source 0 - assert 1763324919.000001252, sequence: 4128 - clear  0.000000000, sequence: 0
source 0 - assert 1763324920.000001632, sequence: 4129 - clear  0.000000000, sequence: 0
source 0 - assert 1763324921.000004296, sequence: 4130 - clear  0.000000000, sequence: 0
source 0 - assert 1763324922.000001755, sequence: 4131 - clear  0.000000000, sequence: 0
source 0 - assert 1763324922.999997738, sequence: 4132 - clear  0.000000000, sequence: 0
source 0 - assert 1763324924.000004215, sequence: 4133 - clear  0.000000000, sequence: 0
source 0 - assert 1763324924.999998802, sequence: 4134 - clear  0.000000000, sequence: 0
source 0 - assert 1763324926.000004493, sequence: 4135 - clear  0.000000000, sequence: 0
source 0 - assert 1763324927.000005839, sequence: 4136 - clear  0.000000000, sequence: 0
source 0 - assert 1763324928.000000436, sequence: 4137 - clear  0.000000000, sequence: 0
source 0 - assert 1763324929.000002303, sequence: 4138 - clear  0.000000000, sequence: 0
source 0 - assert 1763324929.999999285, sequence: 4139 - clear  0.000000000, sequence: 0
source 0 - assert 1763324930.999999613, sequence: 4140 - clear  0.000000000, sequence: 0
source 0 - assert 1763324932.000001496, sequence: 4141 - clear  0.000000000, sequence: 0
source 0 - assert 1763324932.999997493, sequence: 4142 - clear  0.000000000, sequence: 0
source 0 - assert 1763324934.000002323, sequence: 4143 - clear  0.000000000, sequence: 0
source 0 - assert 1763324935.000002403, sequence: 4144 - clear  0.000000000, sequence: 0
source 0 - assert 1763324935.999996678, sequence: 4145 - clear  0.000000000, sequence: 0
source 0 - assert 1763324937.000004376, sequence: 4146 - clear  0.000000000, sequence: 0
source 0 - assert 1763324938.000000956, sequence: 4147 - clear  0.000000000, sequence: 0
source 0 - assert 1763324939.000004390, sequence: 4148 - clear  0.000000000, sequence: 0
source 0 - assert 1763324939.999999135, sequence: 4149 - clear  0.000000000, sequence: 0
source 0 - assert 1763324941.000002511, sequence: 4150 - clear  0.000000000, sequence: 0
source 0 - assert 1763324942.000000423, sequence: 4151 - clear  0.000000000, sequence: 0
source 0 - assert 1763324943.000001513, sequence: 4152 - clear  0.000000000, sequence: 0
source 0 - assert 1763324944.000002831, sequence: 4153 - clear  0.000000000, sequence: 0
source 0 - assert 1763324945.000002683, sequence: 4154 - clear  0.000000000, sequence: 0
source 0 - assert 1763324946.000002318, sequence: 4155 - clear  0.000000000, sequence: 0
source 0 - assert 1763324946.999994306, sequence: 4156 - clear  0.000000000, sequence: 0
source 0 - assert 1763324948.000004117, sequence: 4157 - clear  0.000000000, sequence: 0
source 0 - assert 1763324949.000002609, sequence: 4158 - clear  0.000000000, sequence: 0
source 0 - assert 1763324950.000003828, sequence: 4159 - clear  0.000000000, sequence: 0
source 0 - assert 1763324951.000005620, sequence: 4160 - clear  0.000000000, sequence: 0
source 0 - assert 1763324952.000002829, sequence: 4161 - clear  0.000000000, sequence: 0
source 0 - assert 1763324953.000002666, sequence: 4162 - clear  0.000000000, sequence: 0
source 0 - assert 1763324954.000003919, sequence: 4163 - clear  0.000000000, sequence: 0
source 0 - assert 1763324954.999999363, sequence: 4164 - clear  0.000000000, sequence: 0
source 0 - assert 1763324955.999997635, sequence: 4165 - clear  0.000000000, sequence: 0
source 0 - assert 1763324956.999996875, sequence: 4166 - clear  0.000000000, sequence: 0
source 0 - assert 1763324958.000000959, sequence: 4167 - clear  0.000000000, sequence: 0
source 0 - assert 1763324959.000005238, sequence: 4168 - clear  0.000000000, sequence: 0
source 0 - assert 1763324960.000002168, sequence: 4169 - clear  0.000000000, sequence: 0
source 0 - assert 1763324961.000004119, sequence: 4170 - clear  0.000000000, sequence: 0
source 0 - assert 1763324961.999999703, sequence: 4171 - clear  0.000000000, sequence: 0
source 0 - assert 1763324962.999999461, sequence: 4172 - clear  0.000000000, sequence: 0
source 0 - assert 1763324964.000000446, sequence: 4173 - clear  0.000000000, sequence: 0
source 0 - assert 1763324965.000005617, sequence: 4174 - clear  0.000000000, sequence: 0
source 0 - assert 1763324965.999996342, sequence: 4175 - clear  0.000000000, sequence: 0
source 0 - assert 1763324966.999998217, sequence: 4176 - clear  0.000000000, sequence: 0
source 0 - assert 1763324968.000000931, sequence: 4177 - clear  0.000000000, sequence: 0
source 0 - assert 1763324968.999999747, sequence: 4178 - clear  0.000000000, sequence: 0
source 0 - assert 1763324970.000001544, sequence: 4179 - clear  0.000000000, sequence: 0
source 0 - assert 1763324970.999999227, sequence: 4180 - clear  0.000000000, sequence: 0
source 0 - assert 1763324972.000003472, sequence: 4181 - clear  0.000000000, sequence: 0
source 0 - assert 1763324972.999996623, sequence: 4182 - clear  0.000000000, sequence: 0
source 0 - assert 1763324974.000001449, sequence: 4183 - clear  0.000000000, sequence: 0
source 0 - assert 1763324974.999999778, sequence: 4184 - clear  0.000000000, sequence: 0
source 0 - assert 1763324975.999998694, sequence: 4185 - clear  0.000000000, sequence: 0
source 0 - assert 1763324976.999997249, sequence: 4186 - clear  0.000000000, sequence: 0
source 0 - assert 1763324977.999994106, sequence: 4187 - clear  0.000000000, sequence: 0
source 0 - assert 1763324979.000004313, sequence: 4188 - clear  0.000000000, sequence: 0
source 0 - assert 1763324979.999998125, sequence: 4189 - clear  0.000000000, sequence: 0
source 0 - assert 1763324981.000005864, sequence: 4190 - clear  0.000000000, sequence: 0
source 0 - assert 1763324982.000000866, sequence: 4191 - clear  0.000000000, sequence: 0
source 0 - assert 1763324983.000002785, sequence: 4192 - clear  0.000000000, sequence: 0
source 0 - assert 1763324984.000004837, sequence: 4193 - clear  0.000000000, sequence: 0
source 0 - assert 1763324984.999999722, sequence: 4194 - clear  0.000000000, sequence: 0
source 0 - assert 1763324985.999997356, sequence: 4195 - clear  0.000000000, sequence: 0
source 0 - assert 1763324987.000001823, sequence: 4196 - clear  0.000000000, sequence: 0
source 0 - assert 1763324988.000001533, sequence: 4197 - clear  0.000000000, sequence: 0
source 0 - assert 1763324989.000004285, sequence: 4198 - clear  0.000000000, sequence: 0
source 0 - assert 1763324990.000000547, sequence: 4199 - clear  0.000000000, sequence: 0
source 0 - assert 1763324990.999999804, sequence: 4200 - clear  0.000000000, sequence: 0
source 0 - assert 1763324991.999996761, sequence: 4201 - clear  0.000000000, sequence: 0
source 0 - assert 1763324993.000001158, sequence: 4202 - clear  0.000000000, sequence: 0
source 0 - assert 1763324994.000001330, sequence: 4203 - clear  0.000000000, sequence: 0
source 0 - assert 1763324995.000002112, sequence: 4204 - clear  0.000000000, sequence: 0
source 0 - assert 1763324996.000001485, sequence: 4205 - clear  0.000000000, sequence: 0
source 0 - assert 1763324996.999995971, sequence: 4206 - clear  0.000000000, sequence: 0
source 0 - assert 1763324998.000001479, sequence: 4207 - clear  0.000000000, sequence: 0
source 0 - assert 1763324999.000002794, sequence: 4208 - clear  0.000000000, sequence: 0
source 0 - assert 1763324999.999995281, sequence: 4209 - clear  0.000000000, sequence: 0
source 0 - assert 1763325000.999999567, sequence: 4210 - clear  0.000000000, sequence: 0
source 0 - assert 1763325002.000001651, sequence: 4211 - clear  0.000000000, sequence: 0
source 0 - assert 1763325003.000000253, sequence: 4212 - clear  0.000000000, sequence: 0
source 0 - assert 1763325004.000004097, sequence: 4213 - clear  0.000000000, sequence: 0
source 0 - assert 1763325005.000001378, sequence: 4214 - clear  0.000000000, sequence: 0
source 0 - assert 1763325006.000002204, sequence: 4215 - clear  0.000000000, sequence: 0
source 0 - assert 1763325007.000000564, sequence: 4216 - clear  0.000000000, sequence: 0
source 0 - assert 1763325007.999998108, sequence: 4217 - clear  0.000000000, sequence: 0
source 0 - assert 1763325009.000005182, sequence: 4218 - clear  0.000000000, sequence: 0
source 0 - assert 1763325010.000002586, sequence: 4219 - clear  0.000000000, sequence: 0
source 0 - assert 1763325011.000001725, sequence: 4220 - clear  0.000000000, sequence: 0
source 0 - assert 1763325012.000004555, sequence: 4221 - clear  0.000000000, sequence: 0
source 0 - assert 1763325013.000001165, sequence: 4222 - clear  0.000000000, sequence: 0
source 0 - assert 1763325014.000004668, sequence: 4223 - clear  0.000000000, sequence: 0
source 0 - assert 1763325015.000001335, sequence: 4224 - clear  0.000000000, sequence: 0
source 0 - assert 1763325016.000002202, sequence: 4225 - clear  0.000000000, sequence: 0
source 0 - assert 1763325017.000001901, sequence: 4226 - clear  0.000000000, sequence: 0
source 0 - assert 1763325018.000000954, sequence: 4227 - clear  0.000000000, sequence: 0
source 0 - assert 1763325019.000005086, sequence: 4228 - clear  0.000000000, sequence: 0
source 0 - assert 1763325020.000001418, sequence: 4229 - clear  0.000000000, sequence: 0
source 0 - assert 1763325021.000000615, sequence: 4230 - clear  0.000000000, sequence: 0
source 0 - assert 1763325021.999998694, sequence: 4231 - clear  0.000000000, sequence: 0
source 0 - assert 1763325022.999999595, sequence: 4232 - clear  0.000000000, sequence: 0
source 0 - assert 1763325024.000003281, sequence: 4233 - clear  0.000000000, sequence: 0
source 0 - assert 1763325024.999998918, sequence: 4234 - clear  0.000000000, sequence: 0
source 0 - assert 1763325025.999999500, sequence: 4235 - clear  0.000000000, sequence: 0
source 0 - assert 1763325026.999999660, sequence: 4236 - clear  0.000000000, sequence: 0
source 0 - assert 1763325028.000001310, sequence: 4237 - clear  0.000000000, sequence: 0
source 0 - assert 1763325028.999997713, sequence: 4238 - clear  0.000000000, sequence: 0
source 0 - assert 1763325030.000005575, sequence: 4239 - clear  0.000000000, sequence: 0
source 0 - assert 1763325031.000004473, sequence: 4240 - clear  0.000000000, sequence: 0
source 0 - assert 1763325032.000001881, sequence: 4241 - clear  0.000000000, sequence: 0
source 0 - assert 1763325032.999999336, sequence: 4242 - clear  0.000000000, sequence: 0
source 0 - assert 1763325033.999997503, sequence: 4243 - clear  0.000000000, sequence: 0
source 0 - assert 1763325035.000003784, sequence: 4244 - clear  0.000000000, sequence: 0
source 0 - assert 1763325035.999997666, sequence: 4245 - clear  0.000000000, sequence: 0
source 0 - assert 1763325037.000000545, sequence: 4246 - clear  0.000000000, sequence: 0
source 0 - assert 1763325037.999998822, sequence: 4247 - clear  0.000000000, sequence: 0
source 0 - assert 1763325038.999998159, sequence: 4248 - clear  0.000000000, sequence: 0
source 0 - assert 1763325040.000004329, sequence: 4249 - clear  0.000000000, sequence: 0
source 0 - assert 1763325041.000001541, sequence: 4250 - clear  0.000000000, sequence: 0
source 0 - assert 1763325042.000002581, sequence: 4251 - clear  0.000000000, sequence: 0
source 0 - assert 1763325042.999998348, sequence: 4252 - clear  0.000000000, sequence: 0
source 0 - assert 1763325043.999997365, sequence: 4253 - clear  0.000000000, sequence: 0
source 0 - assert 1763325045.000002908, sequence: 4254 - clear  0.000000000, sequence: 0
source 0 - assert 1763325046.000000219, sequence: 4255 - clear  0.000000000, sequence: 0
source 0 - assert 1763325047.000003034, sequence: 4256 - clear  0.000000000, sequence: 0
source 0 - assert 1763325047.999997549, sequence: 4257 - clear  0.000000000, sequence: 0
source 0 - assert 1763325049.000000020, sequence: 4258 - clear  0.000000000, sequence: 0
source 0 - assert 1763325050.000004789, sequence: 4259 - clear  0.000000000, sequence: 0
source 0 - assert 1763325051.000002753, sequence: 4260 - clear  0.000000000, sequence: 0
source 0 - assert 1763325051.999999870, sequence: 4261 - clear  0.000000000, sequence: 0
source 0 - assert 1763325052.999998953, sequence: 4262 - clear  0.000000000, sequence: 0
source 0 - assert 1763325053.999999223, sequence: 4263 - clear  0.000000000, sequence: 0
source 0 - assert 1763325055.000002744, sequence: 4264 - clear  0.000000000, sequence: 0
source 0 - assert 1763325056.000000161, sequence: 4265 - clear  0.000000000, sequence: 0
source 0 - assert 1763325057.000000349, sequence: 4266 - clear  0.000000000, sequence: 0
source 0 - assert 1763325058.000000873, sequence: 4267 - clear  0.000000000, sequence: 0
source 0 - assert 1763325058.999997297, sequence: 4268 - clear  0.000000000, sequence: 0
source 0 - assert 1763325060.000002151, sequence: 4269 - clear  0.000000000, sequence: 0
source 0 - assert 1763325061.000003532, sequence: 4270 - clear  0.000000000, sequence: 0
source 0 - assert 1763325062.000003215, sequence: 4271 - clear  0.000000000, sequence: 0
source 0 - assert 1763325062.999999664, sequence: 4272 - clear  0.000000000, sequence: 0
source 0 - assert 1763325063.999998456, sequence: 4273 - clear  0.000000000, sequence: 0
source 0 - assert 1763325065.000002680, sequence: 4274 - clear  0.000000000, sequence: 0
source 0 - assert 1763325065.999998363, sequence: 4275 - clear  0.000000000, sequence: 0
source 0 - assert 1763325067.000001461, sequence: 4276 - clear  0.000000000, sequence: 0
source 0 - assert 1763325067.999997689, sequence: 4277 - clear  0.000000000, sequence: 0
source 0 - assert 1763325069.000000833, sequence: 4278 - clear  0.000000000, sequence: 0
source 0 - assert 1763325070.000002777, sequence: 4279 - clear  0.000000000, sequence: 0
source 0 - assert 1763325071.000000251, sequence: 4280 - clear  0.000000000, sequence: 0
source 0 - assert 1763325072.000002786, sequence: 4281 - clear  0.000000000, sequence: 0
source 0 - assert 1763325073.000002561, sequence: 4282 - clear  0.000000000, sequence: 0
source 0 - assert 1763325073.999998460, sequence: 4283 - clear  0.000000000, sequence: 0
source 0 - assert 1763325075.000004971, sequence: 4284 - clear  0.000000000, sequence: 0
source 0 - assert 1763325076.000000322, sequence: 4285 - clear  0.000000000, sequence: 0
source 0 - assert 1763325076.999998782, sequence: 4286 - clear  0.000000000, sequence: 0
source 0 - assert 1763325077.999997675, sequence: 4287 - clear  0.000000000, sequence: 0
source 0 - assert 1763325079.000000259, sequence: 4288 - clear  0.000000000, sequence: 0
source 0 - assert 1763325080.000002055, sequence: 4289 - clear  0.000000000, sequence: 0
source 0 - assert 1763325080.999999937, sequence: 4290 - clear  0.000000000, sequence: 0
source 0 - assert 1763325082.000003293, sequence: 4291 - clear  0.000000000, sequence: 0
source 0 - assert 1763325082.999999402, sequence: 4292 - clear  0.000000000, sequence: 0
source 0 - assert 1763325084.000001461, sequence: 4293 - clear  0.000000000, sequence: 0
source 0 - assert 1763325085.000000608, sequence: 4294 - clear  0.000000000, sequence: 0
source 0 - assert 1763325085.999995442, sequence: 4295 - clear  0.000000000, sequence: 0
source 0 - assert 1763325087.000000066, sequence: 4296 - clear  0.000000000, sequence: 0
source 0 - assert 1763325087.999997412, sequence: 4297 - clear  0.000000000, sequence: 0
source 0 - assert 1763325089.000002878, sequence: 4298 - clear  0.000000000, sequence: 0
source 0 - assert 1763325090.000000537, sequence: 4299 - clear  0.000000000, sequence: 0
source 0 - assert 1763325090.999998912, sequence: 4300 - clear  0.000000000, sequence: 0
source 0 - assert 1763325092.000000578, sequence: 4301 - clear  0.000000000, sequence: 0
source 0 - assert 1763325092.999995253, sequence: 4302 - clear  0.000000000, sequence: 0
source 0 - assert 1763325093.999998970, sequence: 4303 - clear  0.000000000, sequence: 0
source 0 - assert 1763325095.000002426, sequence: 4304 - clear  0.000000000, sequence: 0
source 0 - assert 1763325096.000001493, sequence: 4305 - clear  0.000000000, sequence: 0
source 0 - assert 1763325096.999995524, sequence: 4306 - clear  0.000000000, sequence: 0
source 0 - assert 1763325098.000000203, sequence: 4307 - clear  0.000000000, sequence: 0
source 0 - assert 1763325098.999998574, sequence: 4308 - clear  0.000000000, sequence: 0
source 0 - assert 1763325100.000000738, sequence: 4309 - clear  0.000000000, sequence: 0
source 0 - assert 1763325100.999997974, sequence: 4310 - clear  0.000000000, sequence: 0
source 0 - assert 1763325102.000004379, sequence: 4311 - clear  0.000000000, sequence: 0
source 0 - assert 1763325103.000003285, sequence: 4312 - clear  0.000000000, sequence: 0
source 0 - assert 1763325103.999998575, sequence: 4313 - clear  0.000000000, sequence: 0
source 0 - assert 1763325105.000005043, sequence: 4314 - clear  0.000000000, sequence: 0
source 0 - assert 1763325105.999998425, sequence: 4315 - clear  0.000000000, sequence: 0
source 0 - assert 1763325107.000002043, sequence: 4316 - clear  0.000000000, sequence: 0
source 0 - assert 1763325108.000000115, sequence: 4317 - clear  0.000000000, sequence: 0
source 0 - assert 1763325108.999999858, sequence: 4318 - clear  0.000000000, sequence: 0
source 0 - assert 1763325110.000001205, sequence: 4319 - clear  0.000000000, sequence: 0
source 0 - assert 1763325111.000001680, sequence: 4320 - clear  0.000000000, sequence: 0
source 0 - assert 1763325111.999999296, sequence: 4321 - clear  0.000000000, sequence: 0
source 0 - assert 1763325112.999999725, sequence: 4322 - clear  0.000000000, sequence: 0
source 0 - assert 1763325113.999998088, sequence: 4323 - clear  0.000000000, sequence: 0
source 0 - assert 1763325115.000000780, sequence: 4324 - clear  0.000000000, sequence: 0
source 0 - assert 1763325116.000000035, sequence: 4325 - clear  0.000000000, sequence: 0
source 0 - assert 1763325117.000000908, sequence: 4326 - clear  0.000000000, sequence: 0
source 0 - assert 1763325117.999999495, sequence: 4327 - clear  0.000000000, sequence: 0
source 0 - assert 1763325118.999998451, sequence: 4328 - clear  0.000000000, sequence: 0
source 0 - assert 1763325120.000002375, sequence: 4329 - clear  0.000000000, sequence: 0
source 0 - assert 1763325120.999998336, sequence: 4330 - clear  0.000000000, sequence: 0
source 0 - assert 1763325122.000002956, sequence: 4331 - clear  0.000000000, sequence: 0
source 0 - assert 1763325122.999999534, sequence: 4332 - clear  0.000000000, sequence: 0
source 0 - assert 1763325123.999998193, sequence: 4333 - clear  0.000000000, sequence: 0
source 0 - assert 1763325124.999998868, sequence: 4334 - clear  0.000000000, sequence: 0
source 0 - assert 1763325126.000002379, sequence: 4335 - clear  0.000000000, sequence: 0
source 0 - assert 1763325127.000002124, sequence: 4336 - clear  0.000000000, sequence: 0
source 0 - assert 1763325127.999998204, sequence: 4337 - clear  0.000000000, sequence: 0
source 0 - assert 1763325129.000001303, sequence: 4338 - clear  0.000000000, sequence: 0
source 0 - assert 1763325130.000002370, sequence: 4339 - clear  0.000000000, sequence: 0
source 0 - assert 1763325131.000001285, sequence: 4340 - clear  0.000000000, sequence: 0
source 0 - assert 1763325131.999997584, sequence: 4341 - clear  0.000000000, sequence: 0
source 0 - assert 1763325133.000003575, sequence: 4342 - clear  0.000000000, sequence: 0
source 0 - assert 1763325134.000001730, sequence: 4343 - clear  0.000000000, sequence: 0
source 0 - assert 1763325135.000105867, sequence: 4344 - clear  0.000000000, sequence: 0
source 0 - assert 1763325136.000002701, sequence: 4345 - clear  0.000000000, sequence: 0
source 0 - assert 1763325136.999998002, sequence: 4346 - clear  0.000000000, sequence: 0
source 0 - assert 1763325137.999999313, sequence: 4347 - clear  0.000000000, sequence: 0
source 0 - assert 1763325139.000000302, sequence: 4348 - clear  0.000000000, sequence: 0
source 0 - assert 1763325140.000001789, sequence: 4349 - clear  0.000000000, sequence: 0
source 0 - assert 1763325140.999999905, sequence: 4350 - clear  0.000000000, sequence: 0
source 0 - assert 1763325142.000001267, sequence: 4351 - clear  0.000000000, sequence: 0
source 0 - assert 1763325142.999996454, sequence: 4352 - clear  0.000000000, sequence: 0
source 0 - assert 1763325143.999999239, sequence: 4353 - clear  0.000000000, sequence: 0
source 0 - assert 1763325145.000006872, sequence: 4354 - clear  0.000000000, sequence: 0
source 0 - assert 1763325145.999996167, sequence: 4355 - clear  0.000000000, sequence: 0
source 0 - assert 1763325147.000000589, sequence: 4356 - clear  0.000000000, sequence: 0
source 0 - assert 1763325147.999998795, sequence: 4357 - clear  0.000000000, sequence: 0
source 0 - assert 1763325149.000001244, sequence: 4358 - clear  0.000000000, sequence: 0
source 0 - assert 1763325150.000004007, sequence: 4359 - clear  0.000000000, sequence: 0
source 0 - assert 1763325150.999998450, sequence: 4360 - clear  0.000000000, sequence: 0
source 0 - assert 1763325151.999999990, sequence: 4361 - clear  0.000000000, sequence: 0
source 0 - assert 1763325152.999999112, sequence: 4362 - clear  0.000000000, sequence: 0
source 0 - assert 1763325153.999999777, sequence: 4363 - clear  0.000000000, sequence: 0
source 0 - assert 1763325155.000001827, sequence: 4364 - clear  0.000000000, sequence: 0
source 0 - assert 1763325156.000000593, sequence: 4365 - clear  0.000000000, sequence: 0
source 0 - assert 1763325156.999996960, sequence: 4366 - clear  0.000000000, sequence: 0
source 0 - assert 1763325157.999998091, sequence: 4367 - clear  0.000000000, sequence: 0
source 0 - assert 1763325158.999999411, sequence: 4368 - clear  0.000000000, sequence: 0
source 0 - assert 1763325160.000003960, sequence: 4369 - clear  0.000000000, sequence: 0
source 0 - assert 1763325161.000001918, sequence: 4370 - clear  0.000000000, sequence: 0
source 0 - assert 1763325162.000001077, sequence: 4371 - clear  0.000000000, sequence: 0
source 0 - assert 1763325163.000003819, sequence: 4372 - clear  0.000000000, sequence: 0
source 0 - assert 1763325163.999999286, sequence: 4373 - clear  0.000000000, sequence: 0
source 0 - assert 1763325165.000002924, sequence: 4374 - clear  0.000000000, sequence: 0
source 0 - assert 1763325166.000003031, sequence: 4375 - clear  0.000000000, sequence: 0
source 0 - assert 1763325167.000003071, sequence: 4376 - clear  0.000000000, sequence: 0
source 0 - assert 1763325168.000002002, sequence: 4377 - clear  0.000000000, sequence: 0
source 0 - assert 1763325169.000001210, sequence: 4378 - clear  0.000000000, sequence: 0
source 0 - assert 1763325170.000002150, sequence: 4379 - clear  0.000000000, sequence: 0
source 0 - assert 1763325171.000004187, sequence: 4380 - clear  0.000000000, sequence: 0
source 0 - assert 1763325172.000002247, sequence: 4381 - clear  0.000000000, sequence: 0
source 0 - assert 1763325172.999998461, sequence: 4382 - clear  0.000000000, sequence: 0
source 0 - assert 1763325173.999999795, sequence: 4383 - clear  0.000000000, sequence: 0
source 0 - assert 1763325175.000002366, sequence: 4384 - clear  0.000000000, sequence: 0
source 0 - assert 1763325176.000001299, sequence: 4385 - clear  0.000000000, sequence: 0
source 0 - assert 1763325176.999999976, sequence: 4386 - clear  0.000000000, sequence: 0
source 0 - assert 1763325177.999998206, sequence: 4387 - clear  0.000000000, sequence: 0
source 0 - assert 1763325179.000000343, sequence: 4388 - clear  0.000000000, sequence: 0
source 0 - assert 1763325180.000000888, sequence: 4389 - clear  0.000000000, sequence: 0
source 0 - assert 1763325181.000001769, sequence: 4390 - clear  0.000000000, sequence: 0
source 0 - assert 1763325182.000001166, sequence: 4391 - clear  0.000000000, sequence: 0
source 0 - assert 1763325183.000002462, sequence: 4392 - clear  0.000000000, sequence: 0
source 0 - assert 1763325183.999997609, sequence: 4393 - clear  0.000000000, sequence: 0
source 0 - assert 1763325185.000004880, sequence: 4394 - clear  0.000000000, sequence: 0
source 0 - assert 1763325186.000000960, sequence: 4395 - clear  0.000000000, sequence: 0
source 0 - assert 1763325187.000001629, sequence: 4396 - clear  0.000000000, sequence: 0
source 0 - assert 1763325187.999996996, sequence: 4397 - clear  0.000000000, sequence: 0
source 0 - assert 1763325189.000001096, sequence: 4398 - clear  0.000000000, sequence: 0
source 0 - assert 1763325190.000002548, sequence: 4399 - clear  0.000000000, sequence: 0
source 0 - assert 1763325191.000002618, sequence: 4400 - clear  0.000000000, sequence: 0
source 0 - assert 1763325191.999998372, sequence: 4401 - clear  0.000000000, sequence: 0
source 0 - assert 1763325193.000005992, sequence: 4402 - clear  0.000000000, sequence: 0
source 0 - assert 1763325194.000000777, sequence: 4403 - clear  0.000000000, sequence: 0
source 0 - assert 1763325195.000001986, sequence: 4404 - clear  0.000000000, sequence: 0
source 0 - assert 1763325196.000002614, sequence: 4405 - clear  0.000000000, sequence: 0
source 0 - assert 1763325197.000001503, sequence: 4406 - clear  0.000000000, sequence: 0
source 0 - assert 1763325198.000002084, sequence: 4407 - clear  0.000000000, sequence: 0
source 0 - assert 1763325198.999996574, sequence: 4408 - clear  0.000000000, sequence: 0
source 0 - assert 1763325200.000001706, sequence: 4409 - clear  0.000000000, sequence: 0
source 0 - assert 1763325201.000003839, sequence: 4410 - clear  0.000000000, sequence: 0
source 0 - assert 1763325201.999998369, sequence: 4411 - clear  0.000000000, sequence: 0
source 0 - assert 1763325202.999999665, sequence: 4412 - clear  0.000000000, sequence: 0
source 0 - assert 1763325203.999998968, sequence: 4413 - clear  0.000000000, sequence: 0
source 0 - assert 1763325205.000002251, sequence: 4414 - clear  0.000000000, sequence: 0
source 0 - assert 1763325206.000001172, sequence: 4415 - clear  0.000000000, sequence: 0
source 0 - assert 1763325206.999998255, sequence: 4416 - clear  0.000000000, sequence: 0
source 0 - assert 1763325207.999998520, sequence: 4417 - clear  0.000000000, sequence: 0
source 0 - assert 1763325208.999999020, sequence: 4418 - clear  0.000000000, sequence: 0
source 0 - assert 1763325210.000002853, sequence: 4419 - clear  0.000000000, sequence: 0
source 0 - assert 1763325210.999999533, sequence: 4420 - clear  0.000000000, sequence: 0
source 0 - assert 1763325211.999999051, sequence: 4421 - clear  0.000000000, sequence: 0
source 0 - assert 1763325212.999999199, sequence: 4422 - clear  0.000000000, sequence: 0
source 0 - assert 1763325213.999995891, sequence: 4423 - clear  0.000000000, sequence: 0
source 0 - assert 1763325215.000006620, sequence: 4424 - clear  0.000000000, sequence: 0
source 0 - assert 1763325216.000002672, sequence: 4425 - clear  0.000000000, sequence: 0
source 0 - assert 1763325216.999998503, sequence: 4426 - clear  0.000000000, sequence: 0
source 0 - assert 1763325218.000000987, sequence: 4427 - clear  0.000000000, sequence: 0
source 0 - assert 1763325218.999999858, sequence: 4428 - clear  0.000000000, sequence: 0
source 0 - assert 1763325220.000003362, sequence: 4429 - clear  0.000000000, sequence: 0
source 0 - assert 1763325221.000001520, sequence: 4430 - clear  0.000000000, sequence: 0
source 0 - assert 1763325222.000001585, sequence: 4431 - clear  0.000000000, sequence: 0
source 0 - assert 1763325223.000003884, sequence: 4432 - clear  0.000000000, sequence: 0
source 0 - assert 1763325224.000000865, sequence: 4433 - clear  0.000000000, sequence: 0
source 0 - assert 1763325225.000007263, sequence: 4434 - clear  0.000000000, sequence: 0
source 0 - assert 1763325226.000003543, sequence: 4435 - clear  0.000000000, sequence: 0
source 0 - assert 1763325227.000003559, sequence: 4436 - clear  0.000000000, sequence: 0
source 0 - assert 1763325228.000001131, sequence: 4437 - clear  0.000000000, sequence: 0
source 0 - assert 1763325228.999997727, sequence: 4438 - clear  0.000000000, sequence: 0
source 0 - assert 1763325230.000118885, sequence: 4439 - clear  0.000000000, sequence: 0
Terminated
