trying PPS source "/dev/pps0"
found PPS source "/dev/pps0"
ok, found 1 source(s), now start fetching data...
source 0 - assert 1763324153.000005347, sequence: 3362 - clear  0.000000000, sequence: 0
source 0 - assert 1763324154.000001814, sequence: 3363 - clear  0.000000000, sequence: 0
source 0 - assert 1763324155.000001419, sequence: 3364 - clear  0.000000000, sequence: 0
source 0 - assert 1763324156.000000605, sequence: 3365 - clear  0.000000000, sequence: 0
source 0 - assert 1763324156.999999690, sequence: 3366 - clear  0.000000000, sequence: 0
source 0 - assert 1763324158.000002747, sequence: 3367 - clear  0.000000000, sequence: 0
source 0 - assert 1763324158.999998155, sequence: 3368 - clear  0.000000000, sequence: 0
source 0 - assert 1763324160.000001627, sequence: 3369 - clear  0.000000000, sequence: 0
source 0 - assert 1763324161.000002745, sequence: 3370 - clear  0.000000000, sequence: 0
source 0 - assert 1763324161.999999068, sequence: 3371 - clear  0.000000000, sequence: 0
source 0 - assert 1763324163.000000440, sequence: 3372 - clear  0.000000000, sequence: 0
source 0 - assert 1763324164.000003983, sequence: 3373 - clear  0.000000000, sequence: 0
source 0 - assert 1763324165.000003647, sequence: 3374 - clear  0.000000000, sequence: 0
source 0 - assert 1763324166.000005393, sequence: 3375 - clear  0.000000000, sequence: 0
source 0 - assert 1763324166.999999103, sequence: 3376 - clear  0.000000000, sequence: 0
source 0 - assert 1763324168.000002164, sequence: 3377 - clear  0.000000000, sequence: 0
source 0 - assert 1763324169.000003554, sequence: 3378 - clear  0.000000000, sequence: 0
source 0 - assert 1763324170.000002595, sequence: 3379 - clear  0.000000000, sequence: 0
source 0 - assert 1763324170.999998955, sequence: 3380 - clear  0.000000000, sequence: 0
source 0 - assert 1763324172.000002035, sequence: 3381 - clear  0.000000000, sequence: 0
source 0 - assert 1763324172.999999412, sequence: 3382 - clear  0.000000000, sequence: 0
source 0 - assert 1763324174.000004343, sequence: 3383 - clear  0.000000000, sequence: 0
source 0 - assert 1763324175.000001931, sequence: 3384 - clear  0.000000000, sequence: 0
source 0 - assert 1763324176.000003998, sequence: 3385 - clear  0.000000000, sequence: 0
source 0 - assert 1763324177.000002029, sequence: 3386 - clear  0.000000000, sequence: 0
source 0 - assert 1763324178.000000528, sequence: 3387 - clear  0.000000000, sequence: 0
source 0 - assert 1763324179.000002070, sequence: 3388 - clear  0.000000000, sequence: 0
source 0 - assert 1763324180.000001151, sequence: 3389 - clear  0.000000000, sequence: 0
source 0 - assert 1763324181.000001234, sequence: 3390 - clear  0.000000000, sequence: 0
source 0 - assert 1763324182.000001244, sequence: 3391 - clear  0.000000000, sequence: 0
source 0 - assert 1763324182.999998203, sequence: 3392 - clear  0.000000000, sequence: 0
source 0 - assert 1763324184.000004623, sequence: 3393 - clear  0.000000000, sequence: 0
source 0 - assert 1763324184.999996848, sequence: 3394 - clear  0.000000000, sequence: 0
source 0 - assert 1763324186.000006179, sequence: 3395 - clear  0.000000000, sequence: 0
source 0 - assert 1763324187.000001214, sequence: 3396 - clear  0.000000000, sequence: 0
source 0 - assert 1763324188.000000874, sequence: 3397 - clear  0.000000000, sequence: 0
source 0 - assert 1763324189.000004528, sequence: 3398 - clear  0.000000000, sequence: 0
source 0 - assert 1763324189.999998195, sequence: 3399 - clear  0.000000000, sequence: 0
source 0 - assert 1763324191.000001735, sequence: 3400 - clear  0.000000000, sequence: 0
source 0 - assert 1763324191.999997828, sequence: 3401 - clear  0.000000000, sequence: 0
source 0 - assert 1763324192.999998629, sequence: 3402 - clear  0.000000000, sequence: 0
source 0 - assert 1763324194.000005800, sequence: 3403 - clear  0.000000000, sequence: 0
source 0 - assert 1763324195.000004214, sequence: 3404 - clear  0.000000000, sequence: 0
source 0 - assert 1763324196.000002582, sequence: 3405 - clear  0.000000000, sequence: 0
source 0 - assert 1763324197.000000235, sequence: 3406 - clear  0.000000000, sequence: 0
source 0 - assert 1763324198.000002746, sequence: 3407 - clear  0.000000000, sequence: 0
source 0 - assert 1763324199.000002120, sequence: 3408 - clear  0.000000000, sequence: 0
source 0 - assert 1763324199.999999794, sequence: 3409 - clear  0.000000000, sequence: 0
source 0 - assert 1763324200.999998882, sequence: 3410 - clear  0.000000000, sequence: 0
source 0 - assert 1763324202.000002096, sequence: 3411 - clear  0.000000000, sequence: 0
source 0 - assert 1763324202.999998667, sequence: 3412 - clear  0.000000000, sequence: 0
source 0 - assert 1763324204.000002201, sequence: 3413 - clear  0.000000000, sequence: 0
source 0 - assert 1763324204.999999862, sequence: 3414 - clear  0.000000000, sequence: 0
source 0 - assert 1763324206.000002067, sequence: 3415 - clear  0.000000000, sequence: 0
source 0 - assert 1763324207.000004069, sequence: 3416 - clear  0.000000000, sequence: 0
source 0 - assert 1763324207.999998899, sequence: 3417 - clear  0.000000000, sequence: 0
source 0 - assert 1763324209.000005481, sequence: 3418 - clear  0.000000000, sequence: 0
source 0 - assert 1763324209.999996707, sequence: 3419 - clear  0.000000000, sequence: 0
source 0 - assert 1763324211.000001420, sequence: 3420 - clear  0.000000000, sequence: 0
source 0 - assert 1763324211.999999336, sequence: 3421 - clear  0.000000000, sequence: 0
source 0 - assert 1763324212.999999699, sequence: 3422 - clear  0.000000000, sequence: 0
source 0 - assert 1763324214.000003788, sequence: 3423 - clear  0.000000000, sequence: 0
source 0 - assert 1763324215.000001177, sequence: 3424 - clear  0.000000000, sequence: 0
source 0 - assert 1763324216.000001853, sequence: 3425 - clear  0.000000000, sequence: 0
source 0 - assert 1763324217.000008188, sequence: 3426 - clear  0.000000000, sequence: 0
source 0 - assert 1763324218.000001685, sequence: 3427 - clear  0.000000000, sequence: 0
source 0 - assert 1763324219.000002517, sequence: 3428 - clear  0.000000000, sequence: 0
source 0 - assert 1763324220.000005668, sequence: 3429 - clear  0.000000000, sequence: 0
source 0 - assert 1763324221.000000409, sequence: 3430 - clear  0.000000000, sequence: 0
source 0 - assert 1763324222.000007827, sequence: 3431 - clear  0.000000000, sequence: 0
source 0 - assert 1763324223.000000162, sequence: 3432 - clear  0.000000000, sequence: 0
source 0 - assert 1763324224.000003836, sequence: 3433 - clear  0.000000000, sequence: 0
source 0 - assert 1763324225.000007371, sequence: 3434 - clear  0.000000000, sequence: 0
source 0 - assert 1763324226.000004202, sequence: 3435 - clear  0.000000000, sequence: 0
source 0 - assert 1763324227.000000421, sequence: 3436 - clear  0.000000000, sequence: 0
source 0 - assert 1763324227.999999127, sequence: 3437 - clear  0.000000000, sequence: 0
source 0 - assert 1763324229.000003203, sequence: 3438 - clear  0.000000000, sequence: 0
source 0 - assert 1763324230.000003953, sequence: 3439 - clear  0.000000000, sequence: 0
source 0 - assert 1763324231.000002295, sequence: 3440 - clear  0.000000000, sequence: 0
source 0 - assert 1763324232.000001726, sequence: 3441 - clear  0.000000000, sequence: 0
source 0 - assert 1763324232.999996755, sequence: 3442 - clear  0.000000000, sequence: 0
source 0 - assert 1763324234.000005737, sequence: 3443 - clear  0.000000000, sequence: 0
source 0 - assert 1763324235.000006321, sequence: 3444 - clear  0.000000000, sequence: 0
source 0 - assert 1763324236.000001612, sequence: 3445 - clear  0.000000000, sequence: 0
source 0 - assert 1763324236.999999371, sequence: 3446 - clear  0.000000000, sequence: 0
source 0 - assert 1763324238.000003581, sequence: 3447 - clear  0.000000000, sequence: 0
source 0 - assert 1763324239.000002540, sequence: 3448 - clear  0.000000000, sequence: 0
source 0 - assert 1763324240.000005193, sequence: 3449 - clear  0.000000000, sequence: 0
source 0 - assert 1763324241.000002729, sequence: 3450 - clear  0.000000000, sequence: 0
source 0 - assert 1763324242.000001913, sequence: 3451 - clear  0.000000000, sequence: 0
source 0 - assert 1763324242.999998711, sequence: 3452 - clear  0.000000000, sequence: 0
source 0 - assert 1763324244.000004966, sequence: 3453 - clear  0.000000000, sequence: 0
source 0 - assert 1763324245.000005171, sequence: 3454 - clear  0.000000000, sequence: 0
source 0 - assert 1763324246.000000719, sequence: 3455 - clear  0.000000000, sequence: 0
source 0 - assert 1763324246.999998202, sequence: 3456 - clear  0.000000000, sequence: 0
source 0 - assert 1763324248.000002077, sequence: 3457 - clear  0.000000000, sequence: 0
source 0 - assert 1763324249.000004375, sequence: 3458 - clear  0.000000000, sequence: 0
source 0 - assert 1763324250.000000742, sequence: 3459 - clear  0.000000000, sequence: 0
source 0 - assert 1763324250.999999708, sequence: 3460 - clear  0.000000000, sequence: 0
source 0 - assert 1763324251.999996535, sequence: 3461 - clear  0.000000000, sequence: 0
source 0 - assert 1763324253.000000915, sequence: 3462 - clear  0.000000000, sequence: 0
source 0 - assert 1763324254.000003828, sequence: 3463 - clear  0.000000000, sequence: 0
source 0 - assert 1763324255.000006870, sequence: 3464 - clear  0.000000000, sequence: 0
source 0 - assert 1763324256.000000070, sequence: 3465 - clear  0.000000000, sequence: 0
source 0 - assert 1763324257.000002352, sequence: 3466 - clear  0.000000000, sequence: 0
source 0 - assert 1763324258.000004096, sequence: 3467 - clear  0.000000000, sequence: 0
source 0 - assert 1763324259.000005358, sequence: 3468 - clear  0.000000000, sequence: 0
source 0 - assert 1763324260.000001655, sequence: 3469 - clear  0.000000000, sequence: 0
source 0 - assert 1763324261.000002159, sequence: 3470 - clear  0.000000000, sequence: 0
source 0 - assert 1763324262.000001023, sequence: 3471 - clear  0.000000000, sequence: 0
source 0 - assert 1763324263.000001777, sequence: 3472 - clear  0.000000000, sequence: 0
source 0 - assert 1763324263.999996803, sequence: 3473 - clear  0.000000000, sequence: 0
source 0 - assert 1763324265.000001711, sequence: 3474 - clear  0.000000000, sequence: 0
source 0 - assert 1763324266.000001195, sequence: 3475 - clear  0.000000000, sequence: 0
source 0 - assert 1763324267.000000208, sequence: 3476 - clear  0.000000000, sequence: 0
source 0 - assert 1763324268.000004994, sequence: 3477 - clear  0.000000000, sequence: 0
source 0 - assert 1763324269.000001574, sequence: 3478 - clear  0.000000000, sequence: 0
source 0 - assert 1763324270.000003832, sequence: 3479 - clear  0.000000000, sequence: 0
source 0 - assert 1763324271.000000543, sequence: 3480 - clear  0.000000000, sequence: 0
source 0 - assert 1763324272.000000751, sequence: 3481 - clear  0.000000000, sequence: 0
source 0 - assert 1763324273.000002496, sequence: 3482 - clear  0.000000000, sequence: 0
source 0 - assert 1763324273.999998653, sequence: 3483 - clear  0.000000000, sequence: 0
source 0 - assert 1763324275.000006982, sequence: 3484 - clear  0.000000000, sequence: 0
source 0 - assert 1763324275.999999273, sequence: 3485 - clear  0.000000000, sequence: 0
source 0 - assert 1763324277.000004310, sequence: 3486 - clear  0.000000000, sequence: 0
source 0 - assert 1763324277.999999989, sequence: 3487 - clear  0.000000000, sequence: 0
source 0 - assert 1763324279.000001925, sequence: 3488 - clear  0.000000000, sequence: 0
source 0 - assert 1763324280.000005300, sequence: 3489 - clear  0.000000000, sequence: 0
source 0 - assert 1763324281.000002379, sequence: 3490 - clear  0.000000000, sequence: 0
source 0 - assert 1763324282.000002825, sequence: 3491 - clear  0.000000000, sequence: 0
source 0 - assert 1763324283.000002254, sequence: 3492 - clear  0.000000000, sequence: 0
source 0 - assert 1763324284.000001015, sequence: 3493 - clear  0.000000000, sequence: 0
source 0 - assert 1763324285.000000381, sequence: 3494 - clear  0.000000000, sequence: 0
source 0 - assert 1763324286.000005838, sequence: 3495 - clear  0.000000000, sequence: 0
source 0 - assert 1763324287.000001527, sequence: 3496 - clear  0.000000000, sequence: 0
source 0 - assert 1763324287.999998234, sequence: 3497 - clear  0.000000000, sequence: 0
source 0 - assert 1763324289.000000667, sequence: 3498 - clear  0.000000000, sequence: 0
source 0 - assert 1763324290.000004467, sequence: 3499 - clear  0.000000000, sequence: 0
source 0 - assert 1763324291.000000550, sequence: 3500 - clear  0.000000000, sequence: 0
source 0 - assert 1763324291.999996755, sequence: 3501 - clear  0.000000000, sequence: 0
source 0 - assert 1763324293.000003373, sequence: 3502 - clear  0.000000000, sequence: 0
source 0 - assert 1763324293.999999978, sequence: 3503 - clear  0.000000000, sequence: 0
source 0 - assert 1763324295.000008065, sequence: 3504 - clear  0.000000000, sequence: 0
source 0 - assert 1763324296.000002070, sequence: 3505 - clear  0.000000000, sequence: 0
source 0 - assert 1763324297.000001832, sequence: 3506 - clear  0.000000000, sequence: 0
source 0 - assert 1763324298.000000543, sequence: 3507 - clear  0.000000000, sequence: 0
source 0 - assert 1763324298.999999997, sequence: 3508 - clear  0.000000000, sequence: 0
source 0 - assert 1763324299.999999709, sequence: 3509 - clear  0.000000000, sequence: 0
source 0 - assert 1763324301.000001769, sequence: 3510 - clear  0.000000000, sequence: 0
source 0 - assert 1763324302.000000422, sequence: 3511 - clear  0.000000000, sequence: 0
source 0 - assert 1763324303.000000604, sequence: 3512 - clear  0.000000000, sequence: 0
source 0 - assert 1763324304.000002282, sequence: 3513 - clear  0.000000000, sequence: 0
source 0 - assert 1763324305.000005997, sequence: 3514 - clear  0.000000000, sequence: 0
source 0 - assert 1763324306.000001785, sequence: 3515 - clear  0.000000000, sequence: 0
source 0 - assert 1763324307.000001660, sequence: 3516 - clear  0.000000000, sequence: 0
source 0 - assert 1763324307.999999023, sequence: 3517 - clear  0.000000000, sequence: 0
source 0 - assert 1763324308.999998945, sequence: 3518 - clear  0.000000000, sequence: 0
source 0 - assert 1763324310.000006842, sequence: 3519 - clear  0.000000000, sequence: 0
source 0 - assert 1763324310.999997833, sequence: 3520 - clear  0.000000000, sequence: 0
source 0 - assert 1763324312.000000787, sequence: 3521 - clear  0.000000000, sequence: 0
source 0 - assert 1763324313.000003088, sequence: 3522 - clear  0.000000000, sequence: 0
source 0 - assert 1763324314.000004629, sequence: 3523 - clear  0.000000000, sequence: 0
source 0 - assert 1763324315.000004659, sequence: 3524 - clear  0.000000000, sequence: 0
source 0 - assert 1763324316.000004659, sequence: 3525 - clear  0.000000000, sequence: 0
source 0 - assert 1763324316.999999769, sequence: 3526 - clear  0.000000000, sequence: 0
source 0 - assert 1763324318.000001227, sequence: 3527 - clear  0.000000000, sequence: 0
source 0 - assert 1763324319.000004103, sequence: 3528 - clear  0.000000000, sequence: 0
source 0 - assert 1763324320.000002581, sequence: 3529 - clear  0.000000000, sequence: 0
source 0 - assert 1763324321.000001530, sequence: 3530 - clear  0.000000000, sequence: 0
source 0 - assert 1763324321.999999090, sequence: 3531 - clear  0.000000000, sequence: 0
source 0 - assert 1763324322.999999672, sequence: 3532 - clear  0.000000000, sequence: 0
source 0 - assert 1763324323.999998422, sequence: 3533 - clear  0.000000000, sequence: 0
source 0 - assert 1763324325.000006009, sequence: 3534 - clear  0.000000000, sequence: 0
source 0 - assert 1763324325.999999280, sequence: 3535 - clear  0.000000000, sequence: 0
source 0 - assert 1763324327.000003727, sequence: 3536 - clear  0.000000000, sequence: 0
source 0 - assert 1763324328.000001165, sequence: 3537 - clear  0.000000000, sequence: 0
source 0 - assert 1763324329.000001985, sequence: 3538 - clear  0.000000000, sequence: 0
source 0 - assert 1763324330.000007856, sequence: 3539 - clear  0.000000000, sequence: 0
source 0 - assert 1763324330.999997823, sequence: 3540 - clear  0.000000000, sequence: 0
source 0 - assert 1763324332.000001219, sequence: 3541 - clear  0.000000000, sequence: 0
source 0 - assert 1763324332.999999420, sequence: 3542 - clear  0.000000000, sequence: 0
source 0 - assert 1763324334.000001712, sequence: 3543 - clear  0.000000000, sequence: 0
source 0 - assert 1763324335.000006117, sequence: 3544 - clear  0.000000000, sequence: 0
source 0 - assert 1763324336.000000617, sequence: 3545 - clear  0.000000000, sequence: 0
source 0 - assert 1763324336.999999254, sequence: 3546 - clear  0.000000000, sequence: 0
source 0 - assert 1763324338.000004128, sequence: 3547 - clear  0.000000000, sequence: 0
source 0 - assert 1763324338.999999998, sequence: 3548 - clear  0.000000000, sequence: 0
source 0 - assert 1763324340.000007750, sequence: 3549 - clear  0.000000000, sequence: 0
source 0 - assert 1763324340.999998924, sequence: 3550 - clear  0.000000000, sequence: 0
source 0 - assert 1763324342.000001098, sequence: 3551 - clear  0.000000000, sequence: 0
source 0 - assert 1763324343.000004598, sequence: 3552 - clear  0.000000000, sequence: 0
source 0 - assert 1763324343.999998222, sequence: 3553 - clear  0.000000000, sequence: 0
source 0 - assert 1763324345.000005427, sequence: 3554 - clear  0.000000000, sequence: 0
source 0 - assert 1763324346.000002668, sequence: 3555 - clear  0.000000000, sequence: 0
source 0 - assert 1763324346.999998809, sequence: 3556 - clear  0.000000000, sequence: 0
source 0 - assert 1763324347.999998356, sequence: 3557 - clear  0.000000000, sequence: 0
source 0 - assert 1763324348.999999608, sequence: 3558 - clear  0.000000000, sequence: 0
source 0 - assert 1763324350.000002829, sequence: 3559 - clear  0.000000000, sequence: 0
source 0 - assert 1763324351.000004014, sequence: 3560 - clear  0.000000000, sequence: 0
source 0 - assert 1763324351.999998714, sequence: 3561 - clear  0.000000000, sequence: 0
source 0 - assert 1763324353.000000241, sequence: 3562 - clear  0.000000000, sequence: 0
source 0 - assert 1763324353.999999815, sequence: 3563 - clear  0.000000000, sequence: 0
source 0 - assert 1763324355.000003739, sequence: 3564 - clear  0.000000000, sequence: 0
source 0 - assert 1763324356.000003801, sequence: 3565 - clear  0.000000000, sequence: 0
source 0 - assert 1763324357.000001094, sequence: 3566 - clear  0.000000000, sequence: 0
source 0 - assert 1763324357.999998828, sequence: 3567 - clear  0.000000000, sequence: 0
source 0 - assert 1763324358.999998533, sequence: 3568 - clear  0.000000000, sequence: 0
source 0 - assert 1763324360.000003791, sequence: 3569 - clear  0.000000000, sequence: 0
source 0 - assert 1763324361.000000870, sequence: 3570 - clear  0.000000000, sequence: 0
source 0 - assert 1763324362.000002505, sequence: 3571 - clear  0.000000000, sequence: 0
source 0 - assert 1763324363.000000975, sequence: 3572 - clear  0.000000000, sequence: 0
source 0 - assert 1763324364.000002897, sequence: 3573 - clear  0.000000000, sequence: 0
source 0 - assert 1763324365.000002521, sequence: 3574 - clear  0.000000000, sequence: 0
source 0 - assert 1763324366.000002890, sequence: 3575 - clear  0.000000000, sequence: 0
source 0 - assert 1763324366.999998418, sequence: 3576 - clear  0.000000000, sequence: 0
source 0 - assert 1763324368.000001512, sequence: 3577 - clear  0.000000000, sequence: 0
source 0 - assert 1763324369.000002379, sequence: 3578 - clear  0.000000000, sequence: 0
source 0 - assert 1763324370.000002913, sequence: 3579 - clear  0.000000000, sequence: 0
source 0 - assert 1763324371.000001122, sequence: 3580 - clear  0.000000000, sequence: 0
source 0 - assert 1763324371.999999407, sequence: 3581 - clear  0.000000000, sequence: 0
source 0 - assert 1763324372.999999620, sequence: 3582 - clear  0.000000000, sequence: 0
source 0 - assert 1763324374.000001495, sequence: 3583 - clear  0.000000000, sequence: 0
source 0 - assert 1763324375.000001747, sequence: 3584 - clear  0.000000000, sequence: 0
source 0 - assert 1763324376.000006319, sequence: 3585 - clear  0.000000000, sequence: 0
source 0 - assert 1763324377.000000315, sequence: 3586 - clear  0.000000000, sequence: 0
source 0 - assert 1763324377.999999236, sequence: 3587 - clear  0.000000000, sequence: 0
source 0 - assert 1763324379.000000609, sequence: 3588 - clear  0.000000000, sequence: 0
source 0 - assert 1763324380.000002497, sequence: 3589 - clear  0.000000000, sequence: 0
source 0 - assert 1763324381.000006187, sequence: 3590 - clear  0.000000000, sequence: 0
source 0 - assert 1763324382.000000960, sequence: 3591 - clear  0.000000000, sequence: 0
source 0 - assert 1763324382.999999577, sequence: 3592 - clear  0.000000000, sequence: 0
source 0 - assert 1763324383.999999067, sequence: 3593 - clear  0.000000000, sequence: 0
source 0 - assert 1763324385.000004699, sequence: 3594 - clear  0.000000000, sequence: 0
source 0 - assert 1763324386.000000379, sequence: 3595 - clear  0.000000000, sequence: 0
source 0 - assert 1763324387.000004754, sequence: 3596 - clear  0.000000000, sequence: 0
source 0 - assert 1763324388.000001575, sequence: 3597 - clear  0.000000000, sequence: 0
source 0 - assert 1763324389.000001539, sequence: 3598 - clear  0.000000000, sequence: 0
source 0 - assert 1763324390.000001754, sequence: 3599 - clear  0.000000000, sequence: 0
source 0 - assert 1763324390.999999666, sequence: 3600 - clear  0.000000000, sequence: 0
source 0 - assert 1763324392.000002193, sequence: 3601 - clear  0.000000000, sequence: 0
source 0 - assert 1763324392.999999105, sequence: 3602 - clear  0.000000000, sequence: 0
source 0 - assert 1763324394.000001414, sequence: 3603 - clear  0.000000000, sequence: 0
source 0 - assert 1763324395.000003879, sequence: 3604 - clear  0.000000000, sequence: 0
source 0 - assert 1763324396.000000246, sequence: 3605 - clear  0.000000000, sequence: 0
source 0 - assert 1763324396.999999533, sequence: 3606 - clear  0.000000000, sequence: 0
source 0 - assert 1763324398.000000632, sequence: 3607 - clear  0.000000000, sequence: 0
source 0 - assert 1763324398.999998510, sequence: 3608 - clear  0.000000000, sequence: 0
source 0 - assert 1763324400.000004593, sequence: 3609 - clear  0.000000000, sequence: 0
source 0 - assert 1763324400.999997796, sequence: 3610 - clear  0.000000000, sequence: 0
source 0 - assert 1763324402.000000960, sequence: 3611 - clear  0.000000000, sequence: 0
source 0 - assert 1763324402.999998962, sequence: 3612 - clear  0.000000000, sequence: 0
source 0 - assert 1763324404.000000297, sequence: 3613 - clear  0.000000000, sequence: 0
source 0 - assert 1763324405.000007545, sequence: 3614 - clear  0.000000000, sequence: 0
source 0 - assert 1763324406.000000699, sequence: 3615 - clear  0.000000000, sequence: 0
source 0 - assert 1763324407.000003025, sequence: 3616 - clear  0.000000000, sequence: 0
source 0 - assert 1763324408.000001078, sequence: 3617 - clear  0.000000000, sequence: 0
source 0 - assert 1763324409.000004489, sequence: 3618 - clear  0.000000000, sequence: 0
source 0 - assert 1763324410.000005115, sequence: 3619 - clear  0.000000000, sequence: 0
source 0 - assert 1763324410.999998542, sequence: 3620 - clear  0.000000000, sequence: 0
source 0 - assert 1763324412.000001871, sequence: 3621 - clear  0.000000000, sequence: 0
source 0 - assert 1763324412.999999954, sequence: 3622 - clear  0.000000000, sequence: 0
source 0 - assert 1763324414.000000956, sequence: 3623 - clear  0.000000000, sequence: 0
source 0 - assert 1763324415.000006202, sequence: 3624 - clear  0.000000000, sequence: 0
source 0 - assert 1763324416.000000361, sequence: 3625 - clear  0.000000000, sequence: 0
source 0 - assert 1763324417.000003364, sequence: 3626 - clear  0.000000000, sequence: 0
source 0 - assert 1763324417.999998917, sequence: 3627 - clear  0.000000000, sequence: 0
source 0 - assert 1763324419.000002377, sequence: 3628 - clear  0.000000000, sequence: 0
source 0 - assert 1763324420.000006554, sequence: 3629 - clear  0.000000000, sequence: 0
source 0 - assert 1763324421.000001086, sequence: 3630 - clear  0.000000000, sequence: 0
source 0 - assert 1763324421.999999583, sequence: 3631 - clear  0.000000000, sequence: 0
source 0 - assert 1763324422.999996083, sequence: 3632 - clear  0.000000000, sequence: 0
source 0 - assert 1763324423.999999837, sequence: 3633 - clear  0.000000000, sequence: 0
source 0 - assert 1763324425.000002929, sequence: 3634 - clear  0.000000000, sequence: 0
source 0 - assert 1763324426.000000309, sequence: 3635 - clear  0.000000000, sequence: 0
source 0 - assert 1763324426.999998097, sequence: 3636 - clear  0.000000000, sequence: 0
source 0 - assert 1763324428.000000828, sequence: 3637 - clear  0.000000000, sequence: 0
source 0 - assert 1763324429.000000532, sequence: 3638 - clear  0.000000000, sequence: 0
source 0 - assert 1763324430.000005522, sequence: 3639 - clear  0.000000000, sequence: 0
source 0 - assert 1763324430.999999603, sequence: 3640 - clear  0.000000000, sequence: 0
source 0 - assert 1763324432.000001154, sequence: 3641 - clear  0.000000000, sequence: 0
source 0 - assert 1763324432.999998806, sequence: 3642 - clear  0.000000000, sequence: 0
source 0 - assert 1763324434.000004277, sequence: 3643 - clear  0.000000000, sequence: 0
source 0 - assert 1763324435.000003661, sequence: 3644 - clear  0.000000000, sequence: 0
source 0 - assert 1763324436.000002964, sequence: 3645 - clear  0.000000000, sequence: 0
source 0 - assert 1763324437.000006545, sequence: 3646 - clear  0.000000000, sequence: 0
source 0 - assert 1763324438.000001368, sequence: 3647 - clear  0.000000000, sequence: 0
source 0 - assert 1763324439.000001239, sequence: 3648 - clear  0.000000000, sequence: 0
source 0 - assert 1763324440.000005692, sequence: 3649 - clear  0.000000000, sequence: 0
source 0 - assert 1763324441.000002267, sequence: 3650 - clear  0.000000000, sequence: 0
source 0 - assert 1763324442.000001898, sequence: 3651 - clear  0.000000000, sequence: 0
source 0 - assert 1763324443.000004116, sequence: 3652 - clear  0.000000000, sequence: 0
source 0 - assert 1763324444.000001927, sequence: 3653 - clear  0.000000000, sequence: 0
source 0 - assert 1763324445.000004056, sequence: 3654 - clear  0.000000000, sequence: 0
source 0 - assert 1763324445.999998713, sequence: 3655 - clear  0.000000000, sequence: 0
source 0 - assert 1763324447.000001412, sequence: 3656 - clear  0.000000000, sequence: 0
source 0 - assert 1763324447.999997821, sequence: 3657 - clear  0.000000000, sequence: 0
source 0 - assert 1763324449.000005043, sequence: 3658 - clear  0.000000000, sequence: 0
source 0 - assert 1763324450.000001058, sequence: 3659 - clear  0.000000000, sequence: 0
source 0 - assert 1763324451.000002388, sequence: 3660 - clear  0.000000000, sequence: 0
source 0 - assert 1763324451.999997459, sequence: 3661 - clear  0.000000000, sequence: 0
source 0 - assert 1763324453.000002020, sequence: 3662 - clear  0.000000000, sequence: 0
source 0 - assert 1763324454.000000980, sequence: 3663 - clear  0.000000000, sequence: 0
source 0 - assert 1763324455.000003812, sequence: 3664 - clear  0.000000000, sequence: 0
source 0 - assert 1763324455.999998940, sequence: 3665 - clear  0.000000000, sequence: 0
source 0 - assert 1763324457.000000086, sequence: 3666 - clear  0.000000000, sequence: 0
source 0 - assert 1763324457.999998065, sequence: 3667 - clear  0.000000000, sequence: 0
source 0 - assert 1763324459.000001035, sequence: 3668 - clear  0.000000000, sequence: 0
source 0 - assert 1763324460.000005363, sequence: 3669 - clear  0.000000000, sequence: 0
source 0 - assert 1763324460.999999823, sequence: 3670 - clear  0.000000000, sequence: 0
source 0 - assert 1763324462.000001998, sequence: 3671 - clear  0.000000000, sequence: 0
source 0 - assert 1763324463.000001259, sequence: 3672 - clear  0.000000000, sequence: 0
source 0 - assert 1763324463.999997925, sequence: 3673 - clear  0.000000000, sequence: 0
source 0 - assert 1763324465.000003646, sequence: 3674 - clear  0.000000000, sequence: 0
source 0 - assert 1763324466.000002225, sequence: 3675 - clear  0.000000000, sequence: 0
Terminated
