ptp4l[458836.948]: selected /dev/ptp0 as PTP clock
ptp4l[458836.953]: port 1 (eth0): INITIALIZING to LISTENING on INIT_COMPLETE
ptp4l[458836.954]: port 0 (/var/run/ptp/ptp4l): INITIALIZING to LISTENING on INIT_COMPLETE
ptp4l[458836.954]: port 0 (/var/run/ptp/ptp4lro): INITIALIZING to LISTENING on INIT_COMPLETE
ptp4l[458843.436]: selected local clock 000000.fffe.049f06 as best master
ptp4l[458846.762]: port 1 (eth0): new foreign master 641c10.fffe.f12579-1
ptp4l[458850.762]: selected best master clock 641c10.fffe.f12579
ptp4l[458850.762]: port 1 (eth0): LISTENING to UNCALIBRATED on RS_SLAVE
ptp4l[458852.762]: master offset    -119058 s0 freq  -80736 path delay       957
ptp4l[458853.762]: master offset    -119436 s1 freq  -81114 path delay       974
ptp4l[458854.762]: master offset       1070 s2 freq  -80044 path delay       974
ptp4l[458854.763]: port 1 (eth0): UNCALIBRATED to SLAVE on MASTER_CLOCK_SELECTED
ptp4l[458855.762]: master offset       1126 s2 freq  -79667 path delay       974
ptp4l[458856.763]: master offset        798 s2 freq  -79657 path delay       992
ptp4l[458857.763]: master offset        535 s2 freq  -79681 path delay       992
ptp4l[458858.763]: master offset        344 s2 freq  -79711 path delay       974
ptp4l[458859.763]: master offset        248 s2 freq  -79704 path delay       972
ptp4l[458860.763]: master offset        208 s2 freq  -79670 path delay       964
ptp4l[458861.763]: master offset        159 s2 freq  -79656 path delay       956
ptp4l[458862.763]: master offset        159 s2 freq  -79608 path delay       955
ptp4l[458863.763]: master offset        168 s2 freq  -79552 path delay       953
ptp4l[458864.763]: master offset        165 s2 freq  -79504 path delay       953
ptp4l[458865.763]: master offset        178 s2 freq  -79442 path delay       948
ptp4l[458866.764]: master offset        183 s2 freq  -79383 path delay       948
ptp4l[458867.764]: master offset        192 s2 freq  -79320 path delay       937
ptp4l[458868.764]: master offset        202 s2 freq  -79252 path delay       933
ptp4l[458869.764]: master offset        200 s2 freq  -79193 path delay       933
ptp4l[458870.764]: master offset        262 s2 freq  -79071 path delay       933
ptp4l[458871.764]: master offset        261 s2 freq  -78994 path delay       933
ptp4l[458872.764]: master offset        261 s2 freq  -78915 path delay       934
ptp4l[458873.764]: master offset        263 s2 freq  -78835 path delay       934
ptp4l[458874.765]: master offset        267 s2 freq  -78752 path delay       934
ptp4l[458875.765]: master offset        265 s2 freq  -78674 path delay       934
ptp4l[458876.765]: master offset        321 s2 freq  -78539 path delay       934
ptp4l[458877.765]: master offset        327 s2 freq  -78436 path delay       934
ptp4l[458878.765]: master offset        322 s2 freq  -78343 path delay       935
ptp4l[458879.765]: master offset        327 s2 freq  -78242 path delay       935
ptp4l[458880.765]: master offset        326 s2 freq  -78145 path delay       935
ptp4l[458881.765]: master offset        326 s2 freq  -78047 path delay       935
ptp4l[458882.765]: master offset        387 s2 freq  -77888 path delay       935
ptp4l[458883.765]: master offset        385 s2 freq  -77774 path delay       935
ptp4l[458884.765]: master offset        383 s2 freq  -77660 path delay       935
ptp4l[458885.766]: master offset        433 s2 freq  -77495 path delay       935
ptp4l[458886.766]: master offset        435 s2 freq  -77364 path delay       935
ptp4l[458887.766]: master offset        483 s2 freq  -77185 path delay       935
ptp4l[458888.766]: master offset        483 s2 freq  -77040 path delay       935
ptp4l[458889.766]: master offset        482 s2 freq  -76896 path delay       935
ptp4l[458890.766]: master offset        539 s2 freq  -76695 path delay       935
ptp4l[458891.766]: master offset        533 s2 freq  -76539 path delay       936
ptp4l[458892.767]: master offset        534 s2 freq  -76378 path delay       936
ptp4l[458893.767]: master offset        584 s2 freq  -76168 path delay       936
ptp4l[458894.767]: master offset        588 s2 freq  -75989 path delay       936
ptp4l[458895.767]: master offset        637 s2 freq  -75763 path delay       936
ptp4l[458896.767]: master offset        636 s2 freq  -75573 path delay       936
ptp4l[458897.767]: master offset        694 s2 freq  -75324 path delay       932
ptp4l[458898.767]: master offset        691 s2 freq  -75119 path delay       932
ptp4l[458899.767]: master offset        750 s2 freq  -74853 path delay       934
ptp4l[458900.767]: master offset        746 s2 freq  -74632 path delay       934
ptp4l[458901.768]: master offset        814 s2 freq  -74340 path delay       930
ptp4l[458902.768]: master offset        812 s2 freq  -74098 path delay       930
ptp4l[458903.768]: master offset        861 s2 freq  -73805 path delay       930
ptp4l[458904.768]: master offset        872 s2 freq  -73536 path delay       930
ptp4l[458905.768]: master offset        928 s2 freq  -73218 path delay       926
ptp4l[458906.768]: master offset        981 s2 freq  -72887 path delay       926
ptp4l[458907.768]: master offset        975 s2 freq  -72599 path delay       932
ptp4l[458908.768]: master offset       1031 s2 freq  -72250 path delay       932
ptp4l[458909.768]: master offset       1094 s2 freq  -71878 path delay       924
ptp4l[458910.769]: master offset       1099 s2 freq  -71545 path delay       924
ptp4l[458911.769]: master offset       1144 s2 freq  -71170 path delay       929
ptp4l[458912.769]: master offset       1206 s2 freq  -70765 path delay       924
ptp4l[458913.769]: master offset       1258 s2 freq  -70351 path delay       924
ptp4l[458914.769]: master offset       1310 s2 freq  -69922 path delay       924
ptp4l[458915.769]: master offset       1362 s2 freq  -69477 path delay       924
ptp4l[458916.769]: master offset       1414 s2 freq  -69016 path delay       922
ptp4l[458917.769]: master offset       1467 s2 freq  -68539 path delay       920
ptp4l[458918.770]: master offset       1574 s2 freq  -67992 path delay       920
ptp4l[458919.769]: master offset       1621 s2 freq  -67472 path delay       920
ptp4l[458920.769]: master offset       1678 s2 freq  -66929 path delay       918
ptp4l[458921.770]: master offset       1722 s2 freq  -66382 path delay       921
ptp4l[458922.770]: master offset       1780 s2 freq  -65807 path delay       921
ptp4l[458923.770]: master offset       1885 s2 freq  -65168 path delay       921
ptp4l[458924.770]: master offset       1936 s2 freq  -64552 path delay       923
ptp4l[458925.770]: master offset       2042 s2 freq  -63865 path delay       923
ptp4l[458926.770]: master offset       2095 s2 freq  -63199 path delay       922
ptp4l[458927.770]: master offset       2202 s2 freq  -62464 path delay       922
ptp4l[458928.771]: master offset       2254 s2 freq  -61751 path delay       922
ptp4l[458929.771]: master offset       2354 s2 freq  -60975 path delay       923
ptp4l[458930.771]: master offset       2464 s2 freq  -60159 path delay       922
ptp4l[458931.771]: master offset       2569 s2 freq  -59315 path delay       920
ptp4l[458932.771]: master offset       2668 s2 freq  -58445 path delay       920
ptp4l[458933.771]: master offset       2780 s2 freq  -57532 path delay       918
ptp4l[458934.771]: master offset       2886 s2 freq  -56592 path delay       918
ptp4l[458935.771]: master offset       2987 s2 freq  -55626 path delay       918
ptp4l[458936.771]: master offset       3099 s2 freq  -54618 path delay       912
ptp4l[458937.772]: master offset       3259 s2 freq  -53528 path delay       912
ptp4l[458938.772]: master offset       3365 s2 freq  -52444 path delay       910
ptp4l[458939.772]: master offset       3528 s2 freq  -51272 path delay       910
ptp4l[458940.772]: master offset       3634 s2 freq  -50107 path delay       906
ptp4l[458941.772]: master offset       3789 s2 freq  -48862 path delay       908
ptp4l[458942.772]: master offset       3946 s2 freq  -47568 path delay       905
ptp4l[458943.772]: master offset       4101 s2 freq  -46230 path delay       905
ptp4l[458944.772]: master offset       4261 s2 freq  -44839 path delay       908
ptp4l[458945.773]: master offset       4416 s2 freq  -43406 path delay       908
ptp4l[458946.773]: master offset       4619 s2 freq  -41878 path delay       908
ptp4l[458947.773]: master offset       4785 s2 freq  -40326 path delay       905
ptp4l[458948.773]: master offset       4996 s2 freq  -38680 path delay       905
ptp4l[458949.773]: master offset       5195 s2 freq  -36982 path delay       908
ptp4l[458950.773]: master offset       5406 s2 freq  -35213 path delay       908
ptp4l[458951.773]: master offset       5611 s2 freq  -33386 path delay       910
ptp4l[458952.773]: master offset       5827 s2 freq  -31487 path delay       902
ptp4l[458953.773]: master offset       6084 s2 freq  -29481 path delay       902
ptp4l[458954.773]: master offset       6302 s2 freq  -27438 path delay       897
ptp4l[458955.773]: master offset       6580 s2 freq  -25270 path delay       881
ptp4l[458956.774]: master offset       6854 s2 freq  -23022 path delay       864
ptp4l[458957.774]: master offset       7062 s2 freq  -20757 path delay       864
ptp4l[458958.774]: master offset       7396 s2 freq  -18305 path delay       845
ptp4l[458959.774]: master offset       7679 s2 freq  -15803 path delay       825
ptp4l[458960.774]: master offset       7989 s2 freq  -13189 path delay       825
ptp4l[458961.774]: master offset       8302 s2 freq  -10480 path delay       825
ptp4l[458962.774]: master offset       8618 s2 freq   -7673 path delay       825
ptp4l[458963.774]: master offset       8978 s2 freq   -4728 path delay       830
ptp4l[458964.775]: master offset       9321 s2 freq   -1691 path delay       856
ptp4l[458965.775]: master offset       9670 s2 freq   +1454 path delay       874
ptp4l[458966.775]: master offset      10092 s2 freq   +4777 path delay       874
ptp4l[458967.775]: master offset      10511 s2 freq   +8224 path delay       874
ptp4l[458968.775]: master offset      10984 s2 freq  +11850 path delay       819
ptp4l[458969.775]: master offset      11395 s2 freq  +15556 path delay       819
ptp4l[458970.775]: master offset      11821 s2 freq  +19401 path delay       819
ptp4l[458971.775]: master offset      12288 s2 freq  +23414 path delay       819
ptp4l[458972.776]: master offset      12758 s2 freq  +27570 path delay       819
ptp4l[458973.776]: master offset      13284 s2 freq  +31924 path delay       819
ptp4l[458974.776]: master offset      13804 s2 freq  +36429 path delay       819
ptp4l[458975.776]: master offset      14378 s2 freq  +41144 path delay       827
ptp4l[458976.776]: master offset      14947 s2 freq  +46027 path delay       827
ptp4l[458977.776]: master offset      15576 s2 freq  +51140 path delay       835
ptp4l[458978.776]: master offset      16201 s2 freq  +56437 path delay       835
ptp4l[458979.776]: master offset      16833 s2 freq  +61930 path delay       835
ptp4l[458980.777]: master offset      17514 s2 freq  +67661 path delay       837
ptp4l[458981.776]: master offset      18191 s2 freq  +73592 path delay       837
ptp4l[458982.776]: master offset      18965 s2 freq  +79823 path delay       796
ptp4l[458983.777]: master offset      19701 s2 freq  +86249 path delay       796
ptp4l[458984.777]: master offset      20482 s2 freq  +92940 path delay       751
ptp4l[458985.777]: master offset      21268 s2 freq  +99871 path delay       751
ptp4l[458986.777]: master offset      22113 s2 freq +107096 path delay       751
ptp4l[458987.777]: master offset      23008 s2 freq +114625 path delay       751
ptp4l[458988.777]: master offset      23949 s2 freq +122468 path delay       751
ptp4l[458989.777]: master offset      24909 s2 freq +130613 path delay       739
ptp4l[458990.777]: master offset      25999 s2 freq +139176 path delay       646
ptp4l[458991.778]: master offset      26952 s2 freq +147928 path delay       646
ptp4l[458992.778]: master offset      27948 s2 freq +157010 path delay       646
ptp4l[458993.778]: master offset      29002 s2 freq +166448 path delay       700
ptp4l[458994.778]: master offset      30273 s2 freq +176420 path delay       700
ptp4l[458995.778]: master offset      31556 s2 freq +186785 path delay       700
ptp4l[458996.778]: master offset      32776 s2 freq +197472 path delay       700
ptp4l[458997.778]: master offset      33998 s2 freq +208526 path delay       801
ptp4l[458998.778]: master offset      35435 s2 freq +220163 path delay       801
ptp4l[458999.778]: master offset      36872 s2 freq +232230 path delay       801
ptp4l[459000.779]: master offset      38360 s2 freq +244780 path delay       801
ptp4l[459001.779]: master offset      39908 s2 freq +257836 path delay       801
ptp4l[459002.779]: master offset      41617 s2 freq +271517 path delay       696
ptp4l[459003.779]: master offset      43163 s2 freq +285548 path delay       696
ptp4l[459004.779]: master offset      44976 s2 freq +300310 path delay       534
ptp4l[459005.779]: master offset      46581 s2 freq +315408 path delay       534
ptp4l[459006.780]: master offset      48406 s2 freq +331207 path delay       534
ptp4l[459007.780]: master offset      50395 s2 freq +347718 path delay       527
ptp4l[459008.780]: master offset      52465 s2 freq +364907 path delay       510
ptp4l[459009.780]: master offset      54559 s2 freq +382740 path delay       516
ptp4l[459010.780]: master offset      56709 s2 freq +401258 path delay       523
ptp4l[459011.780]: master offset      59025 s2 freq +420587 path delay       523
ptp4l[459012.780]: master offset      61351 s2 freq +440620 path delay       575
ptp4l[459013.780]: master offset      63817 s2 freq +461491 path delay       598
ptp4l[459014.781]: master offset      66497 s2 freq +483317 path delay       523
ptp4l[459015.780]: master offset      69079 s2 freq +505848 path delay       479
ptp4l[459016.781]: master offset      71797 s2 freq +529289 path delay       479
ptp4l[459017.781]: master offset      74848 s2 freq +553879 path delay       302
ptp4l[459018.781]: master offset      77621 s2 freq +579107 path delay       302
ptp4l[459019.781]: master offset      80674 s2 freq +605446 path delay       302
ptp4l[459020.781]: master offset      83949 s2 freq +632923 path delay       302
ptp4l[459021.781]: master offset      87345 s2 freq +661504 path delay       302
ptp4l[459022.781]: master offset      90916 s2 freq +691279 path delay       238
ptp4l[459023.781]: master offset      94488 s2 freq +722125 path delay       238
ptp4l[459024.782]: master offset      98214 s2 freq +754198 path delay       238
ptp4l[459025.782]: master offset     102131 s2 freq +787579 path delay       300
ptp4l[459026.782]: master offset     106270 s2 freq +822357 path delay       300
ptp4l[459027.782]: master offset     110590 s2 freq +858558 path delay       300
ptp4l[459028.782]: master offset     114774 s2 freq +895919 path delay       492
ptp4l[459029.782]: master offset     119754 s2 freq +935331 path delay       300
ptp4l[459030.782]: master offset     124649 s2 freq +976153 path delay        70
ptp4l[459031.782]: master offset     129321 s2 freq +1018219 path delay        70
ptp4l[459032.783]: master offset     134533 s2 freq +1062228 path delay       -53
ptp4l[459033.782]: master offset     139932 s2 freq +1107987 path delay      -192
ptp4l[459034.783]: master offset     145374 s2 freq +1155408 path delay      -192
ptp4l[459035.783]: master offset     151184 s2 freq +1204830 path delay      -192
ptp4l[459036.783]: master offset     157233 s2 freq +1256235 path delay      -192
ptp4l[459037.783]: master offset     164093 s2 freq +1310264 path delay      -696
ptp4l[459038.783]: master offset     170395 s2 freq +1365794 path delay      -951
ptp4l[459039.783]: master offset     176811 s2 freq +1423329 path delay      -951
ptp4l[459040.783]: master offset     183839 s2 freq +1483400 path delay      -951
ptp4l[459041.783]: master offset     191248 s2 freq +1545961 path delay      -951
ptp4l[459042.784]: master offset     198707 s2 freq +1610794 path delay      -696
ptp4l[459043.783]: master offset     207256 s2 freq +1678955 path delay      -951
ptp4l[459044.784]: master offset     215418 s2 freq +1749294 path delay      -951
ptp4l[459045.784]: master offset     223961 s2 freq +1822463 path delay      -951
ptp4l[459046.784]: master offset     232899 s2 freq +1898589 path delay      -951
ptp4l[459047.784]: master offset     242161 s2 freq +1977721 path delay      -951
ptp4l[459048.784]: master offset     251879 s2 freq +2060087 path delay      -951
ptp4l[459049.784]: master offset     262558 s2 freq +2146330 path delay     -1509
ptp4l[459050.784]: master offset     271396 s2 freq +2233935 path delay      -431
ptp4l[459051.784]: master offset     284164 s2 freq +2328122 path delay     -1387
ptp4l[459052.785]: master offset     294818 s2 freq +2424025 path delay     -1387
ptp4l[459053.785]: master offset     305807 s2 freq +2523459 path delay      -841
ptp4l[459054.785]: master offset     318595 s2 freq +2627989 path delay      -841
ptp4l[459055.785]: master offset     331529 s2 freq +2736502 path delay      -841
ptp4l[459056.785]: master offset     344816 s2 freq +2849248 path delay      -841
ptp4l[459057.785]: master offset     358603 s2 freq +2966479 path delay      -841
ptp4l[459058.786]: master offset     374145 s2 freq +3089602 path delay     -2015
ptp4l[459059.786]: master offset     388631 s2 freq +3216332 path delay     -2782
ptp4l[459060.786]: master offset     402996 s2 freq +3347286 path delay     -2782
ptp4l[459061.786]: master offset     418248 s2 freq +3483437 path delay     -2181
ptp4l[459062.786]: master offset     436301 s2 freq +3626964 path delay     -2782
ptp4l[459063.786]: master offset     453830 s2 freq +3775384 path delay     -3089
ptp4l[459064.786]: master offset     471677 s2 freq +3929380 path delay     -3089
ptp4l[459065.786]: master offset     490475 s2 freq +4089681 path delay     -3089
ptp4l[459066.787]: master offset     509848 s2 freq +4256196 path delay     -2782
ptp4l[459067.787]: master offset     530738 s2 freq +4430041 path delay     -2923
ptp4l[459068.787]: master offset     552595 s2 freq +4611119 path delay     -3530
ptp4l[459069.787]: master offset     574446 s2 freq +4798749 path delay     -3878
ptp4l[459070.787]: master offset     597916 s2 freq +4994552 path delay     -4995
ptp4l[459071.787]: master offset     620609 s2 freq +5196620 path delay     -4995
ptp4l[459072.787]: master offset     645146 s2 freq +5407340 path delay     -4995
ptp4l[459073.787]: master offset     671046 s2 freq +5626784 path delay     -4995
ptp4l[459074.788]: master offset     698052 s2 freq +5855103 path delay     -4995
ptp4l[459075.788]: master offset     724651 s2 freq +6091118 path delay     -3457
ptp4l[459076.788]: master offset     755333 s2 freq +6339195 path delay     -3457
ptp4l[459077.788]: master offset     787607 s2 freq +6598069 path delay     -5051
ptp4l[459078.788]: master offset     817495 s2 freq +6864239 path delay     -5051
ptp4l[459079.788]: master offset     848632 s2 freq +7140625 path delay     -4084
ptp4l[459080.788]: master offset     884537 s2 freq +7431119 path delay     -5270
ptp4l[459081.789]: master offset     919050 s2 freq +7730994 path delay     -5270
ptp4l[459082.789]: master offset     956044 s2 freq +8043703 path delay     -5691
ptp4l[459083.789]: master offset     991779 s2 freq +8366251 path delay     -3613
ptp4l[459084.789]: master offset    1035525 s2 freq +8707530 path delay     -5691
ptp4l[459085.789]: master offset    1077032 s2 freq +9059695 path delay     -7195
ptp4l[459086.789]: master offset    1117133 s2 freq +9422906 path delay     -6350
ptp4l[459087.789]: master offset    1164161 s2 freq +9805073 path delay     -8376
ptp4l[459088.789]: master offset    1211088 s2 freq +10201249 path delay    -10421
ptp4l[459089.790]: master offset    1257002 s2 freq +10610489 path delay    -10421
ptp4l[459090.790]: master offset    1306759 s2 freq +11037347 path delay    -10421
ptp4l[459091.790]: master offset    1359323 s2 freq +11481938 path delay    -10421
ptp4l[459092.790]: master offset    1414212 s2 freq +11944624 path delay    -10421
ptp4l[459093.790]: master offset    1471043 s2 freq +12425719 path delay    -10417
ptp4l[459094.791]: master offset    1530051 s2 freq +12926040 path delay    -10417
ptp4l[459095.791]: master offset    1591456 s2 freq +13446460 path delay    -10417
ptp4l[459096.791]: master offset    1652747 s2 freq +13985188 path delay     -7992
ptp4l[459097.791]: master offset    1721325 s2 freq +14549590 path delay     -7992
ptp4l[459098.791]: master offset    1789285 s2 freq +15133948 path delay     -6294
ptp4l[459099.792]: master offset    1864368 s2 freq +15745816 path delay     -7992
ptp4l[459100.792]: master offset    1935662 s2 freq +16376420 path delay     -6294
ptp4l[459101.792]: master offset    2019207 s2 freq +17040664 path delay    -11531
ptp4l[459102.792]: master offset    2094735 s2 freq +17721954 path delay    -11531
ptp4l[459103.792]: master offset    2177498 s2 freq +18433138 path delay    -12252
ptp4l[459104.793]: master offset    2267907 s2 freq +19176796 path delay    -16222
ptp4l[459105.793]: master offset    2359663 s2 freq +19948924 path delay    -21315
ptp4l[459106.793]: master offset    2448139 s2 freq +20745299 path delay    -21315
ptp4l[459107.793]: master offset    2547345 s2 freq +21578947 path delay    -23847
ptp4l[459108.793]: master offset    2647379 s2 freq +22443184 path delay    -23847
ptp4l[459109.794]: master offset    2750705 s2 freq +23340724 path delay    -20895
ptp4l[459110.794]: master offset    2867169 s2 freq +24282399 path delay    -23486
ptp4l[459111.794]: master offset    2980751 s2 freq +25256132 path delay    -23486
ptp4l[459112.794]: master offset    3099631 s2 freq +26269237 path delay    -23486
ptp4l[459113.795]: master offset    3223753 s2 freq +27323249 path delay    -23486
ptp4l[459114.795]: master offset    3353199 s2 freq +28419821 path delay    -23974
ptp4l[459115.795]: master offset    3487211 s2 freq +29559792 path delay    -23974
ptp4l[459116.795]: master offset    3625772 s2 freq +30744517 path delay    -23210
ptp4l[459117.796]: master offset    3772604 s2 freq +31979080 path delay    -24310
ptp4l[459118.796]: master offset    3922535 s2 freq +32767999 path delay    -24310
ptp4l[459119.796]: master offset    4576142 s2 freq +32767999 path delay    -28313
ptp4l[459120.797]: master offset    6577617 s2 freq +32767999 path delay    -28313
ptp4l[459121.800]: master offset    9967927 s2 freq +32767999 path delay    -28313
ptp4l[459122.803]: master offset   14885437 s2 freq +32767999 path delay    -28313
ptp4l[459123.810]: master offset   21390017 s2 freq +32767999 path delay    -35290
ptp4l[459124.817]: master offset   29675085 s2 freq +32767999 path delay    -68536
ptp4l[459125.827]: master offset   40707743 s2 freq +32767999 path delay   -767855
ptp4l[459126.839]: master offset   52722867 s2 freq +32767999 path delay  -1500009
ptp4l[459127.853]: master offset   66887204 s2 freq +32767999 path delay  -1857222
ptp4l[459128.868]: master offset   82602618 s2 freq +32767999 path delay  -2030874
ptp4l[459129.885]: master offset  100379642 s2 freq +32767999 path delay  -2030874
ptp4l[459130.905]: master offset  121130326 s2 freq +32767999 path delay  -2030874
ptp4l[459131.928]: master offset  148754883 s2 freq +32767999 path delay  -4740365
ptp4l[459132.955]: master offset  174038326 s2 freq +32767999 path delay  -5104061
ptp4l[459133.983]: master offset  205207045 s2 freq +32767999 path delay  -5104061
ptp4l[459135.017]: master offset  237452574 s2 freq +32767999 path delay  -6182799
ptp4l[459136.051]: master offset  270194021 s2 freq +32767999 path delay  -7755913
ptp4l[459137.085]: master offset  312757438 s2 freq +32767999 path delay  -8735638
ptp4l[459138.121]: master offset  270163279 s2 freq +32767999 path delay  -7838686
ptp4l[459139.089]: master offset  228412116 s2 freq +32767999 path delay  -7838686
ptp4l[459140.028]: master offset  185061607 s2 freq +32767999 path delay  -6239661
ptp4l[459140.965]: master offset  139153137 s2 freq +32767999 path delay  -2077211
ptp4l[459141.908]: master offset   97403069 s2 freq +32767999 path delay  -2077211
ptp4l[459142.857]: master offset   48024817 s2 freq +32767999 path delay   5550180
ptp4l[459143.810]: master offset    4033456 s2 freq +32767999 path delay   7796581
ptp4l[459144.766]: master offset  -41312864 s2 freq -11974607 path delay  11389965
ptp4l[459145.723]: master offset  -83060851 s2 freq -32767999 path delay  11389965
ptp4l[459146.681]: master offset -127271422 s2 freq -32767999 path delay  13847408
ptp4l[459147.640]: master offset -169019012 s2 freq -32767999 path delay  13847408
ptp4l[459148.598]: master offset -210763205 s2 freq -32767999 path delay  13847408
ptp4l[459149.557]: master offset -252516951 s2 freq -32767999 path delay  13847408
ptp4l[459150.515]: master offset -294600396 s2 freq -32767999 path delay  14184030
ptp4l[459151.473]: master offset -335863748 s2 freq -32767999 path delay  13698377
ptp4l[459152.432]: master offset -377612002 s2 freq -32767999 path delay  13698377
ptp4l[459153.390]: master offset -419361923 s2 freq -32767999 path delay  13698377
ptp4l[459154.349]: master offset -461113932 s2 freq -32767999 path delay  13698377
ptp4l[459155.307]: master offset -502944500 s2 freq -32767999 path delay  13783685
ptp4l[459156.265]: master offset -544691399 s2 freq -32767999 path delay  13783685
ptp4l[459157.224]: master offset -586442991 s2 freq -32767999 path delay  13783685
ptp4l[459158.182]: master offset -627821469 s2 freq -32767999 path delay  13413956
ptp4l[459159.140]: master offset -669572515 s2 freq -32767999 path delay  13413956
ptp4l[459160.099]: master offset -711320000 s2 freq -32767999 path delay  13413956
ptp4l[459166.833]: port 1 (eth0): SLAVE to LISTENING on ANNOUNCE_RECEIPT_TIMEOUT_EXPIRES
ptp4l[459166.833]: selected local clock 000000.fffe.049f06 as best master
