ptp4l[459590.422]: selected /dev/ptp0 as PTP clock
ptp4l[459590.425]: port 1 (eth0): INITIALIZING to LISTENING on INIT_COMPLETE
ptp4l[459590.426]: port 0 (/var/run/ptp/ptp4l): INITIALIZING to LISTENING on INIT_COMPLETE
ptp4l[459590.426]: port 0 (/var/run/ptp/ptp4lro): INITIALIZING to LISTENING on INIT_COMPLETE
ptp4l[459596.392]: port 1 (eth0): new foreign master 641c10.fffe.f12579-1
ptp4l[459597.143]: selected local clock 000000.fffe.049f06 as best master
ptp4l[459600.392]: selected best master clock 641c10.fffe.f12579
ptp4l[459600.392]: port 1 (eth0): LISTENING to UNCALIBRATED on RS_SLAVE
ptp4l[459602.391]: master offset       3137 s0 freq  -80961 path delay       936
ptp4l[459603.392]: master offset       3161 s2 freq  -80937 path delay       930
ptp4l[459603.392]: port 1 (eth0): UNCALIBRATED to SLAVE on MASTER_CLOCK_SELECTED
ptp4l[459604.392]: master offset       4178 s2 freq  -76759 path delay       929
ptp4l[459605.392]: master offset       1053 s2 freq  -78631 path delay       933
ptp4l[459606.392]: master offset       -176 s2 freq  -79544 path delay       933
ptp4l[459607.392]: master offset       -436 s2 freq  -79857 path delay       936
ptp4l[459608.392]: master offset       -318 s2 freq  -79869 path delay       936
ptp4l[459609.393]: master offset       -143 s2 freq  -79790 path delay       933
ptp4l[459610.393]: master offset        -19 s2 freq  -79709 path delay       930
ptp4l[459611.393]: master offset         98 s2 freq  -79597 path delay       922
ptp4l[459612.393]: master offset        156 s2 freq  -79510 path delay       924
ptp4l[459613.393]: master offset        168 s2 freq  -79451 path delay       924
ptp4l[459614.393]: master offset        167 s2 freq  -79402 path delay       924
ptp4l[459615.393]: master offset        178 s2 freq  -79341 path delay       924
ptp4l[459616.394]: master offset        180 s2 freq  -79285 path delay       927
ptp4l[459617.393]: master offset        182 s2 freq  -79229 path delay       932
ptp4l[459618.394]: master offset        233 s2 freq  -79124 path delay       932
ptp4l[459619.394]: master offset        243 s2 freq  -79044 path delay       932
ptp4l[459620.394]: master offset        243 s2 freq  -78971 path delay       935
ptp4l[459621.394]: master offset        240 s2 freq  -78901 path delay       935
ptp4l[459622.394]: master offset        250 s2 freq  -78819 path delay       935
ptp4l[459623.394]: master offset        246 s2 freq  -78748 path delay       935
ptp4l[459624.394]: master offset        255 s2 freq  -78665 path delay       935
ptp4l[459625.394]: master offset        313 s2 freq  -78531 path delay       934
ptp4l[459626.394]: master offset        315 s2 freq  -78435 path delay       933
ptp4l[459627.395]: master offset        324 s2 freq  -78331 path delay       933
ptp4l[459628.395]: master offset        323 s2 freq  -78235 path delay       933
ptp4l[459629.395]: master offset        321 s2 freq  -78140 path delay       934
ptp4l[459630.395]: master offset        316 s2 freq  -78049 path delay       934
ptp4l[459631.395]: master offset        372 s2 freq  -77898 path delay       934
ptp4l[459632.395]: master offset        362 s2 freq  -77796 path delay       934
ptp4l[459633.395]: master offset        362 s2 freq  -77688 path delay       934
ptp4l[459634.396]: master offset        412 s2 freq  -77529 path delay       932
ptp4l[459635.396]: master offset        404 s2 freq  -77414 path delay       933
ptp4l[459636.396]: master offset        452 s2 freq  -77244 path delay       933
ptp4l[459637.396]: master offset        443 s2 freq  -77118 path delay       933
ptp4l[459638.396]: master offset        488 s2 freq  -76940 path delay       933
ptp4l[459639.396]: master offset        489 s2 freq  -76793 path delay       934
ptp4l[459640.396]: master offset        530 s2 freq  -76605 path delay       934
ptp4l[459641.396]: master offset        518 s2 freq  -76458 path delay       934
ptp4l[459642.397]: master offset        566 s2 freq  -76254 path delay       933
ptp4l[459643.397]: master offset        555 s2 freq  -76096 path delay       934
ptp4l[459644.397]: master offset        593 s2 freq  -75891 path delay       933
ptp4l[459645.397]: master offset        643 s2 freq  -75663 path delay       933
ptp4l[459646.397]: master offset        634 s2 freq  -75479 path delay       933
ptp4l[459647.397]: master offset        665 s2 freq  -75258 path delay       933
ptp4l[459648.398]: master offset        705 s2 freq  -75019 path delay       933
ptp4l[459649.398]: master offset        739 s2 freq  -74773 path delay       933
ptp4l[459650.398]: master offset        773 s2 freq  -74517 path delay       933
ptp4l[459651.398]: master offset        820 s2 freq  -74239 path delay       933
ptp4l[459652.398]: master offset        801 s2 freq  -74012 path delay       933
ptp4l[459653.398]: master offset        842 s2 freq  -73730 path delay       931
ptp4l[459654.398]: master offset        885 s2 freq  -73435 path delay       931
ptp4l[459655.398]: master offset        924 s2 freq  -73130 path delay       930
ptp4l[459656.398]: master offset        958 s2 freq  -72819 path delay       929
ptp4l[459657.398]: master offset       1001 s2 freq  -72489 path delay       926
ptp4l[459658.399]: master offset       1036 s2 freq  -72153 path delay       926
ptp4l[459659.399]: master offset       1066 s2 freq  -71812 path delay       926
ptp4l[459660.399]: master offset       1104 s2 freq  -71455 path delay       926
ptp4l[459661.399]: master offset       1135 s2 freq  -71092 path delay       926
ptp4l[459662.399]: master offset       1225 s2 freq  -70662 path delay       923
ptp4l[459663.399]: master offset       1252 s2 freq  -70267 path delay       923
ptp4l[459664.399]: master offset       1332 s2 freq  -69812 path delay       923
ptp4l[459665.399]: master offset       1359 s2 freq  -69385 path delay       923
ptp4l[459666.400]: master offset       1444 s2 freq  -68893 path delay       923
ptp4l[459667.400]: master offset       1480 s2 freq  -68423 path delay       924
ptp4l[459668.400]: master offset       1508 s2 freq  -67951 path delay       926
ptp4l[459669.400]: master offset       1598 s2 freq  -67409 path delay       926
ptp4l[459670.400]: master offset       1683 s2 freq  -66845 path delay       923
ptp4l[459671.400]: master offset       1722 s2 freq  -66301 path delay       923
ptp4l[459672.401]: master offset       1805 s2 freq  -65701 path delay       926
ptp4l[459673.401]: master offset       1895 s2 freq  -65070 path delay       926
ptp4l[459674.401]: master offset       1928 s2 freq  -64468 path delay       926
ptp4l[459675.401]: master offset       2023 s2 freq  -63795 path delay       922
ptp4l[459676.401]: master offset       2112 s2 freq  -63099 path delay       918
ptp4l[459677.401]: master offset       2202 s2 freq  -62375 path delay       918
ptp4l[459678.401]: master offset       2293 s2 freq  -61624 path delay       918
ptp4l[459679.401]: master offset       2386 s2 freq  -60843 path delay       918
ptp4l[459680.401]: master offset       2477 s2 freq  -60036 path delay       918
ptp4l[459681.401]: master offset       2570 s2 freq  -59200 path delay       918
ptp4l[459682.402]: master offset       2664 s2 freq  -58335 path delay       918
ptp4l[459683.402]: master offset       2753 s2 freq  -57447 path delay       918
ptp4l[459684.402]: master offset       2835 s2 freq  -56539 path delay       920
ptp4l[459685.402]: master offset       2977 s2 freq  -55546 path delay       920
ptp4l[459686.402]: master offset       3119 s2 freq  -54511 path delay       920
ptp4l[459687.402]: master offset       3261 s2 freq  -53433 path delay       920
ptp4l[459688.403]: master offset       3350 s2 freq  -52366 path delay       923
ptp4l[459689.402]: master offset       3509 s2 freq  -51202 path delay       910
ptp4l[459690.403]: master offset       3647 s2 freq  -50011 path delay       910
ptp4l[459691.403]: master offset       3801 s2 freq  -48763 path delay       902
ptp4l[459692.403]: master offset       3938 s2 freq  -47486 path delay       902
ptp4l[459693.403]: master offset       4070 s2 freq  -46173 path delay       902
ptp4l[459694.403]: master offset       4250 s2 freq  -44772 path delay       912
ptp4l[459695.403]: master offset       4444 s2 freq  -43303 path delay       914
ptp4l[459696.403]: master offset       4640 s2 freq  -41773 path delay       908
ptp4l[459697.403]: master offset       4773 s2 freq  -40248 path delay       908
ptp4l[459698.404]: master offset       4967 s2 freq  -38622 path delay       908
ptp4l[459699.404]: master offset       5216 s2 freq  -36883 path delay       899
ptp4l[459700.404]: master offset       5405 s2 freq  -35130 path delay       899
ptp4l[459701.404]: master offset       5604 s2 freq  -33309 path delay       894
ptp4l[459702.404]: master offset       5837 s2 freq  -31395 path delay       894
ptp4l[459703.404]: master offset       6087 s2 freq  -29394 path delay       894
ptp4l[459704.404]: master offset       6330 s2 freq  -27325 path delay       881
ptp4l[459705.405]: master offset       6589 s2 freq  -25167 path delay       865
ptp4l[459706.405]: master offset       6831 s2 freq  -22948 path delay       860
ptp4l[459707.405]: master offset       7060 s2 freq  -20670 path delay       861
ptp4l[459708.405]: master offset       7357 s2 freq  -18255 path delay       861
ptp4l[459709.405]: master offset       7643 s2 freq  -15762 path delay       861
ptp4l[459710.405]: master offset       7992 s2 freq  -13120 path delay       861
ptp4l[459711.405]: master offset       8289 s2 freq  -10425 path delay       854
ptp4l[459712.406]: master offset       8634 s2 freq   -7593 path delay       854
ptp4l[459713.406]: master offset       8982 s2 freq   -4655 path delay       844
ptp4l[459714.406]: master offset       9326 s2 freq   -1617 path delay       844
ptp4l[459715.406]: master offset       9724 s2 freq   +1579 path delay       844
ptp4l[459716.406]: master offset      10134 s2 freq   +4906 path delay       836
ptp4l[459717.406]: master offset      10535 s2 freq   +8348 path delay       829
ptp4l[459718.406]: master offset      10943 s2 freq  +11916 path delay       818
ptp4l[459719.407]: master offset      11340 s2 freq  +15596 path delay       818
ptp4l[459720.407]: master offset      11815 s2 freq  +19473 path delay       789
ptp4l[459721.407]: master offset      12262 s2 freq  +23465 path delay       789
ptp4l[459722.407]: master offset      12752 s2 freq  +27633 path delay       791
ptp4l[459723.407]: master offset      13306 s2 freq  +32013 path delay       791
ptp4l[459724.407]: master offset      13863 s2 freq  +36562 path delay       788
ptp4l[459725.407]: master offset      14411 s2 freq  +41268 path delay       788
ptp4l[459726.408]: master offset      14960 s2 freq  +46141 path delay       788
ptp4l[459727.408]: master offset      15573 s2 freq  +51242 path delay       781
ptp4l[459728.408]: master offset      16163 s2 freq  +56504 path delay       796
ptp4l[459729.408]: master offset      16826 s2 freq  +62016 path delay       796
ptp4l[459730.408]: master offset      17487 s2 freq  +67724 path delay       796
ptp4l[459731.408]: master offset      18187 s2 freq  +73670 path delay       811
ptp4l[459732.408]: master offset      18905 s2 freq  +79845 path delay       811
ptp4l[459733.408]: master offset      19659 s2 freq  +86270 path delay       825
ptp4l[459734.409]: master offset      20482 s2 freq  +92991 path delay       825
ptp4l[459735.409]: master offset      21358 s2 freq +100011 path delay       766
ptp4l[459736.409]: master offset      22071 s2 freq +107132 path delay       825
ptp4l[459737.409]: master offset      23046 s2 freq +114728 path delay       783
ptp4l[459738.409]: master offset      24028 s2 freq +122624 path delay       725
ptp4l[459739.409]: master offset      24843 s2 freq +130647 path delay       784
ptp4l[459740.410]: master offset      25908 s2 freq +139165 path delay       751
ptp4l[459741.409]: master offset      26942 s2 freq +147972 path delay       751
ptp4l[459742.410]: master offset      27982 s2 freq +157094 path delay       751
ptp4l[459743.410]: master offset      29119 s2 freq +166626 path delay       751
ptp4l[459744.410]: master offset      30319 s2 freq +176561 path delay       751
ptp4l[459745.410]: master offset      31514 s2 freq +186852 path delay       751
ptp4l[459746.410]: master offset      32766 s2 freq +197558 path delay       751
ptp4l[459747.410]: master offset      34127 s2 freq +208749 path delay       700
ptp4l[459748.411]: master offset      35428 s2 freq +220288 path delay       700
ptp4l[459749.411]: master offset      36758 s2 freq +232247 path delay       783
ptp4l[459750.411]: master offset      38414 s2 freq +244930 path delay       700
ptp4l[459751.411]: master offset      39866 s2 freq +257906 path delay       722
ptp4l[459752.411]: master offset      41530 s2 freq +271530 path delay       630
ptp4l[459753.411]: master offset      43101 s2 freq +285560 path delay       630
ptp4l[459754.411]: master offset      44932 s2 freq +300321 path delay       536
ptp4l[459755.412]: master offset      46613 s2 freq +315482 path delay       536
ptp4l[459756.412]: master offset      48597 s2 freq +331450 path delay       401
ptp4l[459757.412]: master offset      50452 s2 freq +347884 path delay       401
ptp4l[459758.412]: master offset      52232 s2 freq +364800 path delay       573
ptp4l[459759.412]: master offset      54703 s2 freq +382940 path delay       401
ptp4l[459760.412]: master offset      56860 s2 freq +401508 path delay       309
ptp4l[459761.412]: master offset      58981 s2 freq +420687 path delay       309
ptp4l[459762.412]: master offset      61323 s2 freq +440723 path delay       309
ptp4l[459763.412]: master offset      63739 s2 freq +461536 path delay       355
ptp4l[459764.413]: master offset      66361 s2 freq +483280 path delay       355
ptp4l[459765.413]: master offset      68971 s2 freq +505798 path delay       432
ptp4l[459766.413]: master offset      71821 s2 freq +529340 path delay       432
ptp4l[459767.413]: master offset      74643 s2 freq +553708 path delay       510
ptp4l[459768.413]: master offset      77723 s2 freq +579181 path delay       510
ptp4l[459769.413]: master offset      80890 s2 freq +605665 path delay       420
ptp4l[459770.413]: master offset      84150 s2 freq +633192 path delay       296
ptp4l[459771.414]: master offset      87342 s2 freq +661629 path delay       296
ptp4l[459772.414]: master offset      90939 s2 freq +691428 path delay       181
ptp4l[459773.414]: master offset      94414 s2 freq +722185 path delay       181
ptp4l[459774.414]: master offset      98358 s2 freq +754453 path delay        -4
ptp4l[459775.414]: master offset     102184 s2 freq +787787 path delay        -4
ptp4l[459776.414]: master offset     106047 s2 freq +822305 path delay       181
ptp4l[459777.414]: master offset     110649 s2 freq +858721 path delay       -14
ptp4l[459778.415]: master offset     114993 s2 freq +896260 path delay       -14
ptp4l[459779.415]: master offset     119727 s2 freq +935491 path delay      -240
ptp4l[459780.415]: master offset     124313 s2 freq +975996 path delay      -240
ptp4l[459781.415]: master offset     129235 s2 freq +1018211 path delay      -240
ptp4l[459782.415]: master offset     134398 s2 freq +1062145 path delay      -240
ptp4l[459783.415]: master offset     139929 s2 freq +1107995 path delay      -371
ptp4l[459784.415]: master offset     145481 s2 freq +1155526 path delay      -401
ptp4l[459785.416]: master offset     151228 s2 freq +1204917 path delay      -389
ptp4l[459786.416]: master offset     157288 s2 freq +1256346 path delay      -389
ptp4l[459787.416]: master offset     163594 s2 freq +1309838 path delay      -389
ptp4l[459788.416]: master offset     170282 s2 freq +1365604 path delay      -529
ptp4l[459789.416]: master offset     176953 s2 freq +1423360 path delay      -529
ptp4l[459790.416]: master offset     183917 s2 freq +1483410 path delay      -389
ptp4l[459791.416]: master offset     191538 s2 freq +1546206 path delay      -529
ptp4l[459792.417]: master offset     199228 s2 freq +1611357 path delay      -680
ptp4l[459793.417]: master offset     207021 s2 freq +1678919 path delay      -680
ptp4l[459794.417]: master offset     215556 s2 freq +1749560 path delay      -986
ptp4l[459795.417]: master offset     223922 s2 freq +1822593 path delay      -986
ptp4l[459796.417]: master offset     233167 s2 freq +1899014 path delay     -1351
ptp4l[459797.417]: master offset     242106 s2 freq +1977904 path delay     -1351
ptp4l[459798.417]: master offset     252110 s2 freq +2060539 path delay     -1761
ptp4l[459799.418]: master offset     261829 s2 freq +2145891 path delay     -1761
ptp4l[459800.418]: master offset     272082 s2 freq +2234693 path delay     -1615
ptp4l[459801.418]: master offset     283143 s2 freq +2327379 path delay     -1615
ptp4l[459802.418]: master offset     294733 s2 freq +2423912 path delay     -1731
ptp4l[459803.418]: master offset     306477 s2 freq +2524075 path delay     -1731
ptp4l[459804.418]: master offset     318589 s2 freq +2628131 path delay     -1611
ptp4l[459805.418]: master offset     332041 s2 freq +2737159 path delay     -2196
ptp4l[459806.419]: master offset     344766 s2 freq +2849497 path delay     -2196
ptp4l[459807.419]: master offset     357714 s2 freq +2965874 path delay     -1506
ptp4l[459808.419]: master offset     373244 s2 freq +3088719 path delay     -2013
ptp4l[459809.419]: master offset     387901 s2 freq +3215349 path delay     -2013
ptp4l[459810.419]: master offset     403298 s2 freq +3347116 path delay     -2013
ptp4l[459811.419]: master offset     419364 s2 freq +3484171 path delay     -2013
ptp4l[459812.419]: master offset     436645 s2 freq +3627262 path delay     -2460
ptp4l[459813.420]: master offset     453625 s2 freq +3775235 path delay     -2460
ptp4l[459814.420]: master offset     472397 s2 freq +3930095 path delay     -3151
ptp4l[459815.420]: master offset     490549 s2 freq +4089966 path delay     -3151
ptp4l[459816.420]: master offset     509970 s2 freq +4256551 path delay     -3151
ptp4l[459817.420]: master offset     530462 s2 freq +4430034 path delay     -3151
ptp4l[459818.421]: master offset     551509 s2 freq +4610220 path delay     -2877
ptp4l[459819.421]: master offset     573922 s2 freq +4798086 path delay     -2877
ptp4l[459820.421]: master offset     597509 s2 freq +4993849 path delay     -3357
ptp4l[459821.421]: master offset     620969 s2 freq +5196562 path delay     -3357
ptp4l[459822.421]: master offset     645664 s2 freq +5407548 path delay     -3357
ptp4l[459823.421]: master offset     671455 s2 freq +5627038 path delay     -3357
ptp4l[459824.421]: master offset     698330 s2 freq +5855349 path delay     -3357
ptp4l[459825.422]: master offset     727236 s2 freq +6093754 path delay     -4328
ptp4l[459826.422]: master offset     756016 s2 freq +6340705 path delay     -4994
ptp4l[459827.422]: master offset     787142 s2 freq +6598636 path delay     -6843
ptp4l[459828.422]: master offset     818324 s2 freq +6865961 path delay     -8659
ptp4l[459829.422]: master offset     848782 s2 freq +7141916 path delay     -8659
ptp4l[459830.422]: master offset     882294 s2 freq +7430062 path delay     -8659
ptp4l[459831.423]: master offset     917953 s2 freq +7730410 path delay     -8659
ptp4l[459832.422]: master offset     953336 s2 freq +8041179 path delay     -6843
ptp4l[459833.423]: master offset     993647 s2 freq +8367490 path delay     -6843
ptp4l[459834.423]: master offset    1035385 s2 freq +8707322 path delay     -8042
ptp4l[459835.423]: master offset    1077736 s2 freq +9060289 path delay    -10088
ptp4l[459836.423]: master offset    1118163 s2 freq +9424037 path delay    -10088
ptp4l[459837.424]: master offset    1162476 s2 freq +9803799 path delay    -10455
ptp4l[459838.424]: master offset    1208709 s2 freq +10198774 path delay    -10455
ptp4l[459839.424]: master offset    1257669 s2 freq +10610347 path delay    -10927
ptp4l[459840.424]: master offset    1307628 s2 freq +11037607 path delay    -10927
ptp4l[459841.424]: master offset    1357987 s2 freq +11480254 path delay     -8931
ptp4l[459842.424]: master offset    1415557 s2 freq +11945220 path delay     -9894
ptp4l[459843.424]: master offset    1472769 s2 freq +12427099 path delay    -10800
ptp4l[459844.424]: master offset    1530605 s2 freq +12926766 path delay    -10800
ptp4l[459845.425]: master offset    1591282 s2 freq +13446625 path delay    -10800
ptp4l[459846.425]: master offset    1654904 s2 freq +13987631 path delay    -10800
ptp4l[459847.425]: master offset    1720844 s2 freq +14550042 path delay    -10382
ptp4l[459848.425]: master offset    1790024 s2 freq +15135476 path delay    -10382
ptp4l[459849.426]: master offset    1861792 s2 freq +15744251 path delay    -10382
ptp4l[459850.426]: master offset    1937159 s2 freq +16378155 path delay    -11156
ptp4l[459851.426]: master offset    2019506 s2 freq +17041650 path delay    -16716
ptp4l[459852.426]: master offset    2094111 s2 freq +17722107 path delay    -16716
ptp4l[459853.426]: master offset    2176243 s2 freq +18432472 path delay    -16716
ptp4l[459854.426]: master offset    2263047 s2 freq +19172149 path delay    -16341
ptp4l[459855.427]: master offset    2354419 s2 freq +19942435 path delay    -16341
ptp4l[459856.427]: master offset    2452903 s2 freq +20747245 path delay    -19842
ptp4l[459857.427]: master offset    2549191 s2 freq +21579404 path delay    -21371
ptp4l[459858.427]: master offset    2648351 s2 freq +22443321 path delay    -20969
ptp4l[459859.427]: master offset    2752907 s2 freq +23342382 path delay    -19440
ptp4l[459860.427]: master offset    2866562 s2 freq +24281910 path delay    -20969
ptp4l[459861.428]: master offset    2986249 s2 freq +25261565 path delay    -26392
ptp4l[459862.428]: master offset    3099882 s2 freq +26271073 path delay    -26392
ptp4l[459863.428]: master offset    3223205 s2 freq +27324360 path delay    -27515
ptp4l[459864.428]: master offset    3351160 s2 freq +28419277 path delay    -27515
ptp4l[459865.429]: master offset    3490382 s2 freq +29563847 path delay    -32254
ptp4l[459866.429]: master offset    3631718 s2 freq +30752298 path delay    -38391
ptp4l[459867.429]: master offset    3769978 s2 freq +31980073 path delay    -38391
ptp4l[459868.430]: master offset    3921191 s2 freq +32767999 path delay    -40483
ptp4l[459869.430]: master offset    4574678 s2 freq +32767999 path delay    -44225
ptp4l[459870.431]: master offset    6582584 s2 freq +32767999 path delay    -50998
ptp4l[459871.433]: master offset    9980802 s2 freq +32767999 path delay    -58360
ptp4l[459872.437]: master offset   14923092 s2 freq +32767999 path delay    -82755
ptp4l[459873.443]: master offset   21508700 s2 freq +32767999 path delay   -170599
ptp4l[459874.451]: master offset   30175153 s2 freq +32767999 path delay   -586169
ptp4l[459875.461]: master offset   40512204 s2 freq +32767999 path delay   -586169
ptp4l[459876.472]: master offset   52451781 s2 freq +32767999 path delay  -1245021
ptp4l[459877.486]: master offset   66828433 s2 freq +32767999 path delay  -1814485
ptp4l[459878.501]: master offset   83116036 s2 freq +32767999 path delay  -2559183
ptp4l[459879.519]: master offset  101951183 s2 freq +32767999 path delay  -3616506
ptp4l[459880.538]: master offset  123541209 s2 freq +32767999 path delay  -4457538
ptp4l[459881.562]: master offset  148956016 s2 freq +32767999 path delay  -4952725
ptp4l[459882.589]: master offset  175001858 s2 freq +32767999 path delay  -6081669
ptp4l[459883.617]: master offset  206978338 s2 freq +32767999 path delay  -6889109
ptp4l[459884.650]: master offset  238145273 s2 freq +32767999 path delay  -6889109
ptp4l[459885.685]: master offset  269001805 s2 freq +32767999 path delay  -6569693
ptp4l[459886.720]: master offset  311187244 s2 freq +32767999 path delay  -7177090
ptp4l[459887.748]: master offset  269476447 s2 freq +32767999 path delay  -7177090
ptp4l[459888.720]: master offset  224519126 s2 freq +32767999 path delay  -3963307
ptp4l[459889.662]: master offset  182764720 s2 freq +32767999 path delay  -3963307
ptp4l[459890.599]: master offset  141021771 s2 freq +32767999 path delay  -3963307
ptp4l[459891.541]: master offset   99269513 s2 freq +32767999 path delay  -3963307
ptp4l[459892.490]: master offset   51728048 s2 freq +32767999 path delay   1834189
ptp4l[459893.444]: master offset    9975153 s2 freq +32767999 path delay   1834189
ptp4l[459894.399]: master offset  -37106434 s2 freq -7765346 path delay   7171443
ptp4l[459895.357]: master offset  -78864016 s2 freq -32767999 path delay   7171443
ptp4l[459896.315]: master offset -120607400 s2 freq -32767999 path delay   7171443
ptp4l[459897.273]: master offset -165020823 s2 freq -32767999 path delay   9833385
ptp4l[459898.232]: master offset -211309054 s2 freq -32767999 path delay  14377109
ptp4l[459899.190]: master offset -254973373 s2 freq -32767999 path delay  16292518
ptp4l[459900.149]: master offset -296720705 s2 freq -32767999 path delay  16292518
ptp4l[459901.107]: master offset -338471812 s2 freq -32767999 path delay  16292518
ptp4l[459902.065]: master offset -380216692 s2 freq -32767999 path delay  16292518
ptp4l[459903.024]: master offset -421939858 s2 freq -32767999 path delay  16258087
ptp4l[459903.982]: master offset -463683982 s2 freq -32767999 path delay  16258087
ptp4l[459904.941]: master offset -504918848 s2 freq -32767999 path delay  15741177
ptp4l[459905.899]: master offset -546663090 s2 freq -32767999 path delay  15741177
ptp4l[459906.857]: master offset -589838535 s2 freq -32767999 path delay  17164823
ptp4l[459907.816]: master offset -630160387 s2 freq -32767999 path delay  15741177
ptp4l[459908.774]: master offset -671913326 s2 freq -32767999 path delay  15741177
ptp4l[459909.732]: master offset -712826542 s2 freq -32767999 path delay  14910891
ptp4l[459910.691]: master offset -754579445 s2 freq -32767999 path delay  14910891
ptp4l[459911.649]: master offset -796323119 s2 freq -32767999 path delay  14910891
ptp4l[459912.607]: master offset -839086944 s2 freq -32767999 path delay  15922761
ptp4l[459913.566]: master offset -880830597 s2 freq -32767999 path delay  15922761
ptp4l[459920.671]: port 1 (eth0): SLAVE to LISTENING on ANNOUNCE_RECEIPT_TIMEOUT_EXPIRES
ptp4l[459920.671]: selected local clock 000000.fffe.049f06 as best master
