trying PPS source "/dev/pps0"
found PPS source "/dev/pps0"
ok, found 1 source(s), now start fetching data...
source 0 - assert 1763322459.000006837, sequence: 1668 - clear  0.000000000, sequence: 0
source 0 - assert 1763322460.000005746, sequence: 1669 - clear  0.000000000, sequence: 0
source 0 - assert 1763322461.000000979, sequence: 1670 - clear  0.000000000, sequence: 0
source 0 - assert 1763322461.999995599, sequence: 1671 - clear  0.000000000, sequence: 0
source 0 - assert 1763322463.000000178, sequence: 1672 - clear  0.000000000, sequence: 0
source 0 - assert 1763322464.000000290, sequence: 1673 - clear  0.000000000, sequence: 0
source 0 - assert 1763322465.000004161, sequence: 1674 - clear  0.000000000, sequence: 0
source 0 - assert 1763322466.000000464, sequence: 1675 - clear  0.000000000, sequence: 0
source 0 - assert 1763322467.000005509, sequence: 1676 - clear  0.000000000, sequence: 0
source 0 - assert 1763322467.999997591, sequence: 1677 - clear  0.000000000, sequence: 0
source 0 - assert 1763322469.000002044, sequence: 1678 - clear  0.000000000, sequence: 0
source 0 - assert 1763322470.000004071, sequence: 1679 - clear  0.000000000, sequence: 0
source 0 - assert 1763322471.000004416, sequence: 1680 - clear  0.000000000, sequence: 0
source 0 - assert 1763322472.000002448, sequence: 1681 - clear  0.000000000, sequence: 0
source 0 - assert 1763322473.000002541, sequence: 1682 - clear  0.000000000, sequence: 0
source 0 - assert 1763322473.999996461, sequence: 1683 - clear  0.000000000, sequence: 0
source 0 - assert 1763322475.000003420, sequence: 1684 - clear  0.000000000, sequence: 0
source 0 - assert 1763322476.000002955, sequence: 1685 - clear  0.000000000, sequence: 0
source 0 - assert 1763322477.000001876, sequence: 1686 - clear  0.000000000, sequence: 0
source 0 - assert 1763322478.000002257, sequence: 1687 - clear  0.000000000, sequence: 0
source 0 - assert 1763322478.999997492, sequence: 1688 - clear  0.000000000, sequence: 0
source 0 - assert 1763322480.000003024, sequence: 1689 - clear  0.000000000, sequence: 0
source 0 - assert 1763322480.999999861, sequence: 1690 - clear  0.000000000, sequence: 0
source 0 - assert 1763322482.000001585, sequence: 1691 - clear  0.000000000, sequence: 0
source 0 - assert 1763322483.000000548, sequence: 1692 - clear  0.000000000, sequence: 0
source 0 - assert 1763322484.000002375, sequence: 1693 - clear  0.000000000, sequence: 0
source 0 - assert 1763322485.000003129, sequence: 1694 - clear  0.000000000, sequence: 0
source 0 - assert 1763322486.000002032, sequence: 1695 - clear  0.000000000, sequence: 0
source 0 - assert 1763322486.999999313, sequence: 1696 - clear  0.000000000, sequence: 0
source 0 - assert 1763322488.000001356, sequence: 1697 - clear  0.000000000, sequence: 0
source 0 - assert 1763322489.000001404, sequence: 1698 - clear  0.000000000, sequence: 0
source 0 - assert 1763322490.000004876, sequence: 1699 - clear  0.000000000, sequence: 0
source 0 - assert 1763322491.000006414, sequence: 1700 - clear  0.000000000, sequence: 0
source 0 - assert 1763322491.999998491, sequence: 1701 - clear  0.000000000, sequence: 0
source 0 - assert 1763322492.999997589, sequence: 1702 - clear  0.000000000, sequence: 0
source 0 - assert 1763322493.999999547, sequence: 1703 - clear  0.000000000, sequence: 0
source 0 - assert 1763322495.000000714, sequence: 1704 - clear  0.000000000, sequence: 0
source 0 - assert 1763322496.000003223, sequence: 1705 - clear  0.000000000, sequence: 0
source 0 - assert 1763322497.000001258, sequence: 1706 - clear  0.000000000, sequence: 0
source 0 - assert 1763322498.000004080, sequence: 1707 - clear  0.000000000, sequence: 0
source 0 - assert 1763322499.000001163, sequence: 1708 - clear  0.000000000, sequence: 0
source 0 - assert 1763322499.999999664, sequence: 1709 - clear  0.000000000, sequence: 0
source 0 - assert 1763322501.000005334, sequence: 1710 - clear  0.000000000, sequence: 0
source 0 - assert 1763322501.999999824, sequence: 1711 - clear  0.000000000, sequence: 0
source 0 - assert 1763322503.000002036, sequence: 1712 - clear  0.000000000, sequence: 0
source 0 - assert 1763322504.000002056, sequence: 1713 - clear  0.000000000, sequence: 0
source 0 - assert 1763322505.000003021, sequence: 1714 - clear  0.000000000, sequence: 0
source 0 - assert 1763322505.999997711, sequence: 1715 - clear  0.000000000, sequence: 0
source 0 - assert 1763322507.000000451, sequence: 1716 - clear  0.000000000, sequence: 0
source 0 - assert 1763322508.000000495, sequence: 1717 - clear  0.000000000, sequence: 0
source 0 - assert 1763322508.999997948, sequence: 1718 - clear  0.000000000, sequence: 0
source 0 - assert 1763322510.000005073, sequence: 1719 - clear  0.000000000, sequence: 0
source 0 - assert 1763322510.999997239, sequence: 1720 - clear  0.000000000, sequence: 0
source 0 - assert 1763322512.000000464, sequence: 1721 - clear  0.000000000, sequence: 0
source 0 - assert 1763322513.000003036, sequence: 1722 - clear  0.000000000, sequence: 0
source 0 - assert 1763322513.999998592, sequence: 1723 - clear  0.000000000, sequence: 0
source 0 - assert 1763322515.000005145, sequence: 1724 - clear  0.000000000, sequence: 0
source 0 - assert 1763322516.000002975, sequence: 1725 - clear  0.000000000, sequence: 0
source 0 - assert 1763322517.000001547, sequence: 1726 - clear  0.000000000, sequence: 0
source 0 - assert 1763322518.000002782, sequence: 1727 - clear  0.000000000, sequence: 0
source 0 - assert 1763322519.000001029, sequence: 1728 - clear  0.000000000, sequence: 0
source 0 - assert 1763322520.000005028, sequence: 1729 - clear  0.000000000, sequence: 0
source 0 - assert 1763322521.000002127, sequence: 1730 - clear  0.000000000, sequence: 0
source 0 - assert 1763322522.000003714, sequence: 1731 - clear  0.000000000, sequence: 0
source 0 - assert 1763322523.000005413, sequence: 1732 - clear  0.000000000, sequence: 0
source 0 - assert 1763322524.000000550, sequence: 1733 - clear  0.000000000, sequence: 0
source 0 - assert 1763322525.000005390, sequence: 1734 - clear  0.000000000, sequence: 0
source 0 - assert 1763322526.000000426, sequence: 1735 - clear  0.000000000, sequence: 0
source 0 - assert 1763322527.000003356, sequence: 1736 - clear  0.000000000, sequence: 0
source 0 - assert 1763322528.000002074, sequence: 1737 - clear  0.000000000, sequence: 0
source 0 - assert 1763322528.999996797, sequence: 1738 - clear  0.000000000, sequence: 0
source 0 - assert 1763322530.000003137, sequence: 1739 - clear  0.000000000, sequence: 0
source 0 - assert 1763322531.000004629, sequence: 1740 - clear  0.000000000, sequence: 0
source 0 - assert 1763322532.000002115, sequence: 1741 - clear  0.000000000, sequence: 0
source 0 - assert 1763322533.000004037, sequence: 1742 - clear  0.000000000, sequence: 0
source 0 - assert 1763322533.999995705, sequence: 1743 - clear  0.000000000, sequence: 0
source 0 - assert 1763322535.000003524, sequence: 1744 - clear  0.000000000, sequence: 0
source 0 - assert 1763322536.000000109, sequence: 1745 - clear  0.000000000, sequence: 0
source 0 - assert 1763322537.000003116, sequence: 1746 - clear  0.000000000, sequence: 0
source 0 - assert 1763322538.000001196, sequence: 1747 - clear  0.000000000, sequence: 0
source 0 - assert 1763322538.999999199, sequence: 1748 - clear  0.000000000, sequence: 0
source 0 - assert 1763322540.000004477, sequence: 1749 - clear  0.000000000, sequence: 0
source 0 - assert 1763322541.000000369, sequence: 1750 - clear  0.000000000, sequence: 0
source 0 - assert 1763322542.000001958, sequence: 1751 - clear  0.000000000, sequence: 0
source 0 - assert 1763322543.000006500, sequence: 1752 - clear  0.000000000, sequence: 0
source 0 - assert 1763322544.000000051, sequence: 1753 - clear  0.000000000, sequence: 0
source 0 - assert 1763322545.000004293, sequence: 1754 - clear  0.000000000, sequence: 0
source 0 - assert 1763322545.999999791, sequence: 1755 - clear  0.000000000, sequence: 0
source 0 - assert 1763322546.999998953, sequence: 1756 - clear  0.000000000, sequence: 0
source 0 - assert 1763322548.000001176, sequence: 1757 - clear  0.000000000, sequence: 0
source 0 - assert 1763322548.999996450, sequence: 1758 - clear  0.000000000, sequence: 0
source 0 - assert 1763322550.000002080, sequence: 1759 - clear  0.000000000, sequence: 0
source 0 - assert 1763322551.000001723, sequence: 1760 - clear  0.000000000, sequence: 0
source 0 - assert 1763322551.999997101, sequence: 1761 - clear  0.000000000, sequence: 0
source 0 - assert 1763322553.000003463, sequence: 1762 - clear  0.000000000, sequence: 0
source 0 - assert 1763322553.999998388, sequence: 1763 - clear  0.000000000, sequence: 0
source 0 - assert 1763322555.000004401, sequence: 1764 - clear  0.000000000, sequence: 0
source 0 - assert 1763322555.999996402, sequence: 1765 - clear  0.000000000, sequence: 0
source 0 - assert 1763322557.000000351, sequence: 1766 - clear  0.000000000, sequence: 0
source 0 - assert 1763322558.000004371, sequence: 1767 - clear  0.000000000, sequence: 0
source 0 - assert 1763322559.000001705, sequence: 1768 - clear  0.000000000, sequence: 0
source 0 - assert 1763322559.999999954, sequence: 1769 - clear  0.000000000, sequence: 0
source 0 - assert 1763322561.000006844, sequence: 1770 - clear  0.000000000, sequence: 0
source 0 - assert 1763322562.000003432, sequence: 1771 - clear  0.000000000, sequence: 0
source 0 - assert 1763322563.000002086, sequence: 1772 - clear  0.000000000, sequence: 0
source 0 - assert 1763322563.999998531, sequence: 1773 - clear  0.000000000, sequence: 0
source 0 - assert 1763322565.000001529, sequence: 1774 - clear  0.000000000, sequence: 0
source 0 - assert 1763322565.999996430, sequence: 1775 - clear  0.000000000, sequence: 0
source 0 - assert 1763322566.999996510, sequence: 1776 - clear  0.000000000, sequence: 0
source 0 - assert 1763322568.000000937, sequence: 1777 - clear  0.000000000, sequence: 0
source 0 - assert 1763322568.999998024, sequence: 1778 - clear  0.000000000, sequence: 0
source 0 - assert 1763322570.000002170, sequence: 1779 - clear  0.000000000, sequence: 0
source 0 - assert 1763322571.000000546, sequence: 1780 - clear  0.000000000, sequence: 0
source 0 - assert 1763322571.999996375, sequence: 1781 - clear  0.000000000, sequence: 0
source 0 - assert 1763322573.000001252, sequence: 1782 - clear  0.000000000, sequence: 0
source 0 - assert 1763322573.999997964, sequence: 1783 - clear  0.000000000, sequence: 0
source 0 - assert 1763322575.000000757, sequence: 1784 - clear  0.000000000, sequence: 0
source 0 - assert 1763322575.999999051, sequence: 1785 - clear  0.000000000, sequence: 0
source 0 - assert 1763322576.999999281, sequence: 1786 - clear  0.000000000, sequence: 0
source 0 - assert 1763322578.000001067, sequence: 1787 - clear  0.000000000, sequence: 0
source 0 - assert 1763322578.999999324, sequence: 1788 - clear  0.000000000, sequence: 0
source 0 - assert 1763322579.999999919, sequence: 1789 - clear  0.000000000, sequence: 0
source 0 - assert 1763322581.000000922, sequence: 1790 - clear  0.000000000, sequence: 0
source 0 - assert 1763322582.000000349, sequence: 1791 - clear  0.000000000, sequence: 0
source 0 - assert 1763322582.999998629, sequence: 1792 - clear  0.000000000, sequence: 0
source 0 - assert 1763322584.000000492, sequence: 1793 - clear  0.000000000, sequence: 0
source 0 - assert 1763322585.000002625, sequence: 1794 - clear  0.000000000, sequence: 0
source 0 - assert 1763322586.000001043, sequence: 1795 - clear  0.000000000, sequence: 0
source 0 - assert 1763322587.000004008, sequence: 1796 - clear  0.000000000, sequence: 0
source 0 - assert 1763322588.000001521, sequence: 1797 - clear  0.000000000, sequence: 0
source 0 - assert 1763322589.000003638, sequence: 1798 - clear  0.000000000, sequence: 0
source 0 - assert 1763322590.000002829, sequence: 1799 - clear  0.000000000, sequence: 0
source 0 - assert 1763322590.999997643, sequence: 1800 - clear  0.000000000, sequence: 0
source 0 - assert 1763322592.000003395, sequence: 1801 - clear  0.000000000, sequence: 0
source 0 - assert 1763322592.999998726, sequence: 1802 - clear  0.000000000, sequence: 0
source 0 - assert 1763322594.000003274, sequence: 1803 - clear  0.000000000, sequence: 0
source 0 - assert 1763322595.000004497, sequence: 1804 - clear  0.000000000, sequence: 0
source 0 - assert 1763322596.000000647, sequence: 1805 - clear  0.000000000, sequence: 0
source 0 - assert 1763322596.999999439, sequence: 1806 - clear  0.000000000, sequence: 0
source 0 - assert 1763322598.000001881, sequence: 1807 - clear  0.000000000, sequence: 0
source 0 - assert 1763322599.000000293, sequence: 1808 - clear  0.000000000, sequence: 0
source 0 - assert 1763322600.000005756, sequence: 1809 - clear  0.000000000, sequence: 0
source 0 - assert 1763322601.000001293, sequence: 1810 - clear  0.000000000, sequence: 0
source 0 - assert 1763322602.000002876, sequence: 1811 - clear  0.000000000, sequence: 0
source 0 - assert 1763322603.000001158, sequence: 1812 - clear  0.000000000, sequence: 0
source 0 - assert 1763322604.000000746, sequence: 1813 - clear  0.000000000, sequence: 0
source 0 - assert 1763322605.000003876, sequence: 1814 - clear  0.000000000, sequence: 0
source 0 - assert 1763322605.999997553, sequence: 1815 - clear  0.000000000, sequence: 0
source 0 - assert 1763322606.999995501, sequence: 1816 - clear  0.000000000, sequence: 0
source 0 - assert 1763322607.999999016, sequence: 1817 - clear  0.000000000, sequence: 0
source 0 - assert 1763322609.000000506, sequence: 1818 - clear  0.000000000, sequence: 0
source 0 - assert 1763322610.000003200, sequence: 1819 - clear  0.000000000, sequence: 0
source 0 - assert 1763322611.000000669, sequence: 1820 - clear  0.000000000, sequence: 0
source 0 - assert 1763322612.000004457, sequence: 1821 - clear  0.000000000, sequence: 0
source 0 - assert 1763322612.999997955, sequence: 1822 - clear  0.000000000, sequence: 0
source 0 - assert 1763322613.999997204, sequence: 1823 - clear  0.000000000, sequence: 0
source 0 - assert 1763322615.000004470, sequence: 1824 - clear  0.000000000, sequence: 0
source 0 - assert 1763322616.000002809, sequence: 1825 - clear  0.000000000, sequence: 0
source 0 - assert 1763322616.999999849, sequence: 1826 - clear  0.000000000, sequence: 0
source 0 - assert 1763322618.000003329, sequence: 1827 - clear  0.000000000, sequence: 0
source 0 - assert 1763322619.000000789, sequence: 1828 - clear  0.000000000, sequence: 0
source 0 - assert 1763322620.000002620, sequence: 1829 - clear  0.000000000, sequence: 0
source 0 - assert 1763322621.000000796, sequence: 1830 - clear  0.000000000, sequence: 0
source 0 - assert 1763322622.000004068, sequence: 1831 - clear  0.000000000, sequence: 0
source 0 - assert 1763322623.000000092, sequence: 1832 - clear  0.000000000, sequence: 0
source 0 - assert 1763322623.999999523, sequence: 1833 - clear  0.000000000, sequence: 0
source 0 - assert 1763322625.000003822, sequence: 1834 - clear  0.000000000, sequence: 0
source 0 - assert 1763322626.000000663, sequence: 1835 - clear  0.000000000, sequence: 0
source 0 - assert 1763322627.000001888, sequence: 1836 - clear  0.000000000, sequence: 0
source 0 - assert 1763322628.000000007, sequence: 1837 - clear  0.000000000, sequence: 0
source 0 - assert 1763322629.000001319, sequence: 1838 - clear  0.000000000, sequence: 0
source 0 - assert 1763322630.000002088, sequence: 1839 - clear  0.000000000, sequence: 0
source 0 - assert 1763322630.999999673, sequence: 1840 - clear  0.000000000, sequence: 0
source 0 - assert 1763322632.000000261, sequence: 1841 - clear  0.000000000, sequence: 0
source 0 - assert 1763322632.999998619, sequence: 1842 - clear  0.000000000, sequence: 0
source 0 - assert 1763322633.999997985, sequence: 1843 - clear  0.000000000, sequence: 0
source 0 - assert 1763322635.000003487, sequence: 1844 - clear  0.000000000, sequence: 0
source 0 - assert 1763322635.999998509, sequence: 1845 - clear  0.000000000, sequence: 0
source 0 - assert 1763322636.999997425, sequence: 1846 - clear  0.000000000, sequence: 0
source 0 - assert 1763322638.000000871, sequence: 1847 - clear  0.000000000, sequence: 0
source 0 - assert 1763322638.999998184, sequence: 1848 - clear  0.000000000, sequence: 0
source 0 - assert 1763322640.000002653, sequence: 1849 - clear  0.000000000, sequence: 0
source 0 - assert 1763322641.000003122, sequence: 1850 - clear  0.000000000, sequence: 0
source 0 - assert 1763322642.000003654, sequence: 1851 - clear  0.000000000, sequence: 0
source 0 - assert 1763322642.999999730, sequence: 1852 - clear  0.000000000, sequence: 0
source 0 - assert 1763322643.999999570, sequence: 1853 - clear  0.000000000, sequence: 0
source 0 - assert 1763322645.000003006, sequence: 1854 - clear  0.000000000, sequence: 0
source 0 - assert 1763322646.000002012, sequence: 1855 - clear  0.000000000, sequence: 0
source 0 - assert 1763322647.000003345, sequence: 1856 - clear  0.000000000, sequence: 0
source 0 - assert 1763322648.000000383, sequence: 1857 - clear  0.000000000, sequence: 0
source 0 - assert 1763322648.999999498, sequence: 1858 - clear  0.000000000, sequence: 0
source 0 - assert 1763322650.000003366, sequence: 1859 - clear  0.000000000, sequence: 0
source 0 - assert 1763322651.000001572, sequence: 1860 - clear  0.000000000, sequence: 0
source 0 - assert 1763322652.000003405, sequence: 1861 - clear  0.000000000, sequence: 0
source 0 - assert 1763322652.999999072, sequence: 1862 - clear  0.000000000, sequence: 0
source 0 - assert 1763322653.999999864, sequence: 1863 - clear  0.000000000, sequence: 0
source 0 - assert 1763322655.000001167, sequence: 1864 - clear  0.000000000, sequence: 0
source 0 - assert 1763322655.999999085, sequence: 1865 - clear  0.000000000, sequence: 0
source 0 - assert 1763322657.000000595, sequence: 1866 - clear  0.000000000, sequence: 0
source 0 - assert 1763322658.000000021, sequence: 1867 - clear  0.000000000, sequence: 0
source 0 - assert 1763322658.999999305, sequence: 1868 - clear  0.000000000, sequence: 0
source 0 - assert 1763322660.000001176, sequence: 1869 - clear  0.000000000, sequence: 0
source 0 - assert 1763322661.000003354, sequence: 1870 - clear  0.000000000, sequence: 0
source 0 - assert 1763322661.999996724, sequence: 1871 - clear  0.000000000, sequence: 0
source 0 - assert 1763322663.000001165, sequence: 1872 - clear  0.000000000, sequence: 0
source 0 - assert 1763322664.000002915, sequence: 1873 - clear  0.000000000, sequence: 0
source 0 - assert 1763322665.000003803, sequence: 1874 - clear  0.000000000, sequence: 0
source 0 - assert 1763322666.000000514, sequence: 1875 - clear  0.000000000, sequence: 0
source 0 - assert 1763322667.000002789, sequence: 1876 - clear  0.000000000, sequence: 0
source 0 - assert 1763322668.000002288, sequence: 1877 - clear  0.000000000, sequence: 0
source 0 - assert 1763322669.000000257, sequence: 1878 - clear  0.000000000, sequence: 0
source 0 - assert 1763322670.000002887, sequence: 1879 - clear  0.000000000, sequence: 0
source 0 - assert 1763322671.000000462, sequence: 1880 - clear  0.000000000, sequence: 0
source 0 - assert 1763322671.999998698, sequence: 1881 - clear  0.000000000, sequence: 0
source 0 - assert 1763322673.000003163, sequence: 1882 - clear  0.000000000, sequence: 0
source 0 - assert 1763322673.999996161, sequence: 1883 - clear  0.000000000, sequence: 0
source 0 - assert 1763322675.000001764, sequence: 1884 - clear  0.000000000, sequence: 0
source 0 - assert 1763322675.999999143, sequence: 1885 - clear  0.000000000, sequence: 0
source 0 - assert 1763322677.000004049, sequence: 1886 - clear  0.000000000, sequence: 0
source 0 - assert 1763322677.999998667, sequence: 1887 - clear  0.000000000, sequence: 0
source 0 - assert 1763322678.999998230, sequence: 1888 - clear  0.000000000, sequence: 0
source 0 - assert 1763322680.000004246, sequence: 1889 - clear  0.000000000, sequence: 0
source 0 - assert 1763322680.999996464, sequence: 1890 - clear  0.000000000, sequence: 0
source 0 - assert 1763322682.000006336, sequence: 1891 - clear  0.000000000, sequence: 0
source 0 - assert 1763322682.999999414, sequence: 1892 - clear  0.000000000, sequence: 0
source 0 - assert 1763322684.000003332, sequence: 1893 - clear  0.000000000, sequence: 0
source 0 - assert 1763322685.000002193, sequence: 1894 - clear  0.000000000, sequence: 0
source 0 - assert 1763322686.000002277, sequence: 1895 - clear  0.000000000, sequence: 0
source 0 - assert 1763322687.000004318, sequence: 1896 - clear  0.000000000, sequence: 0
source 0 - assert 1763322687.999999158, sequence: 1897 - clear  0.000000000, sequence: 0
source 0 - assert 1763322689.000000330, sequence: 1898 - clear  0.000000000, sequence: 0
source 0 - assert 1763322690.000006338, sequence: 1899 - clear  0.000000000, sequence: 0
source 0 - assert 1763322691.000001549, sequence: 1900 - clear  0.000000000, sequence: 0
source 0 - assert 1763322691.999997382, sequence: 1901 - clear  0.000000000, sequence: 0
source 0 - assert 1763322693.000002099, sequence: 1902 - clear  0.000000000, sequence: 0
source 0 - assert 1763322693.999998208, sequence: 1903 - clear  0.000000000, sequence: 0
source 0 - assert 1763322695.000003362, sequence: 1904 - clear  0.000000000, sequence: 0
source 0 - assert 1763322695.999999287, sequence: 1905 - clear  0.000000000, sequence: 0
source 0 - assert 1763322697.000002863, sequence: 1906 - clear  0.000000000, sequence: 0
source 0 - assert 1763322697.999996720, sequence: 1907 - clear  0.000000000, sequence: 0
source 0 - assert 1763322698.999999961, sequence: 1908 - clear  0.000000000, sequence: 0
source 0 - assert 1763322700.000004041, sequence: 1909 - clear  0.000000000, sequence: 0
source 0 - assert 1763322701.000000626, sequence: 1910 - clear  0.000000000, sequence: 0
source 0 - assert 1763322701.999999380, sequence: 1911 - clear  0.000000000, sequence: 0
source 0 - assert 1763322702.999998871, sequence: 1912 - clear  0.000000000, sequence: 0
source 0 - assert 1763322703.999998463, sequence: 1913 - clear  0.000000000, sequence: 0
source 0 - assert 1763322705.000004281, sequence: 1914 - clear  0.000000000, sequence: 0
source 0 - assert 1763322705.999998750, sequence: 1915 - clear  0.000000000, sequence: 0
source 0 - assert 1763322707.000003578, sequence: 1916 - clear  0.000000000, sequence: 0
source 0 - assert 1763322708.000001834, sequence: 1917 - clear  0.000000000, sequence: 0
source 0 - assert 1763322709.000001202, sequence: 1918 - clear  0.000000000, sequence: 0
source 0 - assert 1763322710.000003721, sequence: 1919 - clear  0.000000000, sequence: 0
source 0 - assert 1763322711.000002256, sequence: 1920 - clear  0.000000000, sequence: 0
source 0 - assert 1763322712.000003898, sequence: 1921 - clear  0.000000000, sequence: 0
source 0 - assert 1763322713.000004315, sequence: 1922 - clear  0.000000000, sequence: 0
source 0 - assert 1763322714.000003238, sequence: 1923 - clear  0.000000000, sequence: 0
source 0 - assert 1763322715.000004459, sequence: 1924 - clear  0.000000000, sequence: 0
source 0 - assert 1763322716.000000934, sequence: 1925 - clear  0.000000000, sequence: 0
source 0 - assert 1763322717.000000550, sequence: 1926 - clear  0.000000000, sequence: 0
source 0 - assert 1763322717.999999504, sequence: 1927 - clear  0.000000000, sequence: 0
source 0 - assert 1763322719.000002000, sequence: 1928 - clear  0.000000000, sequence: 0
source 0 - assert 1763322720.000002997, sequence: 1929 - clear  0.000000000, sequence: 0
source 0 - assert 1763322720.999997780, sequence: 1930 - clear  0.000000000, sequence: 0
source 0 - assert 1763322722.000003693, sequence: 1931 - clear  0.000000000, sequence: 0
source 0 - assert 1763322723.000001069, sequence: 1932 - clear  0.000000000, sequence: 0
source 0 - assert 1763322724.000001834, sequence: 1933 - clear  0.000000000, sequence: 0
source 0 - assert 1763322725.000001550, sequence: 1934 - clear  0.000000000, sequence: 0
source 0 - assert 1763322726.000000924, sequence: 1935 - clear  0.000000000, sequence: 0
source 0 - assert 1763322726.999999463, sequence: 1936 - clear  0.000000000, sequence: 0
source 0 - assert 1763322728.000000555, sequence: 1937 - clear  0.000000000, sequence: 0
source 0 - assert 1763322729.000000340, sequence: 1938 - clear  0.000000000, sequence: 0
source 0 - assert 1763322730.000000672, sequence: 1939 - clear  0.000000000, sequence: 0
source 0 - assert 1763322730.999997516, sequence: 1940 - clear  0.000000000, sequence: 0
source 0 - assert 1763322731.999999182, sequence: 1941 - clear  0.000000000, sequence: 0
source 0 - assert 1763322732.999997117, sequence: 1942 - clear  0.000000000, sequence: 0
source 0 - assert 1763322734.000002496, sequence: 1943 - clear  0.000000000, sequence: 0
source 0 - assert 1763322734.999999241, sequence: 1944 - clear  0.000000000, sequence: 0
source 0 - assert 1763322735.999997878, sequence: 1945 - clear  0.000000000, sequence: 0
source 0 - assert 1763322737.000002584, sequence: 1946 - clear  0.000000000, sequence: 0
source 0 - assert 1763322737.999999757, sequence: 1947 - clear  0.000000000, sequence: 0
source 0 - assert 1763322739.000002533, sequence: 1948 - clear  0.000000000, sequence: 0
source 0 - assert 1763322740.000002032, sequence: 1949 - clear  0.000000000, sequence: 0
source 0 - assert 1763322740.999997707, sequence: 1950 - clear  0.000000000, sequence: 0
source 0 - assert 1763322741.999996963, sequence: 1951 - clear  0.000000000, sequence: 0
source 0 - assert 1763322743.000003506, sequence: 1952 - clear  0.000000000, sequence: 0
source 0 - assert 1763322744.000001823, sequence: 1953 - clear  0.000000000, sequence: 0
source 0 - assert 1763322745.000006825, sequence: 1954 - clear  0.000000000, sequence: 0
source 0 - assert 1763322746.000000180, sequence: 1955 - clear  0.000000000, sequence: 0
source 0 - assert 1763322746.999999478, sequence: 1956 - clear  0.000000000, sequence: 0
source 0 - assert 1763322747.999998748, sequence: 1957 - clear  0.000000000, sequence: 0
source 0 - assert 1763322748.999997361, sequence: 1958 - clear  0.000000000, sequence: 0
source 0 - assert 1763322750.000004144, sequence: 1959 - clear  0.000000000, sequence: 0
source 0 - assert 1763322751.000001456, sequence: 1960 - clear  0.000000000, sequence: 0
source 0 - assert 1763322751.999998615, sequence: 1961 - clear  0.000000000, sequence: 0
source 0 - assert 1763322753.000004368, sequence: 1962 - clear  0.000000000, sequence: 0
source 0 - assert 1763322753.999999303, sequence: 1963 - clear  0.000000000, sequence: 0
source 0 - assert 1763322755.000004952, sequence: 1964 - clear  0.000000000, sequence: 0
source 0 - assert 1763322755.999997492, sequence: 1965 - clear  0.000000000, sequence: 0
source 0 - assert 1763322757.000003462, sequence: 1966 - clear  0.000000000, sequence: 0
source 0 - assert 1763322757.999999754, sequence: 1967 - clear  0.000000000, sequence: 0
source 0 - assert 1763322758.999997129, sequence: 1968 - clear  0.000000000, sequence: 0
source 0 - assert 1763322760.000004931, sequence: 1969 - clear  0.000000000, sequence: 0
source 0 - assert 1763322761.000000697, sequence: 1970 - clear  0.000000000, sequence: 0
source 0 - assert 1763322761.999998056, sequence: 1971 - clear  0.000000000, sequence: 0
source 0 - assert 1763322763.000002641, sequence: 1972 - clear  0.000000000, sequence: 0
source 0 - assert 1763322763.999999097, sequence: 1973 - clear  0.000000000, sequence: 0
source 0 - assert 1763322765.000005267, sequence: 1974 - clear  0.000000000, sequence: 0
source 0 - assert 1763322766.000004592, sequence: 1975 - clear  0.000000000, sequence: 0
source 0 - assert 1763322767.000001671, sequence: 1976 - clear  0.000000000, sequence: 0
source 0 - assert 1763322768.000006455, sequence: 1977 - clear  0.000000000, sequence: 0
source 0 - assert 1763322769.000000571, sequence: 1978 - clear  0.000000000, sequence: 0
source 0 - assert 1763322770.000003783, sequence: 1979 - clear  0.000000000, sequence: 0
source 0 - assert 1763322770.999999558, sequence: 1980 - clear  0.000000000, sequence: 0
source 0 - assert 1763322771.999997703, sequence: 1981 - clear  0.000000000, sequence: 0
source 0 - assert 1763322773.000004446, sequence: 1982 - clear  0.000000000, sequence: 0
source 0 - assert 1763322774.000001032, sequence: 1983 - clear  0.000000000, sequence: 0
source 0 - assert 1763322775.000009960, sequence: 1984 - clear  0.000000000, sequence: 0
Terminated
