trying PPS source "/dev/pps0"
found PPS source "/dev/pps0"
ok, found 1 source(s), now start fetching data...
source 0 - assert 1763321640.000008229, sequence: 849 - clear  0.000000000, sequence: 0
source 0 - assert 1763321641.000005095, sequence: 850 - clear  0.000000000, sequence: 0
source 0 - assert 1763321642.000002244, sequence: 851 - clear  0.000000000, sequence: 0
source 0 - assert 1763321642.999997756, sequence: 852 - clear  0.000000000, sequence: 0
source 0 - assert 1763321643.999999992, sequence: 853 - clear  0.000000000, sequence: 0
source 0 - assert 1763321645.000004796, sequence: 854 - clear  0.000000000, sequence: 0
source 0 - assert 1763321646.000001795, sequence: 855 - clear  0.000000000, sequence: 0
source 0 - assert 1763321647.000000610, sequence: 856 - clear  0.000000000, sequence: 0
source 0 - assert 1763321647.999998836, sequence: 857 - clear  0.000000000, sequence: 0
source 0 - assert 1763321648.999999716, sequence: 858 - clear  0.000000000, sequence: 0
source 0 - assert 1763321649.999998048, sequence: 859 - clear  0.000000000, sequence: 0
source 0 - assert 1763321651.000004822, sequence: 860 - clear  0.000000000, sequence: 0
source 0 - assert 1763321652.000002118, sequence: 861 - clear  0.000000000, sequence: 0
source 0 - assert 1763321652.999996684, sequence: 862 - clear  0.000000000, sequence: 0
source 0 - assert 1763321654.000005928, sequence: 863 - clear  0.000000000, sequence: 0
source 0 - assert 1763321655.000002370, sequence: 864 - clear  0.000000000, sequence: 0
source 0 - assert 1763321656.000004353, sequence: 865 - clear  0.000000000, sequence: 0
source 0 - assert 1763321657.000008188, sequence: 866 - clear  0.000000000, sequence: 0
source 0 - assert 1763321658.000003810, sequence: 867 - clear  0.000000000, sequence: 0
source 0 - assert 1763321659.000003224, sequence: 868 - clear  0.000000000, sequence: 0
source 0 - assert 1763321660.000000255, sequence: 869 - clear  0.000000000, sequence: 0
source 0 - assert 1763321661.000003862, sequence: 870 - clear  0.000000000, sequence: 0
source 0 - assert 1763321662.000004006, sequence: 871 - clear  0.000000000, sequence: 0
source 0 - assert 1763321662.999998840, sequence: 872 - clear  0.000000000, sequence: 0
source 0 - assert 1763321664.000001760, sequence: 873 - clear  0.000000000, sequence: 0
source 0 - assert 1763321665.000001933, sequence: 874 - clear  0.000000000, sequence: 0
source 0 - assert 1763321666.000005943, sequence: 875 - clear  0.000000000, sequence: 0
source 0 - assert 1763321667.000005117, sequence: 876 - clear  0.000000000, sequence: 0
source 0 - assert 1763321668.000004132, sequence: 877 - clear  0.000000000, sequence: 0
source 0 - assert 1763321669.000000260, sequence: 878 - clear  0.000000000, sequence: 0
source 0 - assert 1763321670.000001785, sequence: 879 - clear  0.000000000, sequence: 0
source 0 - assert 1763321671.000004499, sequence: 880 - clear  0.000000000, sequence: 0
source 0 - assert 1763321672.000007340, sequence: 881 - clear  0.000000000, sequence: 0
source 0 - assert 1763321673.000000725, sequence: 882 - clear  0.000000000, sequence: 0
source 0 - assert 1763321674.000000278, sequence: 883 - clear  0.000000000, sequence: 0
source 0 - assert 1763321675.000001772, sequence: 884 - clear  0.000000000, sequence: 0
source 0 - assert 1763321676.000002874, sequence: 885 - clear  0.000000000, sequence: 0
source 0 - assert 1763321677.000001175, sequence: 886 - clear  0.000000000, sequence: 0
source 0 - assert 1763321678.000000846, sequence: 887 - clear  0.000000000, sequence: 0
source 0 - assert 1763321679.000003746, sequence: 888 - clear  0.000000000, sequence: 0
source 0 - assert 1763321680.000003734, sequence: 889 - clear  0.000000000, sequence: 0
source 0 - assert 1763321681.000002969, sequence: 890 - clear  0.000000000, sequence: 0
source 0 - assert 1763321682.000003126, sequence: 891 - clear  0.000000000, sequence: 0
source 0 - assert 1763321683.000000105, sequence: 892 - clear  0.000000000, sequence: 0
source 0 - assert 1763321684.000009150, sequence: 893 - clear  0.000000000, sequence: 0
source 0 - assert 1763321685.000001961, sequence: 894 - clear  0.000000000, sequence: 0
source 0 - assert 1763321686.000005682, sequence: 895 - clear  0.000000000, sequence: 0
source 0 - assert 1763321687.000006176, sequence: 896 - clear  0.000000000, sequence: 0
source 0 - assert 1763321687.999999872, sequence: 897 - clear  0.000000000, sequence: 0
source 0 - assert 1763321689.000004366, sequence: 898 - clear  0.000000000, sequence: 0
source 0 - assert 1763321689.999999302, sequence: 899 - clear  0.000000000, sequence: 0
source 0 - assert 1763321691.000004570, sequence: 900 - clear  0.000000000, sequence: 0
source 0 - assert 1763321692.000004675, sequence: 901 - clear  0.000000000, sequence: 0
source 0 - assert 1763321693.000002691, sequence: 902 - clear  0.000000000, sequence: 0
source 0 - assert 1763321694.000000322, sequence: 903 - clear  0.000000000, sequence: 0
source 0 - assert 1763321695.000001338, sequence: 904 - clear  0.000000000, sequence: 0
source 0 - assert 1763321696.000005136, sequence: 905 - clear  0.000000000, sequence: 0
source 0 - assert 1763321697.000000785, sequence: 906 - clear  0.000000000, sequence: 0
source 0 - assert 1763321698.000002339, sequence: 907 - clear  0.000000000, sequence: 0
source 0 - assert 1763321699.000001978, sequence: 908 - clear  0.000000000, sequence: 0
source 0 - assert 1763321700.000002822, sequence: 909 - clear  0.000000000, sequence: 0
source 0 - assert 1763321701.000003535, sequence: 910 - clear  0.000000000, sequence: 0
source 0 - assert 1763321702.000002409, sequence: 911 - clear  0.000000000, sequence: 0
source 0 - assert 1763321703.000006220, sequence: 912 - clear  0.000000000, sequence: 0
source 0 - assert 1763321704.000004074, sequence: 913 - clear  0.000000000, sequence: 0
source 0 - assert 1763321705.000006215, sequence: 914 - clear  0.000000000, sequence: 0
source 0 - assert 1763321706.000004431, sequence: 915 - clear  0.000000000, sequence: 0
source 0 - assert 1763321707.000003690, sequence: 916 - clear  0.000000000, sequence: 0
source 0 - assert 1763321708.000005238, sequence: 917 - clear  0.000000000, sequence: 0
source 0 - assert 1763321709.000002989, sequence: 918 - clear  0.000000000, sequence: 0
source 0 - assert 1763321710.000005629, sequence: 919 - clear  0.000000000, sequence: 0
source 0 - assert 1763321711.000004119, sequence: 920 - clear  0.000000000, sequence: 0
source 0 - assert 1763321712.000002073, sequence: 921 - clear  0.000000000, sequence: 0
source 0 - assert 1763321712.999996739, sequence: 922 - clear  0.000000000, sequence: 0
source 0 - assert 1763321714.000006506, sequence: 923 - clear  0.000000000, sequence: 0
source 0 - assert 1763321715.000005084, sequence: 924 - clear  0.000000000, sequence: 0
source 0 - assert 1763321716.000003827, sequence: 925 - clear  0.000000000, sequence: 0
source 0 - assert 1763321717.000004324, sequence: 926 - clear  0.000000000, sequence: 0
source 0 - assert 1763321718.000001190, sequence: 927 - clear  0.000000000, sequence: 0
source 0 - assert 1763321719.000001283, sequence: 928 - clear  0.000000000, sequence: 0
source 0 - assert 1763321720.000002961, sequence: 929 - clear  0.000000000, sequence: 0
source 0 - assert 1763321721.000004599, sequence: 930 - clear  0.000000000, sequence: 0
source 0 - assert 1763321722.000000935, sequence: 931 - clear  0.000000000, sequence: 0
source 0 - assert 1763321723.000001460, sequence: 932 - clear  0.000000000, sequence: 0
source 0 - assert 1763321724.000001790, sequence: 933 - clear  0.000000000, sequence: 0
source 0 - assert 1763321725.000005420, sequence: 934 - clear  0.000000000, sequence: 0
source 0 - assert 1763321726.000004994, sequence: 935 - clear  0.000000000, sequence: 0
source 0 - assert 1763321727.000003973, sequence: 936 - clear  0.000000000, sequence: 0
source 0 - assert 1763321728.000008191, sequence: 937 - clear  0.000000000, sequence: 0
source 0 - assert 1763321729.000003359, sequence: 938 - clear  0.000000000, sequence: 0
source 0 - assert 1763321730.000001530, sequence: 939 - clear  0.000000000, sequence: 0
source 0 - assert 1763321731.000004565, sequence: 940 - clear  0.000000000, sequence: 0
source 0 - assert 1763321732.000001995, sequence: 941 - clear  0.000000000, sequence: 0
source 0 - assert 1763321733.000002167, sequence: 942 - clear  0.000000000, sequence: 0
source 0 - assert 1763321734.000002582, sequence: 943 - clear  0.000000000, sequence: 0
source 0 - assert 1763321735.000004770, sequence: 944 - clear  0.000000000, sequence: 0
source 0 - assert 1763321736.000004739, sequence: 945 - clear  0.000000000, sequence: 0
source 0 - assert 1763321737.000001947, sequence: 946 - clear  0.000000000, sequence: 0
source 0 - assert 1763321738.000003320, sequence: 947 - clear  0.000000000, sequence: 0
source 0 - assert 1763321739.000001001, sequence: 948 - clear  0.000000000, sequence: 0
source 0 - assert 1763321740.000001103, sequence: 949 - clear  0.000000000, sequence: 0
source 0 - assert 1763321741.000004265, sequence: 950 - clear  0.000000000, sequence: 0
source 0 - assert 1763321741.999998783, sequence: 951 - clear  0.000000000, sequence: 0
source 0 - assert 1763321743.000001223, sequence: 952 - clear  0.000000000, sequence: 0
source 0 - assert 1763321744.000001051, sequence: 953 - clear  0.000000000, sequence: 0
source 0 - assert 1763321745.000005505, sequence: 954 - clear  0.000000000, sequence: 0
source 0 - assert 1763321746.000002685, sequence: 955 - clear  0.000000000, sequence: 0
source 0 - assert 1763321747.000005645, sequence: 956 - clear  0.000000000, sequence: 0
source 0 - assert 1763321748.000002186, sequence: 957 - clear  0.000000000, sequence: 0
source 0 - assert 1763321749.000002358, sequence: 958 - clear  0.000000000, sequence: 0
source 0 - assert 1763321750.000003030, sequence: 959 - clear  0.000000000, sequence: 0
source 0 - assert 1763321751.000003821, sequence: 960 - clear  0.000000000, sequence: 0
source 0 - assert 1763321752.000003222, sequence: 961 - clear  0.000000000, sequence: 0
source 0 - assert 1763321752.999998197, sequence: 962 - clear  0.000000000, sequence: 0
source 0 - assert 1763321754.000000685, sequence: 963 - clear  0.000000000, sequence: 0
source 0 - assert 1763321755.000000623, sequence: 964 - clear  0.000000000, sequence: 0
source 0 - assert 1763321756.000003244, sequence: 965 - clear  0.000000000, sequence: 0
source 0 - assert 1763321757.000001446, sequence: 966 - clear  0.000000000, sequence: 0
source 0 - assert 1763321758.000001251, sequence: 967 - clear  0.000000000, sequence: 0
source 0 - assert 1763321758.999998880, sequence: 968 - clear  0.000000000, sequence: 0
source 0 - assert 1763321760.000001291, sequence: 969 - clear  0.000000000, sequence: 0
source 0 - assert 1763321761.000005870, sequence: 970 - clear  0.000000000, sequence: 0
source 0 - assert 1763321762.000003363, sequence: 971 - clear  0.000000000, sequence: 0
source 0 - assert 1763321763.000002072, sequence: 972 - clear  0.000000000, sequence: 0
source 0 - assert 1763321763.999999868, sequence: 973 - clear  0.000000000, sequence: 0
source 0 - assert 1763321765.000004096, sequence: 974 - clear  0.000000000, sequence: 0
source 0 - assert 1763321766.000000976, sequence: 975 - clear  0.000000000, sequence: 0
source 0 - assert 1763321767.000001966, sequence: 976 - clear  0.000000000, sequence: 0
source 0 - assert 1763321768.000002995, sequence: 977 - clear  0.000000000, sequence: 0
source 0 - assert 1763321769.000001036, sequence: 978 - clear  0.000000000, sequence: 0
source 0 - assert 1763321770.000003451, sequence: 979 - clear  0.000000000, sequence: 0
source 0 - assert 1763321771.000006560, sequence: 980 - clear  0.000000000, sequence: 0
source 0 - assert 1763321772.000001910, sequence: 981 - clear  0.000000000, sequence: 0
source 0 - assert 1763321773.000003753, sequence: 982 - clear  0.000000000, sequence: 0
source 0 - assert 1763321774.000002497, sequence: 983 - clear  0.000000000, sequence: 0
source 0 - assert 1763321775.000009212, sequence: 984 - clear  0.000000000, sequence: 0
source 0 - assert 1763321776.000005890, sequence: 985 - clear  0.000000000, sequence: 0
source 0 - assert 1763321777.000003871, sequence: 986 - clear  0.000000000, sequence: 0
source 0 - assert 1763321778.000001082, sequence: 987 - clear  0.000000000, sequence: 0
source 0 - assert 1763321779.000002557, sequence: 988 - clear  0.000000000, sequence: 0
source 0 - assert 1763321780.000004914, sequence: 989 - clear  0.000000000, sequence: 0
source 0 - assert 1763321781.000002946, sequence: 990 - clear  0.000000000, sequence: 0
source 0 - assert 1763321782.000004702, sequence: 991 - clear  0.000000000, sequence: 0
source 0 - assert 1763321783.000004821, sequence: 992 - clear  0.000000000, sequence: 0
source 0 - assert 1763321783.999997015, sequence: 993 - clear  0.000000000, sequence: 0
source 0 - assert 1763321785.000005191, sequence: 994 - clear  0.000000000, sequence: 0
source 0 - assert 1763321786.000002502, sequence: 995 - clear  0.000000000, sequence: 0
source 0 - assert 1763321787.000004951, sequence: 996 - clear  0.000000000, sequence: 0
source 0 - assert 1763321788.000002314, sequence: 997 - clear  0.000000000, sequence: 0
source 0 - assert 1763321789.000000479, sequence: 998 - clear  0.000000000, sequence: 0
source 0 - assert 1763321790.000002965, sequence: 999 - clear  0.000000000, sequence: 0
source 0 - assert 1763321791.000001724, sequence: 1000 - clear  0.000000000, sequence: 0
source 0 - assert 1763321792.000004379, sequence: 1001 - clear  0.000000000, sequence: 0
source 0 - assert 1763321793.000001159, sequence: 1002 - clear  0.000000000, sequence: 0
source 0 - assert 1763321794.000002359, sequence: 1003 - clear  0.000000000, sequence: 0
source 0 - assert 1763321795.000007826, sequence: 1004 - clear  0.000000000, sequence: 0
source 0 - assert 1763321796.000003798, sequence: 1005 - clear  0.000000000, sequence: 0
source 0 - assert 1763321797.000005369, sequence: 1006 - clear  0.000000000, sequence: 0
source 0 - assert 1763321798.000003509, sequence: 1007 - clear  0.000000000, sequence: 0
source 0 - assert 1763321799.000002929, sequence: 1008 - clear  0.000000000, sequence: 0
source 0 - assert 1763321800.000002453, sequence: 1009 - clear  0.000000000, sequence: 0
source 0 - assert 1763321801.000000490, sequence: 1010 - clear  0.000000000, sequence: 0
source 0 - assert 1763321802.000004741, sequence: 1011 - clear  0.000000000, sequence: 0
source 0 - assert 1763321803.000003115, sequence: 1012 - clear  0.000000000, sequence: 0
source 0 - assert 1763321804.000002324, sequence: 1013 - clear  0.000000000, sequence: 0
source 0 - assert 1763321805.000006947, sequence: 1014 - clear  0.000000000, sequence: 0
source 0 - assert 1763321806.000003761, sequence: 1015 - clear  0.000000000, sequence: 0
source 0 - assert 1763321807.000005451, sequence: 1016 - clear  0.000000000, sequence: 0
source 0 - assert 1763321808.000000716, sequence: 1017 - clear  0.000000000, sequence: 0
source 0 - assert 1763321809.000001432, sequence: 1018 - clear  0.000000000, sequence: 0
source 0 - assert 1763321810.000005089, sequence: 1019 - clear  0.000000000, sequence: 0
source 0 - assert 1763321811.000000646, sequence: 1020 - clear  0.000000000, sequence: 0
source 0 - assert 1763321812.000005296, sequence: 1021 - clear  0.000000000, sequence: 0
source 0 - assert 1763321812.999999534, sequence: 1022 - clear  0.000000000, sequence: 0
source 0 - assert 1763321814.000003235, sequence: 1023 - clear  0.000000000, sequence: 0
source 0 - assert 1763321815.000001738, sequence: 1024 - clear  0.000000000, sequence: 0
source 0 - assert 1763321816.000002664, sequence: 1025 - clear  0.000000000, sequence: 0
source 0 - assert 1763321817.000005423, sequence: 1026 - clear  0.000000000, sequence: 0
source 0 - assert 1763321818.000004672, sequence: 1027 - clear  0.000000000, sequence: 0
source 0 - assert 1763321818.999999639, sequence: 1028 - clear  0.000000000, sequence: 0
source 0 - assert 1763321820.000002530, sequence: 1029 - clear  0.000000000, sequence: 0
source 0 - assert 1763321821.000004038, sequence: 1030 - clear  0.000000000, sequence: 0
source 0 - assert 1763321822.000004647, sequence: 1031 - clear  0.000000000, sequence: 0
source 0 - assert 1763321823.000000816, sequence: 1032 - clear  0.000000000, sequence: 0
source 0 - assert 1763321824.000001482, sequence: 1033 - clear  0.000000000, sequence: 0
source 0 - assert 1763321825.000002723, sequence: 1034 - clear  0.000000000, sequence: 0
source 0 - assert 1763321826.000003393, sequence: 1035 - clear  0.000000000, sequence: 0
source 0 - assert 1763321827.000005307, sequence: 1036 - clear  0.000000000, sequence: 0
source 0 - assert 1763321828.000001605, sequence: 1037 - clear  0.000000000, sequence: 0
source 0 - assert 1763321828.999999910, sequence: 1038 - clear  0.000000000, sequence: 0
source 0 - assert 1763321830.000002247, sequence: 1039 - clear  0.000000000, sequence: 0
source 0 - assert 1763321831.000004019, sequence: 1040 - clear  0.000000000, sequence: 0
source 0 - assert 1763321832.000004128, sequence: 1041 - clear  0.000000000, sequence: 0
source 0 - assert 1763321833.000000927, sequence: 1042 - clear  0.000000000, sequence: 0
source 0 - assert 1763321833.999999757, sequence: 1043 - clear  0.000000000, sequence: 0
source 0 - assert 1763321835.000006953, sequence: 1044 - clear  0.000000000, sequence: 0
source 0 - assert 1763321836.000005669, sequence: 1045 - clear  0.000000000, sequence: 0
source 0 - assert 1763321837.000003939, sequence: 1046 - clear  0.000000000, sequence: 0
source 0 - assert 1763321838.000002860, sequence: 1047 - clear  0.000000000, sequence: 0
source 0 - assert 1763321839.000000111, sequence: 1048 - clear  0.000000000, sequence: 0
source 0 - assert 1763321840.000000409, sequence: 1049 - clear  0.000000000, sequence: 0
source 0 - assert 1763321841.000000997, sequence: 1050 - clear  0.000000000, sequence: 0
source 0 - assert 1763321842.000004698, sequence: 1051 - clear  0.000000000, sequence: 0
source 0 - assert 1763321843.000000751, sequence: 1052 - clear  0.000000000, sequence: 0
source 0 - assert 1763321844.000000200, sequence: 1053 - clear  0.000000000, sequence: 0
source 0 - assert 1763321845.000000312, sequence: 1054 - clear  0.000000000, sequence: 0
source 0 - assert 1763321846.000001072, sequence: 1055 - clear  0.000000000, sequence: 0
source 0 - assert 1763321847.000002584, sequence: 1056 - clear  0.000000000, sequence: 0
source 0 - assert 1763321848.000005584, sequence: 1057 - clear  0.000000000, sequence: 0
source 0 - assert 1763321849.000005958, sequence: 1058 - clear  0.000000000, sequence: 0
source 0 - assert 1763321850.000003824, sequence: 1059 - clear  0.000000000, sequence: 0
source 0 - assert 1763321850.999999539, sequence: 1060 - clear  0.000000000, sequence: 0
source 0 - assert 1763321852.000004952, sequence: 1061 - clear  0.000000000, sequence: 0
source 0 - assert 1763321853.000000237, sequence: 1062 - clear  0.000000000, sequence: 0
source 0 - assert 1763321854.000001786, sequence: 1063 - clear  0.000000000, sequence: 0
source 0 - assert 1763321855.000002639, sequence: 1064 - clear  0.000000000, sequence: 0
source 0 - assert 1763321855.999997048, sequence: 1065 - clear  0.000000000, sequence: 0
source 0 - assert 1763321857.000000965, sequence: 1066 - clear  0.000000000, sequence: 0
source 0 - assert 1763321858.000004070, sequence: 1067 - clear  0.000000000, sequence: 0
source 0 - assert 1763321859.000000104, sequence: 1068 - clear  0.000000000, sequence: 0
source 0 - assert 1763321860.000002450, sequence: 1069 - clear  0.000000000, sequence: 0
source 0 - assert 1763321861.000003656, sequence: 1070 - clear  0.000000000, sequence: 0
source 0 - assert 1763321862.000005333, sequence: 1071 - clear  0.000000000, sequence: 0
source 0 - assert 1763321863.000004794, sequence: 1072 - clear  0.000000000, sequence: 0
source 0 - assert 1763321864.000001713, sequence: 1073 - clear  0.000000000, sequence: 0
source 0 - assert 1763321865.000002119, sequence: 1074 - clear  0.000000000, sequence: 0
source 0 - assert 1763321866.000003119, sequence: 1075 - clear  0.000000000, sequence: 0
source 0 - assert 1763321867.000004813, sequence: 1076 - clear  0.000000000, sequence: 0
source 0 - assert 1763321868.000001448, sequence: 1077 - clear  0.000000000, sequence: 0
source 0 - assert 1763321869.000002873, sequence: 1078 - clear  0.000000000, sequence: 0
source 0 - assert 1763321869.999997732, sequence: 1079 - clear  0.000000000, sequence: 0
source 0 - assert 1763321871.000001739, sequence: 1080 - clear  0.000000000, sequence: 0
source 0 - assert 1763321872.000003767, sequence: 1081 - clear  0.000000000, sequence: 0
source 0 - assert 1763321873.000002214, sequence: 1082 - clear  0.000000000, sequence: 0
source 0 - assert 1763321874.000004667, sequence: 1083 - clear  0.000000000, sequence: 0
source 0 - assert 1763321875.000003236, sequence: 1084 - clear  0.000000000, sequence: 0
source 0 - assert 1763321876.000000778, sequence: 1085 - clear  0.000000000, sequence: 0
source 0 - assert 1763321876.999998917, sequence: 1086 - clear  0.000000000, sequence: 0
source 0 - assert 1763321878.000002876, sequence: 1087 - clear  0.000000000, sequence: 0
source 0 - assert 1763321879.000001565, sequence: 1088 - clear  0.000000000, sequence: 0
source 0 - assert 1763321880.000006197, sequence: 1089 - clear  0.000000000, sequence: 0
source 0 - assert 1763321881.000000506, sequence: 1090 - clear  0.000000000, sequence: 0
source 0 - assert 1763321882.000003055, sequence: 1091 - clear  0.000000000, sequence: 0
source 0 - assert 1763321883.000004959, sequence: 1092 - clear  0.000000000, sequence: 0
source 0 - assert 1763321884.000002912, sequence: 1093 - clear  0.000000000, sequence: 0
source 0 - assert 1763321885.000004406, sequence: 1094 - clear  0.000000000, sequence: 0
source 0 - assert 1763321886.000001410, sequence: 1095 - clear  0.000000000, sequence: 0
source 0 - assert 1763321887.000000329, sequence: 1096 - clear  0.000000000, sequence: 0
source 0 - assert 1763321888.000004117, sequence: 1097 - clear  0.000000000, sequence: 0
source 0 - assert 1763321889.000007620, sequence: 1098 - clear  0.000000000, sequence: 0
source 0 - assert 1763321890.000005349, sequence: 1099 - clear  0.000000000, sequence: 0
source 0 - assert 1763321891.000003855, sequence: 1100 - clear  0.000000000, sequence: 0
source 0 - assert 1763321892.000001708, sequence: 1101 - clear  0.000000000, sequence: 0
source 0 - assert 1763321893.000005212, sequence: 1102 - clear  0.000000000, sequence: 0
source 0 - assert 1763321894.000002076, sequence: 1103 - clear  0.000000000, sequence: 0
source 0 - assert 1763321895.000003903, sequence: 1104 - clear  0.000000000, sequence: 0
source 0 - assert 1763321896.000006195, sequence: 1105 - clear  0.000000000, sequence: 0
source 0 - assert 1763321897.000002455, sequence: 1106 - clear  0.000000000, sequence: 0
source 0 - assert 1763321898.000006040, sequence: 1107 - clear  0.000000000, sequence: 0
source 0 - assert 1763321899.000002804, sequence: 1108 - clear  0.000000000, sequence: 0
source 0 - assert 1763321900.000005095, sequence: 1109 - clear  0.000000000, sequence: 0
source 0 - assert 1763321901.000003754, sequence: 1110 - clear  0.000000000, sequence: 0
source 0 - assert 1763321902.000003116, sequence: 1111 - clear  0.000000000, sequence: 0
source 0 - assert 1763321903.000002668, sequence: 1112 - clear  0.000000000, sequence: 0
source 0 - assert 1763321904.000000160, sequence: 1113 - clear  0.000000000, sequence: 0
source 0 - assert 1763321905.000003041, sequence: 1114 - clear  0.000000000, sequence: 0
source 0 - assert 1763321905.999997542, sequence: 1115 - clear  0.000000000, sequence: 0
source 0 - assert 1763321907.000002370, sequence: 1116 - clear  0.000000000, sequence: 0
source 0 - assert 1763321908.000004161, sequence: 1117 - clear  0.000000000, sequence: 0
source 0 - assert 1763321909.000001131, sequence: 1118 - clear  0.000000000, sequence: 0
source 0 - assert 1763321910.000005976, sequence: 1119 - clear  0.000000000, sequence: 0
source 0 - assert 1763321911.000000165, sequence: 1120 - clear  0.000000000, sequence: 0
source 0 - assert 1763321911.999997048, sequence: 1121 - clear  0.000000000, sequence: 0
source 0 - assert 1763321913.000001368, sequence: 1122 - clear  0.000000000, sequence: 0
source 0 - assert 1763321914.000001343, sequence: 1123 - clear  0.000000000, sequence: 0
source 0 - assert 1763321915.000002762, sequence: 1124 - clear  0.000000000, sequence: 0
source 0 - assert 1763321915.999998416, sequence: 1125 - clear  0.000000000, sequence: 0
source 0 - assert 1763321917.000000977, sequence: 1126 - clear  0.000000000, sequence: 0
source 0 - assert 1763321918.000002105, sequence: 1127 - clear  0.000000000, sequence: 0
source 0 - assert 1763321918.999999627, sequence: 1128 - clear  0.000000000, sequence: 0
source 0 - assert 1763321920.000004221, sequence: 1129 - clear  0.000000000, sequence: 0
source 0 - assert 1763321921.000001435, sequence: 1130 - clear  0.000000000, sequence: 0
source 0 - assert 1763321921.999998289, sequence: 1131 - clear  0.000000000, sequence: 0
source 0 - assert 1763321923.000003816, sequence: 1132 - clear  0.000000000, sequence: 0
source 0 - assert 1763321924.000000805, sequence: 1133 - clear  0.000000000, sequence: 0
source 0 - assert 1763321925.000002356, sequence: 1134 - clear  0.000000000, sequence: 0
source 0 - assert 1763321926.000006373, sequence: 1135 - clear  0.000000000, sequence: 0
source 0 - assert 1763321927.000004578, sequence: 1136 - clear  0.000000000, sequence: 0
source 0 - assert 1763321928.000003954, sequence: 1137 - clear  0.000000000, sequence: 0
source 0 - assert 1763321929.000000832, sequence: 1138 - clear  0.000000000, sequence: 0
source 0 - assert 1763321929.999997702, sequence: 1139 - clear  0.000000000, sequence: 0
source 0 - assert 1763321931.000000994, sequence: 1140 - clear  0.000000000, sequence: 0
source 0 - assert 1763321932.000000460, sequence: 1141 - clear  0.000000000, sequence: 0
source 0 - assert 1763321933.000001249, sequence: 1142 - clear  0.000000000, sequence: 0
source 0 - assert 1763321934.000000965, sequence: 1143 - clear  0.000000000, sequence: 0
source 0 - assert 1763321935.000001128, sequence: 1144 - clear  0.000000000, sequence: 0
source 0 - assert 1763321935.999998367, sequence: 1145 - clear  0.000000000, sequence: 0
source 0 - assert 1763321936.999997988, sequence: 1146 - clear  0.000000000, sequence: 0
source 0 - assert 1763321938.000000704, sequence: 1147 - clear  0.000000000, sequence: 0
source 0 - assert 1763321939.000002413, sequence: 1148 - clear  0.000000000, sequence: 0
source 0 - assert 1763321940.000005827, sequence: 1149 - clear  0.000000000, sequence: 0
source 0 - assert 1763321941.000004989, sequence: 1150 - clear  0.000000000, sequence: 0
source 0 - assert 1763321942.000001358, sequence: 1151 - clear  0.000000000, sequence: 0
source 0 - assert 1763321943.000005328, sequence: 1152 - clear  0.000000000, sequence: 0
source 0 - assert 1763321943.999998690, sequence: 1153 - clear  0.000000000, sequence: 0
source 0 - assert 1763321944.999999102, sequence: 1154 - clear  0.000000000, sequence: 0
source 0 - assert 1763321945.999999538, sequence: 1155 - clear  0.000000000, sequence: 0
source 0 - assert 1763321946.999999912, sequence: 1156 - clear  0.000000000, sequence: 0
source 0 - assert 1763321948.000003075, sequence: 1157 - clear  0.000000000, sequence: 0
source 0 - assert 1763321948.999996339, sequence: 1158 - clear  0.000000000, sequence: 0
source 0 - assert 1763321950.000001164, sequence: 1159 - clear  0.000000000, sequence: 0
source 0 - assert 1763321951.000004449, sequence: 1160 - clear  0.000000000, sequence: 0
source 0 - assert 1763321952.000000872, sequence: 1161 - clear  0.000000000, sequence: 0
source 0 - assert 1763321953.000006017, sequence: 1162 - clear  0.000000000, sequence: 0
source 0 - assert 1763321954.000001796, sequence: 1163 - clear  0.000000000, sequence: 0
source 0 - assert 1763321954.999998781, sequence: 1164 - clear  0.000000000, sequence: 0
Terminated
