ptp4l[457145.354]: selected /dev/ptp0 as PTP clock
ptp4l[457145.361]: port 1 (eth0): INITIALIZING to LISTENING on INIT_COMPLETE
ptp4l[457145.362]: port 0 (/var/run/ptp4l): INITIALIZING to LISTENING on INIT_COMPLETE
ptp4l[457145.363]: port 0 (/var/run/ptp4lro): INITIALIZING to LISTENING on INIT_COMPLETE
ptp4l[457152.361]: selected local clock 000000.fffe.049f06 as best master
ptp4l[457153.197]: port 1 (eth0): new foreign master 641c10.fffe.f12579-1
ptp4l[457157.197]: selected best master clock 641c10.fffe.f12579
ptp4l[457157.197]: port 1 (eth0): LISTENING to UNCALIBRATED on RS_SLAVE
ptp4l[457159.197]: master offset      47142 s0 freq  -80648 path delay       920
ptp4l[457160.197]: master offset      47230 s1 freq  -80560 path delay       913
ptp4l[457161.197]: master offset        -23 s2 freq  -80583 path delay       913
ptp4l[457161.197]: port 1 (eth0): UNCALIBRATED to SLAVE on MASTER_CLOCK_SELECTED
ptp4l[457162.197]: master offset        -47 s2 freq  -80614 path delay       913
ptp4l[457163.197]: master offset        -27 s2 freq  -80608 path delay       920
ptp4l[457164.197]: master offset         -2 s2 freq  -80591 path delay       922
ptp4l[457165.197]: master offset        -31 s2 freq  -80620 path delay       925
ptp4l[457166.197]: master offset         -8 s2 freq  -80607 path delay       925
ptp4l[457167.197]: master offset         11 s2 freq  -80590 path delay       927
ptp4l[457168.198]: master offset        -23 s2 freq  -80621 path delay       927
ptp4l[457169.198]: master offset          3 s2 freq  -80602 path delay       930
ptp4l[457170.198]: master offset         18 s2 freq  -80586 path delay       928
ptp4l[457171.198]: master offset         -7 s2 freq  -80605 path delay       930
ptp4l[457172.198]: master offset         10 s2 freq  -80591 path delay       930
ptp4l[457173.198]: master offset        -23 s2 freq  -80621 path delay       932
ptp4l[457174.198]: master offset          0 s2 freq  -80604 path delay       932
ptp4l[457175.198]: master offset         19 s2 freq  -80585 path delay       932
ptp4l[457176.199]: master offset        -17 s2 freq  -80616 path delay       932
ptp4l[457177.199]: master offset          5 s2 freq  -80599 path delay       930
ptp4l[457178.199]: master offset         13 s2 freq  -80589 path delay       931
ptp4l[457179.199]: master offset        -15 s2 freq  -80613 path delay       931
ptp4l[457180.199]: master offset         -3 s2 freq  -80606 path delay       932
ptp4l[457181.199]: master offset         19 s2 freq  -80585 path delay       932
ptp4l[457182.199]: master offset        -11 s2 freq  -80609 path delay       932
ptp4l[457183.199]: master offset         -4 s2 freq  -80605 path delay       935
ptp4l[457184.199]: master offset         13 s2 freq  -80590 path delay       935
ptp4l[457185.199]: master offset        -18 s2 freq  -80617 path delay       934
ptp4l[457186.200]: master offset          8 s2 freq  -80596 path delay       934
ptp4l[457187.199]: master offset         20 s2 freq  -80582 path delay       934
ptp4l[457188.200]: master offset        -12 s2 freq  -80608 path delay       935
ptp4l[457189.200]: master offset          4 s2 freq  -80595 path delay       934
ptp4l[457190.200]: master offset         16 s2 freq  -80582 path delay       934
ptp4l[457191.200]: master offset        -24 s2 freq  -80617 path delay       937
ptp4l[457192.200]: master offset        -12 s2 freq  -80613 path delay       937
ptp4l[457193.200]: master offset          1 s2 freq  -80603 path delay       937
ptp4l[457194.201]: master offset         15 s2 freq  -80589 path delay       937
ptp4l[457195.201]: master offset        -31 s2 freq  -80630 path delay       938
ptp4l[457196.201]: master offset        -13 s2 freq  -80622 path delay       935
ptp4l[457197.201]: master offset          5 s2 freq  -80608 path delay       935
ptp4l[457198.201]: master offset         22 s2 freq  -80589 path delay       932
ptp4l[457199.201]: master offset        -19 s2 freq  -80623 path delay       932
ptp4l[457200.201]: master offset        -16 s2 freq  -80626 path delay       932
ptp4l[457201.201]: master offset         -7 s2 freq  -80622 path delay       932
ptp4l[457202.201]: master offset          2 s2 freq  -80615 path delay       932
ptp4l[457203.201]: master offset         11 s2 freq  -80605 path delay       932
ptp4l[457204.202]: master offset         18 s2 freq  -80595 path delay       932
ptp4l[457205.202]: master offset         19 s2 freq  -80589 path delay       932
ptp4l[457206.202]: master offset        -30 s2 freq  -80632 path delay       932
ptp4l[457207.202]: master offset        -30 s2 freq  -80641 path delay       932
ptp4l[457208.202]: master offset        -25 s2 freq  -80645 path delay       932
ptp4l[457209.202]: master offset        -30 s2 freq  -80658 path delay       934
ptp4l[457210.202]: master offset         25 s2 freq  -80612 path delay       934
ptp4l[457211.202]: master offset         23 s2 freq  -80606 path delay       934
ptp4l[457212.202]: master offset         24 s2 freq  -80598 path delay       935
ptp4l[457213.203]: master offset         21 s2 freq  -80594 path delay       935
ptp4l[457214.203]: master offset        -33 s2 freq  -80642 path delay       935
ptp4l[457215.203]: master offset        -31 s2 freq  -80650 path delay       935
ptp4l[457216.203]: master offset         23 s2 freq  -80605 path delay       935
ptp4l[457217.203]: master offset         18 s2 freq  -80603 path delay       935
ptp4l[457218.203]: master offset         17 s2 freq  -80599 path delay       935
ptp4l[457219.203]: master offset         11 s2 freq  -80599 path delay       937
ptp4l[457220.203]: master offset         14 s2 freq  -80593 path delay       937
ptp4l[457221.204]: master offset        -46 s2 freq  -80649 path delay       937
ptp4l[457222.204]: master offset          8 s2 freq  -80609 path delay       935
ptp4l[457223.204]: master offset          2 s2 freq  -80612 path delay       937
ptp4l[457224.204]: master offset         -6 s2 freq  -80620 path delay       937
ptp4l[457225.204]: master offset         -4 s2 freq  -80620 path delay       937
ptp4l[457226.204]: master offset        -12 s2 freq  -80629 path delay       937
ptp4l[457227.204]: master offset        -24 s2 freq  -80644 path delay       937
ptp4l[457228.204]: master offset        -30 s2 freq  -80658 path delay       937
ptp4l[457229.204]: master offset         15 s2 freq  -80622 path delay       937
ptp4l[457230.204]: master offset          8 s2 freq  -80624 path delay       937
ptp4l[457231.204]: master offset         -4 s2 freq  -80634 path delay       938
ptp4l[457232.204]: master offset        -10 s2 freq  -80641 path delay       938
ptp4l[457233.205]: master offset        -21 s2 freq  -80655 path delay       938
ptp4l[457234.205]: master offset         23 s2 freq  -80617 path delay       938
ptp4l[457235.205]: master offset         12 s2 freq  -80621 path delay       938
ptp4l[457236.205]: master offset          2 s2 freq  -80628 path delay       938
ptp4l[457237.205]: master offset        -13 s2 freq  -80642 path delay       938
ptp4l[457238.205]: master offset        -30 s2 freq  -80663 path delay       938
ptp4l[457239.205]: master offset          4 s2 freq  -80638 path delay       938
ptp4l[457240.205]: master offset         -7 s2 freq  -80648 path delay       939
ptp4l[457241.205]: master offset         27 s2 freq  -80616 path delay       938
ptp4l[457242.205]: master offset         16 s2 freq  -80619 path delay       938
ptp4l[457243.205]: master offset          2 s2 freq  -80628 path delay       938
ptp4l[457244.206]: master offset        -14 s2 freq  -80643 path delay       938
ptp4l[457245.206]: master offset        -23 s2 freq  -80657 path delay       938
ptp4l[457246.206]: master offset          8 s2 freq  -80632 path delay       937
ptp4l[457247.206]: master offset         -6 s2 freq  -80644 path delay       937
ptp4l[457248.206]: master offset        -25 s2 freq  -80665 path delay       937
ptp4l[457249.206]: master offset         10 s2 freq  -80637 path delay       937
ptp4l[457250.206]: master offset         -6 s2 freq  -80650 path delay       938
ptp4l[457251.206]: master offset         28 s2 freq  -80618 path delay       938
ptp4l[457252.207]: master offset         10 s2 freq  -80628 path delay       938
ptp4l[457253.207]: master offset        -15 s2 freq  -80650 path delay       939
ptp4l[457254.207]: master offset         21 s2 freq  -80618 path delay       935
ptp4l[457255.207]: master offset         -7 s2 freq  -80640 path delay       935
ptp4l[457256.207]: master offset        -40 s2 freq  -80675 path delay       938
ptp4l[457257.207]: master offset        -16 s2 freq  -80663 path delay       938
ptp4l[457258.207]: master offset         18 s2 freq  -80634 path delay       933
ptp4l[457259.207]: master offset        -10 s2 freq  -80656 path delay       933
ptp4l[457260.207]: master offset         14 s2 freq  -80635 path delay       930
ptp4l[457261.208]: master offset        -18 s2 freq  -80663 path delay       930
ptp4l[457262.208]: master offset         10 s2 freq  -80641 path delay       930
ptp4l[457263.208]: master offset        -20 s2 freq  -80668 path delay       930
ptp4l[457264.208]: master offset          5 s2 freq  -80649 path delay       930
ptp4l[457265.208]: master offset         29 s2 freq  -80623 path delay       929
ptp4l[457266.208]: master offset          2 s2 freq  -80641 path delay       931
ptp4l[457267.208]: master offset        -36 s2 freq  -80679 path delay       931
ptp4l[457268.208]: master offset        -18 s2 freq  -80672 path delay       932
ptp4l[457269.208]: master offset          9 s2 freq  -80650 path delay       931
ptp4l[457270.208]: master offset         18 s2 freq  -80638 path delay       931
ptp4l[457271.208]: master offset        -16 s2 freq  -80667 path delay       932
ptp4l[457272.209]: master offset          0 s2 freq  -80656 path delay       932
ptp4l[457273.209]: master offset         19 s2 freq  -80637 path delay       932
ptp4l[457274.209]: master offset        -11 s2 freq  -80661 path delay       932
ptp4l[457275.209]: master offset          5 s2 freq  -80648 path delay       932
ptp4l[457276.209]: master offset         19 s2 freq  -80633 path delay       932
ptp4l[457277.209]: master offset        -10 s2 freq  -80656 path delay       932
ptp4l[457278.209]: master offset          5 s2 freq  -80644 path delay       932
ptp4l[457279.209]: master offset        -37 s2 freq  -80685 path delay       936
ptp4l[457280.209]: master offset        -23 s2 freq  -80682 path delay       936
ptp4l[457281.210]: master offset         -8 s2 freq  -80674 path delay       936
ptp4l[457282.210]: master offset          7 s2 freq  -80661 path delay       936
ptp4l[457283.210]: master offset         27 s2 freq  -80639 path delay       933
ptp4l[457284.210]: master offset        -14 s2 freq  -80672 path delay       933
ptp4l[457285.210]: master offset          6 s2 freq  -80656 path delay       934
ptp4l[457286.210]: master offset         20 s2 freq  -80640 path delay       933
ptp4l[457287.210]: master offset        -23 s2 freq  -80677 path delay       934
ptp4l[457288.210]: master offset        -15 s2 freq  -80676 path delay       934
ptp4l[457289.210]: master offset          6 s2 freq  -80660 path delay       932
ptp4l[457290.211]: master offset         18 s2 freq  -80646 path delay       933
ptp4l[457291.211]: master offset        -22 s2 freq  -80680 path delay       934
ptp4l[457292.211]: master offset        -11 s2 freq  -80676 path delay       934
ptp4l[457293.211]: master offset          4 s2 freq  -80664 path delay       934
ptp4l[457294.211]: master offset          9 s2 freq  -80658 path delay       934
ptp4l[457295.211]: master offset         18 s2 freq  -80646 path delay       934
ptp4l[457296.211]: master offset         32 s2 freq  -80627 path delay       934
ptp4l[457297.211]: master offset        -13 s2 freq  -80662 path delay       936
ptp4l[457298.211]: master offset         -4 s2 freq  -80657 path delay       936
ptp4l[457299.212]: master offset          4 s2 freq  -80651 path delay       936
ptp4l[457300.212]: master offset         13 s2 freq  -80640 path delay       936
ptp4l[457301.212]: master offset        -23 s2 freq  -80672 path delay       936
ptp4l[457302.212]: master offset        -11 s2 freq  -80667 path delay       936
ptp4l[457303.212]: master offset         -8 s2 freq  -80668 path delay       934
ptp4l[457304.212]: master offset          4 s2 freq  -80658 path delay       934
ptp4l[457305.212]: master offset          9 s2 freq  -80652 path delay       934
ptp4l[457306.212]: master offset         25 s2 freq  -80633 path delay       934
ptp4l[457307.212]: master offset        -22 s2 freq  -80673 path delay       934
ptp4l[457308.212]: master offset         -9 s2 freq  -80666 path delay       933
ptp4l[457309.212]: master offset         -1 s2 freq  -80661 path delay       933
ptp4l[457310.212]: master offset         13 s2 freq  -80647 path delay       932
ptp4l[457311.212]: master offset         12 s2 freq  -80644 path delay       932
ptp4l[457312.213]: master offset        -35 s2 freq  -80688 path delay       933
ptp4l[457313.213]: master offset        -25 s2 freq  -80688 path delay       933
ptp4l[457314.213]: master offset        -23 s2 freq  -80694 path delay       933
ptp4l[457315.213]: master offset        -18 s2 freq  -80696 path delay       933
ptp4l[457316.213]: master offset        -15 s2 freq  -80698 path delay       934
ptp4l[457317.213]: master offset         46 s2 freq  -80642 path delay       933
ptp4l[457318.213]: master offset         -2 s2 freq  -80676 path delay       933
ptp4l[457319.213]: master offset         -8 s2 freq  -80682 path delay       933
ptp4l[457320.213]: master offset         -8 s2 freq  -80685 path delay       933
ptp4l[457321.213]: master offset          1 s2 freq  -80678 path delay       933
ptp4l[457322.214]: master offset          3 s2 freq  -80676 path delay       934
ptp4l[457323.214]: master offset         -1 s2 freq  -80679 path delay       936
ptp4l[457324.214]: master offset          5 s2 freq  -80673 path delay       935
ptp4l[457325.214]: master offset          8 s2 freq  -80669 path delay       935
ptp4l[457326.214]: master offset          7 s2 freq  -80667 path delay       935
ptp4l[457327.214]: master offset          4 s2 freq  -80668 path delay       935
ptp4l[457328.214]: master offset         10 s2 freq  -80661 path delay       935
ptp4l[457329.214]: master offset          9 s2 freq  -80659 path delay       935
ptp4l[457330.214]: master offset         11 s2 freq  -80654 path delay       934
ptp4l[457331.214]: master offset          5 s2 freq  -80657 path delay       934
ptp4l[457332.214]: master offset          4 s2 freq  -80657 path delay       935
ptp4l[457333.214]: master offset          8 s2 freq  -80651 path delay       935
ptp4l[457334.215]: master offset         12 s2 freq  -80645 path delay       935
ptp4l[457335.215]: master offset        -37 s2 freq  -80690 path delay       935
ptp4l[457336.215]: master offset        -36 s2 freq  -80700 path delay       935
ptp4l[457337.215]: master offset         12 s2 freq  -80663 path delay       935
ptp4l[457338.215]: master offset         16 s2 freq  -80656 path delay       934
ptp4l[457339.215]: master offset         13 s2 freq  -80654 path delay       934
ptp4l[457340.215]: master offset         21 s2 freq  -80642 path delay       933
ptp4l[457341.216]: master offset        -30 s2 freq  -80687 path delay       933
ptp4l[457342.216]: master offset        -29 s2 freq  -80695 path delay       934
ptp4l[457343.216]: master offset        -38 s2 freq  -80712 path delay       934
ptp4l[457344.216]: master offset         16 s2 freq  -80670 path delay       933
ptp4l[457345.216]: master offset         19 s2 freq  -80662 path delay       933
ptp4l[457346.216]: master offset         17 s2 freq  -80658 path delay       933
ptp4l[457347.216]: master offset          9 s2 freq  -80661 path delay       933
ptp4l[457348.216]: master offset          7 s2 freq  -80660 path delay       935
ptp4l[457349.216]: master offset         -3 s2 freq  -80668 path delay       935
ptp4l[457350.217]: master offset         -6 s2 freq  -80672 path delay       936
ptp4l[457351.217]: master offset         -9 s2 freq  -80677 path delay       936
ptp4l[457352.217]: master offset        -10 s2 freq  -80681 path delay       936
ptp4l[457353.217]: master offset        -20 s2 freq  -80694 path delay       936
ptp4l[457354.217]: master offset        -26 s2 freq  -80706 path delay       936
ptp4l[457355.217]: master offset         27 s2 freq  -80661 path delay       935
ptp4l[457356.217]: master offset         21 s2 freq  -80658 path delay       935
ptp4l[457357.217]: master offset         14 s2 freq  -80659 path delay       935
ptp4l[457358.217]: master offset          9 s2 freq  -80660 path delay       935
ptp4l[457359.218]: master offset          6 s2 freq  -80660 path delay       935
ptp4l[457360.218]: master offset          3 s2 freq  -80661 path delay       936
ptp4l[457361.218]: master offset        -12 s2 freq  -80676 path delay       937
ptp4l[457362.218]: master offset        -19 s2 freq  -80686 path delay       937
ptp4l[457363.218]: master offset        -27 s2 freq  -80700 path delay       937
ptp4l[457364.218]: master offset         20 s2 freq  -80661 path delay       937
ptp4l[457365.218]: master offset         16 s2 freq  -80659 path delay       937
ptp4l[457366.218]: master offset          8 s2 freq  -80662 path delay       937
ptp4l[457367.219]: master offset          2 s2 freq  -80666 path delay       937
ptp4l[457368.218]: master offset        -16 s2 freq  -80683 path delay       938
ptp4l[457369.219]: master offset        -26 s2 freq  -80698 path delay       937
ptp4l[457370.219]: master offset        -38 s2 freq  -80718 path delay       937
ptp4l[457371.219]: master offset          9 s2 freq  -80682 path delay       937
ptp4l[457372.219]: master offset         -7 s2 freq  -80695 path delay       937
ptp4l[457373.219]: master offset         -7 s2 freq  -80698 path delay       936
ptp4l[457374.219]: master offset        -18 s2 freq  -80711 path delay       936
ptp4l[457375.219]: master offset         19 s2 freq  -80679 path delay       936
ptp4l[457376.219]: master offset         10 s2 freq  -80682 path delay       936
ptp4l[457377.219]: master offset         -6 s2 freq  -80695 path delay       936
ptp4l[457378.219]: master offset        -15 s2 freq  -80706 path delay       936
ptp4l[457379.220]: master offset         25 s2 freq  -80671 path delay       936
ptp4l[457380.220]: master offset         14 s2 freq  -80674 path delay       936
ptp4l[457381.220]: master offset         -4 s2 freq  -80688 path delay       936
ptp4l[457382.220]: master offset        -16 s2 freq  -80701 path delay       936
ptp4l[457383.220]: master offset         19 s2 freq  -80671 path delay       936
ptp4l[457384.220]: master offset          5 s2 freq  -80679 path delay       938
ptp4l[457385.220]: master offset        -14 s2 freq  -80697 path delay       938
ptp4l[457386.220]: master offset        -24 s2 freq  -80711 path delay       939
ptp4l[457387.220]: master offset         16 s2 freq  -80678 path delay       939
ptp4l[457388.221]: master offset          3 s2 freq  -80686 path delay       940
ptp4l[457389.221]: master offset        -10 s2 freq  -80698 path delay       940
ptp4l[457390.221]: master offset         24 s2 freq  -80667 path delay       940
ptp4l[457391.221]: master offset         18 s2 freq  -80666 path delay       940
ptp4l[457392.221]: master offset         10 s2 freq  -80669 path delay       940
ptp4l[457393.221]: master offset          1 s2 freq  -80675 path delay       940
ptp4l[457394.221]: master offset         -8 s2 freq  -80684 path delay       940
ptp4l[457395.221]: master offset        -29 s2 freq  -80707 path delay       940
ptp4l[457396.222]: master offset         17 s2 freq  -80670 path delay       940
ptp4l[457397.222]: master offset          4 s2 freq  -80678 path delay       939
ptp4l[457398.222]: master offset        -14 s2 freq  -80694 path delay       939
ptp4l[457399.222]: master offset        -24 s2 freq  -80709 path delay       939
ptp4l[457400.222]: master offset         18 s2 freq  -80674 path delay       938
ptp4l[457401.222]: master offset         -7 s2 freq  -80693 path delay       939
ptp4l[457402.222]: master offset        -24 s2 freq  -80712 path delay       939
ptp4l[457403.222]: master offset         17 s2 freq  -80679 path delay       939
ptp4l[457404.222]: master offset          1 s2 freq  -80690 path delay       939
ptp4l[457405.222]: master offset         -8 s2 freq  -80698 path delay       939
ptp4l[457406.222]: master offset         33 s2 freq  -80660 path delay       938
ptp4l[457407.223]: master offset         19 s2 freq  -80664 path delay       938
ptp4l[457408.223]: master offset          9 s2 freq  -80668 path delay       938
ptp4l[457409.223]: master offset        -14 s2 freq  -80688 path delay       938
ptp4l[457410.223]: master offset        -22 s2 freq  -80701 path delay       938
ptp4l[457411.223]: master offset         11 s2 freq  -80674 path delay       938
ptp4l[457412.223]: master offset          2 s2 freq  -80680 path delay       937
ptp4l[457413.223]: master offset        -18 s2 freq  -80699 path delay       937
ptp4l[457414.223]: master offset         26 s2 freq  -80661 path delay       937
ptp4l[457415.224]: master offset          6 s2 freq  -80673 path delay       937
ptp4l[457416.224]: master offset         -4 s2 freq  -80681 path delay       937
ptp4l[457417.224]: master offset        -16 s2 freq  -80694 path delay       937
ptp4l[457418.224]: master offset        -29 s2 freq  -80712 path delay       937
ptp4l[457419.224]: master offset         17 s2 freq  -80675 path delay       935
ptp4l[457420.224]: master offset          4 s2 freq  -80683 path delay       935
ptp4l[457421.224]: master offset        -16 s2 freq  -80701 path delay       935
ptp4l[457422.224]: master offset         22 s2 freq  -80668 path delay       936
ptp4l[457423.224]: master offset          0 s2 freq  -80684 path delay       938
ptp4l[457424.224]: master offset        -15 s2 freq  -80699 path delay       938
ptp4l[457425.225]: master offset         16 s2 freq  -80672 path delay       938
ptp4l[457426.225]: master offset          3 s2 freq  -80680 path delay       938
ptp4l[457427.225]: master offset        -17 s2 freq  -80699 path delay       939
ptp4l[457428.225]: master offset         19 s2 freq  -80669 path delay       939
ptp4l[457429.225]: master offset         -2 s2 freq  -80684 path delay       939
ptp4l[457430.225]: master offset        -15 s2 freq  -80697 path delay       938
ptp4l[457431.225]: master offset        -34 s2 freq  -80721 path delay       939
ptp4l[457432.225]: master offset          2 s2 freq  -80695 path delay       939
ptp4l[457433.225]: master offset        -18 s2 freq  -80715 path delay       940
ptp4l[457434.225]: master offset         23 s2 freq  -80679 path delay       940
ptp4l[457435.226]: master offset          3 s2 freq  -80692 path delay       941
ptp4l[457436.226]: master offset        -19 s2 freq  -80713 path delay       940
ptp4l[457437.226]: master offset         20 s2 freq  -80680 path delay       939
ptp4l[457438.226]: master offset          4 s2 freq  -80690 path delay       939
ptp4l[457439.226]: master offset        -17 s2 freq  -80710 path delay       938
ptp4l[457440.226]: master offset         17 s2 freq  -80681 path delay       938
ptp4l[457441.226]: master offset          5 s2 freq  -80688 path delay       936
ptp4l[457442.226]: master offset        -10 s2 freq  -80701 path delay       938
ptp4l[457443.226]: master offset         30 s2 freq  -80664 path delay       936
ptp4l[457444.227]: master offset          7 s2 freq  -80678 path delay       936
ptp4l[457445.227]: master offset         -3 s2 freq  -80686 path delay       936
ptp4l[457446.227]: master offset        -22 s2 freq  -80706 path delay       936
ptp4l[457447.227]: master offset         20 s2 freq  -80671 path delay       934
ptp4l[457448.227]: master offset          1 s2 freq  -80684 path delay       934
ptp4l[457449.227]: master offset         -9 s2 freq  -80693 path delay       934
ptp4l[457450.227]: master offset        -30 s2 freq  -80717 path delay       936
ptp4l[457451.227]: master offset          0 s2 freq  -80696 path delay       936
ptp4l[457452.227]: master offset        -16 s2 freq  -80712 path delay       936
ptp4l[457453.227]: master offset         19 s2 freq  -80682 path delay       934
ptp4l[457454.227]: master offset          0 s2 freq  -80695 path delay       935
ptp4l[457455.228]: master offset        -20 s2 freq  -80715 path delay       935
ptp4l[457456.228]: master offset         15 s2 freq  -80686 path delay       933
ptp4l[457457.228]: master offset        -13 s2 freq  -80710 path delay       936
ptp4l[457458.228]: master offset         18 s2 freq  -80682 path delay       933
ptp4l[457459.228]: master offset         -7 s2 freq  -80702 path delay       933
ptp4l[457460.228]: master offset         23 s2 freq  -80674 path delay       932
ptp4l[457461.228]: master offset          6 s2 freq  -80684 path delay       932
ptp4l[457462.228]: master offset        -30 s2 freq  -80718 path delay       938
ptp4l[457463.228]: master offset          2 s2 freq  -80695 path delay       938
ptp4l[457464.229]: master offset        -21 s2 freq  -80718 path delay       939
ptp4l[457465.229]: master offset          2 s2 freq  -80701 path delay       939
ptp4l[457466.229]: master offset         28 s2 freq  -80675 path delay       937
ptp4l[457467.229]: master offset         -1 s2 freq  -80695 path delay       937
ptp4l[457468.229]: master offset        -24 s2 freq  -80718 path delay       940
ptp4l[457469.229]: master offset         -5 s2 freq  -80707 path delay       940
ptp4l[457475.758]: port 1 (eth0): SLAVE to LISTENING on ANNOUNCE_RECEIPT_TIMEOUT_EXPIRES
ptp4l[457475.758]: selected local clock 000000.fffe.049f06 as best master
