ptp4l[457610.775]: selected /dev/ptp0 as PTP clock
ptp4l[457610.778]: port 1 (eth0): INITIALIZING to LISTENING on INIT_COMPLETE
ptp4l[457610.779]: port 0 (/var/run/ptp4l): INITIALIZING to LISTENING on INIT_COMPLETE
ptp4l[457610.780]: port 0 (/var/run/ptp4lro): INITIALIZING to LISTENING on INIT_COMPLETE
ptp4l[457617.582]: port 1 (eth0): new foreign master 641c10.fffe.f12579-1
ptp4l[457617.705]: selected local clock 000000.fffe.049f06 as best master
ptp4l[457621.582]: selected best master clock 641c10.fffe.f12579
ptp4l[457621.582]: port 1 (eth0): LISTENING to UNCALIBRATED on RS_SLAVE
ptp4l[457623.581]: master offset       7149 s0 freq  -80707 path delay       925
ptp4l[457624.581]: master offset       7208 s2 freq  -80648 path delay       924
ptp4l[457624.582]: port 1 (eth0): UNCALIBRATED to SLAVE on MASTER_CLOCK_SELECTED
ptp4l[457625.582]: master offset       7206 s2 freq  -73442 path delay       929
ptp4l[457626.582]: master offset        -47 s2 freq  -78533 path delay       930
ptp4l[457627.582]: master offset      -2173 s2 freq  -80673 path delay       931
ptp4l[457628.582]: master offset      -2180 s2 freq  -81332 path delay       933
ptp4l[457629.582]: master offset      -1487 s2 freq  -81293 path delay       930
ptp4l[457630.582]: master offset       -854 s2 freq  -81106 path delay       924
ptp4l[457631.583]: master offset       -434 s2 freq  -80942 path delay       924
ptp4l[457632.582]: master offset       -173 s2 freq  -80811 path delay       924
ptp4l[457633.583]: master offset         11 s2 freq  -80679 path delay       903
ptp4l[457634.583]: master offset          1 s2 freq  -80686 path delay       911
ptp4l[457635.583]: master offset          6 s2 freq  -80681 path delay       911
ptp4l[457636.583]: master offset          6 s2 freq  -80679 path delay       911
ptp4l[457637.583]: master offset         -2 s2 freq  -80685 path delay       911
ptp4l[457638.583]: master offset         -4 s2 freq  -80688 path delay       911
ptp4l[457639.583]: master offset         -5 s2 freq  -80690 path delay       911
ptp4l[457640.583]: master offset        -33 s2 freq  -80719 path delay       934
ptp4l[457641.584]: master offset          9 s2 freq  -80687 path delay       934
ptp4l[457642.584]: master offset          0 s2 freq  -80694 path delay       934
ptp4l[457643.584]: master offset         -2 s2 freq  -80696 path delay       934
ptp4l[457644.584]: master offset         -8 s2 freq  -80702 path delay       936
ptp4l[457645.584]: master offset         33 s2 freq  -80664 path delay       936
ptp4l[457646.584]: master offset         32 s2 freq  -80655 path delay       937
ptp4l[457647.584]: master offset         19 s2 freq  -80658 path delay       938
ptp4l[457648.584]: master offset         17 s2 freq  -80654 path delay       937
ptp4l[457649.587]: master offset         10 s2 freq  -80656 path delay       936
ptp4l[457650.587]: master offset         -2 s2 freq  -80665 path delay       936
ptp4l[457651.587]: master offset         -9 s2 freq  -80673 path delay       936
ptp4l[457652.587]: master offset        -19 s2 freq  -80686 path delay       937
ptp4l[457653.587]: master offset        -25 s2 freq  -80697 path delay       937
ptp4l[457654.587]: master offset        -35 s2 freq  -80715 path delay       937
ptp4l[457655.587]: master offset          6 s2 freq  -80684 path delay       937
ptp4l[457656.587]: master offset         -8 s2 freq  -80696 path delay       937
ptp4l[457657.587]: master offset        -17 s2 freq  -80708 path delay       937
ptp4l[457658.588]: master offset         19 s2 freq  -80677 path delay       936
ptp4l[457659.588]: master offset         -1 s2 freq  -80691 path delay       937
ptp4l[457660.588]: master offset        -20 s2 freq  -80711 path delay       937
ptp4l[457661.588]: master offset         21 s2 freq  -80676 path delay       937
ptp4l[457662.588]: master offset         -5 s2 freq  -80695 path delay       937
ptp4l[457663.588]: master offset        -26 s2 freq  -80718 path delay       937
ptp4l[457664.588]: master offset          6 s2 freq  -80694 path delay       936
ptp4l[457665.588]: master offset        -27 s2 freq  -80725 path delay       937
ptp4l[457666.588]: master offset          6 s2 freq  -80700 path delay       937
ptp4l[457667.588]: master offset         33 s2 freq  -80671 path delay       934
ptp4l[457668.589]: master offset          5 s2 freq  -80689 path delay       938
ptp4l[457669.589]: master offset        -13 s2 freq  -80706 path delay       938
ptp4l[457670.589]: master offset         16 s2 freq  -80681 path delay       934
ptp4l[457671.589]: master offset         -4 s2 freq  -80696 path delay       934
ptp4l[457672.589]: master offset        -35 s2 freq  -80728 path delay       938
ptp4l[457673.589]: master offset         -9 s2 freq  -80712 path delay       937
ptp4l[457674.589]: master offset         21 s2 freq  -80685 path delay       937
ptp4l[457675.589]: master offset         -1 s2 freq  -80701 path delay       937
ptp4l[457676.589]: master offset         23 s2 freq  -80677 path delay       937
ptp4l[457677.589]: master offset         -4 s2 freq  -80697 path delay       937
ptp4l[457678.590]: master offset        -34 s2 freq  -80728 path delay       938
ptp4l[457679.590]: master offset         -4 s2 freq  -80709 path delay       938
ptp4l[457680.590]: master offset         17 s2 freq  -80689 path delay       938
ptp4l[457681.590]: master offset        -11 s2 freq  -80712 path delay       938
ptp4l[457682.590]: master offset         12 s2 freq  -80692 path delay       938
ptp4l[457683.590]: master offset        -27 s2 freq  -80727 path delay       941
ptp4l[457684.590]: master offset         -9 s2 freq  -80718 path delay       941
ptp4l[457685.590]: master offset         20 s2 freq  -80691 path delay       937
ptp4l[457686.591]: master offset        -19 s2 freq  -80724 path delay       942
ptp4l[457687.590]: master offset          3 s2 freq  -80708 path delay       935
ptp4l[457688.591]: master offset         29 s2 freq  -80681 path delay       930
ptp4l[457689.591]: master offset        -11 s2 freq  -80712 path delay       935
ptp4l[457690.591]: master offset         15 s2 freq  -80690 path delay       935
ptp4l[457691.591]: master offset        -21 s2 freq  -80721 path delay       935
ptp4l[457692.591]: master offset          2 s2 freq  -80704 path delay       933
ptp4l[457693.591]: master offset         23 s2 freq  -80683 path delay       932
ptp4l[457694.591]: master offset        -15 s2 freq  -80714 path delay       932
ptp4l[457695.591]: master offset         -2 s2 freq  -80705 path delay       932
ptp4l[457696.592]: master offset         10 s2 freq  -80694 path delay       935
ptp4l[457697.592]: master offset        -28 s2 freq  -80729 path delay       936
ptp4l[457698.592]: master offset        -17 s2 freq  -80726 path delay       935
ptp4l[457699.592]: master offset          8 s2 freq  -80707 path delay       935
ptp4l[457700.592]: master offset         19 s2 freq  -80693 path delay       936
ptp4l[457701.592]: master offset        -17 s2 freq  -80723 path delay       936
ptp4l[457702.592]: master offset          0 s2 freq  -80712 path delay       936
ptp4l[457703.592]: master offset         23 s2 freq  -80689 path delay       933
ptp4l[457704.592]: master offset        -21 s2 freq  -80726 path delay       935
ptp4l[457705.592]: master offset         -9 s2 freq  -80720 path delay       933
ptp4l[457706.593]: master offset          7 s2 freq  -80707 path delay       933
ptp4l[457707.592]: master offset         19 s2 freq  -80693 path delay       931
ptp4l[457708.593]: master offset        -17 s2 freq  -80723 path delay       933
ptp4l[457709.593]: master offset         -8 s2 freq  -80719 path delay       933
ptp4l[457710.593]: master offset          6 s2 freq  -80707 path delay       933
ptp4l[457711.593]: master offset         23 s2 freq  -80689 path delay       931
ptp4l[457712.593]: master offset        -19 s2 freq  -80724 path delay       931
ptp4l[457713.593]: master offset         -7 s2 freq  -80717 path delay       931
ptp4l[457714.593]: master offset          2 s2 freq  -80710 path delay       933
ptp4l[457715.593]: master offset         12 s2 freq  -80700 path delay       934
ptp4l[457716.593]: master offset         19 s2 freq  -80689 path delay       933
ptp4l[457717.593]: master offset        -23 s2 freq  -80726 path delay       933
ptp4l[457718.594]: master offset        -18 s2 freq  -80727 path delay       933
ptp4l[457719.594]: master offset        -10 s2 freq  -80725 path delay       933
ptp4l[457720.594]: master offset         -2 s2 freq  -80720 path delay       933
ptp4l[457721.594]: master offset          8 s2 freq  -80710 path delay       932
ptp4l[457722.594]: master offset         17 s2 freq  -80699 path delay       932
ptp4l[457723.594]: master offset         21 s2 freq  -80690 path delay       932
ptp4l[457724.594]: master offset        -22 s2 freq  -80727 path delay       932
ptp4l[457725.594]: master offset        -19 s2 freq  -80730 path delay       933
ptp4l[457726.594]: master offset         -5 s2 freq  -80722 path delay       933
ptp4l[457727.594]: master offset        -10 s2 freq  -80728 path delay       934
ptp4l[457728.595]: master offset          1 s2 freq  -80720 path delay       934
ptp4l[457729.595]: master offset          4 s2 freq  -80717 path delay       934
ptp4l[457730.595]: master offset          3 s2 freq  -80717 path delay       935
ptp4l[457731.595]: master offset          1 s2 freq  -80718 path delay       935
ptp4l[457732.595]: master offset          2 s2 freq  -80717 path delay       935
ptp4l[457733.595]: master offset          9 s2 freq  -80709 path delay       934
ptp4l[457734.596]: master offset         10 s2 freq  -80705 path delay       934
ptp4l[457735.595]: master offset          7 s2 freq  -80705 path delay       934
ptp4l[457736.596]: master offset         12 s2 freq  -80698 path delay       934
ptp4l[457737.596]: master offset         17 s2 freq  -80690 path delay       933
ptp4l[457738.596]: master offset        -31 s2 freq  -80733 path delay       933
ptp4l[457739.596]: master offset        -18 s2 freq  -80729 path delay       933
ptp4l[457740.596]: master offset        -18 s2 freq  -80734 path delay       934
ptp4l[457741.596]: master offset        -15 s2 freq  -80737 path delay       934
ptp4l[457742.596]: master offset        -15 s2 freq  -80741 path delay       935
ptp4l[457743.596]: master offset        -12 s2 freq  -80743 path delay       935
ptp4l[457744.597]: master offset        -14 s2 freq  -80748 path delay       935
ptp4l[457745.596]: master offset         -8 s2 freq  -80747 path delay       935
ptp4l[457746.597]: master offset         -8 s2 freq  -80749 path delay       935
ptp4l[457747.597]: master offset        -12 s2 freq  -80755 path delay       935
ptp4l[457748.597]: master offset         44 s2 freq  -80703 path delay       934
ptp4l[457749.597]: master offset         36 s2 freq  -80698 path delay       934
ptp4l[457750.597]: master offset        -19 s2 freq  -80742 path delay       934
ptp4l[457751.597]: master offset        -18 s2 freq  -80747 path delay       934
ptp4l[457752.597]: master offset        -23 s2 freq  -80757 path delay       934
ptp4l[457753.597]: master offset         30 s2 freq  -80711 path delay       934
ptp4l[457754.597]: master offset         29 s2 freq  -80703 path delay       933
ptp4l[457755.597]: master offset         31 s2 freq  -80692 path delay       933
ptp4l[457756.598]: master offset        -23 s2 freq  -80737 path delay       934
ptp4l[457757.597]: master offset        -21 s2 freq  -80742 path delay       936
ptp4l[457758.598]: master offset        -22 s2 freq  -80749 path delay       936
ptp4l[457759.598]: master offset        -20 s2 freq  -80754 path delay       936
ptp4l[457760.598]: master offset         24 s2 freq  -80716 path delay       935
ptp4l[457761.598]: master offset         25 s2 freq  -80708 path delay       935
ptp4l[457762.598]: master offset         29 s2 freq  -80696 path delay       935
ptp4l[457763.598]: master offset        -27 s2 freq  -80743 path delay       935
ptp4l[457764.598]: master offset        -30 s2 freq  -80754 path delay       936
ptp4l[457765.598]: master offset         15 s2 freq  -80718 path delay       936
ptp4l[457766.598]: master offset          8 s2 freq  -80721 path delay       936
ptp4l[457767.598]: master offset          5 s2 freq  -80722 path delay       935
ptp4l[457768.599]: master offset         -5 s2 freq  -80730 path delay       935
ptp4l[457769.599]: master offset        -10 s2 freq  -80737 path delay       935
ptp4l[457770.599]: master offset        -17 s2 freq  -80747 path delay       935
ptp4l[457771.599]: master offset        -23 s2 freq  -80758 path delay       935
ptp4l[457772.599]: master offset         16 s2 freq  -80726 path delay       935
ptp4l[457773.599]: master offset          7 s2 freq  -80730 path delay       935
ptp4l[457774.599]: master offset          1 s2 freq  -80734 path delay       935
ptp4l[457775.599]: master offset        -11 s2 freq  -80745 path delay       935
ptp4l[457776.600]: master offset        -18 s2 freq  -80756 path delay       935
ptp4l[457777.600]: master offset         19 s2 freq  -80724 path delay       935
ptp4l[457778.600]: master offset         -2 s2 freq  -80739 path delay       937
ptp4l[457779.600]: master offset         -9 s2 freq  -80747 path delay       937
ptp4l[457780.600]: master offset        -25 s2 freq  -80766 path delay       938
ptp4l[457781.600]: master offset         14 s2 freq  -80734 path delay       938
ptp4l[457782.600]: master offset         -2 s2 freq  -80746 path delay       938
ptp4l[457783.600]: master offset        -11 s2 freq  -80756 path delay       938
ptp4l[457784.600]: master offset         28 s2 freq  -80720 path delay       938
ptp4l[457785.600]: master offset         16 s2 freq  -80723 path delay       938
ptp4l[457786.600]: master offset          4 s2 freq  -80731 path delay       938
ptp4l[457787.600]: master offset         -8 s2 freq  -80741 path delay       938
ptp4l[457788.601]: master offset        -24 s2 freq  -80760 path delay       938
ptp4l[457789.601]: master offset         22 s2 freq  -80721 path delay       938
ptp4l[457790.601]: master offset         15 s2 freq  -80721 path delay       938
ptp4l[457791.601]: master offset          4 s2 freq  -80728 path delay       938
ptp4l[457792.601]: master offset        -12 s2 freq  -80743 path delay       938
ptp4l[457793.601]: master offset        -17 s2 freq  -80751 path delay       937
ptp4l[457794.601]: master offset         32 s2 freq  -80707 path delay       935
ptp4l[457795.601]: master offset         14 s2 freq  -80716 path delay       937
ptp4l[457796.601]: master offset          4 s2 freq  -80722 path delay       936
ptp4l[457797.601]: master offset         -9 s2 freq  -80733 path delay       936
ptp4l[457798.602]: master offset        -21 s2 freq  -80748 path delay       937
ptp4l[457799.602]: master offset        -34 s2 freq  -80767 path delay       939
ptp4l[457800.602]: master offset          0 s2 freq  -80744 path delay       937
ptp4l[457801.602]: master offset         -6 s2 freq  -80750 path delay       937
ptp4l[457802.602]: master offset        -20 s2 freq  -80765 path delay       939
ptp4l[457803.602]: master offset         14 s2 freq  -80737 path delay       939
ptp4l[457804.602]: master offset          9 s2 freq  -80738 path delay       939
ptp4l[457805.602]: master offset         -1 s2 freq  -80746 path delay       937
ptp4l[457806.602]: master offset         -8 s2 freq  -80753 path delay       937
ptp4l[457807.602]: master offset         33 s2 freq  -80714 path delay       937
ptp4l[457808.603]: master offset         13 s2 freq  -80724 path delay       938
ptp4l[457809.603]: master offset         11 s2 freq  -80722 path delay       937
ptp4l[457810.603]: master offset         -2 s2 freq  -80732 path delay       938
ptp4l[457811.603]: master offset        -14 s2 freq  -80745 path delay       937
ptp4l[457812.603]: master offset        -23 s2 freq  -80758 path delay       937
ptp4l[457813.603]: master offset         27 s2 freq  -80715 path delay       937
ptp4l[457814.603]: master offset         19 s2 freq  -80715 path delay       937
ptp4l[457815.603]: master offset          8 s2 freq  -80720 path delay       937
ptp4l[457816.603]: master offset          5 s2 freq  -80721 path delay       937
ptp4l[457817.603]: master offset         -7 s2 freq  -80731 path delay       937
ptp4l[457818.604]: master offset        -18 s2 freq  -80744 path delay       937
ptp4l[457819.603]: master offset        -33 s2 freq  -80765 path delay       937
ptp4l[457820.604]: master offset          5 s2 freq  -80737 path delay       936
ptp4l[457821.604]: master offset         -5 s2 freq  -80745 path delay       937
ptp4l[457822.604]: master offset        -12 s2 freq  -80754 path delay       937
ptp4l[457823.604]: master offset         27 s2 freq  -80718 path delay       937
ptp4l[457824.604]: master offset         12 s2 freq  -80725 path delay       937
ptp4l[457825.604]: master offset         -3 s2 freq  -80736 path delay       937
ptp4l[457826.604]: master offset        -22 s2 freq  -80756 path delay       937
ptp4l[457827.604]: master offset         22 s2 freq  -80719 path delay       936
ptp4l[457828.605]: master offset         -2 s2 freq  -80736 path delay       937
ptp4l[457829.605]: master offset        -10 s2 freq  -80745 path delay       937
ptp4l[457830.605]: master offset        -25 s2 freq  -80763 path delay       938
ptp4l[457831.605]: master offset         15 s2 freq  -80730 path delay       938
ptp4l[457832.605]: master offset          7 s2 freq  -80734 path delay       939
ptp4l[457833.605]: master offset         -5 s2 freq  -80744 path delay       938
ptp4l[457834.605]: master offset        -15 s2 freq  -80755 path delay       938
ptp4l[457835.605]: master offset         27 s2 freq  -80718 path delay       938
ptp4l[457836.605]: master offset         15 s2 freq  -80722 path delay       936
ptp4l[457837.605]: master offset          9 s2 freq  -80723 path delay       936
ptp4l[457838.606]: master offset          1 s2 freq  -80729 path delay       936
ptp4l[457839.606]: master offset        -23 s2 freq  -80752 path delay       938
ptp4l[457840.606]: master offset         26 s2 freq  -80710 path delay       937
ptp4l[457841.606]: master offset         11 s2 freq  -80717 path delay       937
ptp4l[457842.606]: master offset         -5 s2 freq  -80730 path delay       937
ptp4l[457843.606]: master offset        -13 s2 freq  -80740 path delay       937
ptp4l[457844.606]: master offset        -27 s2 freq  -80757 path delay       936
ptp4l[457845.606]: master offset         10 s2 freq  -80729 path delay       936
ptp4l[457846.606]: master offset         -6 s2 freq  -80742 path delay       937
ptp4l[457847.606]: master offset        -23 s2 freq  -80760 path delay       937
ptp4l[457848.607]: master offset         10 s2 freq  -80734 path delay       936
ptp4l[457849.607]: master offset         -9 s2 freq  -80750 path delay       936
ptp4l[457850.607]: master offset         25 s2 freq  -80719 path delay       936
ptp4l[457851.607]: master offset          5 s2 freq  -80731 path delay       936
ptp4l[457852.607]: master offset        -18 s2 freq  -80753 path delay       936
ptp4l[457853.607]: master offset         19 s2 freq  -80721 path delay       935
ptp4l[457854.607]: master offset          0 s2 freq  -80735 path delay       936
ptp4l[457855.607]: master offset        -23 s2 freq  -80758 path delay       936
ptp4l[457856.607]: master offset         12 s2 freq  -80730 path delay       935
ptp4l[457857.607]: master offset         -9 s2 freq  -80747 path delay       938
ptp4l[457858.608]: master offset        -26 s2 freq  -80767 path delay       938
ptp4l[457859.608]: master offset          7 s2 freq  -80741 path delay       937
ptp4l[457860.608]: master offset        -15 s2 freq  -80761 path delay       937
ptp4l[457861.608]: master offset         16 s2 freq  -80735 path delay       937
ptp4l[457862.608]: master offset        -10 s2 freq  -80756 path delay       938
ptp4l[457863.608]: master offset         23 s2 freq  -80726 path delay       938
ptp4l[457864.608]: master offset         -5 s2 freq  -80747 path delay       939
ptp4l[457865.608]: master offset        -19 s2 freq  -80763 path delay       939
ptp4l[457866.608]: master offset          6 s2 freq  -80743 path delay       937
ptp4l[457867.608]: master offset        -16 s2 freq  -80764 path delay       939
ptp4l[457868.609]: master offset          5 s2 freq  -80747 path delay       939
ptp4l[457869.609]: master offset        -18 s2 freq  -80769 path delay       939
ptp4l[457870.609]: master offset          3 s2 freq  -80753 path delay       939
ptp4l[457871.609]: master offset         27 s2 freq  -80728 path delay       938
ptp4l[457872.609]: master offset         -5 s2 freq  -80752 path delay       941
ptp4l[457873.609]: master offset         25 s2 freq  -80724 path delay       935
ptp4l[457874.609]: master offset         -5 s2 freq  -80746 path delay       935
ptp4l[457875.609]: master offset        -31 s2 freq  -80774 path delay       938
ptp4l[457876.609]: master offset         -5 s2 freq  -80757 path delay       937
ptp4l[457877.609]: master offset         21 s2 freq  -80733 path delay       934
ptp4l[457878.609]: master offset         -6 s2 freq  -80753 path delay       936
ptp4l[457879.609]: master offset         12 s2 freq  -80737 path delay       936
ptp4l[457880.610]: master offset        -17 s2 freq  -80762 path delay       935
ptp4l[457881.610]: master offset          2 s2 freq  -80749 path delay       935
ptp4l[457882.610]: master offset        -28 s2 freq  -80778 path delay       935
ptp4l[457883.610]: master offset         -5 s2 freq  -80763 path delay       935
ptp4l[457884.610]: master offset         18 s2 freq  -80742 path delay       933
ptp4l[457885.610]: master offset        -12 s2 freq  -80766 path delay       933
ptp4l[457886.610]: master offset          5 s2 freq  -80753 path delay       931
ptp4l[457887.610]: master offset         35 s2 freq  -80722 path delay       930
ptp4l[457888.610]: master offset         -1 s2 freq  -80747 path delay       930
ptp4l[457889.610]: master offset        -41 s2 freq  -80787 path delay       935
ptp4l[457890.611]: master offset        -21 s2 freq  -80780 path delay       933
ptp4l[457891.611]: master offset         -3 s2 freq  -80768 path delay       934
ptp4l[457892.611]: master offset          8 s2 freq  -80758 path delay       934
ptp4l[457893.611]: master offset         31 s2 freq  -80732 path delay       935
ptp4l[457894.612]: master offset         -7 s2 freq  -80761 path delay       935
ptp4l[457895.611]: master offset         15 s2 freq  -80741 path delay       935
ptp4l[457896.612]: master offset        -21 s2 freq  -80773 path delay       935
ptp4l[457897.612]: master offset          6 s2 freq  -80752 path delay       933
ptp4l[457898.612]: master offset         21 s2 freq  -80735 path delay       933
ptp4l[457899.612]: master offset        -20 s2 freq  -80770 path delay       935
ptp4l[457900.612]: master offset        -12 s2 freq  -80768 path delay       935
ptp4l[457901.612]: master offset          5 s2 freq  -80755 path delay       935
ptp4l[457902.612]: master offset         14 s2 freq  -80744 path delay       935
ptp4l[457903.612]: master offset        -32 s2 freq  -80786 path delay       938
ptp4l[457904.613]: master offset        -17 s2 freq  -80780 path delay       938
ptp4l[457905.612]: master offset          4 s2 freq  -80765 path delay       938
ptp4l[457906.613]: master offset         15 s2 freq  -80752 path delay       938
ptp4l[457907.613]: master offset         32 s2 freq  -80731 path delay       936
ptp4l[457908.613]: master offset         -3 s2 freq  -80756 path delay       936
ptp4l[457909.613]: master offset         16 s2 freq  -80738 path delay       935
ptp4l[457910.613]: master offset        -20 s2 freq  -80769 path delay       938
ptp4l[457911.613]: master offset         -9 s2 freq  -80764 path delay       938
ptp4l[457912.613]: master offset         13 s2 freq  -80745 path delay       933
ptp4l[457913.613]: master offset        -17 s2 freq  -80771 path delay       933
ptp4l[457914.614]: master offset         -2 s2 freq  -80761 path delay       933
ptp4l[457915.613]: master offset         18 s2 freq  -80742 path delay       933
ptp4l[457916.614]: master offset        -25 s2 freq  -80779 path delay       933
ptp4l[457917.614]: master offset          0 s2 freq  -80762 path delay       931
ptp4l[457918.614]: master offset         15 s2 freq  -80747 path delay       932
ptp4l[457919.614]: master offset        -18 s2 freq  -80775 path delay       932
ptp4l[457920.614]: master offset          4 s2 freq  -80759 path delay       930
ptp4l[457921.614]: master offset         16 s2 freq  -80746 path delay       930
ptp4l[457922.614]: master offset        -25 s2 freq  -80782 path delay       931
ptp4l[457923.614]: master offset         -2 s2 freq  -80766 path delay       932
ptp4l[457924.615]: master offset         11 s2 freq  -80754 path delay       932
ptp4l[457925.614]: master offset         36 s2 freq  -80726 path delay       933
ptp4l[457926.615]: master offset          3 s2 freq  -80748 path delay       933
ptp4l[457927.615]: master offset        -29 s2 freq  -80779 path delay       933
ptp4l[457928.615]: master offset        -12 s2 freq  -80771 path delay       933
ptp4l[457929.615]: master offset         12 s2 freq  -80750 path delay       930
ptp4l[457930.615]: master offset         30 s2 freq  -80729 path delay       928
ptp4l[457931.615]: master offset          4 s2 freq  -80746 path delay       928
ptp4l[457932.615]: master offset        -32 s2 freq  -80780 path delay       930
ptp4l[457933.615]: master offset        -14 s2 freq  -80772 path delay       930
ptp4l[457934.615]: master offset          8 s2 freq  -80754 path delay       928
ptp4l[457935.620]: master offset         24 s2 freq  -80736 path delay       928
ptp4l[457942.723]: port 1 (eth0): SLAVE to LISTENING on ANNOUNCE_RECEIPT_TIMEOUT_EXPIRES
ptp4l[457942.724]: selected local clock 000000.fffe.049f06 as best master
