ptp4l[456325.825]: selected /dev/ptp0 as PTP clock
ptp4l[456325.828]: port 1 (eth0): INITIALIZING to LISTENING on INIT_COMPLETE
ptp4l[456325.828]: port 0 (/var/run/ptp4l): INITIALIZING to LISTENING on INIT_COMPLETE
ptp4l[456325.829]: port 0 (/var/run/ptp4lro): INITIALIZING to LISTENING on INIT_COMPLETE
ptp4l[456332.858]: selected local clock 000000.fffe.049f06 as best master
ptp4l[456333.529]: port 1 (eth0): new foreign master 641c10.fffe.f12579-1
ptp4l[456337.529]: selected best master clock 641c10.fffe.f12579
ptp4l[456337.529]: port 1 (eth0): LISTENING to UNCALIBRATED on RS_SLAVE
ptp4l[456339.528]: master offset      -3498 s0 freq  -80418 path delay       937
ptp4l[456340.529]: master offset      -3548 s2 freq  -80468 path delay       943
ptp4l[456340.529]: port 1 (eth0): UNCALIBRATED to SLAVE on MASTER_CLOCK_SELECTED
ptp4l[456341.529]: master offset      -3539 s2 freq  -84007 path delay       938
ptp4l[456342.529]: master offset         33 s2 freq  -81497 path delay       937
ptp4l[456343.529]: master offset       1092 s2 freq  -80428 path delay       937
ptp4l[456344.529]: master offset       1041 s2 freq  -80152 path delay       941
ptp4l[456345.529]: master offset        723 s2 freq  -80157 path delay       941
ptp4l[456346.529]: master offset        410 s2 freq  -80253 path delay       945
ptp4l[456347.529]: master offset        199 s2 freq  -80341 path delay       947
ptp4l[456348.529]: master offset         88 s2 freq  -80393 path delay       950
ptp4l[456349.530]: master offset         33 s2 freq  -80421 path delay       950
ptp4l[456350.530]: master offset        -24 s2 freq  -80468 path delay       950
ptp4l[456351.530]: master offset        -30 s2 freq  -80482 path delay       948
ptp4l[456352.530]: master offset        -36 s2 freq  -80497 path delay       948
ptp4l[456353.530]: master offset         14 s2 freq  -80457 path delay       945
ptp4l[456354.530]: master offset          2 s2 freq  -80465 path delay       945
ptp4l[456355.530]: master offset         -2 s2 freq  -80469 path delay       939
ptp4l[456356.530]: master offset         -7 s2 freq  -80474 path delay       939
ptp4l[456357.530]: master offset        -18 s2 freq  -80487 path delay       939
ptp4l[456358.530]: master offset        -25 s2 freq  -80500 path delay       939
ptp4l[456359.531]: master offset         13 s2 freq  -80469 path delay       935
ptp4l[456360.531]: master offset          6 s2 freq  -80472 path delay       935
ptp4l[456361.531]: master offset        -12 s2 freq  -80488 path delay       935
ptp4l[456362.531]: master offset        -34 s2 freq  -80514 path delay       937
ptp4l[456363.531]: master offset          2 s2 freq  -80488 path delay       936
ptp4l[456364.531]: master offset         -7 s2 freq  -80497 path delay       936
ptp4l[456365.531]: master offset         27 s2 freq  -80465 path delay       930
ptp4l[456366.531]: master offset          7 s2 freq  -80477 path delay       930
ptp4l[456367.532]: master offset        -19 s2 freq  -80501 path delay       930
ptp4l[456368.532]: master offset         -1 s2 freq  -80488 path delay       930
ptp4l[456369.531]: master offset        -37 s2 freq  -80525 path delay       938
ptp4l[456370.532]: master offset        -14 s2 freq  -80513 path delay       933
ptp4l[456371.532]: master offset         12 s2 freq  -80491 path delay       933
ptp4l[456372.532]: master offset         22 s2 freq  -80477 path delay       934
ptp4l[456373.532]: master offset        -19 s2 freq  -80512 path delay       934
ptp4l[456374.532]: master offset         -5 s2 freq  -80503 path delay       934
ptp4l[456375.532]: master offset          1 s2 freq  -80499 path delay       934
ptp4l[456376.532]: master offset          9 s2 freq  -80491 path delay       934
ptp4l[456377.532]: master offset         22 s2 freq  -80475 path delay       933
ptp4l[456378.532]: master offset        -24 s2 freq  -80514 path delay       933
ptp4l[456379.532]: master offset        -22 s2 freq  -80519 path delay       933
ptp4l[456380.533]: master offset        -23 s2 freq  -80527 path delay       933
ptp4l[456381.533]: master offset        -13 s2 freq  -80524 path delay       933
ptp4l[456382.533]: master offset        -11 s2 freq  -80526 path delay       933
ptp4l[456383.533]: master offset         -8 s2 freq  -80526 path delay       933
ptp4l[456384.533]: master offset         -4 s2 freq  -80525 path delay       933
ptp4l[456385.533]: master offset          2 s2 freq  -80520 path delay       933
ptp4l[456386.533]: master offset         -5 s2 freq  -80526 path delay       936
ptp4l[456387.533]: master offset         -7 s2 freq  -80530 path delay       936
ptp4l[456388.533]: master offset        -12 s2 freq  -80537 path delay       936
ptp4l[456389.534]: master offset        -13 s2 freq  -80541 path delay       936
ptp4l[456390.534]: master offset        -16 s2 freq  -80548 path delay       936
ptp4l[456391.534]: master offset         18 s2 freq  -80519 path delay       936
ptp4l[456392.534]: master offset         13 s2 freq  -80519 path delay       936
ptp4l[456393.534]: master offset          6 s2 freq  -80522 path delay       936
ptp4l[456394.534]: master offset        -10 s2 freq  -80536 path delay       936
ptp4l[456395.534]: master offset         -8 s2 freq  -80537 path delay       936
ptp4l[456396.534]: master offset        -26 s2 freq  -80557 path delay       937
ptp4l[456397.534]: master offset         18 s2 freq  -80521 path delay       937
ptp4l[456398.535]: master offset          8 s2 freq  -80526 path delay       938
ptp4l[456399.535]: master offset          3 s2 freq  -80528 path delay       937
ptp4l[456400.535]: master offset         -7 s2 freq  -80537 path delay       938
ptp4l[456401.535]: master offset        -10 s2 freq  -80543 path delay       938
ptp4l[456402.535]: master offset         30 s2 freq  -80506 path delay       937
ptp4l[456403.535]: master offset         17 s2 freq  -80510 path delay       937
ptp4l[456404.535]: master offset          6 s2 freq  -80515 path delay       936
ptp4l[456405.535]: master offset          2 s2 freq  -80518 path delay       936
ptp4l[456406.536]: master offset        -13 s2 freq  -80532 path delay       936
ptp4l[456407.536]: master offset        -28 s2 freq  -80551 path delay       937
ptp4l[456408.536]: master offset         11 s2 freq  -80520 path delay       937
ptp4l[456409.536]: master offset         -7 s2 freq  -80535 path delay       937
ptp4l[456410.536]: master offset        -21 s2 freq  -80551 path delay       937
ptp4l[456411.536]: master offset          7 s2 freq  -80529 path delay       937
ptp4l[456412.536]: master offset         -9 s2 freq  -80543 path delay       938
ptp4l[456413.537]: master offset         25 s2 freq  -80512 path delay       938
ptp4l[456414.537]: master offset          7 s2 freq  -80523 path delay       937
ptp4l[456415.537]: master offset        -11 s2 freq  -80538 path delay       938
ptp4l[456416.537]: master offset        -35 s2 freq  -80566 path delay       940
ptp4l[456417.537]: master offset        -12 s2 freq  -80553 path delay       940
ptp4l[456418.537]: master offset         19 s2 freq  -80526 path delay       938
ptp4l[456419.537]: master offset         -7 s2 freq  -80546 path delay       940
ptp4l[456420.537]: master offset         20 s2 freq  -80521 path delay       940
ptp4l[456421.537]: master offset          0 s2 freq  -80535 path delay       941
ptp4l[456422.537]: master offset        -27 s2 freq  -80562 path delay       942
ptp4l[456423.538]: master offset         -1 s2 freq  -80544 path delay       942
ptp4l[456424.538]: master offset         23 s2 freq  -80521 path delay       942
ptp4l[456425.538]: master offset        -14 s2 freq  -80551 path delay       943
ptp4l[456426.538]: master offset          9 s2 freq  -80532 path delay       942
ptp4l[456427.538]: master offset        -22 s2 freq  -80560 path delay       942
ptp4l[456428.538]: master offset          1 s2 freq  -80544 path delay       938
ptp4l[456429.538]: master offset         16 s2 freq  -80529 path delay       938
ptp4l[456430.538]: master offset        -26 s2 freq  -80566 path delay       941
ptp4l[456431.539]: master offset         -6 s2 freq  -80554 path delay       937
ptp4l[456432.538]: master offset         12 s2 freq  -80537 path delay       933
ptp4l[456433.539]: master offset        -28 s2 freq  -80574 path delay       933
ptp4l[456434.539]: master offset        -10 s2 freq  -80564 path delay       934
ptp4l[456435.539]: master offset          5 s2 freq  -80552 path delay       933
ptp4l[456436.539]: master offset         17 s2 freq  -80539 path delay       933
ptp4l[456437.539]: master offset        -20 s2 freq  -80571 path delay       933
ptp4l[456438.539]: master offset         -8 s2 freq  -80565 path delay       933
ptp4l[456439.539]: master offset          0 s2 freq  -80559 path delay       933
ptp4l[456440.539]: master offset         14 s2 freq  -80545 path delay       933
ptp4l[456441.539]: master offset         29 s2 freq  -80526 path delay       933
ptp4l[456442.540]: master offset         -8 s2 freq  -80554 path delay       933
ptp4l[456443.540]: master offset          2 s2 freq  -80546 path delay       933
ptp4l[456444.540]: master offset         16 s2 freq  -80532 path delay       933
ptp4l[456445.540]: master offset        -24 s2 freq  -80567 path delay       933
ptp4l[456446.540]: master offset         -6 s2 freq  -80556 path delay       933
ptp4l[456447.540]: master offset          8 s2 freq  -80544 path delay       933
ptp4l[456448.540]: master offset         14 s2 freq  -80536 path delay       934
ptp4l[456449.540]: master offset        -25 s2 freq  -80570 path delay       934
ptp4l[456450.540]: master offset        -16 s2 freq  -80569 path delay       934
ptp4l[456451.541]: master offset         -9 s2 freq  -80567 path delay       934
ptp4l[456452.540]: master offset          1 s2 freq  -80559 path delay       934
ptp4l[456453.541]: master offset         12 s2 freq  -80548 path delay       934
ptp4l[456454.541]: master offset         19 s2 freq  -80538 path delay       934
ptp4l[456455.541]: master offset        -30 s2 freq  -80581 path delay       934
ptp4l[456456.541]: master offset        -20 s2 freq  -80580 path delay       934
ptp4l[456457.541]: master offset        -13 s2 freq  -80579 path delay       934
ptp4l[456458.541]: master offset         -6 s2 freq  -80576 path delay       934
ptp4l[456459.541]: master offset          4 s2 freq  -80568 path delay       934
ptp4l[456460.541]: master offset          4 s2 freq  -80566 path delay       934
ptp4l[456461.542]: master offset         12 s2 freq  -80557 path delay       934
ptp4l[456462.542]: master offset         16 s2 freq  -80550 path delay       934
ptp4l[456463.542]: master offset         14 s2 freq  -80547 path delay       934
ptp4l[456464.542]: master offset         17 s2 freq  -80540 path delay       934
ptp4l[456465.542]: master offset        -30 s2 freq  -80581 path delay       934
ptp4l[456466.542]: master offset        -36 s2 freq  -80596 path delay       936
ptp4l[456467.542]: master offset         20 s2 freq  -80551 path delay       935
ptp4l[456468.542]: master offset         16 s2 freq  -80549 path delay       934
ptp4l[456469.542]: master offset         17 s2 freq  -80543 path delay       934
ptp4l[456470.542]: master offset         17 s2 freq  -80538 path delay       934
ptp4l[456471.543]: master offset        -33 s2 freq  -80583 path delay       936
ptp4l[456472.543]: master offset        -37 s2 freq  -80597 path delay       936
ptp4l[456473.543]: master offset         24 s2 freq  -80547 path delay       936
ptp4l[456474.543]: master offset         22 s2 freq  -80542 path delay       936
ptp4l[456475.543]: master offset         17 s2 freq  -80540 path delay       936
ptp4l[456476.543]: master offset        -34 s2 freq  -80586 path delay       935
ptp4l[456477.543]: master offset        -34 s2 freq  -80597 path delay       937
ptp4l[456478.543]: master offset          9 s2 freq  -80564 path delay       937
ptp4l[456479.543]: master offset          8 s2 freq  -80562 path delay       937
ptp4l[456480.543]: master offset          4 s2 freq  -80564 path delay       937
ptp4l[456481.544]: master offset          0 s2 freq  -80566 path delay       937
ptp4l[456482.544]: master offset         -1 s2 freq  -80567 path delay       935
ptp4l[456483.544]: master offset         -1 s2 freq  -80568 path delay       935
ptp4l[456484.544]: master offset         -8 s2 freq  -80575 path delay       935
ptp4l[456485.544]: master offset        -13 s2 freq  -80582 path delay       935
ptp4l[456486.544]: master offset        -26 s2 freq  -80599 path delay       936
ptp4l[456487.544]: master offset         18 s2 freq  -80563 path delay       935
ptp4l[456488.544]: master offset         15 s2 freq  -80561 path delay       934
ptp4l[456489.544]: master offset         17 s2 freq  -80554 path delay       934
ptp4l[456490.544]: master offset          1 s2 freq  -80565 path delay       935
ptp4l[456491.545]: master offset         -6 s2 freq  -80572 path delay       937
ptp4l[456492.545]: master offset        -15 s2 freq  -80583 path delay       937
ptp4l[456493.545]: master offset        -25 s2 freq  -80597 path delay       937
ptp4l[456494.545]: master offset         23 s2 freq  -80557 path delay       937
ptp4l[456495.545]: master offset         17 s2 freq  -80556 path delay       937
ptp4l[456496.545]: master offset         -1 s2 freq  -80569 path delay       939
ptp4l[456497.545]: master offset        -11 s2 freq  -80579 path delay       939
ptp4l[456498.545]: master offset        -24 s2 freq  -80595 path delay       939
ptp4l[456499.545]: master offset         10 s2 freq  -80568 path delay       939
ptp4l[456500.545]: master offset          3 s2 freq  -80572 path delay       937
ptp4l[456501.546]: master offset        -11 s2 freq  -80586 path delay       937
ptp4l[456502.546]: master offset        -30 s2 freq  -80608 path delay       936
ptp4l[456503.546]: master offset         12 s2 freq  -80575 path delay       936
ptp4l[456504.546]: master offset         -7 s2 freq  -80590 path delay       936
ptp4l[456505.546]: master offset        -19 s2 freq  -80604 path delay       938
ptp4l[456506.546]: master offset         18 s2 freq  -80573 path delay       938
ptp4l[456507.546]: master offset          4 s2 freq  -80582 path delay       939
ptp4l[456508.546]: master offset         -8 s2 freq  -80592 path delay       939
ptp4l[456509.546]: master offset        -27 s2 freq  -80614 path delay       939
ptp4l[456510.546]: master offset         10 s2 freq  -80585 path delay       939
ptp4l[456511.547]: master offset         -8 s2 freq  -80600 path delay       939
ptp4l[456512.546]: master offset         24 s2 freq  -80570 path delay       939
ptp4l[456513.547]: master offset          4 s2 freq  -80583 path delay       940
ptp4l[456514.547]: master offset        -13 s2 freq  -80599 path delay       941
ptp4l[456515.547]: master offset         14 s2 freq  -80576 path delay       941
ptp4l[456516.547]: master offset         -5 s2 freq  -80591 path delay       940
ptp4l[456517.547]: master offset        -23 s2 freq  -80610 path delay       940
ptp4l[456518.547]: master offset         11 s2 freq  -80583 path delay       938
ptp4l[456519.547]: master offset        -11 s2 freq  -80602 path delay       939
ptp4l[456520.548]: master offset         22 s2 freq  -80572 path delay       938
ptp4l[456521.547]: master offset          0 s2 freq  -80587 path delay       938
ptp4l[456522.548]: master offset        -15 s2 freq  -80602 path delay       937
ptp4l[456523.548]: master offset          9 s2 freq  -80583 path delay       937
ptp4l[456524.548]: master offset        -12 s2 freq  -80601 path delay       938
ptp4l[456525.548]: master offset         16 s2 freq  -80577 path delay       937
ptp4l[456526.548]: master offset        -12 s2 freq  -80600 path delay       937
ptp4l[456527.548]: master offset         17 s2 freq  -80575 path delay       937
ptp4l[456528.548]: master offset         -7 s2 freq  -80594 path delay       937
ptp4l[456529.549]: master offset        -32 s2 freq  -80621 path delay       937
ptp4l[456530.548]: master offset         -8 s2 freq  -80606 path delay       937
ptp4l[456531.549]: master offset         19 s2 freq  -80582 path delay       937
ptp4l[456532.549]: master offset        -12 s2 freq  -80607 path delay       937
ptp4l[456533.549]: master offset         10 s2 freq  -80589 path delay       937
ptp4l[456534.549]: master offset        -21 s2 freq  -80617 path delay       938
ptp4l[456535.549]: master offset         10 s2 freq  -80592 path delay       934
ptp4l[456536.549]: master offset        -17 s2 freq  -80616 path delay       934
ptp4l[456537.549]: master offset         13 s2 freq  -80591 path delay       931
ptp4l[456538.549]: master offset        -31 s2 freq  -80631 path delay       934
ptp4l[456539.549]: master offset        -10 s2 freq  -80619 path delay       934
ptp4l[456540.550]: master offset         17 s2 freq  -80595 path delay       930
ptp4l[456541.550]: master offset         33 s2 freq  -80574 path delay       930
ptp4l[456542.550]: master offset         -1 s2 freq  -80598 path delay       932
ptp4l[456543.550]: master offset         17 s2 freq  -80581 path delay       932
ptp4l[456544.550]: master offset        -23 s2 freq  -80616 path delay       937
ptp4l[456545.550]: master offset         -2 s2 freq  -80601 path delay       932
ptp4l[456546.550]: master offset         20 s2 freq  -80580 path delay       934
ptp4l[456547.550]: master offset        -24 s2 freq  -80618 path delay       938
ptp4l[456548.551]: master offset         -8 s2 freq  -80609 path delay       938
ptp4l[456549.551]: master offset          9 s2 freq  -80595 path delay       938
ptp4l[456550.551]: master offset         35 s2 freq  -80566 path delay       933
ptp4l[456551.552]: master offset          6 s2 freq  -80584 path delay       933
ptp4l[456552.552]: master offset        -31 s2 freq  -80620 path delay       933
ptp4l[456553.552]: master offset        -16 s2 freq  -80614 path delay       932
ptp4l[456554.552]: master offset         -5 s2 freq  -80608 path delay       932
ptp4l[456555.552]: master offset          9 s2 freq  -80595 path delay       932
ptp4l[456556.552]: master offset         13 s2 freq  -80589 path delay       932
ptp4l[456557.552]: master offset        -17 s2 freq  -80615 path delay       932
ptp4l[456558.553]: master offset        -10 s2 freq  -80613 path delay       932
ptp4l[456559.553]: master offset         -6 s2 freq  -80612 path delay       933
ptp4l[456560.553]: master offset         21 s2 freq  -80587 path delay       933
ptp4l[456561.553]: master offset        -23 s2 freq  -80624 path delay       933
ptp4l[456562.553]: master offset         -8 s2 freq  -80616 path delay       933
ptp4l[456563.553]: master offset          1 s2 freq  -80610 path delay       934
ptp4l[456564.553]: master offset         23 s2 freq  -80587 path delay       934
ptp4l[456565.554]: master offset        -15 s2 freq  -80618 path delay       934
ptp4l[456566.553]: master offset          0 s2 freq  -80608 path delay       934
ptp4l[456567.554]: master offset         16 s2 freq  -80592 path delay       934
ptp4l[456568.554]: master offset        -12 s2 freq  -80615 path delay       934
ptp4l[456569.554]: master offset          5 s2 freq  -80602 path delay       934
ptp4l[456570.554]: master offset         24 s2 freq  -80581 path delay       932
ptp4l[456571.554]: master offset        -12 s2 freq  -80610 path delay       934
ptp4l[456572.555]: master offset          6 s2 freq  -80596 path delay       934
ptp4l[456573.554]: master offset         32 s2 freq  -80568 path delay       932
ptp4l[456574.554]: master offset          3 s2 freq  -80587 path delay       932
ptp4l[456575.555]: master offset        -45 s2 freq  -80634 path delay       938
ptp4l[456576.555]: master offset        -28 s2 freq  -80631 path delay       937
ptp4l[456577.555]: master offset        -14 s2 freq  -80625 path delay       937
ptp4l[456578.555]: master offset         -3 s2 freq  -80618 path delay       937
ptp4l[456579.555]: master offset          8 s2 freq  -80608 path delay       939
ptp4l[456580.555]: master offset         23 s2 freq  -80591 path delay       932
ptp4l[456581.556]: master offset        -21 s2 freq  -80628 path delay       934
ptp4l[456582.555]: master offset         -5 s2 freq  -80618 path delay       933
ptp4l[456583.556]: master offset         10 s2 freq  -80605 path delay       932
ptp4l[456584.556]: master offset         20 s2 freq  -80592 path delay       932
ptp4l[456585.556]: master offset        -23 s2 freq  -80629 path delay       932
ptp4l[456586.556]: master offset        -11 s2 freq  -80624 path delay       932
ptp4l[456587.556]: master offset         -8 s2 freq  -80624 path delay       933
ptp4l[456588.556]: master offset         10 s2 freq  -80608 path delay       932
ptp4l[456589.556]: master offset         19 s2 freq  -80596 path delay       932
ptp4l[456590.556]: master offset         29 s2 freq  -80581 path delay       933
ptp4l[456591.557]: master offset        -17 s2 freq  -80618 path delay       933
ptp4l[456592.557]: master offset         -1 s2 freq  -80607 path delay       933
ptp4l[456593.557]: master offset         14 s2 freq  -80592 path delay       933
ptp4l[456594.557]: master offset        -29 s2 freq  -80631 path delay       933
ptp4l[456595.557]: master offset        -17 s2 freq  -80628 path delay       934
ptp4l[456596.557]: master offset         -5 s2 freq  -80621 path delay       933
ptp4l[456597.557]: master offset          7 s2 freq  -80610 path delay       933
ptp4l[456598.557]: master offset         15 s2 freq  -80600 path delay       933
ptp4l[456599.557]: master offset         29 s2 freq  -80582 path delay       935
ptp4l[456600.557]: master offset        -17 s2 freq  -80619 path delay       935
ptp4l[456601.558]: master offset        -12 s2 freq  -80619 path delay       935
ptp4l[456602.558]: master offset        -12 s2 freq  -80623 path delay       935
ptp4l[456603.558]: master offset         -2 s2 freq  -80616 path delay       933
ptp4l[456604.558]: master offset          5 s2 freq  -80610 path delay       934
ptp4l[456605.558]: master offset          7 s2 freq  -80607 path delay       935
ptp4l[456606.558]: master offset         16 s2 freq  -80595 path delay       935
ptp4l[456607.558]: master offset         26 s2 freq  -80581 path delay       935
ptp4l[456608.558]: master offset        -13 s2 freq  -80612 path delay       936
ptp4l[456609.558]: master offset         -3 s2 freq  -80606 path delay       935
ptp4l[456610.559]: master offset         10 s2 freq  -80594 path delay       934
ptp4l[456611.559]: master offset        -39 s2 freq  -80640 path delay       934
ptp4l[456612.559]: master offset        -31 s2 freq  -80643 path delay       933
ptp4l[456613.559]: master offset        -13 s2 freq  -80635 path delay       931
ptp4l[456614.559]: master offset         -3 s2 freq  -80629 path delay       931
ptp4l[456615.559]: master offset          9 s2 freq  -80617 path delay       931
ptp4l[456616.559]: master offset         17 s2 freq  -80607 path delay       931
ptp4l[456617.560]: master offset         32 s2 freq  -80587 path delay       931
ptp4l[456618.560]: master offset         -7 s2 freq  -80616 path delay       931
ptp4l[456619.560]: master offset         -4 s2 freq  -80615 path delay       933
ptp4l[456620.560]: master offset          5 s2 freq  -80607 path delay       933
ptp4l[456621.560]: master offset         20 s2 freq  -80591 path delay       933
ptp4l[456622.560]: master offset        -23 s2 freq  -80628 path delay       933
ptp4l[456623.560]: master offset        -11 s2 freq  -80623 path delay       933
ptp4l[456624.560]: master offset          0 s2 freq  -80615 path delay       933
ptp4l[456625.560]: master offset         20 s2 freq  -80595 path delay       933
ptp4l[456626.561]: master offset         37 s2 freq  -80572 path delay       932
ptp4l[456627.561]: master offset          0 s2 freq  -80598 path delay       932
ptp4l[456628.561]: master offset         12 s2 freq  -80586 path delay       932
ptp4l[456629.561]: master offset        -35 s2 freq  -80629 path delay       932
ptp4l[456630.561]: master offset        -17 s2 freq  -80622 path delay       932
ptp4l[456631.561]: master offset         -5 s2 freq  -80615 path delay       931
ptp4l[456632.561]: master offset          3 s2 freq  -80608 path delay       931
ptp4l[456633.562]: master offset         17 s2 freq  -80594 path delay       931
ptp4l[456634.562]: master offset        -25 s2 freq  -80630 path delay       932
ptp4l[456635.562]: master offset        -17 s2 freq  -80630 path delay       933
ptp4l[456636.562]: master offset         -8 s2 freq  -80626 path delay       933
ptp4l[456637.562]: master offset          3 s2 freq  -80617 path delay       933
ptp4l[456638.562]: master offset         18 s2 freq  -80602 path delay       933
ptp4l[456639.562]: master offset         33 s2 freq  -80581 path delay       933
ptp4l[456640.563]: master offset        -11 s2 freq  -80615 path delay       933
ptp4l[456641.563]: master offset          0 s2 freq  -80608 path delay       933
ptp4l[456642.563]: master offset          5 s2 freq  -80603 path delay       933
ptp4l[456643.563]: master offset         17 s2 freq  -80589 path delay       933
ptp4l[456644.563]: master offset        -25 s2 freq  -80626 path delay       933
ptp4l[456645.563]: master offset        -25 s2 freq  -80633 path delay       933
ptp4l[456646.563]: master offset        -25 s2 freq  -80641 path delay       933
ptp4l[456647.564]: master offset        -17 s2 freq  -80640 path delay       933
ptp4l[456648.563]: master offset        -15 s2 freq  -80644 path delay       933
ptp4l[456649.564]: master offset         -9 s2 freq  -80642 path delay       933
ptp4l[456650.564]: master offset        -12 s2 freq  -80648 path delay       933
ptp4l[456655.989]: port 1 (eth0): SLAVE to LISTENING on ANNOUNCE_RECEIPT_TIMEOUT_EXPIRES
ptp4l[456655.989]: selected local clock 000000.fffe.049f06 as best master
